Archive member included to satisfy reference by file (symbol)

../libopencm3//lib/libopencm3_stm32f0.a(gpio_common_all.o)
                              main.o (gpio_set)
../libopencm3//lib/libopencm3_stm32f0.a(gpio_common_f0234.o)
                              src/functions.o (gpio_mode_setup)
../libopencm3//lib/libopencm3_stm32f0.a(spi_common_all.o)
                              src/functions.o (spi_enable)
../libopencm3//lib/libopencm3_stm32f0.a(spi_common_f03.o)
                              src/functions.o (spi_init_master)
../libopencm3//lib/libopencm3_stm32f0.a(rcc_common_all.o)
                              src/functions.o (rcc_periph_clock_enable)
../libopencm3//lib/libopencm3_stm32f0.a(usart_common_all.o)
                              src/functions.o (usart_set_baudrate)
../libopencm3//lib/libopencm3_stm32f0.a(usart_common_v2.o)
                              ../libopencm3//lib/libopencm3_stm32f0.a(usart_common_all.o) (usart_send)
../libopencm3//lib/libopencm3_stm32f0.a(i2c_common_v2.o)
                              src/functions.o (i2c_reset)
../libopencm3//lib/libopencm3_stm32f0.a(vector.o)
                              (reset_handler)
../libopencm3//lib/libopencm3_stm32f0.a(rcc.o)
                              ../libopencm3//lib/libopencm3_stm32f0.a(usart_common_all.o) (rcc_apb1_frequency)
../libopencm3//lib/libopencm3_stm32f0.a(flash_common_f01.o)
                              ../libopencm3//lib/libopencm3_stm32f0.a(rcc.o) (flash_prefetch_buffer_enable)
../libopencm3//lib/libopencm3_stm32f0.a(assert.o)
                              ../libopencm3//lib/libopencm3_stm32f0.a(rcc.o) (cm3_assert_failed)
../libopencm3//lib/libopencm3_stm32f0.a(flash.o)
                              ../libopencm3//lib/libopencm3_stm32f0.a(flash_common_f01.o) (flash_get_status_flags)
/home/ia/ARM_toolchain/gcc-arm-none-eabi-6-2017-q2-update/bin/../lib/gcc/arm-none-eabi/6.3.1/../../../../arm-none-eabi/lib/thumb/v6-m/libc.a(lib_a-memcpy-stub.o)
                              src/bme280.o (memcpy)
/home/ia/ARM_toolchain/gcc-arm-none-eabi-6-2017-q2-update/bin/../lib/gcc/arm-none-eabi/6.3.1/../../../../arm-none-eabi/lib/thumb/v6-m/libc.a(lib_a-memset.o)
                              src/functions.o (memset)
/home/ia/ARM_toolchain/gcc-arm-none-eabi-6-2017-q2-update/bin/../lib/gcc/arm-none-eabi/6.3.1/../../../../arm-none-eabi/lib/thumb/v6-m/libc.a(lib_a-sprintf.o)
                              main.o (sprintf)
/home/ia/ARM_toolchain/gcc-arm-none-eabi-6-2017-q2-update/bin/../lib/gcc/arm-none-eabi/6.3.1/../../../../arm-none-eabi/lib/thumb/v6-m/libc.a(lib_a-strstr.o)
                              src/functions.o (strstr)
/home/ia/ARM_toolchain/gcc-arm-none-eabi-6-2017-q2-update/bin/../lib/gcc/arm-none-eabi/6.3.1/../../../../arm-none-eabi/lib/thumb/v6-m/libc.a(lib_a-svfprintf.o)
                              /home/ia/ARM_toolchain/gcc-arm-none-eabi-6-2017-q2-update/bin/../lib/gcc/arm-none-eabi/6.3.1/../../../../arm-none-eabi/lib/thumb/v6-m/libc.a(lib_a-sprintf.o) (_svfprintf_r)
/home/ia/ARM_toolchain/gcc-arm-none-eabi-6-2017-q2-update/bin/../lib/gcc/arm-none-eabi/6.3.1/../../../../arm-none-eabi/lib/thumb/v6-m/libc.a(lib_a-dtoa.o)
                              /home/ia/ARM_toolchain/gcc-arm-none-eabi-6-2017-q2-update/bin/../lib/gcc/arm-none-eabi/6.3.1/../../../../arm-none-eabi/lib/thumb/v6-m/libc.a(lib_a-svfprintf.o) (_dtoa_r)
/home/ia/ARM_toolchain/gcc-arm-none-eabi-6-2017-q2-update/bin/../lib/gcc/arm-none-eabi/6.3.1/../../../../arm-none-eabi/lib/thumb/v6-m/libc.a(lib_a-impure.o)
                              /home/ia/ARM_toolchain/gcc-arm-none-eabi-6-2017-q2-update/bin/../lib/gcc/arm-none-eabi/6.3.1/../../../../arm-none-eabi/lib/thumb/v6-m/libc.a(lib_a-sprintf.o) (_impure_ptr)
/home/ia/ARM_toolchain/gcc-arm-none-eabi-6-2017-q2-update/bin/../lib/gcc/arm-none-eabi/6.3.1/../../../../arm-none-eabi/lib/thumb/v6-m/libc.a(lib_a-localeconv.o)
                              /home/ia/ARM_toolchain/gcc-arm-none-eabi-6-2017-q2-update/bin/../lib/gcc/arm-none-eabi/6.3.1/../../../../arm-none-eabi/lib/thumb/v6-m/libc.a(lib_a-svfprintf.o) (_localeconv_r)
/home/ia/ARM_toolchain/gcc-arm-none-eabi-6-2017-q2-update/bin/../lib/gcc/arm-none-eabi/6.3.1/../../../../arm-none-eabi/lib/thumb/v6-m/libc.a(lib_a-mallocr.o)
                              /home/ia/ARM_toolchain/gcc-arm-none-eabi-6-2017-q2-update/bin/../lib/gcc/arm-none-eabi/6.3.1/../../../../arm-none-eabi/lib/thumb/v6-m/libc.a(lib_a-svfprintf.o) (_malloc_r)
/home/ia/ARM_toolchain/gcc-arm-none-eabi-6-2017-q2-update/bin/../lib/gcc/arm-none-eabi/6.3.1/../../../../arm-none-eabi/lib/thumb/v6-m/libc.a(lib_a-memchr-stub.o)
                              /home/ia/ARM_toolchain/gcc-arm-none-eabi-6-2017-q2-update/bin/../lib/gcc/arm-none-eabi/6.3.1/../../../../arm-none-eabi/lib/thumb/v6-m/libc.a(lib_a-strstr.o) (memchr)
/home/ia/ARM_toolchain/gcc-arm-none-eabi-6-2017-q2-update/bin/../lib/gcc/arm-none-eabi/6.3.1/../../../../arm-none-eabi/lib/thumb/v6-m/libc.a(lib_a-memcmp.o)
[...]
Memory Configuration

Name             Origin             Length             Attributes
rom              0x0000000008000000 0x0000000000020000 xr
ram              0x0000000020000000 0x0000000000004000 xrw
*default*        0x0000000000000000 0xffffffffffffffff

Linker script and memory map

LOAD main.o
LOAD src/functions.o
LOAD src/bme280.o
LOAD src/opcn2.o
LOAD ../libopencm3//lib/libopencm3_stm32f0.a
START GROUP
LOAD /home/ia/ARM_toolchain/gcc-arm-none-eabi-6-2017-q2-update/bin/../lib/gcc/arm-none-eabi/6.3.1/../../../../arm-none-eabi/lib/thumb/v6-m/libc.a
LOAD /home/ia/ARM_toolchain/gcc-arm-none-eabi-6-2017-q2-update/bin/../lib/gcc/arm-none-eabi/6.3.1/thumb/v6-m/libgcc.a
LOAD /home/ia/ARM_toolchain/gcc-arm-none-eabi-6-2017-q2-update/bin/../lib/gcc/arm-none-eabi/6.3.1/../../../../arm-none-eabi/lib/thumb/v6-m/libnosys.a
END GROUP
START GROUP
LOAD /home/ia/ARM_toolchain/gcc-arm-none-eabi-6-2017-q2-update/bin/../lib/gcc/arm-none-eabi/6.3.1/thumb/v6-m/libgcc.a
LOAD /home/ia/ARM_toolchain/gcc-arm-none-eabi-6-2017-q2-update/bin/../lib/gcc/arm-none-eabi/6.3.1/../../../../arm-none-eabi/lib/thumb/v6-m/libc.a
END GROUP

.text           0x0000000008000000     0x78d8
 *(.vectors)
 .vectors       0x0000000008000000       0xc0 ../libopencm3//lib/libopencm3_stm32f0.a(vector.o)
                0x0000000008000000                vector_table
 *(.text*)
 .text.startup.main
                0x00000000080000c0       0xd4 main.o
                0x00000000080000c0                main
 .text.calculate_float
                0x0000000008000194        0xe src/functions.o
                0x0000000008000194                calculate_float
 *fill*         0x00000000080001a2        0x2 
 .text.spi_setup
                0x00000000080001a4       0x54 src/functions.o
                0x00000000080001a4                spi_setup
 .text.wait     0x00000000080001f8       0x28 src/functions.o
                0x00000000080001f8                wait
 .text.usartSend
                0x0000000008000220       0x4c src/functions.o
                0x0000000008000220                usartSend
 .text.clock_setup
                0x000000000800026c       0x40 src/functions.o
                0x000000000800026c                clock_setup
 .text.i2c_setup
                0x00000000080002ac       0x6c src/functions.o
                0x00000000080002ac                i2c_setup
 .text.usart_setup
                0x0000000008000318       0x80 src/functions.o
                0x0000000008000318                usart_setup
 .text.gpio_setup
                0x0000000008000398       0x88 src/functions.o
                0x0000000008000398                gpio_setup
 .text.compensation_data_readout_BME280
                0x0000000008000420      0x130 src/bme280.o
                0x0000000008000420                compensation_data_readout_BME280
 .text.init_BME280
                0x0000000008000550       0xe0 src/bme280.o
                0x0000000008000550                init_BME280
 .text.data_readout_BME280
                0x0000000008000630       0x20 src/bme280.o
                0x0000000008000630                data_readout_BME280
 .text.temp_BME280
                0x0000000008000650       0x6c src/bme280.o
                0x0000000008000650                temp_BME280
 .text.particlemeter_ON
                0x00000000080006bc       0x5c src/opcn2.o
                0x00000000080006bc                particlemeter_ON
 .text.cekej    0x0000000008000718        0xe src/opcn2.o
                0x0000000008000718                cekej
 *fill*         0x0000000008000726        0x2 
 .text.read_pm_serial_number
                0x0000000008000728       0xb8 src/opcn2.o
                0x0000000008000728                read_pm_serial_number
 .text.read_pm_values
                0x00000000080007e0       0x70 src/opcn2.o
                0x00000000080007e0                read_pm_values
 .text.particlemeter_pm1
                0x0000000008000850       0x18 src/opcn2.o
                0x0000000008000850                particlemeter_pm1
 .text.gpio_set
                0x0000000008000868        0x4 ../libopencm3//lib/libopencm3_stm32f0.a(gpio_common_all.o)
                0x0000000008000868                gpio_set
 .text.gpio_clear
                0x000000000800086c        0x6 ../libopencm3//lib/libopencm3_stm32f0.a(gpio_common_all.o)
                0x000000000800086c                gpio_clear
 .text.gpio_mode_setup
                0x0000000008000872       0x3a ../libopencm3//lib/libopencm3_stm32f0.a(gpio_common_f0234.o)
                0x0000000008000872                gpio_mode_setup
 .text.gpio_set_af
                0x00000000080008ac       0x58 ../libopencm3//lib/libopencm3_stm32f0.a(gpio_common_f0234.o)
                0x00000000080008ac                gpio_set_af
 .text.spi_enable
                0x0000000008000904        0xa ../libopencm3//lib/libopencm3_stm32f0.a(spi_common_all.o)
                0x0000000008000904                spi_enable
 .text.spi_enable_ss_output
                0x000000000800090e        0xa ../libopencm3//lib/libopencm3_stm32f0.a(spi_common_all.o)
                0x000000000800090e                spi_enable_ss_output
 .text.spi_init_master
                0x0000000008000918       0x22 ../libopencm3//lib/libopencm3_stm32f0.a(spi_common_f03.o)
                0x0000000008000918                spi_init_master
 .text.spi_send8
                0x000000000800093a        0xc ../libopencm3//lib/libopencm3_stm32f0.a(spi_common_f03.o)
                0x000000000800093a                spi_send8
 .text.spi_read8
                0x0000000008000946        0xe ../libopencm3//lib/libopencm3_stm32f0.a(spi_common_f03.o)
                0x0000000008000946                spi_read8
 .text.rcc_periph_clock_enable
                0x0000000008000954       0x1c ../libopencm3//lib/libopencm3_stm32f0.a(rcc_common_all.o)
                0x0000000008000954                rcc_periph_clock_enable
 .text.rcc_periph_reset_pulse
                0x0000000008000970       0x20 ../libopencm3//lib/libopencm3_stm32f0.a(rcc_common_all.o)
                0x0000000008000970                rcc_periph_reset_pulse
 .text.usart_set_baudrate
                0x0000000008000990       0x1c ../libopencm3//lib/libopencm3_stm32f0.a(usart_common_all.o)
                0x0000000008000990                usart_set_baudrate
 .text.usart_set_databits
                0x00000000080009ac       0x1c ../libopencm3//lib/libopencm3_stm32f0.a(usart_common_all.o)
                0x00000000080009ac                usart_set_databits
 .text.usart_set_stopbits
                0x00000000080009c8       0x10 ../libopencm3//lib/libopencm3_stm32f0.a(usart_common_all.o)
                0x00000000080009c8                usart_set_stopbits
 .text.usart_set_parity
                0x00000000080009d8       0x10 ../libopencm3//lib/libopencm3_stm32f0.a(usart_common_all.o)
                0x00000000080009d8                usart_set_parity
 .text.usart_set_mode
                0x00000000080009e8        0xc ../libopencm3//lib/libopencm3_stm32f0.a(usart_common_all.o)
                0x00000000080009e8                usart_set_mode
 .text.usart_set_flow_control
                0x00000000080009f4       0x10 ../libopencm3//lib/libopencm3_stm32f0.a(usart_common_all.o)
                0x00000000080009f4                usart_set_flow_control
 .text.usart_enable
                0x0000000008000a04        0xa ../libopencm3//lib/libopencm3_stm32f0.a(usart_common_all.o)
                0x0000000008000a04                usart_enable
 .text.usart_send_blocking
                0x0000000008000a0e       0x14 ../libopencm3//lib/libopencm3_stm32f0.a(usart_common_all.o)
                0x0000000008000a0e                usart_send_blocking
 .text.usart_send
                0x0000000008000a22        0x8 ../libopencm3//lib/libopencm3_stm32f0.a(usart_common_v2.o)
                0x0000000008000a22                usart_send
 .text.usart_wait_send_ready
                0x0000000008000a2a        0xa ../libopencm3//lib/libopencm3_stm32f0.a(usart_common_v2.o)
                0x0000000008000a2a                usart_wait_send_ready
 .text.i2c_reset
                0x0000000008000a34       0x2c ../libopencm3//lib/libopencm3_stm32f0.a(i2c_common_v2.o)
                0x0000000008000a34                i2c_reset
 .text.i2c_peripheral_enable
                0x0000000008000a60        0xa ../libopencm3//lib/libopencm3_stm32f0.a(i2c_common_v2.o)
                0x0000000008000a60                i2c_peripheral_enable
 .text.i2c_peripheral_disable
                0x0000000008000a6a        0xa ../libopencm3//lib/libopencm3_stm32f0.a(i2c_common_v2.o)
                0x0000000008000a6a                i2c_peripheral_disable
 .text.i2c_send_start
                0x0000000008000a74        0xc ../libopencm3//lib/libopencm3_stm32f0.a(i2c_common_v2.o)
                0x0000000008000a74                i2c_send_start
 .text.i2c_enable_analog_filter
                0x0000000008000a80       0x10 ../libopencm3//lib/libopencm3_stm32f0.a(i2c_common_v2.o)
                0x0000000008000a80                i2c_enable_analog_filter
 .text.i2c_set_prescaler
                0x0000000008000a90        0xe ../libopencm3//lib/libopencm3_stm32f0.a(i2c_common_v2.o)
                0x0000000008000a90                i2c_set_prescaler
 *fill*         0x0000000008000a9e        0x2 
 .text.i2c_set_data_setup_time
                0x0000000008000aa0       0x14 ../libopencm3//lib/libopencm3_stm32f0.a(i2c_common_v2.o)
                0x0000000008000aa0                i2c_set_data_setup_time
 .text.i2c_set_data_hold_time
                0x0000000008000ab4       0x14 ../libopencm3//lib/libopencm3_stm32f0.a(i2c_common_v2.o)
                0x0000000008000ab4                i2c_set_data_hold_time
 .text.i2c_set_scl_high_period
                0x0000000008000ac8       0x14 ../libopencm3//lib/libopencm3_stm32f0.a(i2c_common_v2.o)
                0x0000000008000ac8                i2c_set_scl_high_period
 .text.i2c_set_scl_low_period
                0x0000000008000adc        0xc ../libopencm3//lib/libopencm3_stm32f0.a(i2c_common_v2.o)
                0x0000000008000adc                i2c_set_scl_low_period
 .text.i2c_enable_stretching
                0x0000000008000ae8       0x10 ../libopencm3//lib/libopencm3_stm32f0.a(i2c_common_v2.o)
                0x0000000008000ae8                i2c_enable_stretching
 .text.i2c_set_7bit_addr_mode
                0x0000000008000af8       0x10 ../libopencm3//lib/libopencm3_stm32f0.a(i2c_common_v2.o)
                0x0000000008000af8                i2c_set_7bit_addr_mode
 .text.i2c_set_7bit_address
                0x0000000008000b08       0x12 ../libopencm3//lib/libopencm3_stm32f0.a(i2c_common_v2.o)
                0x0000000008000b08                i2c_set_7bit_address
 *fill*         0x0000000008000b1a        0x2 
 .text.i2c_set_write_transfer_dir
                0x0000000008000b1c       0x10 ../libopencm3//lib/libopencm3_stm32f0.a(i2c_common_v2.o)
                0x0000000008000b1c                i2c_set_write_transfer_dir
 .text.i2c_set_read_transfer_dir
                0x0000000008000b2c        0xc ../libopencm3//lib/libopencm3_stm32f0.a(i2c_common_v2.o)
                0x0000000008000b2c                i2c_set_read_transfer_dir
 .text.i2c_set_bytes_to_transfer
                0x0000000008000b38       0x14 ../libopencm3//lib/libopencm3_stm32f0.a(i2c_common_v2.o)
                0x0000000008000b38                i2c_set_bytes_to_transfer
 .text.i2c_enable_autoend
                0x0000000008000b4c        0xc ../libopencm3//lib/libopencm3_stm32f0.a(i2c_common_v2.o)
                0x0000000008000b4c                i2c_enable_autoend
 .text.i2c_disable_autoend
                0x0000000008000b58       0x10 ../libopencm3//lib/libopencm3_stm32f0.a(i2c_common_v2.o)
                0x0000000008000b58                i2c_disable_autoend
 .text.i2c_nack
                0x0000000008000b68        0x8 ../libopencm3//lib/libopencm3_stm32f0.a(i2c_common_v2.o)
                0x0000000008000b68                i2c_nack
 .text.i2c_transmit_int_status
                0x0000000008000b70        0x8 ../libopencm3//lib/libopencm3_stm32f0.a(i2c_common_v2.o)
                0x0000000008000b70                i2c_transmit_int_status
 .text.i2c_transfer_complete
                0x0000000008000b78        0x8 ../libopencm3//lib/libopencm3_stm32f0.a(i2c_common_v2.o)
                0x0000000008000b78                i2c_transfer_complete
 .text.i2c_received_data
                0x0000000008000b80        0x8 ../libopencm3//lib/libopencm3_stm32f0.a(i2c_common_v2.o)
                0x0000000008000b80                i2c_received_data
 .text.i2c_transfer7
                0x0000000008000b88       0xb2 ../libopencm3//lib/libopencm3_stm32f0.a(i2c_common_v2.o)
                0x0000000008000b88                i2c_transfer7
 .text.i2c_set_speed
                0x0000000008000c3a       0x5e ../libopencm3//lib/libopencm3_stm32f0.a(i2c_common_v2.o)
                0x0000000008000c3a                i2c_set_speed
 .text.blocking_handler
                0x0000000008000c98        0x2 ../libopencm3//lib/libopencm3_stm32f0.a(vector.o)
                0x0000000008000c98                rtc_isr
                0x0000000008000c98                tim7_isr
                0x0000000008000c98                blocking_handler
                0x0000000008000c98                tsc_isr
                0x0000000008000c98                spi1_isr
                0x0000000008000c98                i2c1_isr
                0x0000000008000c98                tim17_isr
                0x0000000008000c98                i2c2_isr
                0x0000000008000c98                usart1_isr
                0x0000000008000c98                usart3_4_isr
                0x0000000008000c98                tim1_cc_isr
                0x0000000008000c98                exti2_3_isr
                0x0000000008000c98                tim16_isr
                0x0000000008000c98                pvd_isr
                0x0000000008000c98                rcc_isr
                0x0000000008000c98                flash_isr
                0x0000000008000c98                hard_fault_handler
                0x0000000008000c98                tim14_isr
                0x0000000008000c98                spi2_isr
                0x0000000008000c98                usb_isr
                0x0000000008000c98                tim15_isr
                0x0000000008000c98                tim3_isr
                0x0000000008000c98                usart2_isr
                0x0000000008000c98                adc_comp_isr
                0x0000000008000c98                dma1_channel1_isr
                0x0000000008000c98                tim6_dac_isr
                0x0000000008000c98                tim1_brk_up_trg_com_isr
                0x0000000008000c98                dma1_channel2_3_isr
                0x0000000008000c98                exti4_15_isr
                0x0000000008000c98                cec_can_isr
                0x0000000008000c98                wwdg_isr
                0x0000000008000c98                tim2_isr
                0x0000000008000c98                dma1_channel4_5_isr
                0x0000000008000c98                exti0_1_isr
 .text.null_handler
                0x0000000008000c9a        0x2 ../libopencm3//lib/libopencm3_stm32f0.a(vector.o)
                0x0000000008000c9a                null_handler
                0x0000000008000c9a                sv_call_handler
                0x0000000008000c9a                pend_sv_handler
                0x0000000008000c9a                sys_tick_handler
                0x0000000008000c9a                nmi_handler
 .text.reset_handler
                0x0000000008000c9c       0x8c ../libopencm3//lib/libopencm3_stm32f0.a(vector.o)
                0x0000000008000c9c                reset_handler
 .text.memcpy   0x0000000008000d28       0x84 /home/ia/ARM_toolchain/gcc-arm-none-eabi-6-2017-q2-update/bin/../lib/gcc/arm-none-eabi/6.3.1/../../../../arm-none-eabi/lib/thumb/v6-m/libc.a(lib_a-memcpy-stub.o)
                0x0000000008000d28                memcpy
 .text.memset   0x0000000008000dac       0x94 /home/ia/ARM_toolchain/gcc-arm-none-eabi-6-2017-q2-update/bin/../lib/gcc/arm-none-eabi/6.3.1/../../../../arm-none-eabi/lib/thumb/v6-m/libc.a(lib_a-memset.o)
                0x0000000008000dac                memset
 .text.sprintf  0x0000000008000e40       0x44 /home/ia/ARM_toolchain/gcc-arm-none-eabi-6-2017-q2-update/bin/../lib/gcc/arm-none-eabi/6.3.1/../../../../arm-none-eabi/lib/thumb/v6-m/libc.a(lib_a-sprintf.o)
                0x0000000008000e40                sprintf
 .text._svfprintf_r
                0x0000000008000e84     0x1608 /home/ia/ARM_toolchain/gcc-arm-none-eabi-6-2017-q2-update/bin/../lib/gcc/arm-none-eabi/6.3.1/../../../../arm-none-eabi/lib/thumb/v6-m/libc.a(lib_a-svfprintf.o)
                0x0000000008000e84                _svfprintf_r
 .text.quorem   0x000000000800248c      0x154 /home/ia/ARM_toolchain/gcc-arm-none-eabi-6-2017-q2-update/bin/../lib/gcc/arm-none-eabi/6.3.1/../../../../arm-none-eabi/lib/thumb/v6-m/libc.a(lib_a-dtoa.o)
 .text._dtoa_r  0x00000000080025e0      0xf88 /home/ia/ARM_toolchain/gcc-arm-none-eabi-6-2017-q2-update/bin/../lib/gcc/arm-none-eabi/6.3.1/../../../../arm-none-eabi/lib/thumb/v6-m/libc.a(lib_a-dtoa.o)
                0x00000000080025e0                _dtoa_r
 .text._localeconv_r
                0x0000000008003568       0x1c /home/ia/ARM_toolchain/gcc-arm-none-eabi-6-2017-q2-update/bin/../lib/gcc/arm-none-eabi/6.3.1/../../../../arm-none-eabi/lib/thumb/v6-m/libc.a(lib_a-localeconv.o)
                0x0000000008003568                _localeconv_r
 .text._malloc_r
                0x0000000008003584      0x568 /home/ia/ARM_toolchain/gcc-arm-none-eabi-6-2017-q2-update/bin/../lib/gcc/arm-none-eabi/6.3.1/../../../../arm-none-eabi/lib/thumb/v6-m/libc.a(lib_a-mallocr.o)
                0x0000000008003584                _malloc_r
 .text.memchr   0x0000000008003aec       0x80 /home/ia/ARM_toolchain/gcc-arm-none-eabi-6-2017-q2-update/bin/../lib/gcc/arm-none-eabi/6.3.1/../../../../arm-none-eabi/lib/thumb/v6-m/libc.a(lib_a-memchr-stub.o)
                0x0000000008003aec                memchr
 .text.__malloc_lock
                0x0000000008003b6c       0x10 /home/ia/ARM_toolchain/gcc-arm-none-eabi-6-2017-q2-update/bin/../lib/gcc/arm-none-eabi/6.3.1/../../../../arm-none-eabi/lib/thumb/v6-m/libc.a(lib_a-mlock.o)
                0x0000000008003b6c                __malloc_lock
 .text.__malloc_unlock
                0x0000000008003b7c       0x10 /home/ia/ARM_toolchain/gcc-arm-none-eabi-6-2017-q2-update/bin/../lib/gcc/arm-none-eabi/6.3.1/../../../../arm-none-eabi/lib/thumb/v6-m/libc.a(lib_a-mlock.o)
                0x0000000008003b7c                __malloc_unlock
 .text._Balloc  0x0000000008003b8c       0x50 /home/ia/ARM_toolchain/gcc-arm-none-eabi-6-2017-q2-update/bin/../lib/gcc/arm-none-eabi/6.3.1/../../../../arm-none-eabi/lib/thumb/v6-m/libc.a(lib_a-mprec.o)
                0x0000000008003b8c                _Balloc
 .text._Bfree   0x0000000008003bdc       0x14 /home/ia/ARM_toolchain/gcc-arm-none-eabi-6-2017-q2-update/bin/../lib/gcc/arm-none-eabi/6.3.1/../../../../arm-none-eabi/lib/thumb/v6-m/libc.a(lib_a-mprec.o)
                0x0000000008003bdc                _Bfree
 .text.__multadd
                0x0000000008003bf0       0x8c /home/ia/ARM_toolchain/gcc-arm-none-eabi-6-2017-q2-update/bin/../lib/gcc/arm-none-eabi/6.3.1/../../../../arm-none-eabi/lib/thumb/v6-m/libc.a(lib_a-mprec.o)
                0x0000000008003bf0                __multadd
 .text.__hi0bits
                0x0000000008003c7c       0x34 /home/ia/ARM_toolchain/gcc-arm-none-eabi-6-2017-q2-update/bin/../lib/gcc/arm-none-eabi/6.3.1/../../../../arm-none-eabi/lib/thumb/v6-m/libc.a(lib_a-mprec.o)
                0x0000000008003c7c                __hi0bits
 .text.__lo0bits
                0x0000000008003cb0       0x5c /home/ia/ARM_toolchain/gcc-arm-none-eabi-6-2017-q2-update/bin/../lib/gcc/arm-none-eabi/6.3.1/../../../../arm-none-eabi/lib/thumb/v6-m/libc.a(lib_a-mprec.o)
                0x0000000008003cb0                __lo0bits
 .text.__i2b    0x0000000008003d0c       0x14 /home/ia/ARM_toolchain/gcc-arm-none-eabi-6-2017-q2-update/bin/../lib/gcc/arm-none-eabi/6.3.1/../../../../arm-none-eabi/lib/thumb/v6-m/libc.a(lib_a-mprec.o)
                0x0000000008003d0c                __i2b
 .text.__multiply
                0x0000000008003d20      0x154 /home/ia/ARM_toolchain/gcc-arm-none-eabi-6-2017-q2-update/bin/../lib/gcc/arm-none-eabi/6.3.1/../../../../arm-none-eabi/lib/thumb/v6-m/libc.a(lib_a-mprec.o)
                0x0000000008003d20                __multiply
 .text.__pow5mult
                0x0000000008003e74       0xc0 /home/ia/ARM_toolchain/gcc-arm-none-eabi-6-2017-q2-update/bin/../lib/gcc/arm-none-eabi/6.3.1/../../../../arm-none-eabi/lib/thumb/v6-m/libc.a(lib_a-mprec.o)
                0x0000000008003e74                __pow5mult
 .text.__lshift
                0x0000000008003f34       0xc0 /home/ia/ARM_toolchain/gcc-arm-none-eabi-6-2017-q2-update/bin/../lib/gcc/arm-none-eabi/6.3.1/../../../../arm-none-eabi/lib/thumb/v6-m/libc.a(lib_a-mprec.o)
                0x0000000008003f34                __lshift
 .text.__mcmp   0x0000000008003ff4       0x34 /home/ia/ARM_toolchain/gcc-arm-none-eabi-6-2017-q2-update/bin/../lib/gcc/arm-none-eabi/6.3.1/../../../../arm-none-eabi/lib/thumb/v6-m/libc.a(lib_a-mprec.o)
                0x0000000008003ff4                __mcmp
 .text.__mdiff  0x0000000008004028      0x138 /home/ia/ARM_toolchain/gcc-arm-none-eabi-6-2017-q2-update/bin/../lib/gcc/arm-none-eabi/6.3.1/../../../../arm-none-eabi/lib/thumb/v6-m/libc.a(lib_a-mprec.o)
                0x0000000008004028                __mdiff
 .text.__d2b    0x0000000008004160       0xbc /home/ia/ARM_toolchain/gcc-arm-none-eabi-6-2017-q2-update/bin/../lib/gcc/arm-none-eabi/6.3.1/../../../../arm-none-eabi/lib/thumb/v6-m/libc.a(lib_a-mprec.o)
                0x0000000008004160                __d2b
 .text._sbrk_r  0x000000000800421c       0x24 /home/ia/ARM_toolchain/gcc-arm-none-eabi-6-2017-q2-update/bin/../lib/gcc/arm-none-eabi/6.3.1/../../../../arm-none-eabi/lib/thumb/v6-m/libc.a(lib_a-sbrkr.o)
                0x000000000800421c                _sbrk_r
 .text.strlen   0x0000000008004240       0x64 /home/ia/ARM_toolchain/gcc-arm-none-eabi-6-2017-q2-update/bin/../lib/gcc/arm-none-eabi/6.3.1/../../../../arm-none-eabi/lib/thumb/v6-m/libc.a(lib_a-strlen-stub.o)
                0x0000000008004240                strlen
 .text.__ssprint_r
                0x00000000080042a4      0x120 /home/ia/ARM_toolchain/gcc-arm-none-eabi-6-2017-q2-update/bin/../lib/gcc/arm-none-eabi/6.3.1/../../../../arm-none-eabi/lib/thumb/v6-m/libc.a(lib_a-svfiprintf.o)
                0x00000000080042a4                __ssprint_r
 .text._calloc_r
                0x00000000080043c4       0x58 /home/ia/ARM_toolchain/gcc-arm-none-eabi-6-2017-q2-update/bin/../lib/gcc/arm-none-eabi/6.3.1/../../../../arm-none-eabi/lib/thumb/v6-m/libc.a(lib_a-callocr.o)
                0x00000000080043c4                _calloc_r
 .text._malloc_trim_r
                0x000000000800441c       0xa0 /home/ia/ARM_toolchain/gcc-arm-none-eabi-6-2017-q2-update/bin/../lib/gcc/arm-none-eabi/6.3.1/../../../../arm-none-eabi/lib/thumb/v6-m/libc.a(lib_a-freer.o)
                0x000000000800441c                _malloc_trim_r
 .text._free_r  0x00000000080044bc      0x1bc /home/ia/ARM_toolchain/gcc-arm-none-eabi-6-2017-q2-update/bin/../lib/gcc/arm-none-eabi/6.3.1/../../../../arm-none-eabi/lib/thumb/v6-m/libc.a(lib_a-freer.o)
                0x00000000080044bc                _free_r
 .text.__retarget_lock_acquire_recursive
                0x0000000008004678        0x4 /home/ia/ARM_toolchain/gcc-arm-none-eabi-6-2017-q2-update/bin/../lib/gcc/arm-none-eabi/6.3.1/../../../../arm-none-eabi/lib/thumb/v6-m/libc.a(lib_a-lock.o)
                0x0000000008004678                __retarget_lock_acquire_recursive
 .text.__retarget_lock_release_recursive
                0x000000000800467c        0x4 /home/ia/ARM_toolchain/gcc-arm-none-eabi-6-2017-q2-update/bin/../lib/gcc/arm-none-eabi/6.3.1/../../../../arm-none-eabi/lib/thumb/v6-m/libc.a(lib_a-lock.o)
                0x000000000800467c                __retarget_lock_release_recursive
 .text.__ascii_mbtowc
                0x0000000008004680       0x2c /home/ia/ARM_toolchain/gcc-arm-none-eabi-6-2017-q2-update/bin/../lib/gcc/arm-none-eabi/6.3.1/../../../../arm-none-eabi/lib/thumb/v6-m/libc.a(lib_a-mbtowc_r.o)
                0x0000000008004680                __ascii_mbtowc
 .text.memmove  0x00000000080046ac       0xa0 /home/ia/ARM_toolchain/gcc-arm-none-eabi-6-2017-q2-update/bin/../lib/gcc/arm-none-eabi/6.3.1/../../../../arm-none-eabi/lib/thumb/v6-m/libc.a(lib_a-memmove.o)
                0x00000000080046ac                memmove
 .text._realloc_r
                0x000000000800474c      0x37c /home/ia/ARM_toolchain/gcc-arm-none-eabi-6-2017-q2-update/bin/../lib/gcc/arm-none-eabi/6.3.1/../../../../arm-none-eabi/lib/thumb/v6-m/libc.a(lib_a-reallocr.o)
                0x000000000800474c                _realloc_r
 .text.__ascii_wctomb
                0x0000000008004ac8       0x1c /home/ia/ARM_toolchain/gcc-arm-none-eabi-6-2017-q2-update/bin/../lib/gcc/arm-none-eabi/6.3.1/../../../../arm-none-eabi/lib/thumb/v6-m/libc.a(lib_a-wctomb_r.o)
                0x0000000008004ac8                __ascii_wctomb
 .text          0x0000000008004ae4      0x114 /home/ia/ARM_toolchain/gcc-arm-none-eabi-6-2017-q2-update/bin/../lib/gcc/arm-none-eabi/6.3.1/thumb/v6-m/libgcc.a(_udivsi3.o)
                0x0000000008004ae4                __udivsi3
                0x0000000008004ae4                __aeabi_uidiv
                0x0000000008004bf0                __aeabi_uidivmod
 .text          0x0000000008004bf8      0x1d4 /home/ia/ARM_toolchain/gcc-arm-none-eabi-6-2017-q2-update/bin/../lib/gcc/arm-none-eabi/6.3.1/thumb/v6-m/libgcc.a(_divsi3.o)
                0x0000000008004bf8                __aeabi_idiv
                0x0000000008004bf8                __divsi3
                0x0000000008004dc4                __aeabi_idivmod
 .text          0x0000000008004dcc        0x4 /home/ia/ARM_toolchain/gcc-arm-none-eabi-6-2017-q2-update/bin/../lib/gcc/arm-none-eabi/6.3.1/thumb/v6-m/libgcc.a(_dvmd_tls.o)
                0x0000000008004dcc                __aeabi_ldiv0
                0x0000000008004dcc                __aeabi_idiv0
 .text          0x0000000008004dd0       0x7c /home/ia/ARM_toolchain/gcc-arm-none-eabi-6-2017-q2-update/bin/../lib/gcc/arm-none-eabi/6.3.1/thumb/v6-m/libgcc.a(_arm_cmpdf2.o)
                0x0000000008004dd0                __aeabi_cdrcmple
                0x0000000008004de0                __aeabi_cdcmple
                0x0000000008004de0                __aeabi_cdcmpeq
                0x0000000008004df0                __aeabi_dcmpeq
                0x0000000008004dfc                __aeabi_dcmplt
                0x0000000008004e10                __aeabi_dcmple
                0x0000000008004e24                __aeabi_dcmpgt
                0x0000000008004e38                __aeabi_dcmpge
 .text          0x0000000008004e4c       0x74 /home/ia/ARM_toolchain/gcc-arm-none-eabi-6-2017-q2-update/bin/../lib/gcc/arm-none-eabi/6.3.1/thumb/v6-m/libgcc.a(_arm_cmpsf2.o)
                0x0000000008004e4c                __aeabi_cfrcmple
                0x0000000008004e54                __aeabi_cfcmple
                0x0000000008004e54                __aeabi_cfcmpeq
                0x0000000008004e64                __aeabi_fcmpeq
                0x0000000008004e70                __aeabi_fcmplt
                0x0000000008004e84                __aeabi_fcmple
                0x0000000008004e98                __aeabi_fcmpgt
                0x0000000008004eac                __aeabi_fcmpge
 .text          0x0000000008004ec0       0x40 /home/ia/ARM_toolchain/gcc-arm-none-eabi-6-2017-q2-update/bin/../lib/gcc/arm-none-eabi/6.3.1/thumb/v6-m/libgcc.a(_aeabi_uldivmod.o)
                0x0000000008004ec0                __aeabi_uldivmod
 .text          0x0000000008004f00      0x180 /home/ia/ARM_toolchain/gcc-arm-none-eabi-6-2017-q2-update/bin/../lib/gcc/arm-none-eabi/6.3.1/thumb/v6-m/libgcc.a(_udivmoddi4.o)
                0x0000000008004f00                __udivmoddi4
 .text          0x0000000008005080      0x290 /home/ia/ARM_toolchain/gcc-arm-none-eabi-6-2017-q2-update/bin/../lib/gcc/arm-none-eabi/6.3.1/thumb/v6-m/libgcc.a(divsf3.o)
                0x0000000008005080                __aeabi_fdiv
 .text          0x0000000008005310       0x4c /home/ia/ARM_toolchain/gcc-arm-none-eabi-6-2017-q2-update/bin/../lib/gcc/arm-none-eabi/6.3.1/thumb/v6-m/libgcc.a(eqsf2.o)
                0x0000000008005310                __nesf2
                0x0000000008005310                __eqsf2
 .text          0x000000000800535c       0x80 /home/ia/ARM_toolchain/gcc-arm-none-eabi-6-2017-q2-update/bin/../lib/gcc/arm-none-eabi/6.3.1/thumb/v6-m/libgcc.a(gesf2.o)
                0x000000000800535c                __gtsf2
                0x000000000800535c                __gesf2
 .text          0x00000000080053dc       0x84 /home/ia/ARM_toolchain/gcc-arm-none-eabi-6-2017-q2-update/bin/../lib/gcc/arm-none-eabi/6.3.1/thumb/v6-m/libgcc.a(lesf2.o)
                0x00000000080053dc                __lesf2
                0x00000000080053dc                __ltsf2
 .text          0x0000000008005460      0x240 /home/ia/ARM_toolchain/gcc-arm-none-eabi-6-2017-q2-update/bin/../lib/gcc/arm-none-eabi/6.3.1/thumb/v6-m/libgcc.a(mulsf3.o)
                0x0000000008005460                __aeabi_fmul
 .text          0x00000000080056a0       0xa0 /home/ia/ARM_toolchain/gcc-arm-none-eabi-6-2017-q2-update/bin/../lib/gcc/arm-none-eabi/6.3.1/thumb/v6-m/libgcc.a(floatsisf.o)
                0x00000000080056a0                __aeabi_i2f
 .text          0x0000000008005740      0x620 /home/ia/ARM_toolchain/gcc-arm-none-eabi-6-2017-q2-update/bin/../lib/gcc/arm-none-eabi/6.3.1/thumb/v6-m/libgcc.a(adddf3.o)
                0x0000000008005740                __aeabi_dadd
 .text          0x0000000008005d60      0x668 /home/ia/ARM_toolchain/gcc-arm-none-eabi-6-2017-q2-update/bin/../lib/gcc/arm-none-eabi/6.3.1/thumb/v6-m/libgcc.a(divdf3.o)
                0x0000000008005d60                __aeabi_ddiv
 .text          0x00000000080063c8       0x74 /home/ia/ARM_toolchain/gcc-arm-none-eabi-6-2017-q2-update/bin/../lib/gcc/arm-none-eabi/6.3.1/thumb/v6-m/libgcc.a(eqdf2.o)
                0x00000000080063c8                __eqdf2
                0x00000000080063c8                __nedf2
 .text          0x000000000800643c       0xc8 /home/ia/ARM_toolchain/gcc-arm-none-eabi-6-2017-q2-update/bin/../lib/gcc/arm-none-eabi/6.3.1/thumb/v6-m/libgcc.a(gedf2.o)
                0x000000000800643c                __gtdf2
                0x000000000800643c                __gedf2
 .text          0x0000000008006504       0xc4 /home/ia/ARM_toolchain/gcc-arm-none-eabi-6-2017-q2-update/bin/../lib/gcc/arm-none-eabi/6.3.1/thumb/v6-m/libgcc.a(ledf2.o)
                0x0000000008006504                __ltdf2
                0x0000000008006504                __ledf2
 .text          0x00000000080065c8      0x500 /home/ia/ARM_toolchain/gcc-arm-none-eabi-6-2017-q2-update/bin/../lib/gcc/arm-none-eabi/6.3.1/thumb/v6-m/libgcc.a(muldf3.o)
                0x00000000080065c8                __aeabi_dmul
 .text          0x0000000008006ac8      0x62c /home/ia/ARM_toolchain/gcc-arm-none-eabi-6-2017-q2-update/bin/../lib/gcc/arm-none-eabi/6.3.1/thumb/v6-m/libgcc.a(subdf3.o)
                0x0000000008006ac8                __aeabi_dsub
 .text          0x00000000080070f4       0x40 /home/ia/ARM_toolchain/gcc-arm-none-eabi-6-2017-q2-update/bin/../lib/gcc/arm-none-eabi/6.3.1/thumb/v6-m/libgcc.a(unorddf2.o)
                0x00000000080070f4                __aeabi_dcmpun
 .text          0x0000000008007134       0x68 /home/ia/ARM_toolchain/gcc-arm-none-eabi-6-2017-q2-update/bin/../lib/gcc/arm-none-eabi/6.3.1/thumb/v6-m/libgcc.a(fixdfsi.o)
                0x0000000008007134                __aeabi_d2iz
 .text          0x000000000800719c       0x84 /home/ia/ARM_toolchain/gcc-arm-none-eabi-6-2017-q2-update/bin/../lib/gcc/arm-none-eabi/6.3.1/thumb/v6-m/libgcc.a(floatsidf.o)
                0x000000000800719c                __aeabi_i2d
 .text          0x0000000008007220       0x70 /home/ia/ARM_toolchain/gcc-arm-none-eabi-6-2017-q2-update/bin/../lib/gcc/arm-none-eabi/6.3.1/thumb/v6-m/libgcc.a(floatunsidf.o)
                0x0000000008007220                __aeabi_ui2d
 .text          0x0000000008007290       0xa4 /home/ia/ARM_toolchain/gcc-arm-none-eabi-6-2017-q2-update/bin/../lib/gcc/arm-none-eabi/6.3.1/thumb/v6-m/libgcc.a(extendsfdf2.o)
                0x0000000008007290                __aeabi_f2d
 .text          0x0000000008007334       0x3c /home/ia/ARM_toolchain/gcc-arm-none-eabi-6-2017-q2-update/bin/../lib/gcc/arm-none-eabi/6.3.1/thumb/v6-m/libgcc.a(_clzsi2.o)
                0x0000000008007334                __clzsi2
 .text          0x0000000008007370       0x18 /home/ia/ARM_toolchain/gcc-arm-none-eabi-6-2017-q2-update/bin/../lib/gcc/arm-none-eabi/6.3.1/thumb/v6-m/libgcc.a(_clzdi2.o)
                0x0000000008007370                __clzdi2
 .text._sbrk    0x0000000008007388       0x1c /home/ia/ARM_toolchain/gcc-arm-none-eabi-6-2017-q2-update/bin/../lib/gcc/arm-none-eabi/6.3.1/../../../../arm-none-eabi/lib/thumb/v6-m/libnosys.a(sbrk.o)
                0x0000000008007388                _sbrk
                0x00000000080073a4                . = ALIGN (0x4)
 *(.rodata*)
 .rodata.main.str1.1
                0x00000000080073a4        0x8 main.o
 .rodata        0x00000000080073ac        0x2 src/bme280.o
 .rodata.read_pm_serial_number.str1.1
                0x00000000080073ae        0x3 src/opcn2.o
 *fill*         0x00000000080073ae        0x2 
 .rodata._svfprintf_r
                0x00000000080073b0      0x164 /home/ia/ARM_toolchain/gcc-arm-none-eabi-6-2017-q2-update/bin/../lib/gcc/arm-none-eabi/6.3.1/../../../../arm-none-eabi/lib/thumb/v6-m/libc.a(lib_a-svfprintf.o)
 .rodata._svfprintf_r.str1.4
                0x0000000008007514       0x42 /home/ia/ARM_toolchain/gcc-arm-none-eabi-6-2017-q2-update/bin/../lib/gcc/arm-none-eabi/6.3.1/../../../../arm-none-eabi/lib/thumb/v6-m/libc.a(lib_a-svfprintf.o)
 *fill*         0x0000000008007556        0x2 
 .rodata.blanks.7223
                0x0000000008007558       0x10 /home/ia/ARM_toolchain/gcc-arm-none-eabi-6-2017-q2-update/bin/../lib/gcc/arm-none-eabi/6.3.1/../../../../arm-none-eabi/lib/thumb/v6-m/libc.a(lib_a-svfprintf.o)
 .rodata.zeroes.7224
                0x0000000008007568       0x10 /home/ia/ARM_toolchain/gcc-arm-none-eabi-6-2017-q2-update/bin/../lib/gcc/arm-none-eabi/6.3.1/../../../../arm-none-eabi/lib/thumb/v6-m/libc.a(lib_a-svfprintf.o)
 .rodata._dtoa_r.str1.4
                0x0000000008007578       0x10 /home/ia/ARM_toolchain/gcc-arm-none-eabi-6-2017-q2-update/bin/../lib/gcc/arm-none-eabi/6.3.1/../../../../arm-none-eabi/lib/thumb/v6-m/libc.a(lib_a-dtoa.o)
                                         0x12 (size before relaxing)
 .rodata.__mprec_bigtens
                0x0000000008007588       0x28 /home/ia/ARM_toolchain/gcc-arm-none-eabi-6-2017-q2-update/bin/../lib/gcc/arm-none-eabi/6.3.1/../../../../arm-none-eabi/lib/thumb/v6-m/libc.a(lib_a-mprec.o)
                0x0000000008007588                __mprec_bigtens
 .rodata.__mprec_tens
                0x00000000080075b0       0xc8 /home/ia/ARM_toolchain/gcc-arm-none-eabi-6-2017-q2-update/bin/../lib/gcc/arm-none-eabi/6.3.1/../../../../arm-none-eabi/lib/thumb/v6-m/libc.a(lib_a-mprec.o)
                0x00000000080075b0                __mprec_tens
 .rodata.p05.6055
                0x0000000008007678        0xc /home/ia/ARM_toolchain/gcc-arm-none-eabi-6-2017-q2-update/bin/../lib/gcc/arm-none-eabi/6.3.1/../../../../arm-none-eabi/lib/thumb/v6-m/libc.a(lib_a-mprec.o)
 .rodata._setlocale_r.str1.4
                0x0000000008007684        0xa /home/ia/ARM_toolchain/gcc-arm-none-eabi-6-2017-q2-update/bin/../lib/gcc/arm-none-eabi/6.3.1/../../../../arm-none-eabi/lib/thumb/v6-m/libc.a(lib_a-locale.o)
                                          0xd (size before relaxing)
 *fill*         0x000000000800768e        0x2 
 .rodata.str1.4
                0x0000000008007690        0x4 /home/ia/ARM_toolchain/gcc-arm-none-eabi-6-2017-q2-update/bin/../lib/gcc/arm-none-eabi/6.3.1/../../../../arm-none-eabi/lib/thumb/v6-m/libc.a(lib_a-locale.o)
                                          0x2 (size before relaxing)
 .rodata._ctype_
                0x0000000008007694      0x101 /home/ia/ARM_toolchain/gcc-arm-none-eabi-6-2017-q2-update/bin/../lib/gcc/arm-none-eabi/6.3.1/../../../../arm-none-eabi/lib/thumb/v6-m/libc.a(lib_a-ctype_.o)
                0x0000000008007694                _ctype_
 *fill*         0x0000000008007795        0x3 
 .rodata        0x0000000008007798       0x80 /home/ia/ARM_toolchain/gcc-arm-none-eabi-6-2017-q2-update/bin/../lib/gcc/arm-none-eabi/6.3.1/thumb/v6-m/libgcc.a(divsf3.o)
 .rodata        0x0000000008007818       0x40 /home/ia/ARM_toolchain/gcc-arm-none-eabi-6-2017-q2-update/bin/../lib/gcc/arm-none-eabi/6.3.1/thumb/v6-m/libgcc.a(mulsf3.o)
 .rodata        0x0000000008007858       0x40 /home/ia/ARM_toolchain/gcc-arm-none-eabi-6-2017-q2-update/bin/../lib/gcc/arm-none-eabi/6.3.1/thumb/v6-m/libgcc.a(divdf3.o)
 .rodata        0x0000000008007898       0x40 /home/ia/ARM_toolchain/gcc-arm-none-eabi-6-2017-q2-update/bin/../lib/gcc/arm-none-eabi/6.3.1/thumb/v6-m/libgcc.a(muldf3.o)
                0x00000000080078d8                . = ALIGN (0x4)

.glue_7         0x00000000080078d8        0x0
 .glue_7        0x00000000080078d8        0x0 linker stubs

.glue_7t        0x00000000080078d8        0x0
 .glue_7t       0x00000000080078d8        0x0 linker stubs

.vfp11_veneer   0x00000000080078d8        0x0
 .vfp11_veneer  0x00000000080078d8        0x0 linker stubs

.v4_bx          0x00000000080078d8        0x0
 .v4_bx         0x00000000080078d8        0x0 linker stubs

.iplt           0x00000000080078d8        0x0
 .iplt          0x00000000080078d8        0x0 main.o

.preinit_array  0x00000000080078d8        0x0
                0x00000000080078d8                . = ALIGN (0x4)
                0x00000000080078d8                __preinit_array_start = .
 *(.preinit_array)
                0x00000000080078d8                __preinit_array_end = .

.init_array     0x00000000080078d8        0x0
                0x00000000080078d8                . = ALIGN (0x4)
                0x00000000080078d8                __init_array_start = .
 *(SORT(.init_array.*))
 *(.init_array)
                0x00000000080078d8                __init_array_end = .

.fini_array     0x00000000080078d8        0x0
                0x00000000080078d8                . = ALIGN (0x4)
                0x00000000080078d8                __fini_array_start = .
 *(.fini_array)
 *(SORT(.fini_array.*))
                0x00000000080078d8                __fini_array_end = .

.ARM.extab
 *(.ARM.extab*)

.ARM.exidx      0x00000000080078d8        0x8
                0x00000000080078d8                __exidx_start = .
 *(.ARM.exidx*)
 .ARM.exidx     0x00000000080078d8        0x8 /home/ia/ARM_toolchain/gcc-arm-none-eabi-6-2017-q2-update/bin/../lib/gcc/arm-none-eabi/6.3.1/thumb/v6-m/libgcc.a(_udivmoddi4.o)
                0x00000000080078e0                __exidx_end = .

.rel.dyn        0x00000000080078e0        0x0
 .rel.iplt      0x00000000080078e0        0x0 main.o
                0x00000000080078e0                . = ALIGN (0x4)
                0x00000000080078e0                _etext = .

.data           0x0000000020000000      0x9ac load address 0x00000000080078e0
                0x0000000020000000                _data = .
 *(.data*)
 .data.rcc_apb1_frequency
                0x0000000020000000        0x4 ../libopencm3//lib/libopencm3_stm32f0.a(rcc.o)
                0x0000000020000000                rcc_apb1_frequency
 .data._impure_ptr
                0x0000000020000004        0x4 /home/ia/ARM_toolchain/gcc-arm-none-eabi-6-2017-q2-update/bin/../lib/gcc/arm-none-eabi/6.3.1/../../../../arm-none-eabi/lib/thumb/v6-m/libc.a(lib_a-impure.o)
                0x0000000020000004                _impure_ptr
 .data.impure_data
                0x0000000020000008      0x428 /home/ia/ARM_toolchain/gcc-arm-none-eabi-6-2017-q2-update/bin/../lib/gcc/arm-none-eabi/6.3.1/../../../../arm-none-eabi/lib/thumb/v6-m/libc.a(lib_a-impure.o)
 .data.__malloc_av_
                0x0000000020000430      0x408 /home/ia/ARM_toolchain/gcc-arm-none-eabi-6-2017-q2-update/bin/../lib/gcc/arm-none-eabi/6.3.1/../../../../arm-none-eabi/lib/thumb/v6-m/libc.a(lib_a-mallocr.o)
                0x0000000020000430                __malloc_av_
 .data.__malloc_sbrk_base
                0x0000000020000838        0x4 /home/ia/ARM_toolchain/gcc-arm-none-eabi-6-2017-q2-update/bin/../lib/gcc/arm-none-eabi/6.3.1/../../../../arm-none-eabi/lib/thumb/v6-m/libc.a(lib_a-mallocr.o)
                0x0000000020000838                __malloc_sbrk_base
 .data.__malloc_trim_threshold
                0x000000002000083c        0x4 /home/ia/ARM_toolchain/gcc-arm-none-eabi-6-2017-q2-update/bin/../lib/gcc/arm-none-eabi/6.3.1/../../../../arm-none-eabi/lib/thumb/v6-m/libc.a(lib_a-mallocr.o)
                0x000000002000083c                __malloc_trim_threshold
 .data.__global_locale
                0x0000000020000840      0x16c /home/ia/ARM_toolchain/gcc-arm-none-eabi-6-2017-q2-update/bin/../lib/gcc/arm-none-eabi/6.3.1/../../../../arm-none-eabi/lib/thumb/v6-m/libc.a(lib_a-locale.o)
                0x0000000020000840                __global_locale
                0x00000000200009ac                . = ALIGN (0x4)
                0x00000000200009ac                _edata = .
                0x00000000080078e0                _data_loadaddr = LOADADDR (.data)

.igot.plt       0x00000000200009ac        0x0 load address 0x000000000800828c
 .igot.plt      0x00000000200009ac        0x0 main.o

.bss            0x00000000200009ac       0xc0 load address 0x000000000800828c
 *(.bss*)
 .bss.burst_read_data
                0x00000000200009ac        0x8 main.o
                0x00000000200009ac                burst_read_data
 .bss.comp_data
                0x00000000200009b4       0x22 main.o
                0x00000000200009b4                comp_data
 .bss.dig_H1    0x00000000200009d6        0x1 main.o
                0x00000000200009d6                dig_H1
 *fill*         0x00000000200009d7        0x1 
 .bss.dig_H2    0x00000000200009d8        0x2 main.o
                0x00000000200009d8                dig_H2
 .bss.dig_H3    0x00000000200009da        0x1 main.o
                0x00000000200009da                dig_H3
 *fill*         0x00000000200009db        0x1 
 .bss.dig_H4    0x00000000200009dc        0x2 main.o
                0x00000000200009dc                dig_H4
 .bss.dig_H5    0x00000000200009de        0x2 main.o
                0x00000000200009de                dig_H5
 .bss.dig_H6    0x00000000200009e0        0x1 main.o
                0x00000000200009e0                dig_H6
 *fill*         0x00000000200009e1        0x1 
 .bss.dig_P1    0x00000000200009e2        0x2 main.o
                0x00000000200009e2                dig_P1
 .bss.dig_P2    0x00000000200009e4        0x2 main.o
                0x00000000200009e4                dig_P2
 .bss.dig_P3    0x00000000200009e6        0x2 main.o
                0x00000000200009e6                dig_P3
 .bss.dig_P4    0x00000000200009e8        0x2 main.o
                0x00000000200009e8                dig_P4
 .bss.dig_P5    0x00000000200009ea        0x2 main.o
                0x00000000200009ea                dig_P5
 .bss.dig_P6    0x00000000200009ec        0x2 main.o
                0x00000000200009ec                dig_P6
 .bss.dig_P7    0x00000000200009ee        0x2 main.o
                0x00000000200009ee                dig_P7
 .bss.dig_P8    0x00000000200009f0        0x2 main.o
                0x00000000200009f0                dig_P8
 .bss.dig_P9    0x00000000200009f2        0x2 main.o
                0x00000000200009f2                dig_P9
 .bss.dig_T1    0x00000000200009f4        0x2 main.o
                0x00000000200009f4                dig_T1
 .bss.dig_T2    0x00000000200009f6        0x2 main.o
                0x00000000200009f6                dig_T2
 .bss.dig_T3    0x00000000200009f8        0x2 main.o
                0x00000000200009f8                dig_T3
 .bss.pm_values_buffer
                0x00000000200009fa        0xd main.o
                0x00000000200009fa                pm_values_buffer
 *fill*         0x0000000020000a07        0x1 
 .bss.t_fine    0x0000000020000a08        0x4 main.o
                0x0000000020000a08                t_fine
 .bss.__malloc_current_mallinfo
                0x0000000020000a0c       0x28 /home/ia/ARM_toolchain/gcc-arm-none-eabi-6-2017-q2-update/bin/../lib/gcc/arm-none-eabi/6.3.1/../../../../arm-none-eabi/lib/thumb/v6-m/libc.a(lib_a-mallocr.o)
                0x0000000020000a0c                __malloc_current_mallinfo
 .bss.__malloc_max_sbrked_mem
                0x0000000020000a34        0x4 /home/ia/ARM_toolchain/gcc-arm-none-eabi-6-2017-q2-update/bin/../lib/gcc/arm-none-eabi/6.3.1/../../../../arm-none-eabi/lib/thumb/v6-m/libc.a(lib_a-mallocr.o)
                0x0000000020000a34                __malloc_max_sbrked_mem
 .bss.__malloc_max_total_mem
                0x0000000020000a38        0x4 /home/ia/ARM_toolchain/gcc-arm-none-eabi-6-2017-q2-update/bin/../lib/gcc/arm-none-eabi/6.3.1/../../../../arm-none-eabi/lib/thumb/v6-m/libc.a(lib_a-mallocr.o)
                0x0000000020000a38                __malloc_max_total_mem
 .bss.__malloc_top_pad
                0x0000000020000a3c        0x4 /home/ia/ARM_toolchain/gcc-arm-none-eabi-6-2017-q2-update/bin/../lib/gcc/arm-none-eabi/6.3.1/../../../../arm-none-eabi/lib/thumb/v6-m/libc.a(lib_a-mallocr.o)
                0x0000000020000a3c                __malloc_top_pad
 .bss.heap_end.4116
                0x0000000020000a40        0x4 /home/ia/ARM_toolchain/gcc-arm-none-eabi-6-2017-q2-update/bin/../lib/gcc/arm-none-eabi/6.3.1/../../../../arm-none-eabi/lib/thumb/v6-m/libnosys.a(sbrk.o)
 *(COMMON)
 COMMON         0x0000000020000a44       0x21 /home/ia/ARM_toolchain/gcc-arm-none-eabi-6-2017-q2-update/bin/../lib/gcc/arm-none-eabi/6.3.1/../../../../arm-none-eabi/lib/thumb/v6-m/libc.a(lib_a-lock.o)
                0x0000000020000a44                __lock___atexit_recursive_mutex
                0x0000000020000a48                __lock___arc4random_mutex
                0x0000000020000a4c                __lock___env_recursive_mutex
                0x0000000020000a50                __lock___sinit_recursive_mutex
                0x0000000020000a54                __lock___malloc_recursive_mutex
                0x0000000020000a58                __lock___at_quick_exit_mutex
                0x0000000020000a5c                __lock___dd_hash_mutex
                0x0000000020000a60                __lock___tz_mutex
                0x0000000020000a64                __lock___sfp_recursive_mutex
 *fill*         0x0000000020000a65        0x3 
 COMMON         0x0000000020000a68        0x4 /home/ia/ARM_toolchain/gcc-arm-none-eabi-6-2017-q2-update/bin/../lib/gcc/arm-none-eabi/6.3.1/../../../../arm-none-eabi/lib/thumb/v6-m/libc.a(lib_a-reent.o)
                0x0000000020000a68                errno
                0x0000000020000a6c                . = ALIGN (0x4)
                0x0000000020000a6c                _ebss = .

/DISCARD/
 *(.eh_frame)
                0x0000000020000a6c                . = ALIGN (0x4)
                0x0000000020000a6c                end = .
                0x0000000020004000                PROVIDE (_stack, (ORIGIN (ram) + LENGTH (ram)))
OUTPUT(main.elf elf32-littlearm)

.debug_info     0x0000000000000000     0x7944
 .debug_info    0x0000000000000000      0xf4f main.o
 .debug_info    0x0000000000000f4f     0x1764 src/functions.o
 .debug_info    0x00000000000026b3      0xe89 src/bme280.o
 .debug_info    0x000000000000353c     0x108d src/opcn2.o
 .debug_info    0x00000000000045c9      0x22c ../libopencm3//lib/libopencm3_stm32f0.a(gpio_common_all.o)
 .debug_info    0x00000000000047f5      0x1f7 ../libopencm3//lib/libopencm3_stm32f0.a(gpio_common_f0234.o)
 .debug_info    0x00000000000049ec      0x910 ../libopencm3//lib/libopencm3_stm32f0.a(spi_common_all.o)
 .debug_info    0x00000000000052fc      0x280 ../libopencm3//lib/libopencm3_stm32f0.a(spi_common_f03.o)
 .debug_info    0x000000000000557c      0x527 ../libopencm3//lib/libopencm3_stm32f0.a(rcc_common_all.o)
 .debug_info    0x0000000000005aa3      0x4b8 ../libopencm3//lib/libopencm3_stm32f0.a(usart_common_all.o)
 .debug_info    0x0000000000005f5b      0x364 ../libopencm3//lib/libopencm3_stm32f0.a(usart_common_v2.o)
 .debug_info    0x00000000000062bf      0xc70 ../libopencm3//lib/libopencm3_stm32f0.a(i2c_common_v2.o)
 .debug_info    0x0000000000006f2f      0x2ae ../libopencm3//lib/libopencm3_stm32f0.a(vector.o)
 .debug_info    0x00000000000071dd      0x767 ../libopencm3//lib/libopencm3_stm32f0.a(rcc.o)

.debug_abbrev   0x0000000000000000     0x1823
 .debug_abbrev  0x0000000000000000      0x26c main.o
 .debug_abbrev  0x000000000000026c      0x350 src/functions.o
 .debug_abbrev  0x00000000000005bc      0x25d src/bme280.o
 .debug_abbrev  0x0000000000000819      0x2cc src/opcn2.o
 .debug_abbrev  0x0000000000000ae5       0xf4 ../libopencm3//lib/libopencm3_stm32f0.a(gpio_common_all.o)
 .debug_abbrev  0x0000000000000bd9       0xb7 ../libopencm3//lib/libopencm3_stm32f0.a(gpio_common_f0234.o)
 .debug_abbrev  0x0000000000000c90      0x1a9 ../libopencm3//lib/libopencm3_stm32f0.a(spi_common_all.o)
 .debug_abbrev  0x0000000000000e39       0xe6 ../libopencm3//lib/libopencm3_stm32f0.a(spi_common_f03.o)
 .debug_abbrev  0x0000000000000f1f      0x137 ../libopencm3//lib/libopencm3_stm32f0.a(rcc_common_all.o)
 .debug_abbrev  0x0000000000001056      0x126 ../libopencm3//lib/libopencm3_stm32f0.a(usart_common_all.o)
 .debug_abbrev  0x000000000000117c      0x109 ../libopencm3//lib/libopencm3_stm32f0.a(usart_common_v2.o)
 .debug_abbrev  0x0000000000001285      0x210 ../libopencm3//lib/libopencm3_stm32f0.a(i2c_common_v2.o)
 .debug_abbrev  0x0000000000001495      0x127 ../libopencm3//lib/libopencm3_stm32f0.a(vector.o)
 .debug_abbrev  0x00000000000015bc      0x267 ../libopencm3//lib/libopencm3_stm32f0.a(rcc.o)

.debug_loc      0x0000000000000000     0x19d7
 .debug_loc     0x0000000000000000       0x19 main.o
 .debug_loc     0x0000000000000019      0x520 src/functions.o
 .debug_loc     0x0000000000000539      0x21e src/bme280.o
 .debug_loc     0x0000000000000757       0xbe src/opcn2.o
 .debug_loc     0x0000000000000815       0x97 ../libopencm3//lib/libopencm3_stm32f0.a(gpio_common_all.o)
 .debug_loc     0x00000000000008ac      0x186 ../libopencm3//lib/libopencm3_stm32f0.a(gpio_common_f0234.o)
 .debug_loc     0x0000000000000a32      0x133 ../libopencm3//lib/libopencm3_stm32f0.a(spi_common_all.o)
 .debug_loc     0x0000000000000b65      0x15a ../libopencm3//lib/libopencm3_stm32f0.a(spi_common_f03.o)
 .debug_loc     0x0000000000000cbf       0xe7 ../libopencm3//lib/libopencm3_stm32f0.a(rcc_common_all.o)
 .debug_loc     0x0000000000000da6      0x1d6 ../libopencm3//lib/libopencm3_stm32f0.a(usart_common_all.o)
 .debug_loc     0x0000000000000f7c       0xc3 ../libopencm3//lib/libopencm3_stm32f0.a(usart_common_v2.o)
 .debug_loc     0x000000000000103f      0x620 ../libopencm3//lib/libopencm3_stm32f0.a(i2c_common_v2.o)
 .debug_loc     0x000000000000165f       0xf2 ../libopencm3//lib/libopencm3_stm32f0.a(vector.o)
 .debug_loc     0x0000000000001751      0x286 ../libopencm3//lib/libopencm3_stm32f0.a(rcc.o)

.debug_aranges  0x0000000000000000      0x808
 .debug_aranges
                0x0000000000000000       0x20 main.o
 .debug_aranges
                0x0000000000000020       0x88 src/functions.o
 .debug_aranges
                0x00000000000000a8       0x48 src/bme280.o
 .debug_aranges
                0x00000000000000f0       0x60 src/opcn2.o
 .debug_aranges
                0x0000000000000150       0x50 ../libopencm3//lib/libopencm3_stm32f0.a(gpio_common_all.o)
 .debug_aranges
                0x00000000000001a0       0x30 ../libopencm3//lib/libopencm3_stm32f0.a(gpio_common_f0234.o)
 .debug_aranges
                0x00000000000001d0      0x178 ../libopencm3//lib/libopencm3_stm32f0.a(spi_common_all.o)
 .debug_aranges
                0x0000000000000348       0x60 ../libopencm3//lib/libopencm3_stm32f0.a(spi_common_f03.o)
 .debug_aranges
                0x00000000000003a8       0x68 ../libopencm3//lib/libopencm3_stm32f0.a(rcc_common_all.o)
 .debug_aranges
                0x0000000000000410       0xb8 ../libopencm3//lib/libopencm3_stm32f0.a(usart_common_all.o)
 .debug_aranges
                0x00000000000004c8       0xa8 ../libopencm3//lib/libopencm3_stm32f0.a(usart_common_v2.o)
 .debug_aranges
                0x0000000000000570      0x170 ../libopencm3//lib/libopencm3_stm32f0.a(i2c_common_v2.o)
 .debug_aranges
                0x00000000000006e0       0x30 ../libopencm3//lib/libopencm3_stm32f0.a(vector.o)
 .debug_aranges
                0x0000000000000710       0xf8 ../libopencm3//lib/libopencm3_stm32f0.a(rcc.o)

.debug_ranges   0x0000000000000000      0x7b0
 .debug_ranges  0x0000000000000000       0x28 main.o
 .debug_ranges  0x0000000000000028       0xa8 src/functions.o
 .debug_ranges  0x00000000000000d0       0x38 src/bme280.o
 .debug_ranges  0x0000000000000108       0x68 src/opcn2.o
 .debug_ranges  0x0000000000000170       0x40 ../libopencm3//lib/libopencm3_stm32f0.a(gpio_common_all.o)
 .debug_ranges  0x00000000000001b0       0x20 ../libopencm3//lib/libopencm3_stm32f0.a(gpio_common_f0234.o)
 .debug_ranges  0x00000000000001d0      0x168 ../libopencm3//lib/libopencm3_stm32f0.a(spi_common_all.o)
 .debug_ranges  0x0000000000000338       0x50 ../libopencm3//lib/libopencm3_stm32f0.a(spi_common_f03.o)
 .debug_ranges  0x0000000000000388       0x58 ../libopencm3//lib/libopencm3_stm32f0.a(rcc_common_all.o)
 .debug_ranges  0x00000000000003e0       0xa8 ../libopencm3//lib/libopencm3_stm32f0.a(usart_common_all.o)
 .debug_ranges  0x0000000000000488       0x98 ../libopencm3//lib/libopencm3_stm32f0.a(usart_common_v2.o)
 .debug_ranges  0x0000000000000520      0x160 ../libopencm3//lib/libopencm3_stm32f0.a(i2c_common_v2.o)
 .debug_ranges  0x0000000000000680       0x20 ../libopencm3//lib/libopencm3_stm32f0.a(vector.o)
 .debug_ranges  0x00000000000006a0      0x110 ../libopencm3//lib/libopencm3_stm32f0.a(rcc.o)

.debug_line     0x0000000000000000     0x3d78
 .debug_line    0x0000000000000000      0x29b main.o
 .debug_line    0x000000000000029b      0x467 src/functions.o
 .debug_line    0x0000000000000702      0x327 src/bme280.o
 .debug_line    0x0000000000000a29      0x379 src/opcn2.o
 .debug_line    0x0000000000000da2      0x3b9 ../libopencm3//lib/libopencm3_stm32f0.a(gpio_common_all.o)
 .debug_line    0x000000000000115b      0x3b1 ../libopencm3//lib/libopencm3_stm32f0.a(gpio_common_f0234.o)
 .debug_line    0x000000000000150c      0x6d1 ../libopencm3//lib/libopencm3_stm32f0.a(spi_common_all.o)
 .debug_line    0x0000000000001bdd      0x3fa ../libopencm3//lib/libopencm3_stm32f0.a(spi_common_f03.o)
 .debug_line    0x0000000000001fd7      0x3d3 ../libopencm3//lib/libopencm3_stm32f0.a(rcc_common_all.o)
 .debug_line    0x00000000000023aa      0x4da ../libopencm3//lib/libopencm3_stm32f0.a(usart_common_all.o)
 .debug_line    0x0000000000002884      0x47c ../libopencm3//lib/libopencm3_stm32f0.a(usart_common_v2.o)
 .debug_line    0x0000000000002d00      0x6cd ../libopencm3//lib/libopencm3_stm32f0.a(i2c_common_v2.o)
 .debug_line    0x00000000000033cd      0x391 ../libopencm3//lib/libopencm3_stm32f0.a(vector.o)
 .debug_line    0x000000000000375e      0x61a ../libopencm3//lib/libopencm3_stm32f0.a(rcc.o)

.debug_str      0x0000000000000000     0xf32a
 .debug_str     0x0000000000000000      0x6ab main.o
                                        0x7c8 (size before relaxing)
 .debug_str     0x00000000000006ab      0x52c src/functions.o
                                        0xb25 (size before relaxing)
 .debug_str     0x0000000000000bd7       0xb9 src/bme280.o
                                        0x78e (size before relaxing)
 .debug_str     0x0000000000000c90       0x97 src/opcn2.o
                                        0x6ef (size before relaxing)
 .debug_str     0x0000000000000d27     0x543f ../libopencm3//lib/libopencm3_stm32f0.a(gpio_common_all.o)
                                       0x55e0 (size before relaxing)
 .debug_str     0x0000000000006166       0x73 ../libopencm3//lib/libopencm3_stm32f0.a(gpio_common_f0234.o)
                                       0x5602 (size before relaxing)
 .debug_str     0x00000000000061d9     0x3b67 ../libopencm3//lib/libopencm3_stm32f0.a(spi_common_all.o)
                                       0x7cb6 (size before relaxing)
 .debug_str     0x0000000000009d40       0xcc ../libopencm3//lib/libopencm3_stm32f0.a(spi_common_f03.o)
                                       0x77e3 (size before relaxing)
 .debug_str     0x0000000000009e0c      0x1ac ../libopencm3//lib/libopencm3_stm32f0.a(rcc_common_all.o)
                                       0x6a80 (size before relaxing)
 .debug_str     0x0000000000009fb8     0x1cdc ../libopencm3//lib/libopencm3_stm32f0.a(usart_common_all.o)
                                       0x833c (size before relaxing)
 .debug_str     0x000000000000bc94      0x190 ../libopencm3//lib/libopencm3_stm32f0.a(usart_common_v2.o)
                                       0x5e22 (size before relaxing)
 .debug_str     0x000000000000be24     0x15a0 ../libopencm3//lib/libopencm3_stm32f0.a(i2c_common_v2.o)
                                       0x7f4d (size before relaxing)
 .debug_str     0x000000000000d3c4     0x12e2 ../libopencm3//lib/libopencm3_stm32f0.a(vector.o)
                                       0x4ad4 (size before relaxing)
 .debug_str     0x000000000000e6a6      0xc84 ../libopencm3//lib/libopencm3_stm32f0.a(rcc.o)
                                       0x725e (size before relaxing)

.comment        0x0000000000000000       0x7f
 .comment       0x0000000000000000       0x7f main.o
                                         0x80 (size before relaxing)
 .comment       0x000000000000007f       0x80 src/functions.o
 .comment       0x000000000000007f       0x80 src/bme280.o
 .comment       0x000000000000007f       0x80 src/opcn2.o
 .comment       0x000000000000007f       0x80 ../libopencm3//lib/libopencm3_stm32f0.a(gpio_common_all.o)
 .comment       0x000000000000007f       0x80 ../libopencm3//lib/libopencm3_stm32f0.a(gpio_common_f0234.o)
 .comment       0x000000000000007f       0x80 ../libopencm3//lib/libopencm3_stm32f0.a(spi_common_all.o)
 .comment       0x000000000000007f       0x80 ../libopencm3//lib/libopencm3_stm32f0.a(spi_common_f03.o)
 .comment       0x000000000000007f       0x80 ../libopencm3//lib/libopencm3_stm32f0.a(rcc_common_all.o)
 .comment       0x000000000000007f       0x80 ../libopencm3//lib/libopencm3_stm32f0.a(usart_common_all.o)
 .comment       0x000000000000007f       0x80 ../libopencm3//lib/libopencm3_stm32f0.a(usart_common_v2.o)
 .comment       0x000000000000007f       0x80 ../libopencm3//lib/libopencm3_stm32f0.a(i2c_common_v2.o)
 .comment       0x000000000000007f       0x80 ../libopencm3//lib/libopencm3_stm32f0.a(vector.o)
 .comment       0x000000000000007f       0x80 ../libopencm3//lib/libopencm3_stm32f0.a(rcc.o)

.ARM.attributes
                0x0000000000000000       0x2f
 .ARM.attributes
                0x0000000000000000       0x31 main.o
 .ARM.attributes
                0x0000000000000031       0x31 src/functions.o
 .ARM.attributes
                0x0000000000000062       0x31 src/bme280.o
 .ARM.attributes
                0x0000000000000093       0x31 src/opcn2.o
 .ARM.attributes
                0x00000000000000c4       0x31 ../libopencm3//lib/libopencm3_stm32f0.a(gpio_common_all.o)
 .ARM.attributes
                0x00000000000000f5       0x31 ../libopencm3//lib/libopencm3_stm32f0.a(gpio_common_f0234.o)
 .ARM.attributes
                0x0000000000000126       0x31 ../libopencm3//lib/libopencm3_stm32f0.a(spi_common_all.o)
 .ARM.attributes
                0x0000000000000157       0x31 ../libopencm3//lib/libopencm3_stm32f0.a(spi_common_f03.o)
 .ARM.attributes
                0x0000000000000188       0x31 ../libopencm3//lib/libopencm3_stm32f0.a(rcc_common_all.o)
 .ARM.attributes
                0x00000000000001b9       0x31 ../libopencm3//lib/libopencm3_stm32f0.a(usart_common_all.o)
 .ARM.attributes
                0x00000000000001ea       0x31 ../libopencm3//lib/libopencm3_stm32f0.a(usart_common_v2.o)
 .ARM.attributes
                0x000000000000021b       0x31 ../libopencm3//lib/libopencm3_stm32f0.a(i2c_common_v2.o)
 .ARM.attributes
                0x000000000000024c       0x31 ../libopencm3//lib/libopencm3_stm32f0.a(vector.o)
 .ARM.attributes
                0x000000000000027d       0x31 ../libopencm3//lib/libopencm3_stm32f0.a(rcc.o)
 .ARM.attributes
                0x00000000000002ae       0x2c /home/ia/ARM_toolchain/gcc-arm-none-eabi-6-2017-q2-update/bin/../lib/gcc/arm-none-eabi/6.3.1/../../../../arm-none-eabi/lib/thumb/v6-m/libc.a(lib_a-memcpy-stub.o)
 .ARM.attributes
                0x00000000000002da       0x2c /home/ia/ARM_toolchain/gcc-arm-none-eabi-6-2017-q2-update/bin/../lib/gcc/arm-none-eabi/6.3.1/../../../../arm-none-eabi/lib/thumb/v6-m/libc.a(lib_a-memset.o)
 .ARM.attributes
                0x0000000000000306       0x2c /home/ia/ARM_toolchain/gcc-arm-none-eabi-6-2017-q2-update/bin/../lib/gcc/arm-none-eabi/6.3.1/../../../../arm-none-eabi/lib/thumb/v6-m/libc.a(lib_a-sprintf.o)
 .ARM.attributes
                0x0000000000000332       0x2c /home/ia/ARM_toolchain/gcc-arm-none-eabi-6-2017-q2-update/bin/../lib/gcc/arm-none-eabi/6.3.1/../../../../arm-none-eabi/lib/thumb/v6-m/libc.a(lib_a-svfprintf.o)
 .ARM.attributes
                0x000000000000035e       0x2c /home/ia/ARM_toolchain/gcc-arm-none-eabi-6-2017-q2-update/bin/../lib/gcc/arm-none-eabi/6.3.1/../../../../arm-none-eabi/lib/thumb/v6-m/libc.a(lib_a-dtoa.o)
 .ARM.attributes
                0x000000000000038a       0x2c /home/ia/ARM_toolchain/gcc-arm-none-eabi-6-2017-q2-update/bin/../lib/gcc/arm-none-eabi/6.3.1/../../../../arm-none-eabi/lib/thumb/v6-m/libc.a(lib_a-impure.o)
 .ARM.attributes
                0x00000000000003b6       0x2c /home/ia/ARM_toolchain/gcc-arm-none-eabi-6-2017-q2-update/bin/../lib/gcc/arm-none-eabi/6.3.1/../../../../arm-none-eabi/lib/thumb/v6-m/libc.a(lib_a-localeconv.o)
 .ARM.attributes
                0x00000000000003e2       0x2c /home/ia/ARM_toolchain/gcc-arm-none-eabi-6-2017-q2-update/bin/../lib/gcc/arm-none-eabi/6.3.1/../../../../arm-none-eabi/lib/thumb/v6-m/libc.a(lib_a-mallocr.o)
 .ARM.attributes
                0x000000000000040e       0x2c /home/ia/ARM_toolchain/gcc-arm-none-eabi-6-2017-q2-update/bin/../lib/gcc/arm-none-eabi/6.3.1/../../../../arm-none-eabi/lib/thumb/v6-m/libc.a(lib_a-memchr-stub.o)
 .ARM.attributes
                0x000000000000043a       0x2c /home/ia/ARM_toolchain/gcc-arm-none-eabi-6-2017-q2-update/bin/../lib/gcc/arm-none-eabi/6.3.1/../../../../arm-none-eabi/lib/thumb/v6-m/libc.a(lib_a-mlock.o)
 .ARM.attributes
                0x0000000000000466       0x2c /home/ia/ARM_toolchain/gcc-arm-none-eabi-6-2017-q2-update/bin/../lib/gcc/arm-none-eabi/6.3.1/../../../../arm-none-eabi/lib/thumb/v6-m/libc.a(lib_a-mprec.o)
 .ARM.attributes
                0x0000000000000492       0x2c /home/ia/ARM_toolchain/gcc-arm-none-eabi-6-2017-q2-update/bin/../lib/gcc/arm-none-eabi/6.3.1/../../../../arm-none-eabi/lib/thumb/v6-m/libc.a(lib_a-sbrkr.o)
 .ARM.attributes
                0x00000000000004be       0x2c /home/ia/ARM_toolchain/gcc-arm-none-eabi-6-2017-q2-update/bin/../lib/gcc/arm-none-eabi/6.3.1/../../../../arm-none-eabi/lib/thumb/v6-m/libc.a(lib_a-strlen-stub.o)
 .ARM.attributes
                0x00000000000004ea       0x2c /home/ia/ARM_toolchain/gcc-arm-none-eabi-6-2017-q2-update/bin/../lib/gcc/arm-none-eabi/6.3.1/../../../../arm-none-eabi/lib/thumb/v6-m/libc.a(lib_a-svfiprintf.o)
 .ARM.attributes
                0x0000000000000516       0x2c /home/ia/ARM_toolchain/gcc-arm-none-eabi-6-2017-q2-update/bin/../lib/gcc/arm-none-eabi/6.3.1/../../../../arm-none-eabi/lib/thumb/v6-m/libc.a(lib_a-callocr.o)
 .ARM.attributes
                0x0000000000000542       0x2c /home/ia/ARM_toolchain/gcc-arm-none-eabi-6-2017-q2-update/bin/../lib/gcc/arm-none-eabi/6.3.1/../../../../arm-none-eabi/lib/thumb/v6-m/libc.a(lib_a-freer.o)
 .ARM.attributes
                0x000000000000056e       0x2c /home/ia/ARM_toolchain/gcc-arm-none-eabi-6-2017-q2-update/bin/../lib/gcc/arm-none-eabi/6.3.1/../../../../arm-none-eabi/lib/thumb/v6-m/libc.a(lib_a-locale.o)
 .ARM.attributes
                0x000000000000059a       0x2c /home/ia/ARM_toolchain/gcc-arm-none-eabi-6-2017-q2-update/bin/../lib/gcc/arm-none-eabi/6.3.1/../../../../arm-none-eabi/lib/thumb/v6-m/libc.a(lib_a-lock.o)
 .ARM.attributes
                0x00000000000005c6       0x2c /home/ia/ARM_toolchain/gcc-arm-none-eabi-6-2017-q2-update/bin/../lib/gcc/arm-none-eabi/6.3.1/../../../../arm-none-eabi/lib/thumb/v6-m/libc.a(lib_a-mbtowc_r.o)
 .ARM.attributes
                0x00000000000005f2       0x2c /home/ia/ARM_toolchain/gcc-arm-none-eabi-6-2017-q2-update/bin/../lib/gcc/arm-none-eabi/6.3.1/../../../../arm-none-eabi/lib/thumb/v6-m/libc.a(lib_a-memmove.o)
 .ARM.attributes
                0x000000000000061e       0x2c /home/ia/ARM_toolchain/gcc-arm-none-eabi-6-2017-q2-update/bin/../lib/gcc/arm-none-eabi/6.3.1/../../../../arm-none-eabi/lib/thumb/v6-m/libc.a(lib_a-reallocr.o)
 .ARM.attributes
                0x000000000000064a       0x2c /home/ia/ARM_toolchain/gcc-arm-none-eabi-6-2017-q2-update/bin/../lib/gcc/arm-none-eabi/6.3.1/../../../../arm-none-eabi/lib/thumb/v6-m/libc.a(lib_a-reent.o)
 .ARM.attributes
                0x0000000000000676       0x2c /home/ia/ARM_toolchain/gcc-arm-none-eabi-6-2017-q2-update/bin/../lib/gcc/arm-none-eabi/6.3.1/../../../../arm-none-eabi/lib/thumb/v6-m/libc.a(lib_a-wctomb_r.o)
 .ARM.attributes
                0x00000000000006a2       0x2c /home/ia/ARM_toolchain/gcc-arm-none-eabi-6-2017-q2-update/bin/../lib/gcc/arm-none-eabi/6.3.1/../../../../arm-none-eabi/lib/thumb/v6-m/libc.a(lib_a-ctype_.o)
 .ARM.attributes
                0x00000000000006ce       0x1e /home/ia/ARM_toolchain/gcc-arm-none-eabi-6-2017-q2-update/bin/../lib/gcc/arm-none-eabi/6.3.1/thumb/v6-m/libgcc.a(_udivsi3.o)
 .ARM.attributes
                0x00000000000006ec       0x1e /home/ia/ARM_toolchain/gcc-arm-none-eabi-6-2017-q2-update/bin/../lib/gcc/arm-none-eabi/6.3.1/thumb/v6-m/libgcc.a(_divsi3.o)
 .ARM.attributes
                0x000000000000070a       0x1e /home/ia/ARM_toolchain/gcc-arm-none-eabi-6-2017-q2-update/bin/../lib/gcc/arm-none-eabi/6.3.1/thumb/v6-m/libgcc.a(_dvmd_tls.o)
 .ARM.attributes
                0x0000000000000728       0x1e /home/ia/ARM_toolchain/gcc-arm-none-eabi-6-2017-q2-update/bin/../lib/gcc/arm-none-eabi/6.3.1/thumb/v6-m/libgcc.a(_arm_cmpdf2.o)
 .ARM.attributes
                0x0000000000000746       0x1e /home/ia/ARM_toolchain/gcc-arm-none-eabi-6-2017-q2-update/bin/../lib/gcc/arm-none-eabi/6.3.1/thumb/v6-m/libgcc.a(_arm_cmpsf2.o)
 .ARM.attributes
                0x0000000000000764       0x1e /home/ia/ARM_toolchain/gcc-arm-none-eabi-6-2017-q2-update/bin/../lib/gcc/arm-none-eabi/6.3.1/thumb/v6-m/libgcc.a(_aeabi_uldivmod.o)
 .ARM.attributes
                0x0000000000000782       0x2c /home/ia/ARM_toolchain/gcc-arm-none-eabi-6-2017-q2-update/bin/../lib/gcc/arm-none-eabi/6.3.1/thumb/v6-m/libgcc.a(_udivmoddi4.o)
 .ARM.attributes
                0x00000000000007ae       0x2c /home/ia/ARM_toolchain/gcc-arm-none-eabi-6-2017-q2-update/bin/../lib/gcc/arm-none-eabi/6.3.1/thumb/v6-m/libgcc.a(divsf3.o)
 .ARM.attributes
                0x00000000000007da       0x2c /home/ia/ARM_toolchain/gcc-arm-none-eabi-6-2017-q2-update/bin/../lib/gcc/arm-none-eabi/6.3.1/thumb/v6-m/libgcc.a(eqsf2.o)
 .ARM.attributes
                0x0000000000000806       0x2c /home/ia/ARM_toolchain/gcc-arm-none-eabi-6-2017-q2-update/bin/../lib/gcc/arm-none-eabi/6.3.1/thumb/v6-m/libgcc.a(gesf2.o)
 .ARM.attributes
                0x0000000000000832       0x2c /home/ia/ARM_toolchain/gcc-arm-none-eabi-6-2017-q2-update/bin/../lib/gcc/arm-none-eabi/6.3.1/thumb/v6-m/libgcc.a(lesf2.o)
 .ARM.attributes
                0x000000000000085e       0x2c /home/ia/ARM_toolchain/gcc-arm-none-eabi-6-2017-q2-update/bin/../lib/gcc/arm-none-eabi/6.3.1/thumb/v6-m/libgcc.a(mulsf3.o)
 .ARM.attributes
                0x000000000000088a       0x2c /home/ia/ARM_toolchain/gcc-arm-none-eabi-6-2017-q2-update/bin/../lib/gcc/arm-none-eabi/6.3.1/thumb/v6-m/libgcc.a(floatsisf.o)
 .ARM.attributes
                0x00000000000008b6       0x2c /home/ia/ARM_toolchain/gcc-arm-none-eabi-6-2017-q2-update/bin/../lib/gcc/arm-none-eabi/6.3.1/thumb/v6-m/libgcc.a(adddf3.o)
 .ARM.attributes
                0x00000000000008e2       0x2c /home/ia/ARM_toolchain/gcc-arm-none-eabi-6-2017-q2-update/bin/../lib/gcc/arm-none-eabi/6.3.1/thumb/v6-m/libgcc.a(divdf3.o)
 .ARM.attributes
                0x000000000000090e       0x2c /home/ia/ARM_toolchain/gcc-arm-none-eabi-6-2017-q2-update/bin/../lib/gcc/arm-none-eabi/6.3.1/thumb/v6-m/libgcc.a(eqdf2.o)
 .ARM.attributes
                0x000000000000093a       0x2c /home/ia/ARM_toolchain/gcc-arm-none-eabi-6-2017-q2-update/bin/../lib/gcc/arm-none-eabi/6.3.1/thumb/v6-m/libgcc.a(gedf2.o)
 .ARM.attributes
                0x0000000000000966       0x2c /home/ia/ARM_toolchain/gcc-arm-none-eabi-6-2017-q2-update/bin/../lib/gcc/arm-none-eabi/6.3.1/thumb/v6-m/libgcc.a(ledf2.o)
 .ARM.attributes
                0x0000000000000992       0x2c /home/ia/ARM_toolchain/gcc-arm-none-eabi-6-2017-q2-update/bin/../lib/gcc/arm-none-eabi/6.3.1/thumb/v6-m/libgcc.a(muldf3.o)
 .ARM.attributes
                0x00000000000009be       0x2c /home/ia/ARM_toolchain/gcc-arm-none-eabi-6-2017-q2-update/bin/../lib/gcc/arm-none-eabi/6.3.1/thumb/v6-m/libgcc.a(subdf3.o)
 .ARM.attributes
                0x00000000000009ea       0x2c /home/ia/ARM_toolchain/gcc-arm-none-eabi-6-2017-q2-update/bin/../lib/gcc/arm-none-eabi/6.3.1/thumb/v6-m/libgcc.a(unorddf2.o)
 .ARM.attributes
                0x0000000000000a16       0x2c /home/ia/ARM_toolchain/gcc-arm-none-eabi-6-2017-q2-update/bin/../lib/gcc/arm-none-eabi/6.3.1/thumb/v6-m/libgcc.a(fixdfsi.o)
 .ARM.attributes
                0x0000000000000a42       0x2c /home/ia/ARM_toolchain/gcc-arm-none-eabi-6-2017-q2-update/bin/../lib/gcc/arm-none-eabi/6.3.1/thumb/v6-m/libgcc.a(floatsidf.o)
 .ARM.attributes
                0x0000000000000a6e       0x2c /home/ia/ARM_toolchain/gcc-arm-none-eabi-6-2017-q2-update/bin/../lib/gcc/arm-none-eabi/6.3.1/thumb/v6-m/libgcc.a(floatunsidf.o)
 .ARM.attributes
                0x0000000000000a9a       0x2c /home/ia/ARM_toolchain/gcc-arm-none-eabi-6-2017-q2-update/bin/../lib/gcc/arm-none-eabi/6.3.1/thumb/v6-m/libgcc.a(extendsfdf2.o)
 .ARM.attributes
                0x0000000000000ac6       0x1e /home/ia/ARM_toolchain/gcc-arm-none-eabi-6-2017-q2-update/bin/../lib/gcc/arm-none-eabi/6.3.1/thumb/v6-m/libgcc.a(_clzsi2.o)
 .ARM.attributes
                0x0000000000000ae4       0x1e /home/ia/ARM_toolchain/gcc-arm-none-eabi-6-2017-q2-update/bin/../lib/gcc/arm-none-eabi/6.3.1/thumb/v6-m/libgcc.a(_clzdi2.o)
 .ARM.attributes
                0x0000000000000b02       0x2c /home/ia/ARM_toolchain/gcc-arm-none-eabi-6-2017-q2-update/bin/../lib/gcc/arm-none-eabi/6.3.1/../../../../arm-none-eabi/lib/thumb/v6-m/libnosys.a(sbrk.o)

.debug_frame    0x0000000000000000     0x1d0c
 .debug_frame   0x0000000000000000       0x30 main.o
 .debug_frame   0x0000000000000030      0x17c src/functions.o
 .debug_frame   0x00000000000001ac       0xb8 src/bme280.o
 .debug_frame   0x0000000000000264       0xfc src/opcn2.o
 .debug_frame   0x0000000000000360       0x80 ../libopencm3//lib/libopencm3_stm32f0.a(gpio_common_all.o)
 .debug_frame   0x00000000000003e0       0x78 ../libopencm3//lib/libopencm3_stm32f0.a(gpio_common_f0234.o)
 .debug_frame   0x0000000000000458      0x2e0 ../libopencm3//lib/libopencm3_stm32f0.a(spi_common_all.o)
 .debug_frame   0x0000000000000738       0xac ../libopencm3//lib/libopencm3_stm32f0.a(spi_common_f03.o)
 .debug_frame   0x00000000000007e4       0xd0 ../libopencm3//lib/libopencm3_stm32f0.a(rcc_common_all.o)
 .debug_frame   0x00000000000008b4      0x16c ../libopencm3//lib/libopencm3_stm32f0.a(usart_common_all.o)
 .debug_frame   0x0000000000000a20      0x130 ../libopencm3//lib/libopencm3_stm32f0.a(usart_common_v2.o)
 .debug_frame   0x0000000000000b50      0x2e4 ../libopencm3//lib/libopencm3_stm32f0.a(i2c_common_v2.o)
 .debug_frame   0x0000000000000e34       0x40 ../libopencm3//lib/libopencm3_stm32f0.a(vector.o)
 .debug_frame   0x0000000000000e74      0x23c ../libopencm3//lib/libopencm3_stm32f0.a(rcc.o)
 .debug_frame   0x00000000000010b0       0x30 /home/ia/ARM_toolchain/gcc-arm-none-eabi-6-2017-q2-update/bin/../lib/gcc/arm-none-eabi/6.3.1/../../../../arm-none-eabi/lib/thumb/v6-m/libc.a(lib_a-memcpy-stub.o)
 .debug_frame   0x00000000000010e0       0x30 /home/ia/ARM_toolchain/gcc-arm-none-eabi-6-2017-q2-update/bin/../lib/gcc/arm-none-eabi/6.3.1/../../../../arm-none-eabi/lib/thumb/v6-m/libc.a(lib_a-memset.o)
 .debug_frame   0x0000000000001110       0x50 /home/ia/ARM_toolchain/gcc-arm-none-eabi-6-2017-q2-update/bin/../lib/gcc/arm-none-eabi/6.3.1/../../../../arm-none-eabi/lib/thumb/v6-m/libc.a(lib_a-sprintf.o)
 .debug_frame   0x0000000000001160       0x3c /home/ia/ARM_toolchain/gcc-arm-none-eabi-6-2017-q2-update/bin/../lib/gcc/arm-none-eabi/6.3.1/../../../../arm-none-eabi/lib/thumb/v6-m/libc.a(lib_a-svfprintf.o)
 .debug_frame   0x000000000000119c       0x68 /home/ia/ARM_toolchain/gcc-arm-none-eabi-6-2017-q2-update/bin/../lib/gcc/arm-none-eabi/6.3.1/../../../../arm-none-eabi/lib/thumb/v6-m/libc.a(lib_a-dtoa.o)
 .debug_frame   0x0000000000001204       0x40 /home/ia/ARM_toolchain/gcc-arm-none-eabi-6-2017-q2-update/bin/../lib/gcc/arm-none-eabi/6.3.1/../../../../arm-none-eabi/lib/thumb/v6-m/libc.a(lib_a-localeconv.o)
 .debug_frame   0x0000000000001244       0x3c /home/ia/ARM_toolchain/gcc-arm-none-eabi-6-2017-q2-update/bin/../lib/gcc/arm-none-eabi/6.3.1/../../../../arm-none-eabi/lib/thumb/v6-m/libc.a(lib_a-mallocr.o)
 .debug_frame   0x0000000000001280       0x2c /home/ia/ARM_toolchain/gcc-arm-none-eabi-6-2017-q2-update/bin/../lib/gcc/arm-none-eabi/6.3.1/../../../../arm-none-eabi/lib/thumb/v6-m/libc.a(lib_a-memchr-stub.o)
 .debug_frame   0x00000000000012ac       0x40 /home/ia/ARM_toolchain/gcc-arm-none-eabi-6-2017-q2-update/bin/../lib/gcc/arm-none-eabi/6.3.1/../../../../arm-none-eabi/lib/thumb/v6-m/libc.a(lib_a-mlock.o)
 .debug_frame   0x00000000000012ec      0x260 /home/ia/ARM_toolchain/gcc-arm-none-eabi-6-2017-q2-update/bin/../lib/gcc/arm-none-eabi/6.3.1/../../../../arm-none-eabi/lib/thumb/v6-m/libc.a(lib_a-mprec.o)
 .debug_frame   0x000000000000154c       0x2c /home/ia/ARM_toolchain/gcc-arm-none-eabi-6-2017-q2-update/bin/../lib/gcc/arm-none-eabi/6.3.1/../../../../arm-none-eabi/lib/thumb/v6-m/libc.a(lib_a-sbrkr.o)
 .debug_frame   0x0000000000001578       0x28 /home/ia/ARM_toolchain/gcc-arm-none-eabi-6-2017-q2-update/bin/../lib/gcc/arm-none-eabi/6.3.1/../../../../arm-none-eabi/lib/thumb/v6-m/libc.a(lib_a-strlen-stub.o)
 .debug_frame   0x00000000000015a0       0x68 /home/ia/ARM_toolchain/gcc-arm-none-eabi-6-2017-q2-update/bin/../lib/gcc/arm-none-eabi/6.3.1/../../../../arm-none-eabi/lib/thumb/v6-m/libc.a(lib_a-svfiprintf.o)
 .debug_frame   0x0000000000001608       0x28 /home/ia/ARM_toolchain/gcc-arm-none-eabi-6-2017-q2-update/bin/../lib/gcc/arm-none-eabi/6.3.1/../../../../arm-none-eabi/lib/thumb/v6-m/libc.a(lib_a-callocr.o)
 .debug_frame   0x0000000000001630       0x50 /home/ia/ARM_toolchain/gcc-arm-none-eabi-6-2017-q2-update/bin/../lib/gcc/arm-none-eabi/6.3.1/../../../../arm-none-eabi/lib/thumb/v6-m/libc.a(lib_a-freer.o)
 .debug_frame   0x0000000000001680       0x74 /home/ia/ARM_toolchain/gcc-arm-none-eabi-6-2017-q2-update/bin/../lib/gcc/arm-none-eabi/6.3.1/../../../../arm-none-eabi/lib/thumb/v6-m/libc.a(lib_a-locale.o)
 .debug_frame   0x00000000000016f4       0xb0 /home/ia/ARM_toolchain/gcc-arm-none-eabi-6-2017-q2-update/bin/../lib/gcc/arm-none-eabi/6.3.1/../../../../arm-none-eabi/lib/thumb/v6-m/libc.a(lib_a-lock.o)
 .debug_frame   0x00000000000017a4       0x40 /home/ia/ARM_toolchain/gcc-arm-none-eabi-6-2017-q2-update/bin/../lib/gcc/arm-none-eabi/6.3.1/../../../../arm-none-eabi/lib/thumb/v6-m/libc.a(lib_a-mbtowc_r.o)
 .debug_frame   0x00000000000017e4       0x30 /home/ia/ARM_toolchain/gcc-arm-none-eabi-6-2017-q2-update/bin/../lib/gcc/arm-none-eabi/6.3.1/../../../../arm-none-eabi/lib/thumb/v6-m/libc.a(lib_a-memmove.o)
 .debug_frame   0x0000000000001814       0x3c /home/ia/ARM_toolchain/gcc-arm-none-eabi-6-2017-q2-update/bin/../lib/gcc/arm-none-eabi/6.3.1/../../../../arm-none-eabi/lib/thumb/v6-m/libc.a(lib_a-reallocr.o)
 .debug_frame   0x0000000000001850       0x48 /home/ia/ARM_toolchain/gcc-arm-none-eabi-6-2017-q2-update/bin/../lib/gcc/arm-none-eabi/6.3.1/../../../../arm-none-eabi/lib/thumb/v6-m/libc.a(lib_a-reent.o)
 .debug_frame   0x0000000000001898       0x3c /home/ia/ARM_toolchain/gcc-arm-none-eabi-6-2017-q2-update/bin/../lib/gcc/arm-none-eabi/6.3.1/../../../../arm-none-eabi/lib/thumb/v6-m/libc.a(lib_a-wctomb_r.o)
 .debug_frame   0x00000000000018d4       0x20 /home/ia/ARM_toolchain/gcc-arm-none-eabi-6-2017-q2-update/bin/../lib/gcc/arm-none-eabi/6.3.1/thumb/v6-m/libgcc.a(_udivsi3.o)
 .debug_frame   0x00000000000018f4       0x20 /home/ia/ARM_toolchain/gcc-arm-none-eabi-6-2017-q2-update/bin/../lib/gcc/arm-none-eabi/6.3.1/thumb/v6-m/libgcc.a(_divsi3.o)
 .debug_frame   0x0000000000001914       0x3c /home/ia/ARM_toolchain/gcc-arm-none-eabi-6-2017-q2-update/bin/../lib/gcc/arm-none-eabi/6.3.1/thumb/v6-m/libgcc.a(_udivmoddi4.o)
 .debug_frame   0x0000000000001950       0x3c /home/ia/ARM_toolchain/gcc-arm-none-eabi-6-2017-q2-update/bin/../lib/gcc/arm-none-eabi/6.3.1/thumb/v6-m/libgcc.a(divsf3.o)
 .debug_frame   0x000000000000198c       0x2c /home/ia/ARM_toolchain/gcc-arm-none-eabi-6-2017-q2-update/bin/../lib/gcc/arm-none-eabi/6.3.1/thumb/v6-m/libgcc.a(eqsf2.o)
 .debug_frame   0x00000000000019b8       0x30 /home/ia/ARM_toolchain/gcc-arm-none-eabi-6-2017-q2-update/bin/../lib/gcc/arm-none-eabi/6.3.1/thumb/v6-m/libgcc.a(gesf2.o)
 .debug_frame   0x00000000000019e8       0x30 /home/ia/ARM_toolchain/gcc-arm-none-eabi-6-2017-q2-update/bin/../lib/gcc/arm-none-eabi/6.3.1/thumb/v6-m/libgcc.a(lesf2.o)
 .debug_frame   0x0000000000001a18       0x3c /home/ia/ARM_toolchain/gcc-arm-none-eabi-6-2017-q2-update/bin/../lib/gcc/arm-none-eabi/6.3.1/thumb/v6-m/libgcc.a(mulsf3.o)
 .debug_frame   0x0000000000001a54       0x2c /home/ia/ARM_toolchain/gcc-arm-none-eabi-6-2017-q2-update/bin/../lib/gcc/arm-none-eabi/6.3.1/thumb/v6-m/libgcc.a(floatsisf.o)
 .debug_frame   0x0000000000001a80       0x3c /home/ia/ARM_toolchain/gcc-arm-none-eabi-6-2017-q2-update/bin/../lib/gcc/arm-none-eabi/6.3.1/thumb/v6-m/libgcc.a(adddf3.o)
 .debug_frame   0x0000000000001abc       0x3c /home/ia/ARM_toolchain/gcc-arm-none-eabi-6-2017-q2-update/bin/../lib/gcc/arm-none-eabi/6.3.1/thumb/v6-m/libgcc.a(divdf3.o)
 .debug_frame   0x0000000000001af8       0x38 /home/ia/ARM_toolchain/gcc-arm-none-eabi-6-2017-q2-update/bin/../lib/gcc/arm-none-eabi/6.3.1/thumb/v6-m/libgcc.a(eqdf2.o)
 .debug_frame   0x0000000000001b30       0x38 /home/ia/ARM_toolchain/gcc-arm-none-eabi-6-2017-q2-update/bin/../lib/gcc/arm-none-eabi/6.3.1/thumb/v6-m/libgcc.a(gedf2.o)
 .debug_frame   0x0000000000001b68       0x38 /home/ia/ARM_toolchain/gcc-arm-none-eabi-6-2017-q2-update/bin/../lib/gcc/arm-none-eabi/6.3.1/thumb/v6-m/libgcc.a(ledf2.o)
 .debug_frame   0x0000000000001ba0       0x3c /home/ia/ARM_toolchain/gcc-arm-none-eabi-6-2017-q2-update/bin/../lib/gcc/arm-none-eabi/6.3.1/thumb/v6-m/libgcc.a(muldf3.o)
 .debug_frame   0x0000000000001bdc       0x38 /home/ia/ARM_toolchain/gcc-arm-none-eabi-6-2017-q2-update/bin/../lib/gcc/arm-none-eabi/6.3.1/thumb/v6-m/libgcc.a(subdf3.o)
 .debug_frame   0x0000000000001c14       0x2c /home/ia/ARM_toolchain/gcc-arm-none-eabi-6-2017-q2-update/bin/../lib/gcc/arm-none-eabi/6.3.1/thumb/v6-m/libgcc.a(unorddf2.o)
 .debug_frame   0x0000000000001c40       0x2c /home/ia/ARM_toolchain/gcc-arm-none-eabi-6-2017-q2-update/bin/../lib/gcc/arm-none-eabi/6.3.1/thumb/v6-m/libgcc.a(fixdfsi.o)
 .debug_frame   0x0000000000001c6c       0x2c /home/ia/ARM_toolchain/gcc-arm-none-eabi-6-2017-q2-update/bin/../lib/gcc/arm-none-eabi/6.3.1/thumb/v6-m/libgcc.a(floatsidf.o)
 .debug_frame   0x0000000000001c98       0x28 /home/ia/ARM_toolchain/gcc-arm-none-eabi-6-2017-q2-update/bin/../lib/gcc/arm-none-eabi/6.3.1/thumb/v6-m/libgcc.a(floatunsidf.o)
 .debug_frame   0x0000000000001cc0       0x2c /home/ia/ARM_toolchain/gcc-arm-none-eabi-6-2017-q2-update/bin/../lib/gcc/arm-none-eabi/6.3.1/thumb/v6-m/libgcc.a(extendsfdf2.o)
 .debug_frame   0x0000000000001cec       0x20 /home/ia/ARM_toolchain/gcc-arm-none-eabi-6-2017-q2-update/bin/../lib/gcc/arm-none-eabi/6.3.1/../../../../arm-none-eabi/lib/thumb/v6-m/libnosys.a(sbrk.o)

.debug_macro    0x0000000000000000     0x36ec
 .debug_macro   0x0000000000000000       0xd7 ../libopencm3//lib/libopencm3_stm32f0.a(gpio_common_all.o)
 .debug_macro   0x00000000000000d7      0x898 ../libopencm3//lib/libopencm3_stm32f0.a(gpio_common_all.o)
 .debug_macro   0x000000000000096f       0x22 ../libopencm3//lib/libopencm3_stm32f0.a(gpio_common_all.o)
 .debug_macro   0x0000000000000991       0x4f ../libopencm3//lib/libopencm3_stm32f0.a(gpio_common_all.o)
 .debug_macro   0x00000000000009e0       0x51 ../libopencm3//lib/libopencm3_stm32f0.a(gpio_common_all.o)
 .debug_macro   0x0000000000000a31       0xef ../libopencm3//lib/libopencm3_stm32f0.a(gpio_common_all.o)
 .debug_macro   0x0000000000000b20       0x6a ../libopencm3//lib/libopencm3_stm32f0.a(gpio_common_all.o)
 .debug_macro   0x0000000000000b8a      0x1df ../libopencm3//lib/libopencm3_stm32f0.a(gpio_common_all.o)
 .debug_macro   0x0000000000000d69       0x22 ../libopencm3//lib/libopencm3_stm32f0.a(gpio_common_all.o)
 .debug_macro   0x0000000000000d8b       0xfa ../libopencm3//lib/libopencm3_stm32f0.a(gpio_common_all.o)
 .debug_macro   0x0000000000000e85       0x34 ../libopencm3//lib/libopencm3_stm32f0.a(gpio_common_all.o)
 .debug_macro   0x0000000000000eb9      0x15a ../libopencm3//lib/libopencm3_stm32f0.a(gpio_common_all.o)
 .debug_macro   0x0000000000001013       0x76 ../libopencm3//lib/libopencm3_stm32f0.a(gpio_common_all.o)
 .debug_macro   0x0000000000001089      0x2e6 ../libopencm3//lib/libopencm3_stm32f0.a(gpio_common_all.o)
 .debug_macro   0x000000000000136f      0x14e ../libopencm3//lib/libopencm3_stm32f0.a(gpio_common_all.o)
 .debug_macro   0x00000000000014bd       0x3a ../libopencm3//lib/libopencm3_stm32f0.a(gpio_common_all.o)
 .debug_macro   0x00000000000014f7       0xd7 ../libopencm3//lib/libopencm3_stm32f0.a(gpio_common_f0234.o)
 .debug_macro   0x00000000000015ce       0xdb ../libopencm3//lib/libopencm3_stm32f0.a(spi_common_all.o)
 .debug_macro   0x00000000000016a9      0x2eb ../libopencm3//lib/libopencm3_stm32f0.a(spi_common_all.o)
 .debug_macro   0x0000000000001994       0xca ../libopencm3//lib/libopencm3_stm32f0.a(spi_common_all.o)
 .debug_macro   0x0000000000001a5e      0x746 ../libopencm3//lib/libopencm3_stm32f0.a(spi_common_all.o)
 .debug_macro   0x00000000000021a4       0xdb ../libopencm3//lib/libopencm3_stm32f0.a(spi_common_f03.o)
 .debug_macro   0x000000000000227f       0xcf ../libopencm3//lib/libopencm3_stm32f0.a(rcc_common_all.o)
 .debug_macro   0x000000000000234e       0xda ../libopencm3//lib/libopencm3_stm32f0.a(usart_common_all.o)
 .debug_macro   0x0000000000002428       0x94 ../libopencm3//lib/libopencm3_stm32f0.a(usart_common_all.o)
 .debug_macro   0x00000000000024bc      0x514 ../libopencm3//lib/libopencm3_stm32f0.a(usart_common_all.o)
 .debug_macro   0x00000000000029d0       0x1c ../libopencm3//lib/libopencm3_stm32f0.a(usart_common_all.o)
 .debug_macro   0x00000000000029ec       0xc2 ../libopencm3//lib/libopencm3_stm32f0.a(usart_common_v2.o)
 .debug_macro   0x0000000000002aae       0xdb ../libopencm3//lib/libopencm3_stm32f0.a(i2c_common_v2.o)
 .debug_macro   0x0000000000002b89      0x16d ../libopencm3//lib/libopencm3_stm32f0.a(i2c_common_v2.o)
 .debug_macro   0x0000000000002cf6      0x3c3 ../libopencm3//lib/libopencm3_stm32f0.a(i2c_common_v2.o)
 .debug_macro   0x00000000000030b9       0xd0 ../libopencm3//lib/libopencm3_stm32f0.a(vector.o)
 .debug_macro   0x0000000000003189      0x1b1 ../libopencm3//lib/libopencm3_stm32f0.a(vector.o)
 .debug_macro   0x000000000000333a       0x46 ../libopencm3//lib/libopencm3_stm32f0.a(vector.o)
 .debug_macro   0x0000000000003380       0xca ../libopencm3//lib/libopencm3_stm32f0.a(vector.o)
 .debug_macro   0x000000000000344a       0xe0 ../libopencm3//lib/libopencm3_stm32f0.a(rcc.o)
 .debug_macro   0x000000000000352a       0x16 ../libopencm3//lib/libopencm3_stm32f0.a(rcc.o)
 .debug_macro   0x0000000000003540       0xdc ../libopencm3//lib/libopencm3_stm32f0.a(rcc.o)
 .debug_macro   0x000000000000361c       0xd0 ../libopencm3//lib/libopencm3_stm32f0.a(rcc.o)
