Archive member included to satisfy reference by file (symbol)

../libopencm3//lib/libopencm3_stm32f0.a(gpio_common_all.o)
                              main.o (gpio_set)
../libopencm3//lib/libopencm3_stm32f0.a(gpio_common_f0234.o)
                              src/functions.o (gpio_mode_setup)
../libopencm3//lib/libopencm3_stm32f0.a(spi_common_all.o)
                              src/functions.o (spi_enable)
../libopencm3//lib/libopencm3_stm32f0.a(spi_common_f03.o)
                              src/functions.o (spi_init_master)
../libopencm3//lib/libopencm3_stm32f0.a(rcc_common_all.o)
                              src/functions.o (rcc_periph_clock_enable)
../libopencm3//lib/libopencm3_stm32f0.a(usart_common_all.o)
                              src/functions.o (usart_set_baudrate)
../libopencm3//lib/libopencm3_stm32f0.a(usart_common_v2.o)
                              ../libopencm3//lib/libopencm3_stm32f0.a(usart_common_all.o) (usart_send)
../libopencm3//lib/libopencm3_stm32f0.a(i2c_common_v2.o)
                              src/functions.o (i2c_reset)
../libopencm3//lib/libopencm3_stm32f0.a(vector.o)
                              (reset_handler)
../libopencm3//lib/libopencm3_stm32f0.a(rcc.o)
                              ../libopencm3//lib/libopencm3_stm32f0.a(usart_common_all.o) (rcc_apb1_frequency)
../libopencm3//lib/libopencm3_stm32f0.a(flash_common_f01.o)
                              ../libopencm3//lib/libopencm3_stm32f0.a(rcc.o) (flash_prefetch_buffer_enable)
../libopencm3//lib/libopencm3_stm32f0.a(assert.o)
                              ../libopencm3//lib/libopencm3_stm32f0.a(rcc.o) (cm3_assert_failed)
../libopencm3//lib/libopencm3_stm32f0.a(flash.o)
                              ../libopencm3//lib/libopencm3_stm32f0.a(flash_common_f01.o) (flash_get_status_flags)
/home/ia/ARM_toolchain/gcc-arm-none-eabi-6-2017-q2-update/bin/../lib/gcc/arm-none-eabi/6.3.1/../../../../arm-none-eabi/lib/thumb/v6-m/libc.a(lib_a-memcpy-stub.o)
                              src/bme280.o (memcpy)
/home/ia/ARM_toolchain/gcc-arm-none-eabi-6-2017-q2-update/bin/../lib/gcc/arm-none-eabi/6.3.1/../../../../arm-none-eabi/lib/thumb/v6-m/libc.a(lib_a-memset.o)
                              src/functions.o (memset)
/home/ia/ARM_toolchain/gcc-arm-none-eabi-6-2017-q2-update/bin/../lib/gcc/arm-none-eabi/6.3.1/../../../../arm-none-eabi/lib/thumb/v6-m/libc.a(lib_a-sprintf.o)
                              main.o (sprintf)
/home/ia/ARM_toolchain/gcc-arm-none-eabi-6-2017-q2-update/bin/../lib/gcc/arm-none-eabi/6.3.1/../../../../arm-none-eabi/lib/thumb/v6-m/libc.a(lib_a-strstr.o)
                              src/functions.o (strstr)
/home/ia/ARM_toolchain/gcc-arm-none-eabi-6-2017-q2-update/bin/../lib/gcc/arm-none-eabi/6.3.1/../../../../arm-none-eabi/lib/thumb/v6-m/libc.a(lib_a-svfprintf.o)
                              /home/ia/ARM_toolchain/gcc-arm-none-eabi-6-2017-q2-update/bin/../lib/gcc/arm-none-eabi/6.3.1/../../../../arm-none-eabi/lib/thumb/v6-m/libc.a(lib_a-sprintf.o) (_svfprintf_r)
/home/ia/ARM_toolchain/gcc-arm-none-eabi-6-2017-q2-update/bin/../lib/gcc/arm-none-eabi/6.3.1/../../../../arm-none-eabi/lib/thumb/v6-m/libc.a(lib_a-dtoa.o)
                              /home/ia/ARM_toolchain/gcc-arm-none-eabi-6-2017-q2-update/bin/../lib/gcc/arm-none-eabi/6.3.1/../../../../arm-none-eabi/lib/thumb/v6-m/libc.a(lib_a-svfprintf.o) (_dtoa_r)
/home/ia/ARM_toolchain/gcc-arm-none-eabi-6-2017-q2-update/bin/../lib/gcc/arm-none-eabi/6.3.1/../../../../arm-none-eabi/lib/thumb/v6-m/libc.a(lib_a-impure.o)
                              /home/ia/ARM_toolchain/gcc-arm-none-eabi-6-2017-q2-update/bin/../lib/gcc/arm-none-eabi/6.3.1/../../../../arm-none-eabi/lib/thumb/v6-m/libc.a(lib_a-sprintf.o) (_impure_ptr)
/home/ia/ARM_toolchain/gcc-arm-none-eabi-6-2017-q2-update/bin/../lib/gcc/arm-none-eabi/6.3.1/../../../../arm-none-eabi/lib/thumb/v6-m/libc.a(lib_a-localeconv.o)
                              /home/ia/ARM_toolchain/gcc-arm-none-eabi-6-2017-q2-update/bin/../lib/gcc/arm-none-eabi/6.3.1/../../../../arm-none-eabi/lib/thumb/v6-m/libc.a(lib_a-svfprintf.o) (_localeconv_r)
/home/ia/ARM_toolchain/gcc-arm-none-eabi-6-2017-q2-update/bin/../lib/gcc/arm-none-eabi/6.3.1/../../../../arm-none-eabi/lib/thumb/v6-m/libc.a(lib_a-mallocr.o)
                              /home/ia/ARM_toolchain/gcc-arm-none-eabi-6-2017-q2-update/bin/../lib/gcc/arm-none-eabi/6.3.1/../../../../arm-none-eabi/lib/thumb/v6-m/libc.a(lib_a-svfprintf.o) (_malloc_r)
/home/ia/ARM_toolchain/gcc-arm-none-eabi-6-2017-q2-update/bin/../lib/gcc/arm-none-eabi/6.3.1/../../../../arm-none-eabi/lib/thumb/v6-m/libc.a(lib_a-memchr-stub.o)
                              /home/ia/ARM_toolchain/gcc-arm-none-eabi-6-2017-q2-update/bin/../lib/gcc/arm-none-eabi/6.3.1/../../../../arm-none-eabi/lib/thumb/v6-m/libc.a(lib_a-strstr.o) (memchr)
/home/ia/ARM_toolchain/gcc-arm-none-eabi-6-2017-q2-update/bin/../lib/gcc/arm-none-eabi/6.3.1/../../../../arm-none-eabi/lib/thumb/v6-m/libc.a(lib_a-memcmp.o)
[...]
Memory Configuration

Name             Origin             Length             Attributes
rom              0x0000000008000000 0x0000000000020000 xr
ram              0x0000000020000000 0x0000000000004000 xrw
*default*        0x0000000000000000 0xffffffffffffffff

Linker script and memory map

LOAD main.o
LOAD src/functions.o
LOAD src/bme280.o
LOAD src/opcn2.o
LOAD ../libopencm3//lib/libopencm3_stm32f0.a
START GROUP
LOAD /home/ia/ARM_toolchain/gcc-arm-none-eabi-6-2017-q2-update/bin/../lib/gcc/arm-none-eabi/6.3.1/../../../../arm-none-eabi/lib/thumb/v6-m/libc.a
LOAD /home/ia/ARM_toolchain/gcc-arm-none-eabi-6-2017-q2-update/bin/../lib/gcc/arm-none-eabi/6.3.1/thumb/v6-m/libgcc.a
LOAD /home/ia/ARM_toolchain/gcc-arm-none-eabi-6-2017-q2-update/bin/../lib/gcc/arm-none-eabi/6.3.1/../../../../arm-none-eabi/lib/thumb/v6-m/libnosys.a
END GROUP
START GROUP
LOAD /home/ia/ARM_toolchain/gcc-arm-none-eabi-6-2017-q2-update/bin/../lib/gcc/arm-none-eabi/6.3.1/thumb/v6-m/libgcc.a
LOAD /home/ia/ARM_toolchain/gcc-arm-none-eabi-6-2017-q2-update/bin/../lib/gcc/arm-none-eabi/6.3.1/../../../../arm-none-eabi/lib/thumb/v6-m/libc.a
END GROUP

.text           0x0000000008000000     0x74d8
 *(.vectors)
 .vectors       0x0000000008000000       0xc0 ../libopencm3//lib/libopencm3_stm32f0.a(vector.o)
                0x0000000008000000                vector_table
 *(.text*)
 .text.startup.main
                0x00000000080000c0       0xac main.o
                0x00000000080000c0                main
 .text.calculate_float
                0x000000000800016c        0xe src/functions.o
                0x000000000800016c                calculate_float
 *fill*         0x000000000800017a        0x2 
 .text.flash    0x000000000800017c       0x38 src/functions.o
                0x000000000800017c                flash
 .text.spi_setup
                0x00000000080001b4       0x60 src/functions.o
                0x00000000080001b4                spi_setup
 .text.wait     0x0000000008000214       0x28 src/functions.o
                0x0000000008000214                wait
 .text.usartSend
                0x000000000800023c       0x4c src/functions.o
                0x000000000800023c                usartSend
 .text.clock_setup
                0x0000000008000288       0x40 src/functions.o
                0x0000000008000288                clock_setup
 .text.i2c_setup
                0x00000000080002c8       0x6c src/functions.o
                0x00000000080002c8                i2c_setup
 .text.usart_setup
                0x0000000008000334       0x80 src/functions.o
                0x0000000008000334                usart_setup
 .text.gpio_setup
                0x00000000080003b4       0x88 src/functions.o
                0x00000000080003b4                gpio_setup
 .text.temp_BME280
                0x000000000800043c       0x6c src/bme280.o
                0x000000000800043c                temp_BME280
 .text.cekej    0x00000000080004a8        0xe src/opcn2.o
                0x00000000080004a8                cekej
 *fill*         0x00000000080004b6        0x2 
 .text.pm_set_command
                0x00000000080004b8       0x24 src/opcn2.o
                0x00000000080004b8                pm_set_command
 .text.pm_SS_on
                0x00000000080004dc       0x1c src/opcn2.o
                0x00000000080004dc                pm_SS_on
 .text.pm_SS_off
                0x00000000080004f8       0x24 src/opcn2.o
                0x00000000080004f8                pm_SS_off
 .text.particlemeter_ON
                0x000000000800051c       0x30 src/opcn2.o
                0x000000000800051c                particlemeter_ON
 .text.read_pm_values
                0x000000000800054c       0x50 src/opcn2.o
                0x000000000800054c                read_pm_values
 .text.particlemeter_pm1
                0x000000000800059c       0x18 src/opcn2.o
                0x000000000800059c                particlemeter_pm1
 .text.gpio_set
                0x00000000080005b4        0x4 ../libopencm3//lib/libopencm3_stm32f0.a(gpio_common_all.o)
                0x00000000080005b4                gpio_set
 .text.gpio_clear
                0x00000000080005b8        0x6 ../libopencm3//lib/libopencm3_stm32f0.a(gpio_common_all.o)
                0x00000000080005b8                gpio_clear
 .text.gpio_mode_setup
                0x00000000080005be       0x3a ../libopencm3//lib/libopencm3_stm32f0.a(gpio_common_f0234.o)
                0x00000000080005be                gpio_mode_setup
 .text.gpio_set_af
                0x00000000080005f8       0x58 ../libopencm3//lib/libopencm3_stm32f0.a(gpio_common_f0234.o)
                0x00000000080005f8                gpio_set_af
 .text.spi_enable
                0x0000000008000650        0xa ../libopencm3//lib/libopencm3_stm32f0.a(spi_common_all.o)
                0x0000000008000650                spi_enable
 .text.spi_enable_ss_output
                0x000000000800065a        0xa ../libopencm3//lib/libopencm3_stm32f0.a(spi_common_all.o)
                0x000000000800065a                spi_enable_ss_output
 .text.spi_init_master
                0x0000000008000664       0x22 ../libopencm3//lib/libopencm3_stm32f0.a(spi_common_f03.o)
                0x0000000008000664                spi_init_master
 .text.spi_send8
                0x0000000008000686        0xc ../libopencm3//lib/libopencm3_stm32f0.a(spi_common_f03.o)
                0x0000000008000686                spi_send8
 *fill*         0x0000000008000692        0x2 
 .text.rcc_periph_clock_enable
                0x0000000008000694       0x1c ../libopencm3//lib/libopencm3_stm32f0.a(rcc_common_all.o)
                0x0000000008000694                rcc_periph_clock_enable
 .text.rcc_periph_reset_pulse
                0x00000000080006b0       0x20 ../libopencm3//lib/libopencm3_stm32f0.a(rcc_common_all.o)
                0x00000000080006b0                rcc_periph_reset_pulse
 .text.usart_set_baudrate
                0x00000000080006d0       0x1c ../libopencm3//lib/libopencm3_stm32f0.a(usart_common_all.o)
                0x00000000080006d0                usart_set_baudrate
 .text.usart_set_databits
                0x00000000080006ec       0x1c ../libopencm3//lib/libopencm3_stm32f0.a(usart_common_all.o)
                0x00000000080006ec                usart_set_databits
 .text.usart_set_stopbits
                0x0000000008000708       0x10 ../libopencm3//lib/libopencm3_stm32f0.a(usart_common_all.o)
                0x0000000008000708                usart_set_stopbits
 .text.usart_set_parity
                0x0000000008000718       0x10 ../libopencm3//lib/libopencm3_stm32f0.a(usart_common_all.o)
                0x0000000008000718                usart_set_parity
 .text.usart_set_mode
                0x0000000008000728        0xc ../libopencm3//lib/libopencm3_stm32f0.a(usart_common_all.o)
                0x0000000008000728                usart_set_mode
 .text.usart_set_flow_control
                0x0000000008000734       0x10 ../libopencm3//lib/libopencm3_stm32f0.a(usart_common_all.o)
                0x0000000008000734                usart_set_flow_control
 .text.usart_enable
                0x0000000008000744        0xa ../libopencm3//lib/libopencm3_stm32f0.a(usart_common_all.o)
                0x0000000008000744                usart_enable
 .text.usart_send_blocking
                0x000000000800074e       0x14 ../libopencm3//lib/libopencm3_stm32f0.a(usart_common_all.o)
                0x000000000800074e                usart_send_blocking
 .text.usart_send
                0x0000000008000762        0x8 ../libopencm3//lib/libopencm3_stm32f0.a(usart_common_v2.o)
                0x0000000008000762                usart_send
 .text.usart_wait_send_ready
                0x000000000800076a        0xa ../libopencm3//lib/libopencm3_stm32f0.a(usart_common_v2.o)
                0x000000000800076a                usart_wait_send_ready
 .text.i2c_reset
                0x0000000008000774       0x2c ../libopencm3//lib/libopencm3_stm32f0.a(i2c_common_v2.o)
                0x0000000008000774                i2c_reset
 .text.i2c_peripheral_enable
                0x00000000080007a0        0xa ../libopencm3//lib/libopencm3_stm32f0.a(i2c_common_v2.o)
                0x00000000080007a0                i2c_peripheral_enable
 .text.i2c_peripheral_disable
                0x00000000080007aa        0xa ../libopencm3//lib/libopencm3_stm32f0.a(i2c_common_v2.o)
                0x00000000080007aa                i2c_peripheral_disable
 .text.i2c_enable_analog_filter
                0x00000000080007b4       0x10 ../libopencm3//lib/libopencm3_stm32f0.a(i2c_common_v2.o)
                0x00000000080007b4                i2c_enable_analog_filter
 .text.i2c_set_prescaler
                0x00000000080007c4        0xe ../libopencm3//lib/libopencm3_stm32f0.a(i2c_common_v2.o)
                0x00000000080007c4                i2c_set_prescaler
 *fill*         0x00000000080007d2        0x2 
 .text.i2c_set_data_setup_time
                0x00000000080007d4       0x14 ../libopencm3//lib/libopencm3_stm32f0.a(i2c_common_v2.o)
                0x00000000080007d4                i2c_set_data_setup_time
 .text.i2c_set_data_hold_time
                0x00000000080007e8       0x14 ../libopencm3//lib/libopencm3_stm32f0.a(i2c_common_v2.o)
                0x00000000080007e8                i2c_set_data_hold_time
 .text.i2c_set_scl_high_period
                0x00000000080007fc       0x14 ../libopencm3//lib/libopencm3_stm32f0.a(i2c_common_v2.o)
                0x00000000080007fc                i2c_set_scl_high_period
 .text.i2c_set_scl_low_period
                0x0000000008000810        0xc ../libopencm3//lib/libopencm3_stm32f0.a(i2c_common_v2.o)
                0x0000000008000810                i2c_set_scl_low_period
 .text.i2c_enable_stretching
                0x000000000800081c       0x10 ../libopencm3//lib/libopencm3_stm32f0.a(i2c_common_v2.o)
                0x000000000800081c                i2c_enable_stretching
 .text.i2c_set_7bit_addr_mode
                0x000000000800082c       0x10 ../libopencm3//lib/libopencm3_stm32f0.a(i2c_common_v2.o)
                0x000000000800082c                i2c_set_7bit_addr_mode
 .text.i2c_set_speed
                0x000000000800083c       0x5e ../libopencm3//lib/libopencm3_stm32f0.a(i2c_common_v2.o)
                0x000000000800083c                i2c_set_speed
 .text.blocking_handler
                0x000000000800089a        0x2 ../libopencm3//lib/libopencm3_stm32f0.a(vector.o)
                0x000000000800089a                rtc_isr
                0x000000000800089a                tim7_isr
                0x000000000800089a                blocking_handler
                0x000000000800089a                tsc_isr
                0x000000000800089a                spi1_isr
                0x000000000800089a                i2c1_isr
                0x000000000800089a                tim17_isr
                0x000000000800089a                i2c2_isr
                0x000000000800089a                usart1_isr
                0x000000000800089a                usart3_4_isr
                0x000000000800089a                tim1_cc_isr
                0x000000000800089a                exti2_3_isr
                0x000000000800089a                tim16_isr
                0x000000000800089a                pvd_isr
                0x000000000800089a                rcc_isr
                0x000000000800089a                flash_isr
                0x000000000800089a                hard_fault_handler
                0x000000000800089a                tim14_isr
                0x000000000800089a                spi2_isr
                0x000000000800089a                usb_isr
                0x000000000800089a                tim15_isr
                0x000000000800089a                tim3_isr
                0x000000000800089a                usart2_isr
                0x000000000800089a                adc_comp_isr
                0x000000000800089a                dma1_channel1_isr
                0x000000000800089a                tim6_dac_isr
                0x000000000800089a                tim1_brk_up_trg_com_isr
                0x000000000800089a                dma1_channel2_3_isr
                0x000000000800089a                exti4_15_isr
                0x000000000800089a                cec_can_isr
                0x000000000800089a                wwdg_isr
                0x000000000800089a                tim2_isr
                0x000000000800089a                dma1_channel4_5_isr
                0x000000000800089a                exti0_1_isr
 .text.null_handler
                0x000000000800089c        0x2 ../libopencm3//lib/libopencm3_stm32f0.a(vector.o)
                0x000000000800089c                null_handler
                0x000000000800089c                sv_call_handler
                0x000000000800089c                pend_sv_handler
                0x000000000800089c                sys_tick_handler
                0x000000000800089c                nmi_handler
 *fill*         0x000000000800089e        0x2 
 .text.reset_handler
                0x00000000080008a0       0x8c ../libopencm3//lib/libopencm3_stm32f0.a(vector.o)
                0x00000000080008a0                reset_handler
 .text.memcpy   0x000000000800092c       0x84 /home/ia/ARM_toolchain/gcc-arm-none-eabi-6-2017-q2-update/bin/../lib/gcc/arm-none-eabi/6.3.1/../../../../arm-none-eabi/lib/thumb/v6-m/libc.a(lib_a-memcpy-stub.o)
                0x000000000800092c                memcpy
 .text.memset   0x00000000080009b0       0x94 /home/ia/ARM_toolchain/gcc-arm-none-eabi-6-2017-q2-update/bin/../lib/gcc/arm-none-eabi/6.3.1/../../../../arm-none-eabi/lib/thumb/v6-m/libc.a(lib_a-memset.o)
                0x00000000080009b0                memset
 .text.sprintf  0x0000000008000a44       0x44 /home/ia/ARM_toolchain/gcc-arm-none-eabi-6-2017-q2-update/bin/../lib/gcc/arm-none-eabi/6.3.1/../../../../arm-none-eabi/lib/thumb/v6-m/libc.a(lib_a-sprintf.o)
                0x0000000008000a44                sprintf
 .text._svfprintf_r
                0x0000000008000a88     0x1608 /home/ia/ARM_toolchain/gcc-arm-none-eabi-6-2017-q2-update/bin/../lib/gcc/arm-none-eabi/6.3.1/../../../../arm-none-eabi/lib/thumb/v6-m/libc.a(lib_a-svfprintf.o)
                0x0000000008000a88                _svfprintf_r
 .text.quorem   0x0000000008002090      0x154 /home/ia/ARM_toolchain/gcc-arm-none-eabi-6-2017-q2-update/bin/../lib/gcc/arm-none-eabi/6.3.1/../../../../arm-none-eabi/lib/thumb/v6-m/libc.a(lib_a-dtoa.o)
 .text._dtoa_r  0x00000000080021e4      0xf88 /home/ia/ARM_toolchain/gcc-arm-none-eabi-6-2017-q2-update/bin/../lib/gcc/arm-none-eabi/6.3.1/../../../../arm-none-eabi/lib/thumb/v6-m/libc.a(lib_a-dtoa.o)
                0x00000000080021e4                _dtoa_r
 .text._localeconv_r
                0x000000000800316c       0x1c /home/ia/ARM_toolchain/gcc-arm-none-eabi-6-2017-q2-update/bin/../lib/gcc/arm-none-eabi/6.3.1/../../../../arm-none-eabi/lib/thumb/v6-m/libc.a(lib_a-localeconv.o)
                0x000000000800316c                _localeconv_r
 .text._malloc_r
                0x0000000008003188      0x568 /home/ia/ARM_toolchain/gcc-arm-none-eabi-6-2017-q2-update/bin/../lib/gcc/arm-none-eabi/6.3.1/../../../../arm-none-eabi/lib/thumb/v6-m/libc.a(lib_a-mallocr.o)
                0x0000000008003188                _malloc_r
 .text.memchr   0x00000000080036f0       0x80 /home/ia/ARM_toolchain/gcc-arm-none-eabi-6-2017-q2-update/bin/../lib/gcc/arm-none-eabi/6.3.1/../../../../arm-none-eabi/lib/thumb/v6-m/libc.a(lib_a-memchr-stub.o)
                0x00000000080036f0                memchr
 .text.__malloc_lock
                0x0000000008003770       0x10 /home/ia/ARM_toolchain/gcc-arm-none-eabi-6-2017-q2-update/bin/../lib/gcc/arm-none-eabi/6.3.1/../../../../arm-none-eabi/lib/thumb/v6-m/libc.a(lib_a-mlock.o)
                0x0000000008003770                __malloc_lock
 .text.__malloc_unlock
                0x0000000008003780       0x10 /home/ia/ARM_toolchain/gcc-arm-none-eabi-6-2017-q2-update/bin/../lib/gcc/arm-none-eabi/6.3.1/../../../../arm-none-eabi/lib/thumb/v6-m/libc.a(lib_a-mlock.o)
                0x0000000008003780                __malloc_unlock
 .text._Balloc  0x0000000008003790       0x50 /home/ia/ARM_toolchain/gcc-arm-none-eabi-6-2017-q2-update/bin/../lib/gcc/arm-none-eabi/6.3.1/../../../../arm-none-eabi/lib/thumb/v6-m/libc.a(lib_a-mprec.o)
                0x0000000008003790                _Balloc
 .text._Bfree   0x00000000080037e0       0x14 /home/ia/ARM_toolchain/gcc-arm-none-eabi-6-2017-q2-update/bin/../lib/gcc/arm-none-eabi/6.3.1/../../../../arm-none-eabi/lib/thumb/v6-m/libc.a(lib_a-mprec.o)
                0x00000000080037e0                _Bfree
 .text.__multadd
                0x00000000080037f4       0x8c /home/ia/ARM_toolchain/gcc-arm-none-eabi-6-2017-q2-update/bin/../lib/gcc/arm-none-eabi/6.3.1/../../../../arm-none-eabi/lib/thumb/v6-m/libc.a(lib_a-mprec.o)
                0x00000000080037f4                __multadd
 .text.__hi0bits
                0x0000000008003880       0x34 /home/ia/ARM_toolchain/gcc-arm-none-eabi-6-2017-q2-update/bin/../lib/gcc/arm-none-eabi/6.3.1/../../../../arm-none-eabi/lib/thumb/v6-m/libc.a(lib_a-mprec.o)
                0x0000000008003880                __hi0bits
 .text.__lo0bits
                0x00000000080038b4       0x5c /home/ia/ARM_toolchain/gcc-arm-none-eabi-6-2017-q2-update/bin/../lib/gcc/arm-none-eabi/6.3.1/../../../../arm-none-eabi/lib/thumb/v6-m/libc.a(lib_a-mprec.o)
                0x00000000080038b4                __lo0bits
 .text.__i2b    0x0000000008003910       0x14 /home/ia/ARM_toolchain/gcc-arm-none-eabi-6-2017-q2-update/bin/../lib/gcc/arm-none-eabi/6.3.1/../../../../arm-none-eabi/lib/thumb/v6-m/libc.a(lib_a-mprec.o)
                0x0000000008003910                __i2b
 .text.__multiply
                0x0000000008003924      0x154 /home/ia/ARM_toolchain/gcc-arm-none-eabi-6-2017-q2-update/bin/../lib/gcc/arm-none-eabi/6.3.1/../../../../arm-none-eabi/lib/thumb/v6-m/libc.a(lib_a-mprec.o)
                0x0000000008003924                __multiply
 .text.__pow5mult
                0x0000000008003a78       0xc0 /home/ia/ARM_toolchain/gcc-arm-none-eabi-6-2017-q2-update/bin/../lib/gcc/arm-none-eabi/6.3.1/../../../../arm-none-eabi/lib/thumb/v6-m/libc.a(lib_a-mprec.o)
                0x0000000008003a78                __pow5mult
 .text.__lshift
                0x0000000008003b38       0xc0 /home/ia/ARM_toolchain/gcc-arm-none-eabi-6-2017-q2-update/bin/../lib/gcc/arm-none-eabi/6.3.1/../../../../arm-none-eabi/lib/thumb/v6-m/libc.a(lib_a-mprec.o)
                0x0000000008003b38                __lshift
 .text.__mcmp   0x0000000008003bf8       0x34 /home/ia/ARM_toolchain/gcc-arm-none-eabi-6-2017-q2-update/bin/../lib/gcc/arm-none-eabi/6.3.1/../../../../arm-none-eabi/lib/thumb/v6-m/libc.a(lib_a-mprec.o)
                0x0000000008003bf8                __mcmp
 .text.__mdiff  0x0000000008003c2c      0x138 /home/ia/ARM_toolchain/gcc-arm-none-eabi-6-2017-q2-update/bin/../lib/gcc/arm-none-eabi/6.3.1/../../../../arm-none-eabi/lib/thumb/v6-m/libc.a(lib_a-mprec.o)
                0x0000000008003c2c                __mdiff
 .text.__d2b    0x0000000008003d64       0xbc /home/ia/ARM_toolchain/gcc-arm-none-eabi-6-2017-q2-update/bin/../lib/gcc/arm-none-eabi/6.3.1/../../../../arm-none-eabi/lib/thumb/v6-m/libc.a(lib_a-mprec.o)
                0x0000000008003d64                __d2b
 .text._sbrk_r  0x0000000008003e20       0x24 /home/ia/ARM_toolchain/gcc-arm-none-eabi-6-2017-q2-update/bin/../lib/gcc/arm-none-eabi/6.3.1/../../../../arm-none-eabi/lib/thumb/v6-m/libc.a(lib_a-sbrkr.o)
                0x0000000008003e20                _sbrk_r
 .text.strlen   0x0000000008003e44       0x64 /home/ia/ARM_toolchain/gcc-arm-none-eabi-6-2017-q2-update/bin/../lib/gcc/arm-none-eabi/6.3.1/../../../../arm-none-eabi/lib/thumb/v6-m/libc.a(lib_a-strlen-stub.o)
                0x0000000008003e44                strlen
 .text.__ssprint_r
                0x0000000008003ea8      0x120 /home/ia/ARM_toolchain/gcc-arm-none-eabi-6-2017-q2-update/bin/../lib/gcc/arm-none-eabi/6.3.1/../../../../arm-none-eabi/lib/thumb/v6-m/libc.a(lib_a-svfiprintf.o)
                0x0000000008003ea8                __ssprint_r
 .text._calloc_r
                0x0000000008003fc8       0x58 /home/ia/ARM_toolchain/gcc-arm-none-eabi-6-2017-q2-update/bin/../lib/gcc/arm-none-eabi/6.3.1/../../../../arm-none-eabi/lib/thumb/v6-m/libc.a(lib_a-callocr.o)
                0x0000000008003fc8                _calloc_r
 .text._malloc_trim_r
                0x0000000008004020       0xa0 /home/ia/ARM_toolchain/gcc-arm-none-eabi-6-2017-q2-update/bin/../lib/gcc/arm-none-eabi/6.3.1/../../../../arm-none-eabi/lib/thumb/v6-m/libc.a(lib_a-freer.o)
                0x0000000008004020                _malloc_trim_r
 .text._free_r  0x00000000080040c0      0x1bc /home/ia/ARM_toolchain/gcc-arm-none-eabi-6-2017-q2-update/bin/../lib/gcc/arm-none-eabi/6.3.1/../../../../arm-none-eabi/lib/thumb/v6-m/libc.a(lib_a-freer.o)
                0x00000000080040c0                _free_r
 .text.__retarget_lock_acquire_recursive
                0x000000000800427c        0x4 /home/ia/ARM_toolchain/gcc-arm-none-eabi-6-2017-q2-update/bin/../lib/gcc/arm-none-eabi/6.3.1/../../../../arm-none-eabi/lib/thumb/v6-m/libc.a(lib_a-lock.o)
                0x000000000800427c                __retarget_lock_acquire_recursive
 .text.__retarget_lock_release_recursive
                0x0000000008004280        0x4 /home/ia/ARM_toolchain/gcc-arm-none-eabi-6-2017-q2-update/bin/../lib/gcc/arm-none-eabi/6.3.1/../../../../arm-none-eabi/lib/thumb/v6-m/libc.a(lib_a-lock.o)
                0x0000000008004280                __retarget_lock_release_recursive
 .text.__ascii_mbtowc
                0x0000000008004284       0x2c /home/ia/ARM_toolchain/gcc-arm-none-eabi-6-2017-q2-update/bin/../lib/gcc/arm-none-eabi/6.3.1/../../../../arm-none-eabi/lib/thumb/v6-m/libc.a(lib_a-mbtowc_r.o)
                0x0000000008004284                __ascii_mbtowc
 .text.memmove  0x00000000080042b0       0xa0 /home/ia/ARM_toolchain/gcc-arm-none-eabi-6-2017-q2-update/bin/../lib/gcc/arm-none-eabi/6.3.1/../../../../arm-none-eabi/lib/thumb/v6-m/libc.a(lib_a-memmove.o)
                0x00000000080042b0                memmove
 .text._realloc_r
                0x0000000008004350      0x37c /home/ia/ARM_toolchain/gcc-arm-none-eabi-6-2017-q2-update/bin/../lib/gcc/arm-none-eabi/6.3.1/../../../../arm-none-eabi/lib/thumb/v6-m/libc.a(lib_a-reallocr.o)
                0x0000000008004350                _realloc_r
 .text.__ascii_wctomb
                0x00000000080046cc       0x1c /home/ia/ARM_toolchain/gcc-arm-none-eabi-6-2017-q2-update/bin/../lib/gcc/arm-none-eabi/6.3.1/../../../../arm-none-eabi/lib/thumb/v6-m/libc.a(lib_a-wctomb_r.o)
                0x00000000080046cc                __ascii_wctomb
 .text          0x00000000080046e8      0x114 /home/ia/ARM_toolchain/gcc-arm-none-eabi-6-2017-q2-update/bin/../lib/gcc/arm-none-eabi/6.3.1/thumb/v6-m/libgcc.a(_udivsi3.o)
                0x00000000080046e8                __udivsi3
                0x00000000080046e8                __aeabi_uidiv
                0x00000000080047f4                __aeabi_uidivmod
 .text          0x00000000080047fc      0x1d4 /home/ia/ARM_toolchain/gcc-arm-none-eabi-6-2017-q2-update/bin/../lib/gcc/arm-none-eabi/6.3.1/thumb/v6-m/libgcc.a(_divsi3.o)
                0x00000000080047fc                __aeabi_idiv
                0x00000000080047fc                __divsi3
                0x00000000080049c8                __aeabi_idivmod
 .text          0x00000000080049d0        0x4 /home/ia/ARM_toolchain/gcc-arm-none-eabi-6-2017-q2-update/bin/../lib/gcc/arm-none-eabi/6.3.1/thumb/v6-m/libgcc.a(_dvmd_tls.o)
                0x00000000080049d0                __aeabi_ldiv0
                0x00000000080049d0                __aeabi_idiv0
 .text          0x00000000080049d4       0x7c /home/ia/ARM_toolchain/gcc-arm-none-eabi-6-2017-q2-update/bin/../lib/gcc/arm-none-eabi/6.3.1/thumb/v6-m/libgcc.a(_arm_cmpdf2.o)
                0x00000000080049d4                __aeabi_cdrcmple
                0x00000000080049e4                __aeabi_cdcmple
                0x00000000080049e4                __aeabi_cdcmpeq
                0x00000000080049f4                __aeabi_dcmpeq
                0x0000000008004a00                __aeabi_dcmplt
                0x0000000008004a14                __aeabi_dcmple
                0x0000000008004a28                __aeabi_dcmpgt
                0x0000000008004a3c                __aeabi_dcmpge
 .text          0x0000000008004a50       0x74 /home/ia/ARM_toolchain/gcc-arm-none-eabi-6-2017-q2-update/bin/../lib/gcc/arm-none-eabi/6.3.1/thumb/v6-m/libgcc.a(_arm_cmpsf2.o)
                0x0000000008004a50                __aeabi_cfrcmple
                0x0000000008004a58                __aeabi_cfcmple
                0x0000000008004a58                __aeabi_cfcmpeq
                0x0000000008004a68                __aeabi_fcmpeq
                0x0000000008004a74                __aeabi_fcmplt
                0x0000000008004a88                __aeabi_fcmple
                0x0000000008004a9c                __aeabi_fcmpgt
                0x0000000008004ab0                __aeabi_fcmpge
 .text          0x0000000008004ac4       0x40 /home/ia/ARM_toolchain/gcc-arm-none-eabi-6-2017-q2-update/bin/../lib/gcc/arm-none-eabi/6.3.1/thumb/v6-m/libgcc.a(_aeabi_uldivmod.o)
                0x0000000008004ac4                __aeabi_uldivmod
 .text          0x0000000008004b04      0x180 /home/ia/ARM_toolchain/gcc-arm-none-eabi-6-2017-q2-update/bin/../lib/gcc/arm-none-eabi/6.3.1/thumb/v6-m/libgcc.a(_udivmoddi4.o)
                0x0000000008004b04                __udivmoddi4
 .text          0x0000000008004c84      0x290 /home/ia/ARM_toolchain/gcc-arm-none-eabi-6-2017-q2-update/bin/../lib/gcc/arm-none-eabi/6.3.1/thumb/v6-m/libgcc.a(divsf3.o)
                0x0000000008004c84                __aeabi_fdiv
 .text          0x0000000008004f14       0x4c /home/ia/ARM_toolchain/gcc-arm-none-eabi-6-2017-q2-update/bin/../lib/gcc/arm-none-eabi/6.3.1/thumb/v6-m/libgcc.a(eqsf2.o)
                0x0000000008004f14                __nesf2
                0x0000000008004f14                __eqsf2
 .text          0x0000000008004f60       0x80 /home/ia/ARM_toolchain/gcc-arm-none-eabi-6-2017-q2-update/bin/../lib/gcc/arm-none-eabi/6.3.1/thumb/v6-m/libgcc.a(gesf2.o)
                0x0000000008004f60                __gtsf2
                0x0000000008004f60                __gesf2
 .text          0x0000000008004fe0       0x84 /home/ia/ARM_toolchain/gcc-arm-none-eabi-6-2017-q2-update/bin/../lib/gcc/arm-none-eabi/6.3.1/thumb/v6-m/libgcc.a(lesf2.o)
                0x0000000008004fe0                __lesf2
                0x0000000008004fe0                __ltsf2
 .text          0x0000000008005064      0x240 /home/ia/ARM_toolchain/gcc-arm-none-eabi-6-2017-q2-update/bin/../lib/gcc/arm-none-eabi/6.3.1/thumb/v6-m/libgcc.a(mulsf3.o)
                0x0000000008005064                __aeabi_fmul
 .text          0x00000000080052a4       0xa0 /home/ia/ARM_toolchain/gcc-arm-none-eabi-6-2017-q2-update/bin/../lib/gcc/arm-none-eabi/6.3.1/thumb/v6-m/libgcc.a(floatsisf.o)
                0x00000000080052a4                __aeabi_i2f
 .text          0x0000000008005344      0x620 /home/ia/ARM_toolchain/gcc-arm-none-eabi-6-2017-q2-update/bin/../lib/gcc/arm-none-eabi/6.3.1/thumb/v6-m/libgcc.a(adddf3.o)
                0x0000000008005344                __aeabi_dadd
 .text          0x0000000008005964      0x668 /home/ia/ARM_toolchain/gcc-arm-none-eabi-6-2017-q2-update/bin/../lib/gcc/arm-none-eabi/6.3.1/thumb/v6-m/libgcc.a(divdf3.o)
                0x0000000008005964                __aeabi_ddiv
 .text          0x0000000008005fcc       0x74 /home/ia/ARM_toolchain/gcc-arm-none-eabi-6-2017-q2-update/bin/../lib/gcc/arm-none-eabi/6.3.1/thumb/v6-m/libgcc.a(eqdf2.o)
                0x0000000008005fcc                __eqdf2
                0x0000000008005fcc                __nedf2
 .text          0x0000000008006040       0xc8 /home/ia/ARM_toolchain/gcc-arm-none-eabi-6-2017-q2-update/bin/../lib/gcc/arm-none-eabi/6.3.1/thumb/v6-m/libgcc.a(gedf2.o)
                0x0000000008006040                __gtdf2
                0x0000000008006040                __gedf2
 .text          0x0000000008006108       0xc4 /home/ia/ARM_toolchain/gcc-arm-none-eabi-6-2017-q2-update/bin/../lib/gcc/arm-none-eabi/6.3.1/thumb/v6-m/libgcc.a(ledf2.o)
                0x0000000008006108                __ltdf2
                0x0000000008006108                __ledf2
 .text          0x00000000080061cc      0x500 /home/ia/ARM_toolchain/gcc-arm-none-eabi-6-2017-q2-update/bin/../lib/gcc/arm-none-eabi/6.3.1/thumb/v6-m/libgcc.a(muldf3.o)
                0x00000000080061cc                __aeabi_dmul
 .text          0x00000000080066cc      0x62c /home/ia/ARM_toolchain/gcc-arm-none-eabi-6-2017-q2-update/bin/../lib/gcc/arm-none-eabi/6.3.1/thumb/v6-m/libgcc.a(subdf3.o)
                0x00000000080066cc                __aeabi_dsub
 .text          0x0000000008006cf8       0x40 /home/ia/ARM_toolchain/gcc-arm-none-eabi-6-2017-q2-update/bin/../lib/gcc/arm-none-eabi/6.3.1/thumb/v6-m/libgcc.a(unorddf2.o)
                0x0000000008006cf8                __aeabi_dcmpun
 .text          0x0000000008006d38       0x68 /home/ia/ARM_toolchain/gcc-arm-none-eabi-6-2017-q2-update/bin/../lib/gcc/arm-none-eabi/6.3.1/thumb/v6-m/libgcc.a(fixdfsi.o)
                0x0000000008006d38                __aeabi_d2iz
 .text          0x0000000008006da0       0x84 /home/ia/ARM_toolchain/gcc-arm-none-eabi-6-2017-q2-update/bin/../lib/gcc/arm-none-eabi/6.3.1/thumb/v6-m/libgcc.a(floatsidf.o)
                0x0000000008006da0                __aeabi_i2d
 .text          0x0000000008006e24       0x70 /home/ia/ARM_toolchain/gcc-arm-none-eabi-6-2017-q2-update/bin/../lib/gcc/arm-none-eabi/6.3.1/thumb/v6-m/libgcc.a(floatunsidf.o)
                0x0000000008006e24                __aeabi_ui2d
 .text          0x0000000008006e94       0xa4 /home/ia/ARM_toolchain/gcc-arm-none-eabi-6-2017-q2-update/bin/../lib/gcc/arm-none-eabi/6.3.1/thumb/v6-m/libgcc.a(extendsfdf2.o)
                0x0000000008006e94                __aeabi_f2d
 .text          0x0000000008006f38       0x3c /home/ia/ARM_toolchain/gcc-arm-none-eabi-6-2017-q2-update/bin/../lib/gcc/arm-none-eabi/6.3.1/thumb/v6-m/libgcc.a(_clzsi2.o)
                0x0000000008006f38                __clzsi2
 .text          0x0000000008006f74       0x18 /home/ia/ARM_toolchain/gcc-arm-none-eabi-6-2017-q2-update/bin/../lib/gcc/arm-none-eabi/6.3.1/thumb/v6-m/libgcc.a(_clzdi2.o)
                0x0000000008006f74                __clzdi2
 .text._sbrk    0x0000000008006f8c       0x1c /home/ia/ARM_toolchain/gcc-arm-none-eabi-6-2017-q2-update/bin/../lib/gcc/arm-none-eabi/6.3.1/../../../../arm-none-eabi/lib/thumb/v6-m/libnosys.a(sbrk.o)
                0x0000000008006f8c                _sbrk
                0x0000000008006fa8                . = ALIGN (0x4)
 *(.rodata*)
 .rodata.main.str1.1
                0x0000000008006fa8        0x8 main.o
 .rodata._svfprintf_r
                0x0000000008006fb0      0x164 /home/ia/ARM_toolchain/gcc-arm-none-eabi-6-2017-q2-update/bin/../lib/gcc/arm-none-eabi/6.3.1/../../../../arm-none-eabi/lib/thumb/v6-m/libc.a(lib_a-svfprintf.o)
 .rodata._svfprintf_r.str1.4
                0x0000000008007114       0x42 /home/ia/ARM_toolchain/gcc-arm-none-eabi-6-2017-q2-update/bin/../lib/gcc/arm-none-eabi/6.3.1/../../../../arm-none-eabi/lib/thumb/v6-m/libc.a(lib_a-svfprintf.o)
 *fill*         0x0000000008007156        0x2 
 .rodata.blanks.7223
                0x0000000008007158       0x10 /home/ia/ARM_toolchain/gcc-arm-none-eabi-6-2017-q2-update/bin/../lib/gcc/arm-none-eabi/6.3.1/../../../../arm-none-eabi/lib/thumb/v6-m/libc.a(lib_a-svfprintf.o)
 .rodata.zeroes.7224
                0x0000000008007168       0x10 /home/ia/ARM_toolchain/gcc-arm-none-eabi-6-2017-q2-update/bin/../lib/gcc/arm-none-eabi/6.3.1/../../../../arm-none-eabi/lib/thumb/v6-m/libc.a(lib_a-svfprintf.o)
 .rodata._dtoa_r.str1.4
                0x0000000008007178       0x10 /home/ia/ARM_toolchain/gcc-arm-none-eabi-6-2017-q2-update/bin/../lib/gcc/arm-none-eabi/6.3.1/../../../../arm-none-eabi/lib/thumb/v6-m/libc.a(lib_a-dtoa.o)
                                         0x12 (size before relaxing)
 .rodata.__mprec_bigtens
                0x0000000008007188       0x28 /home/ia/ARM_toolchain/gcc-arm-none-eabi-6-2017-q2-update/bin/../lib/gcc/arm-none-eabi/6.3.1/../../../../arm-none-eabi/lib/thumb/v6-m/libc.a(lib_a-mprec.o)
                0x0000000008007188                __mprec_bigtens
 .rodata.__mprec_tens
                0x00000000080071b0       0xc8 /home/ia/ARM_toolchain/gcc-arm-none-eabi-6-2017-q2-update/bin/../lib/gcc/arm-none-eabi/6.3.1/../../../../arm-none-eabi/lib/thumb/v6-m/libc.a(lib_a-mprec.o)
                0x00000000080071b0                __mprec_tens
 .rodata.p05.6055
                0x0000000008007278        0xc /home/ia/ARM_toolchain/gcc-arm-none-eabi-6-2017-q2-update/bin/../lib/gcc/arm-none-eabi/6.3.1/../../../../arm-none-eabi/lib/thumb/v6-m/libc.a(lib_a-mprec.o)
 .rodata._setlocale_r.str1.4
                0x0000000008007284        0xa /home/ia/ARM_toolchain/gcc-arm-none-eabi-6-2017-q2-update/bin/../lib/gcc/arm-none-eabi/6.3.1/../../../../arm-none-eabi/lib/thumb/v6-m/libc.a(lib_a-locale.o)
                                          0xd (size before relaxing)
 *fill*         0x000000000800728e        0x2 
 .rodata.str1.4
                0x0000000008007290        0x4 /home/ia/ARM_toolchain/gcc-arm-none-eabi-6-2017-q2-update/bin/../lib/gcc/arm-none-eabi/6.3.1/../../../../arm-none-eabi/lib/thumb/v6-m/libc.a(lib_a-locale.o)
                                          0x2 (size before relaxing)
 .rodata._ctype_
                0x0000000008007294      0x101 /home/ia/ARM_toolchain/gcc-arm-none-eabi-6-2017-q2-update/bin/../lib/gcc/arm-none-eabi/6.3.1/../../../../arm-none-eabi/lib/thumb/v6-m/libc.a(lib_a-ctype_.o)
                0x0000000008007294                _ctype_
 *fill*         0x0000000008007395        0x3 
 .rodata        0x0000000008007398       0x80 /home/ia/ARM_toolchain/gcc-arm-none-eabi-6-2017-q2-update/bin/../lib/gcc/arm-none-eabi/6.3.1/thumb/v6-m/libgcc.a(divsf3.o)
 .rodata        0x0000000008007418       0x40 /home/ia/ARM_toolchain/gcc-arm-none-eabi-6-2017-q2-update/bin/../lib/gcc/arm-none-eabi/6.3.1/thumb/v6-m/libgcc.a(mulsf3.o)
 .rodata        0x0000000008007458       0x40 /home/ia/ARM_toolchain/gcc-arm-none-eabi-6-2017-q2-update/bin/../lib/gcc/arm-none-eabi/6.3.1/thumb/v6-m/libgcc.a(divdf3.o)
 .rodata        0x0000000008007498       0x40 /home/ia/ARM_toolchain/gcc-arm-none-eabi-6-2017-q2-update/bin/../lib/gcc/arm-none-eabi/6.3.1/thumb/v6-m/libgcc.a(muldf3.o)
                0x00000000080074d8                . = ALIGN (0x4)

.glue_7         0x00000000080074d8        0x0
 .glue_7        0x00000000080074d8        0x0 linker stubs

.glue_7t        0x00000000080074d8        0x0
 .glue_7t       0x00000000080074d8        0x0 linker stubs

.vfp11_veneer   0x00000000080074d8        0x0
 .vfp11_veneer  0x00000000080074d8        0x0 linker stubs

.v4_bx          0x00000000080074d8        0x0
 .v4_bx         0x00000000080074d8        0x0 linker stubs

.iplt           0x00000000080074d8        0x0
 .iplt          0x00000000080074d8        0x0 main.o

.preinit_array  0x00000000080074d8        0x0
                0x00000000080074d8                . = ALIGN (0x4)
                0x00000000080074d8                __preinit_array_start = .
 *(.preinit_array)
                0x00000000080074d8                __preinit_array_end = .

.init_array     0x00000000080074d8        0x0
                0x00000000080074d8                . = ALIGN (0x4)
                0x00000000080074d8                __init_array_start = .
 *(SORT(.init_array.*))
 *(.init_array)
                0x00000000080074d8                __init_array_end = .

.fini_array     0x00000000080074d8        0x0
                0x00000000080074d8                . = ALIGN (0x4)
                0x00000000080074d8                __fini_array_start = .
 *(.fini_array)
 *(SORT(.fini_array.*))
                0x00000000080074d8                __fini_array_end = .

.ARM.extab
 *(.ARM.extab*)

.ARM.exidx      0x00000000080074d8        0x8
                0x00000000080074d8                __exidx_start = .
 *(.ARM.exidx*)
 .ARM.exidx     0x00000000080074d8        0x8 /home/ia/ARM_toolchain/gcc-arm-none-eabi-6-2017-q2-update/bin/../lib/gcc/arm-none-eabi/6.3.1/thumb/v6-m/libgcc.a(_udivmoddi4.o)
                0x00000000080074e0                __exidx_end = .

.rel.dyn        0x00000000080074e0        0x0
 .rel.iplt      0x00000000080074e0        0x0 main.o
                0x00000000080074e0                . = ALIGN (0x4)
                0x00000000080074e0                _etext = .

.data           0x0000000020000000      0x9ac load address 0x00000000080074e0
                0x0000000020000000                _data = .
 *(.data*)
 .data.rcc_apb1_frequency
                0x0000000020000000        0x4 ../libopencm3//lib/libopencm3_stm32f0.a(rcc.o)
                0x0000000020000000                rcc_apb1_frequency
 .data._impure_ptr
                0x0000000020000004        0x4 /home/ia/ARM_toolchain/gcc-arm-none-eabi-6-2017-q2-update/bin/../lib/gcc/arm-none-eabi/6.3.1/../../../../arm-none-eabi/lib/thumb/v6-m/libc.a(lib_a-impure.o)
                0x0000000020000004                _impure_ptr
 .data.impure_data
                0x0000000020000008      0x428 /home/ia/ARM_toolchain/gcc-arm-none-eabi-6-2017-q2-update/bin/../lib/gcc/arm-none-eabi/6.3.1/../../../../arm-none-eabi/lib/thumb/v6-m/libc.a(lib_a-impure.o)
 .data.__malloc_av_
                0x0000000020000430      0x408 /home/ia/ARM_toolchain/gcc-arm-none-eabi-6-2017-q2-update/bin/../lib/gcc/arm-none-eabi/6.3.1/../../../../arm-none-eabi/lib/thumb/v6-m/libc.a(lib_a-mallocr.o)
                0x0000000020000430                __malloc_av_
 .data.__malloc_sbrk_base
                0x0000000020000838        0x4 /home/ia/ARM_toolchain/gcc-arm-none-eabi-6-2017-q2-update/bin/../lib/gcc/arm-none-eabi/6.3.1/../../../../arm-none-eabi/lib/thumb/v6-m/libc.a(lib_a-mallocr.o)
                0x0000000020000838                __malloc_sbrk_base
 .data.__malloc_trim_threshold
                0x000000002000083c        0x4 /home/ia/ARM_toolchain/gcc-arm-none-eabi-6-2017-q2-update/bin/../lib/gcc/arm-none-eabi/6.3.1/../../../../arm-none-eabi/lib/thumb/v6-m/libc.a(lib_a-mallocr.o)
                0x000000002000083c                __malloc_trim_threshold
 .data.__global_locale
                0x0000000020000840      0x16c /home/ia/ARM_toolchain/gcc-arm-none-eabi-6-2017-q2-update/bin/../lib/gcc/arm-none-eabi/6.3.1/../../../../arm-none-eabi/lib/thumb/v6-m/libc.a(lib_a-locale.o)
                0x0000000020000840                __global_locale
                0x00000000200009ac                . = ALIGN (0x4)
                0x00000000200009ac                _edata = .
                0x00000000080074e0                _data_loadaddr = LOADADDR (.data)

.igot.plt       0x00000000200009ac        0x0 load address 0x0000000008007e8c
 .igot.plt      0x00000000200009ac        0x0 main.o

.bss            0x00000000200009ac       0x80 load address 0x0000000008007e8c
 *(.bss*)
 .bss.burst_read_data
                0x00000000200009ac        0x8 main.o
                0x00000000200009ac                burst_read_data
 .bss.dig_T1    0x00000000200009b4        0x2 main.o
                0x00000000200009b4                dig_T1
 .bss.dig_T2    0x00000000200009b6        0x2 main.o
                0x00000000200009b6                dig_T2
 .bss.dig_T3    0x00000000200009b8        0x2 main.o
                0x00000000200009b8                dig_T3
 .bss.pm_values_buffer
                0x00000000200009ba        0xd main.o
                0x00000000200009ba                pm_values_buffer
 *fill*         0x00000000200009c7        0x1 
 .bss.t_fine    0x00000000200009c8        0x4 main.o
                0x00000000200009c8                t_fine
 .bss.__malloc_current_mallinfo
                0x00000000200009cc       0x28 /home/ia/ARM_toolchain/gcc-arm-none-eabi-6-2017-q2-update/bin/../lib/gcc/arm-none-eabi/6.3.1/../../../../arm-none-eabi/lib/thumb/v6-m/libc.a(lib_a-mallocr.o)
                0x00000000200009cc                __malloc_current_mallinfo
 .bss.__malloc_max_sbrked_mem
                0x00000000200009f4        0x4 /home/ia/ARM_toolchain/gcc-arm-none-eabi-6-2017-q2-update/bin/../lib/gcc/arm-none-eabi/6.3.1/../../../../arm-none-eabi/lib/thumb/v6-m/libc.a(lib_a-mallocr.o)
                0x00000000200009f4                __malloc_max_sbrked_mem
 .bss.__malloc_max_total_mem
                0x00000000200009f8        0x4 /home/ia/ARM_toolchain/gcc-arm-none-eabi-6-2017-q2-update/bin/../lib/gcc/arm-none-eabi/6.3.1/../../../../arm-none-eabi/lib/thumb/v6-m/libc.a(lib_a-mallocr.o)
                0x00000000200009f8                __malloc_max_total_mem
 .bss.__malloc_top_pad
                0x00000000200009fc        0x4 /home/ia/ARM_toolchain/gcc-arm-none-eabi-6-2017-q2-update/bin/../lib/gcc/arm-none-eabi/6.3.1/../../../../arm-none-eabi/lib/thumb/v6-m/libc.a(lib_a-mallocr.o)
                0x00000000200009fc                __malloc_top_pad
 .bss.heap_end.4116
                0x0000000020000a00        0x4 /home/ia/ARM_toolchain/gcc-arm-none-eabi-6-2017-q2-update/bin/../lib/gcc/arm-none-eabi/6.3.1/../../../../arm-none-eabi/lib/thumb/v6-m/libnosys.a(sbrk.o)
 *(COMMON)
 COMMON         0x0000000020000a04       0x21 /home/ia/ARM_toolchain/gcc-arm-none-eabi-6-2017-q2-update/bin/../lib/gcc/arm-none-eabi/6.3.1/../../../../arm-none-eabi/lib/thumb/v6-m/libc.a(lib_a-lock.o)
                0x0000000020000a04                __lock___atexit_recursive_mutex
                0x0000000020000a08                __lock___arc4random_mutex
                0x0000000020000a0c                __lock___env_recursive_mutex
                0x0000000020000a10                __lock___sinit_recursive_mutex
                0x0000000020000a14                __lock___malloc_recursive_mutex
                0x0000000020000a18                __lock___at_quick_exit_mutex
                0x0000000020000a1c                __lock___dd_hash_mutex
                0x0000000020000a20                __lock___tz_mutex
                0x0000000020000a24                __lock___sfp_recursive_mutex
 *fill*         0x0000000020000a25        0x3 
 COMMON         0x0000000020000a28        0x4 /home/ia/ARM_toolchain/gcc-arm-none-eabi-6-2017-q2-update/bin/../lib/gcc/arm-none-eabi/6.3.1/../../../../arm-none-eabi/lib/thumb/v6-m/libc.a(lib_a-reent.o)
                0x0000000020000a28                errno
                0x0000000020000a2c                . = ALIGN (0x4)
                0x0000000020000a2c                _ebss = .

/DISCARD/
 *(.eh_frame)
                0x0000000020000a2c                . = ALIGN (0x4)
                0x0000000020000a2c                end = .
                0x0000000020004000                PROVIDE (_stack, (ORIGIN (ram) + LENGTH (ram)))
OUTPUT(main.elf elf32-littlearm)

.debug_info     0x0000000000000000     0x78ca
 .debug_info    0x0000000000000000      0xef7 main.o
 .debug_info    0x0000000000000ef7     0x1834 src/functions.o
 .debug_info    0x000000000000272b      0xd49 src/bme280.o
 .debug_info    0x0000000000003474     0x10db src/opcn2.o
 .debug_info    0x000000000000454f      0x22c ../libopencm3//lib/libopencm3_stm32f0.a(gpio_common_all.o)
 .debug_info    0x000000000000477b      0x1f7 ../libopencm3//lib/libopencm3_stm32f0.a(gpio_common_f0234.o)
 .debug_info    0x0000000000004972      0x910 ../libopencm3//lib/libopencm3_stm32f0.a(spi_common_all.o)
 .debug_info    0x0000000000005282      0x280 ../libopencm3//lib/libopencm3_stm32f0.a(spi_common_f03.o)
 .debug_info    0x0000000000005502      0x527 ../libopencm3//lib/libopencm3_stm32f0.a(rcc_common_all.o)
 .debug_info    0x0000000000005a29      0x4b8 ../libopencm3//lib/libopencm3_stm32f0.a(usart_common_all.o)
 .debug_info    0x0000000000005ee1      0x364 ../libopencm3//lib/libopencm3_stm32f0.a(usart_common_v2.o)
 .debug_info    0x0000000000006245      0xc70 ../libopencm3//lib/libopencm3_stm32f0.a(i2c_common_v2.o)
 .debug_info    0x0000000000006eb5      0x2ae ../libopencm3//lib/libopencm3_stm32f0.a(vector.o)
 .debug_info    0x0000000000007163      0x767 ../libopencm3//lib/libopencm3_stm32f0.a(rcc.o)

.debug_abbrev   0x0000000000000000     0x1846
 .debug_abbrev  0x0000000000000000      0x279 main.o
 .debug_abbrev  0x0000000000000279      0x368 src/functions.o
 .debug_abbrev  0x00000000000005e1      0x24c src/bme280.o
 .debug_abbrev  0x000000000000082d      0x2db src/opcn2.o
 .debug_abbrev  0x0000000000000b08       0xf4 ../libopencm3//lib/libopencm3_stm32f0.a(gpio_common_all.o)
 .debug_abbrev  0x0000000000000bfc       0xb7 ../libopencm3//lib/libopencm3_stm32f0.a(gpio_common_f0234.o)
 .debug_abbrev  0x0000000000000cb3      0x1a9 ../libopencm3//lib/libopencm3_stm32f0.a(spi_common_all.o)
 .debug_abbrev  0x0000000000000e5c       0xe6 ../libopencm3//lib/libopencm3_stm32f0.a(spi_common_f03.o)
 .debug_abbrev  0x0000000000000f42      0x137 ../libopencm3//lib/libopencm3_stm32f0.a(rcc_common_all.o)
 .debug_abbrev  0x0000000000001079      0x126 ../libopencm3//lib/libopencm3_stm32f0.a(usart_common_all.o)
 .debug_abbrev  0x000000000000119f      0x109 ../libopencm3//lib/libopencm3_stm32f0.a(usart_common_v2.o)
 .debug_abbrev  0x00000000000012a8      0x210 ../libopencm3//lib/libopencm3_stm32f0.a(i2c_common_v2.o)
 .debug_abbrev  0x00000000000014b8      0x127 ../libopencm3//lib/libopencm3_stm32f0.a(vector.o)
 .debug_abbrev  0x00000000000015df      0x267 ../libopencm3//lib/libopencm3_stm32f0.a(rcc.o)

.debug_loc      0x0000000000000000     0x1a9c
 .debug_loc     0x0000000000000000       0x19 main.o
 .debug_loc     0x0000000000000019      0x578 src/functions.o
 .debug_loc     0x0000000000000591      0x21e src/bme280.o
 .debug_loc     0x00000000000007af      0x12b src/opcn2.o
 .debug_loc     0x00000000000008da       0x97 ../libopencm3//lib/libopencm3_stm32f0.a(gpio_common_all.o)
 .debug_loc     0x0000000000000971      0x186 ../libopencm3//lib/libopencm3_stm32f0.a(gpio_common_f0234.o)
 .debug_loc     0x0000000000000af7      0x133 ../libopencm3//lib/libopencm3_stm32f0.a(spi_common_all.o)
 .debug_loc     0x0000000000000c2a      0x15a ../libopencm3//lib/libopencm3_stm32f0.a(spi_common_f03.o)
 .debug_loc     0x0000000000000d84       0xe7 ../libopencm3//lib/libopencm3_stm32f0.a(rcc_common_all.o)
 .debug_loc     0x0000000000000e6b      0x1d6 ../libopencm3//lib/libopencm3_stm32f0.a(usart_common_all.o)
 .debug_loc     0x0000000000001041       0xc3 ../libopencm3//lib/libopencm3_stm32f0.a(usart_common_v2.o)
 .debug_loc     0x0000000000001104      0x620 ../libopencm3//lib/libopencm3_stm32f0.a(i2c_common_v2.o)
 .debug_loc     0x0000000000001724       0xf2 ../libopencm3//lib/libopencm3_stm32f0.a(vector.o)
 .debug_loc     0x0000000000001816      0x286 ../libopencm3//lib/libopencm3_stm32f0.a(rcc.o)

.debug_aranges  0x0000000000000000      0x828
 .debug_aranges
                0x0000000000000000       0x20 main.o
 .debug_aranges
                0x0000000000000020       0x90 src/functions.o
 .debug_aranges
                0x00000000000000b0       0x48 src/bme280.o
 .debug_aranges
                0x00000000000000f8       0x78 src/opcn2.o
 .debug_aranges
                0x0000000000000170       0x50 ../libopencm3//lib/libopencm3_stm32f0.a(gpio_common_all.o)
 .debug_aranges
                0x00000000000001c0       0x30 ../libopencm3//lib/libopencm3_stm32f0.a(gpio_common_f0234.o)
 .debug_aranges
                0x00000000000001f0      0x178 ../libopencm3//lib/libopencm3_stm32f0.a(spi_common_all.o)
 .debug_aranges
                0x0000000000000368       0x60 ../libopencm3//lib/libopencm3_stm32f0.a(spi_common_f03.o)
 .debug_aranges
                0x00000000000003c8       0x68 ../libopencm3//lib/libopencm3_stm32f0.a(rcc_common_all.o)
 .debug_aranges
                0x0000000000000430       0xb8 ../libopencm3//lib/libopencm3_stm32f0.a(usart_common_all.o)
 .debug_aranges
                0x00000000000004e8       0xa8 ../libopencm3//lib/libopencm3_stm32f0.a(usart_common_v2.o)
 .debug_aranges
                0x0000000000000590      0x170 ../libopencm3//lib/libopencm3_stm32f0.a(i2c_common_v2.o)
 .debug_aranges
                0x0000000000000700       0x30 ../libopencm3//lib/libopencm3_stm32f0.a(vector.o)
 .debug_aranges
                0x0000000000000730       0xf8 ../libopencm3//lib/libopencm3_stm32f0.a(rcc.o)

.debug_ranges   0x0000000000000000      0x7f8
 .debug_ranges  0x0000000000000000       0x10 main.o
 .debug_ranges  0x0000000000000010       0xf0 src/functions.o
 .debug_ranges  0x0000000000000100       0x38 src/bme280.o
 .debug_ranges  0x0000000000000138       0x80 src/opcn2.o
 .debug_ranges  0x00000000000001b8       0x40 ../libopencm3//lib/libopencm3_stm32f0.a(gpio_common_all.o)
 .debug_ranges  0x00000000000001f8       0x20 ../libopencm3//lib/libopencm3_stm32f0.a(gpio_common_f0234.o)
 .debug_ranges  0x0000000000000218      0x168 ../libopencm3//lib/libopencm3_stm32f0.a(spi_common_all.o)
 .debug_ranges  0x0000000000000380       0x50 ../libopencm3//lib/libopencm3_stm32f0.a(spi_common_f03.o)
 .debug_ranges  0x00000000000003d0       0x58 ../libopencm3//lib/libopencm3_stm32f0.a(rcc_common_all.o)
 .debug_ranges  0x0000000000000428       0xa8 ../libopencm3//lib/libopencm3_stm32f0.a(usart_common_all.o)
 .debug_ranges  0x00000000000004d0       0x98 ../libopencm3//lib/libopencm3_stm32f0.a(usart_common_v2.o)
 .debug_ranges  0x0000000000000568      0x160 ../libopencm3//lib/libopencm3_stm32f0.a(i2c_common_v2.o)
 .debug_ranges  0x00000000000006c8       0x20 ../libopencm3//lib/libopencm3_stm32f0.a(vector.o)
 .debug_ranges  0x00000000000006e8      0x110 ../libopencm3//lib/libopencm3_stm32f0.a(rcc.o)

.debug_line     0x0000000000000000     0x3dba
 .debug_line    0x0000000000000000      0x27d main.o
 .debug_line    0x000000000000027d      0x4ac src/functions.o
 .debug_line    0x0000000000000729      0x300 src/bme280.o
 .debug_line    0x0000000000000a29      0x3bb src/opcn2.o
 .debug_line    0x0000000000000de4      0x3b9 ../libopencm3//lib/libopencm3_stm32f0.a(gpio_common_all.o)
 .debug_line    0x000000000000119d      0x3b1 ../libopencm3//lib/libopencm3_stm32f0.a(gpio_common_f0234.o)
 .debug_line    0x000000000000154e      0x6d1 ../libopencm3//lib/libopencm3_stm32f0.a(spi_common_all.o)
 .debug_line    0x0000000000001c1f      0x3fa ../libopencm3//lib/libopencm3_stm32f0.a(spi_common_f03.o)
 .debug_line    0x0000000000002019      0x3d3 ../libopencm3//lib/libopencm3_stm32f0.a(rcc_common_all.o)
 .debug_line    0x00000000000023ec      0x4da ../libopencm3//lib/libopencm3_stm32f0.a(usart_common_all.o)
 .debug_line    0x00000000000028c6      0x47c ../libopencm3//lib/libopencm3_stm32f0.a(usart_common_v2.o)
 .debug_line    0x0000000000002d42      0x6cd ../libopencm3//lib/libopencm3_stm32f0.a(i2c_common_v2.o)
 .debug_line    0x000000000000340f      0x391 ../libopencm3//lib/libopencm3_stm32f0.a(vector.o)
 .debug_line    0x00000000000037a0      0x61a ../libopencm3//lib/libopencm3_stm32f0.a(rcc.o)

.debug_str      0x0000000000000000     0xf364
 .debug_str     0x0000000000000000      0x68f main.o
                                        0x798 (size before relaxing)
 .debug_str     0x000000000000068f      0x537 src/functions.o
                                        0xb4a (size before relaxing)
 .debug_str     0x0000000000000bc6       0xc5 src/bme280.o
                                        0x775 (size before relaxing)
 .debug_str     0x0000000000000c8b       0xcd src/opcn2.o
                                        0x733 (size before relaxing)
 .debug_str     0x0000000000000d58     0x543f ../libopencm3//lib/libopencm3_stm32f0.a(gpio_common_all.o)
                                       0x55e0 (size before relaxing)
 .debug_str     0x0000000000006197       0x73 ../libopencm3//lib/libopencm3_stm32f0.a(gpio_common_f0234.o)
                                       0x5602 (size before relaxing)
 .debug_str     0x000000000000620a     0x3b70 ../libopencm3//lib/libopencm3_stm32f0.a(spi_common_all.o)
                                       0x7cb6 (size before relaxing)
 .debug_str     0x0000000000009d7a       0xcc ../libopencm3//lib/libopencm3_stm32f0.a(spi_common_f03.o)
                                       0x77e3 (size before relaxing)
 .debug_str     0x0000000000009e46      0x1ac ../libopencm3//lib/libopencm3_stm32f0.a(rcc_common_all.o)
                                       0x6a80 (size before relaxing)
 .debug_str     0x0000000000009ff2     0x1cdc ../libopencm3//lib/libopencm3_stm32f0.a(usart_common_all.o)
                                       0x833c (size before relaxing)
 .debug_str     0x000000000000bcce      0x190 ../libopencm3//lib/libopencm3_stm32f0.a(usart_common_v2.o)
                                       0x5e22 (size before relaxing)
 .debug_str     0x000000000000be5e     0x15a0 ../libopencm3//lib/libopencm3_stm32f0.a(i2c_common_v2.o)
                                       0x7f4d (size before relaxing)
 .debug_str     0x000000000000d3fe     0x12e2 ../libopencm3//lib/libopencm3_stm32f0.a(vector.o)
                                       0x4ad4 (size before relaxing)
 .debug_str     0x000000000000e6e0      0xc84 ../libopencm3//lib/libopencm3_stm32f0.a(rcc.o)
                                       0x725e (size before relaxing)

.comment        0x0000000000000000       0x7f
 .comment       0x0000000000000000       0x7f main.o
                                         0x80 (size before relaxing)
 .comment       0x000000000000007f       0x80 src/functions.o
 .comment       0x000000000000007f       0x80 src/bme280.o
 .comment       0x000000000000007f       0x80 src/opcn2.o
 .comment       0x000000000000007f       0x80 ../libopencm3//lib/libopencm3_stm32f0.a(gpio_common_all.o)
 .comment       0x000000000000007f       0x80 ../libopencm3//lib/libopencm3_stm32f0.a(gpio_common_f0234.o)
 .comment       0x000000000000007f       0x80 ../libopencm3//lib/libopencm3_stm32f0.a(spi_common_all.o)
 .comment       0x000000000000007f       0x80 ../libopencm3//lib/libopencm3_stm32f0.a(spi_common_f03.o)
 .comment       0x000000000000007f       0x80 ../libopencm3//lib/libopencm3_stm32f0.a(rcc_common_all.o)
 .comment       0x000000000000007f       0x80 ../libopencm3//lib/libopencm3_stm32f0.a(usart_common_all.o)
 .comment       0x000000000000007f       0x80 ../libopencm3//lib/libopencm3_stm32f0.a(usart_common_v2.o)
 .comment       0x000000000000007f       0x80 ../libopencm3//lib/libopencm3_stm32f0.a(i2c_common_v2.o)
 .comment       0x000000000000007f       0x80 ../libopencm3//lib/libopencm3_stm32f0.a(vector.o)
 .comment       0x000000000000007f       0x80 ../libopencm3//lib/libopencm3_stm32f0.a(rcc.o)

.ARM.attributes
                0x0000000000000000       0x2f
 .ARM.attributes
                0x0000000000000000       0x31 main.o
 .ARM.attributes
                0x0000000000000031       0x31 src/functions.o
 .ARM.attributes
                0x0000000000000062       0x31 src/bme280.o
 .ARM.attributes
                0x0000000000000093       0x31 src/opcn2.o
 .ARM.attributes
                0x00000000000000c4       0x31 ../libopencm3//lib/libopencm3_stm32f0.a(gpio_common_all.o)
 .ARM.attributes
                0x00000000000000f5       0x31 ../libopencm3//lib/libopencm3_stm32f0.a(gpio_common_f0234.o)
 .ARM.attributes
                0x0000000000000126       0x31 ../libopencm3//lib/libopencm3_stm32f0.a(spi_common_all.o)
 .ARM.attributes
                0x0000000000000157       0x31 ../libopencm3//lib/libopencm3_stm32f0.a(spi_common_f03.o)
 .ARM.attributes
                0x0000000000000188       0x31 ../libopencm3//lib/libopencm3_stm32f0.a(rcc_common_all.o)
 .ARM.attributes
                0x00000000000001b9       0x31 ../libopencm3//lib/libopencm3_stm32f0.a(usart_common_all.o)
 .ARM.attributes
                0x00000000000001ea       0x31 ../libopencm3//lib/libopencm3_stm32f0.a(usart_common_v2.o)
 .ARM.attributes
                0x000000000000021b       0x31 ../libopencm3//lib/libopencm3_stm32f0.a(i2c_common_v2.o)
 .ARM.attributes
                0x000000000000024c       0x31 ../libopencm3//lib/libopencm3_stm32f0.a(vector.o)
 .ARM.attributes
                0x000000000000027d       0x31 ../libopencm3//lib/libopencm3_stm32f0.a(rcc.o)
 .ARM.attributes
                0x00000000000002ae       0x2c /home/ia/ARM_toolchain/gcc-arm-none-eabi-6-2017-q2-update/bin/../lib/gcc/arm-none-eabi/6.3.1/../../../../arm-none-eabi/lib/thumb/v6-m/libc.a(lib_a-memcpy-stub.o)
 .ARM.attributes
                0x00000000000002da       0x2c /home/ia/ARM_toolchain/gcc-arm-none-eabi-6-2017-q2-update/bin/../lib/gcc/arm-none-eabi/6.3.1/../../../../arm-none-eabi/lib/thumb/v6-m/libc.a(lib_a-memset.o)
 .ARM.attributes
                0x0000000000000306       0x2c /home/ia/ARM_toolchain/gcc-arm-none-eabi-6-2017-q2-update/bin/../lib/gcc/arm-none-eabi/6.3.1/../../../../arm-none-eabi/lib/thumb/v6-m/libc.a(lib_a-sprintf.o)
 .ARM.attributes
                0x0000000000000332       0x2c /home/ia/ARM_toolchain/gcc-arm-none-eabi-6-2017-q2-update/bin/../lib/gcc/arm-none-eabi/6.3.1/../../../../arm-none-eabi/lib/thumb/v6-m/libc.a(lib_a-svfprintf.o)
 .ARM.attributes
                0x000000000000035e       0x2c /home/ia/ARM_toolchain/gcc-arm-none-eabi-6-2017-q2-update/bin/../lib/gcc/arm-none-eabi/6.3.1/../../../../arm-none-eabi/lib/thumb/v6-m/libc.a(lib_a-dtoa.o)
 .ARM.attributes
                0x000000000000038a       0x2c /home/ia/ARM_toolchain/gcc-arm-none-eabi-6-2017-q2-update/bin/../lib/gcc/arm-none-eabi/6.3.1/../../../../arm-none-eabi/lib/thumb/v6-m/libc.a(lib_a-impure.o)
 .ARM.attributes
                0x00000000000003b6       0x2c /home/ia/ARM_toolchain/gcc-arm-none-eabi-6-2017-q2-update/bin/../lib/gcc/arm-none-eabi/6.3.1/../../../../arm-none-eabi/lib/thumb/v6-m/libc.a(lib_a-localeconv.o)
 .ARM.attributes
                0x00000000000003e2       0x2c /home/ia/ARM_toolchain/gcc-arm-none-eabi-6-2017-q2-update/bin/../lib/gcc/arm-none-eabi/6.3.1/../../../../arm-none-eabi/lib/thumb/v6-m/libc.a(lib_a-mallocr.o)
 .ARM.attributes
                0x000000000000040e       0x2c /home/ia/ARM_toolchain/gcc-arm-none-eabi-6-2017-q2-update/bin/../lib/gcc/arm-none-eabi/6.3.1/../../../../arm-none-eabi/lib/thumb/v6-m/libc.a(lib_a-memchr-stub.o)
 .ARM.attributes
                0x000000000000043a       0x2c /home/ia/ARM_toolchain/gcc-arm-none-eabi-6-2017-q2-update/bin/../lib/gcc/arm-none-eabi/6.3.1/../../../../arm-none-eabi/lib/thumb/v6-m/libc.a(lib_a-mlock.o)
 .ARM.attributes
                0x0000000000000466       0x2c /home/ia/ARM_toolchain/gcc-arm-none-eabi-6-2017-q2-update/bin/../lib/gcc/arm-none-eabi/6.3.1/../../../../arm-none-eabi/lib/thumb/v6-m/libc.a(lib_a-mprec.o)
 .ARM.attributes
                0x0000000000000492       0x2c /home/ia/ARM_toolchain/gcc-arm-none-eabi-6-2017-q2-update/bin/../lib/gcc/arm-none-eabi/6.3.1/../../../../arm-none-eabi/lib/thumb/v6-m/libc.a(lib_a-sbrkr.o)
 .ARM.attributes
                0x00000000000004be       0x2c /home/ia/ARM_toolchain/gcc-arm-none-eabi-6-2017-q2-update/bin/../lib/gcc/arm-none-eabi/6.3.1/../../../../arm-none-eabi/lib/thumb/v6-m/libc.a(lib_a-strlen-stub.o)
 .ARM.attributes
                0x00000000000004ea       0x2c /home/ia/ARM_toolchain/gcc-arm-none-eabi-6-2017-q2-update/bin/../lib/gcc/arm-none-eabi/6.3.1/../../../../arm-none-eabi/lib/thumb/v6-m/libc.a(lib_a-svfiprintf.o)
 .ARM.attributes
                0x0000000000000516       0x2c /home/ia/ARM_toolchain/gcc-arm-none-eabi-6-2017-q2-update/bin/../lib/gcc/arm-none-eabi/6.3.1/../../../../arm-none-eabi/lib/thumb/v6-m/libc.a(lib_a-callocr.o)
 .ARM.attributes
                0x0000000000000542       0x2c /home/ia/ARM_toolchain/gcc-arm-none-eabi-6-2017-q2-update/bin/../lib/gcc/arm-none-eabi/6.3.1/../../../../arm-none-eabi/lib/thumb/v6-m/libc.a(lib_a-freer.o)
 .ARM.attributes
                0x000000000000056e       0x2c /home/ia/ARM_toolchain/gcc-arm-none-eabi-6-2017-q2-update/bin/../lib/gcc/arm-none-eabi/6.3.1/../../../../arm-none-eabi/lib/thumb/v6-m/libc.a(lib_a-locale.o)
 .ARM.attributes
                0x000000000000059a       0x2c /home/ia/ARM_toolchain/gcc-arm-none-eabi-6-2017-q2-update/bin/../lib/gcc/arm-none-eabi/6.3.1/../../../../arm-none-eabi/lib/thumb/v6-m/libc.a(lib_a-lock.o)
 .ARM.attributes
                0x00000000000005c6       0x2c /home/ia/ARM_toolchain/gcc-arm-none-eabi-6-2017-q2-update/bin/../lib/gcc/arm-none-eabi/6.3.1/../../../../arm-none-eabi/lib/thumb/v6-m/libc.a(lib_a-mbtowc_r.o)
 .ARM.attributes
                0x00000000000005f2       0x2c /home/ia/ARM_toolchain/gcc-arm-none-eabi-6-2017-q2-update/bin/../lib/gcc/arm-none-eabi/6.3.1/../../../../arm-none-eabi/lib/thumb/v6-m/libc.a(lib_a-memmove.o)
 .ARM.attributes
                0x000000000000061e       0x2c /home/ia/ARM_toolchain/gcc-arm-none-eabi-6-2017-q2-update/bin/../lib/gcc/arm-none-eabi/6.3.1/../../../../arm-none-eabi/lib/thumb/v6-m/libc.a(lib_a-reallocr.o)
 .ARM.attributes
                0x000000000000064a       0x2c /home/ia/ARM_toolchain/gcc-arm-none-eabi-6-2017-q2-update/bin/../lib/gcc/arm-none-eabi/6.3.1/../../../../arm-none-eabi/lib/thumb/v6-m/libc.a(lib_a-reent.o)
 .ARM.attributes
                0x0000000000000676       0x2c /home/ia/ARM_toolchain/gcc-arm-none-eabi-6-2017-q2-update/bin/../lib/gcc/arm-none-eabi/6.3.1/../../../../arm-none-eabi/lib/thumb/v6-m/libc.a(lib_a-wctomb_r.o)
 .ARM.attributes
                0x00000000000006a2       0x2c /home/ia/ARM_toolchain/gcc-arm-none-eabi-6-2017-q2-update/bin/../lib/gcc/arm-none-eabi/6.3.1/../../../../arm-none-eabi/lib/thumb/v6-m/libc.a(lib_a-ctype_.o)
 .ARM.attributes
                0x00000000000006ce       0x1e /home/ia/ARM_toolchain/gcc-arm-none-eabi-6-2017-q2-update/bin/../lib/gcc/arm-none-eabi/6.3.1/thumb/v6-m/libgcc.a(_udivsi3.o)
 .ARM.attributes
                0x00000000000006ec       0x1e /home/ia/ARM_toolchain/gcc-arm-none-eabi-6-2017-q2-update/bin/../lib/gcc/arm-none-eabi/6.3.1/thumb/v6-m/libgcc.a(_divsi3.o)
 .ARM.attributes
                0x000000000000070a       0x1e /home/ia/ARM_toolchain/gcc-arm-none-eabi-6-2017-q2-update/bin/../lib/gcc/arm-none-eabi/6.3.1/thumb/v6-m/libgcc.a(_dvmd_tls.o)
 .ARM.attributes
                0x0000000000000728       0x1e /home/ia/ARM_toolchain/gcc-arm-none-eabi-6-2017-q2-update/bin/../lib/gcc/arm-none-eabi/6.3.1/thumb/v6-m/libgcc.a(_arm_cmpdf2.o)
 .ARM.attributes
                0x0000000000000746       0x1e /home/ia/ARM_toolchain/gcc-arm-none-eabi-6-2017-q2-update/bin/../lib/gcc/arm-none-eabi/6.3.1/thumb/v6-m/libgcc.a(_arm_cmpsf2.o)
 .ARM.attributes
                0x0000000000000764       0x1e /home/ia/ARM_toolchain/gcc-arm-none-eabi-6-2017-q2-update/bin/../lib/gcc/arm-none-eabi/6.3.1/thumb/v6-m/libgcc.a(_aeabi_uldivmod.o)
 .ARM.attributes
                0x0000000000000782       0x2c /home/ia/ARM_toolchain/gcc-arm-none-eabi-6-2017-q2-update/bin/../lib/gcc/arm-none-eabi/6.3.1/thumb/v6-m/libgcc.a(_udivmoddi4.o)
 .ARM.attributes
                0x00000000000007ae       0x2c /home/ia/ARM_toolchain/gcc-arm-none-eabi-6-2017-q2-update/bin/../lib/gcc/arm-none-eabi/6.3.1/thumb/v6-m/libgcc.a(divsf3.o)
 .ARM.attributes
                0x00000000000007da       0x2c /home/ia/ARM_toolchain/gcc-arm-none-eabi-6-2017-q2-update/bin/../lib/gcc/arm-none-eabi/6.3.1/thumb/v6-m/libgcc.a(eqsf2.o)
 .ARM.attributes
                0x0000000000000806       0x2c /home/ia/ARM_toolchain/gcc-arm-none-eabi-6-2017-q2-update/bin/../lib/gcc/arm-none-eabi/6.3.1/thumb/v6-m/libgcc.a(gesf2.o)
 .ARM.attributes
                0x0000000000000832       0x2c /home/ia/ARM_toolchain/gcc-arm-none-eabi-6-2017-q2-update/bin/../lib/gcc/arm-none-eabi/6.3.1/thumb/v6-m/libgcc.a(lesf2.o)
 .ARM.attributes
                0x000000000000085e       0x2c /home/ia/ARM_toolchain/gcc-arm-none-eabi-6-2017-q2-update/bin/../lib/gcc/arm-none-eabi/6.3.1/thumb/v6-m/libgcc.a(mulsf3.o)
 .ARM.attributes
                0x000000000000088a       0x2c /home/ia/ARM_toolchain/gcc-arm-none-eabi-6-2017-q2-update/bin/../lib/gcc/arm-none-eabi/6.3.1/thumb/v6-m/libgcc.a(floatsisf.o)
 .ARM.attributes
                0x00000000000008b6       0x2c /home/ia/ARM_toolchain/gcc-arm-none-eabi-6-2017-q2-update/bin/../lib/gcc/arm-none-eabi/6.3.1/thumb/v6-m/libgcc.a(adddf3.o)
 .ARM.attributes
                0x00000000000008e2       0x2c /home/ia/ARM_toolchain/gcc-arm-none-eabi-6-2017-q2-update/bin/../lib/gcc/arm-none-eabi/6.3.1/thumb/v6-m/libgcc.a(divdf3.o)
 .ARM.attributes
                0x000000000000090e       0x2c /home/ia/ARM_toolchain/gcc-arm-none-eabi-6-2017-q2-update/bin/../lib/gcc/arm-none-eabi/6.3.1/thumb/v6-m/libgcc.a(eqdf2.o)
 .ARM.attributes
                0x000000000000093a       0x2c /home/ia/ARM_toolchain/gcc-arm-none-eabi-6-2017-q2-update/bin/../lib/gcc/arm-none-eabi/6.3.1/thumb/v6-m/libgcc.a(gedf2.o)
 .ARM.attributes
                0x0000000000000966       0x2c /home/ia/ARM_toolchain/gcc-arm-none-eabi-6-2017-q2-update/bin/../lib/gcc/arm-none-eabi/6.3.1/thumb/v6-m/libgcc.a(ledf2.o)
 .ARM.attributes
                0x0000000000000992       0x2c /home/ia/ARM_toolchain/gcc-arm-none-eabi-6-2017-q2-update/bin/../lib/gcc/arm-none-eabi/6.3.1/thumb/v6-m/libgcc.a(muldf3.o)
 .ARM.attributes
                0x00000000000009be       0x2c /home/ia/ARM_toolchain/gcc-arm-none-eabi-6-2017-q2-update/bin/../lib/gcc/arm-none-eabi/6.3.1/thumb/v6-m/libgcc.a(subdf3.o)
 .ARM.attributes
                0x00000000000009ea       0x2c /home/ia/ARM_toolchain/gcc-arm-none-eabi-6-2017-q2-update/bin/../lib/gcc/arm-none-eabi/6.3.1/thumb/v6-m/libgcc.a(unorddf2.o)
 .ARM.attributes
                0x0000000000000a16       0x2c /home/ia/ARM_toolchain/gcc-arm-none-eabi-6-2017-q2-update/bin/../lib/gcc/arm-none-eabi/6.3.1/thumb/v6-m/libgcc.a(fixdfsi.o)
 .ARM.attributes
                0x0000000000000a42       0x2c /home/ia/ARM_toolchain/gcc-arm-none-eabi-6-2017-q2-update/bin/../lib/gcc/arm-none-eabi/6.3.1/thumb/v6-m/libgcc.a(floatsidf.o)
 .ARM.attributes
                0x0000000000000a6e       0x2c /home/ia/ARM_toolchain/gcc-arm-none-eabi-6-2017-q2-update/bin/../lib/gcc/arm-none-eabi/6.3.1/thumb/v6-m/libgcc.a(floatunsidf.o)
 .ARM.attributes
                0x0000000000000a9a       0x2c /home/ia/ARM_toolchain/gcc-arm-none-eabi-6-2017-q2-update/bin/../lib/gcc/arm-none-eabi/6.3.1/thumb/v6-m/libgcc.a(extendsfdf2.o)
 .ARM.attributes
                0x0000000000000ac6       0x1e /home/ia/ARM_toolchain/gcc-arm-none-eabi-6-2017-q2-update/bin/../lib/gcc/arm-none-eabi/6.3.1/thumb/v6-m/libgcc.a(_clzsi2.o)
 .ARM.attributes
                0x0000000000000ae4       0x1e /home/ia/ARM_toolchain/gcc-arm-none-eabi-6-2017-q2-update/bin/../lib/gcc/arm-none-eabi/6.3.1/thumb/v6-m/libgcc.a(_clzdi2.o)
 .ARM.attributes
                0x0000000000000b02       0x2c /home/ia/ARM_toolchain/gcc-arm-none-eabi-6-2017-q2-update/bin/../lib/gcc/arm-none-eabi/6.3.1/../../../../arm-none-eabi/lib/thumb/v6-m/libnosys.a(sbrk.o)

.debug_frame    0x0000000000000000     0x1d64
 .debug_frame   0x0000000000000000       0x2c main.o
 .debug_frame   0x000000000000002c      0x198 src/functions.o
 .debug_frame   0x00000000000001c4       0xb8 src/bme280.o
 .debug_frame   0x000000000000027c      0x13c src/opcn2.o
 .debug_frame   0x00000000000003b8       0x80 ../libopencm3//lib/libopencm3_stm32f0.a(gpio_common_all.o)
 .debug_frame   0x0000000000000438       0x78 ../libopencm3//lib/libopencm3_stm32f0.a(gpio_common_f0234.o)
 .debug_frame   0x00000000000004b0      0x2e0 ../libopencm3//lib/libopencm3_stm32f0.a(spi_common_all.o)
 .debug_frame   0x0000000000000790       0xac ../libopencm3//lib/libopencm3_stm32f0.a(spi_common_f03.o)
 .debug_frame   0x000000000000083c       0xd0 ../libopencm3//lib/libopencm3_stm32f0.a(rcc_common_all.o)
 .debug_frame   0x000000000000090c      0x16c ../libopencm3//lib/libopencm3_stm32f0.a(usart_common_all.o)
 .debug_frame   0x0000000000000a78      0x130 ../libopencm3//lib/libopencm3_stm32f0.a(usart_common_v2.o)
 .debug_frame   0x0000000000000ba8      0x2e4 ../libopencm3//lib/libopencm3_stm32f0.a(i2c_common_v2.o)
 .debug_frame   0x0000000000000e8c       0x40 ../libopencm3//lib/libopencm3_stm32f0.a(vector.o)
 .debug_frame   0x0000000000000ecc      0x23c ../libopencm3//lib/libopencm3_stm32f0.a(rcc.o)
 .debug_frame   0x0000000000001108       0x30 /home/ia/ARM_toolchain/gcc-arm-none-eabi-6-2017-q2-update/bin/../lib/gcc/arm-none-eabi/6.3.1/../../../../arm-none-eabi/lib/thumb/v6-m/libc.a(lib_a-memcpy-stub.o)
 .debug_frame   0x0000000000001138       0x30 /home/ia/ARM_toolchain/gcc-arm-none-eabi-6-2017-q2-update/bin/../lib/gcc/arm-none-eabi/6.3.1/../../../../arm-none-eabi/lib/thumb/v6-m/libc.a(lib_a-memset.o)
 .debug_frame   0x0000000000001168       0x50 /home/ia/ARM_toolchain/gcc-arm-none-eabi-6-2017-q2-update/bin/../lib/gcc/arm-none-eabi/6.3.1/../../../../arm-none-eabi/lib/thumb/v6-m/libc.a(lib_a-sprintf.o)
 .debug_frame   0x00000000000011b8       0x3c /home/ia/ARM_toolchain/gcc-arm-none-eabi-6-2017-q2-update/bin/../lib/gcc/arm-none-eabi/6.3.1/../../../../arm-none-eabi/lib/thumb/v6-m/libc.a(lib_a-svfprintf.o)
 .debug_frame   0x00000000000011f4       0x68 /home/ia/ARM_toolchain/gcc-arm-none-eabi-6-2017-q2-update/bin/../lib/gcc/arm-none-eabi/6.3.1/../../../../arm-none-eabi/lib/thumb/v6-m/libc.a(lib_a-dtoa.o)
 .debug_frame   0x000000000000125c       0x40 /home/ia/ARM_toolchain/gcc-arm-none-eabi-6-2017-q2-update/bin/../lib/gcc/arm-none-eabi/6.3.1/../../../../arm-none-eabi/lib/thumb/v6-m/libc.a(lib_a-localeconv.o)
 .debug_frame   0x000000000000129c       0x3c /home/ia/ARM_toolchain/gcc-arm-none-eabi-6-2017-q2-update/bin/../lib/gcc/arm-none-eabi/6.3.1/../../../../arm-none-eabi/lib/thumb/v6-m/libc.a(lib_a-mallocr.o)
 .debug_frame   0x00000000000012d8       0x2c /home/ia/ARM_toolchain/gcc-arm-none-eabi-6-2017-q2-update/bin/../lib/gcc/arm-none-eabi/6.3.1/../../../../arm-none-eabi/lib/thumb/v6-m/libc.a(lib_a-memchr-stub.o)
 .debug_frame   0x0000000000001304       0x40 /home/ia/ARM_toolchain/gcc-arm-none-eabi-6-2017-q2-update/bin/../lib/gcc/arm-none-eabi/6.3.1/../../../../arm-none-eabi/lib/thumb/v6-m/libc.a(lib_a-mlock.o)
 .debug_frame   0x0000000000001344      0x260 /home/ia/ARM_toolchain/gcc-arm-none-eabi-6-2017-q2-update/bin/../lib/gcc/arm-none-eabi/6.3.1/../../../../arm-none-eabi/lib/thumb/v6-m/libc.a(lib_a-mprec.o)
 .debug_frame   0x00000000000015a4       0x2c /home/ia/ARM_toolchain/gcc-arm-none-eabi-6-2017-q2-update/bin/../lib/gcc/arm-none-eabi/6.3.1/../../../../arm-none-eabi/lib/thumb/v6-m/libc.a(lib_a-sbrkr.o)
 .debug_frame   0x00000000000015d0       0x28 /home/ia/ARM_toolchain/gcc-arm-none-eabi-6-2017-q2-update/bin/../lib/gcc/arm-none-eabi/6.3.1/../../../../arm-none-eabi/lib/thumb/v6-m/libc.a(lib_a-strlen-stub.o)
 .debug_frame   0x00000000000015f8       0x68 /home/ia/ARM_toolchain/gcc-arm-none-eabi-6-2017-q2-update/bin/../lib/gcc/arm-none-eabi/6.3.1/../../../../arm-none-eabi/lib/thumb/v6-m/libc.a(lib_a-svfiprintf.o)
 .debug_frame   0x0000000000001660       0x28 /home/ia/ARM_toolchain/gcc-arm-none-eabi-6-2017-q2-update/bin/../lib/gcc/arm-none-eabi/6.3.1/../../../../arm-none-eabi/lib/thumb/v6-m/libc.a(lib_a-callocr.o)
 .debug_frame   0x0000000000001688       0x50 /home/ia/ARM_toolchain/gcc-arm-none-eabi-6-2017-q2-update/bin/../lib/gcc/arm-none-eabi/6.3.1/../../../../arm-none-eabi/lib/thumb/v6-m/libc.a(lib_a-freer.o)
 .debug_frame   0x00000000000016d8       0x74 /home/ia/ARM_toolchain/gcc-arm-none-eabi-6-2017-q2-update/bin/../lib/gcc/arm-none-eabi/6.3.1/../../../../arm-none-eabi/lib/thumb/v6-m/libc.a(lib_a-locale.o)
 .debug_frame   0x000000000000174c       0xb0 /home/ia/ARM_toolchain/gcc-arm-none-eabi-6-2017-q2-update/bin/../lib/gcc/arm-none-eabi/6.3.1/../../../../arm-none-eabi/lib/thumb/v6-m/libc.a(lib_a-lock.o)
 .debug_frame   0x00000000000017fc       0x40 /home/ia/ARM_toolchain/gcc-arm-none-eabi-6-2017-q2-update/bin/../lib/gcc/arm-none-eabi/6.3.1/../../../../arm-none-eabi/lib/thumb/v6-m/libc.a(lib_a-mbtowc_r.o)
 .debug_frame   0x000000000000183c       0x30 /home/ia/ARM_toolchain/gcc-arm-none-eabi-6-2017-q2-update/bin/../lib/gcc/arm-none-eabi/6.3.1/../../../../arm-none-eabi/lib/thumb/v6-m/libc.a(lib_a-memmove.o)
 .debug_frame   0x000000000000186c       0x3c /home/ia/ARM_toolchain/gcc-arm-none-eabi-6-2017-q2-update/bin/../lib/gcc/arm-none-eabi/6.3.1/../../../../arm-none-eabi/lib/thumb/v6-m/libc.a(lib_a-reallocr.o)
 .debug_frame   0x00000000000018a8       0x48 /home/ia/ARM_toolchain/gcc-arm-none-eabi-6-2017-q2-update/bin/../lib/gcc/arm-none-eabi/6.3.1/../../../../arm-none-eabi/lib/thumb/v6-m/libc.a(lib_a-reent.o)
 .debug_frame   0x00000000000018f0       0x3c /home/ia/ARM_toolchain/gcc-arm-none-eabi-6-2017-q2-update/bin/../lib/gcc/arm-none-eabi/6.3.1/../../../../arm-none-eabi/lib/thumb/v6-m/libc.a(lib_a-wctomb_r.o)
 .debug_frame   0x000000000000192c       0x20 /home/ia/ARM_toolchain/gcc-arm-none-eabi-6-2017-q2-update/bin/../lib/gcc/arm-none-eabi/6.3.1/thumb/v6-m/libgcc.a(_udivsi3.o)
 .debug_frame   0x000000000000194c       0x20 /home/ia/ARM_toolchain/gcc-arm-none-eabi-6-2017-q2-update/bin/../lib/gcc/arm-none-eabi/6.3.1/thumb/v6-m/libgcc.a(_divsi3.o)
 .debug_frame   0x000000000000196c       0x3c /home/ia/ARM_toolchain/gcc-arm-none-eabi-6-2017-q2-update/bin/../lib/gcc/arm-none-eabi/6.3.1/thumb/v6-m/libgcc.a(_udivmoddi4.o)
 .debug_frame   0x00000000000019a8       0x3c /home/ia/ARM_toolchain/gcc-arm-none-eabi-6-2017-q2-update/bin/../lib/gcc/arm-none-eabi/6.3.1/thumb/v6-m/libgcc.a(divsf3.o)
 .debug_frame   0x00000000000019e4       0x2c /home/ia/ARM_toolchain/gcc-arm-none-eabi-6-2017-q2-update/bin/../lib/gcc/arm-none-eabi/6.3.1/thumb/v6-m/libgcc.a(eqsf2.o)
 .debug_frame   0x0000000000001a10       0x30 /home/ia/ARM_toolchain/gcc-arm-none-eabi-6-2017-q2-update/bin/../lib/gcc/arm-none-eabi/6.3.1/thumb/v6-m/libgcc.a(gesf2.o)
 .debug_frame   0x0000000000001a40       0x30 /home/ia/ARM_toolchain/gcc-arm-none-eabi-6-2017-q2-update/bin/../lib/gcc/arm-none-eabi/6.3.1/thumb/v6-m/libgcc.a(lesf2.o)
 .debug_frame   0x0000000000001a70       0x3c /home/ia/ARM_toolchain/gcc-arm-none-eabi-6-2017-q2-update/bin/../lib/gcc/arm-none-eabi/6.3.1/thumb/v6-m/libgcc.a(mulsf3.o)
 .debug_frame   0x0000000000001aac       0x2c /home/ia/ARM_toolchain/gcc-arm-none-eabi-6-2017-q2-update/bin/../lib/gcc/arm-none-eabi/6.3.1/thumb/v6-m/libgcc.a(floatsisf.o)
 .debug_frame   0x0000000000001ad8       0x3c /home/ia/ARM_toolchain/gcc-arm-none-eabi-6-2017-q2-update/bin/../lib/gcc/arm-none-eabi/6.3.1/thumb/v6-m/libgcc.a(adddf3.o)
 .debug_frame   0x0000000000001b14       0x3c /home/ia/ARM_toolchain/gcc-arm-none-eabi-6-2017-q2-update/bin/../lib/gcc/arm-none-eabi/6.3.1/thumb/v6-m/libgcc.a(divdf3.o)
 .debug_frame   0x0000000000001b50       0x38 /home/ia/ARM_toolchain/gcc-arm-none-eabi-6-2017-q2-update/bin/../lib/gcc/arm-none-eabi/6.3.1/thumb/v6-m/libgcc.a(eqdf2.o)
 .debug_frame   0x0000000000001b88       0x38 /home/ia/ARM_toolchain/gcc-arm-none-eabi-6-2017-q2-update/bin/../lib/gcc/arm-none-eabi/6.3.1/thumb/v6-m/libgcc.a(gedf2.o)
 .debug_frame   0x0000000000001bc0       0x38 /home/ia/ARM_toolchain/gcc-arm-none-eabi-6-2017-q2-update/bin/../lib/gcc/arm-none-eabi/6.3.1/thumb/v6-m/libgcc.a(ledf2.o)
 .debug_frame   0x0000000000001bf8       0x3c /home/ia/ARM_toolchain/gcc-arm-none-eabi-6-2017-q2-update/bin/../lib/gcc/arm-none-eabi/6.3.1/thumb/v6-m/libgcc.a(muldf3.o)
 .debug_frame   0x0000000000001c34       0x38 /home/ia/ARM_toolchain/gcc-arm-none-eabi-6-2017-q2-update/bin/../lib/gcc/arm-none-eabi/6.3.1/thumb/v6-m/libgcc.a(subdf3.o)
 .debug_frame   0x0000000000001c6c       0x2c /home/ia/ARM_toolchain/gcc-arm-none-eabi-6-2017-q2-update/bin/../lib/gcc/arm-none-eabi/6.3.1/thumb/v6-m/libgcc.a(unorddf2.o)
 .debug_frame   0x0000000000001c98       0x2c /home/ia/ARM_toolchain/gcc-arm-none-eabi-6-2017-q2-update/bin/../lib/gcc/arm-none-eabi/6.3.1/thumb/v6-m/libgcc.a(fixdfsi.o)
 .debug_frame   0x0000000000001cc4       0x2c /home/ia/ARM_toolchain/gcc-arm-none-eabi-6-2017-q2-update/bin/../lib/gcc/arm-none-eabi/6.3.1/thumb/v6-m/libgcc.a(floatsidf.o)
 .debug_frame   0x0000000000001cf0       0x28 /home/ia/ARM_toolchain/gcc-arm-none-eabi-6-2017-q2-update/bin/../lib/gcc/arm-none-eabi/6.3.1/thumb/v6-m/libgcc.a(floatunsidf.o)
 .debug_frame   0x0000000000001d18       0x2c /home/ia/ARM_toolchain/gcc-arm-none-eabi-6-2017-q2-update/bin/../lib/gcc/arm-none-eabi/6.3.1/thumb/v6-m/libgcc.a(extendsfdf2.o)
 .debug_frame   0x0000000000001d44       0x20 /home/ia/ARM_toolchain/gcc-arm-none-eabi-6-2017-q2-update/bin/../lib/gcc/arm-none-eabi/6.3.1/../../../../arm-none-eabi/lib/thumb/v6-m/libnosys.a(sbrk.o)

.debug_macro    0x0000000000000000     0x36ec
 .debug_macro   0x0000000000000000       0xd7 ../libopencm3//lib/libopencm3_stm32f0.a(gpio_common_all.o)
 .debug_macro   0x00000000000000d7      0x898 ../libopencm3//lib/libopencm3_stm32f0.a(gpio_common_all.o)
 .debug_macro   0x000000000000096f       0x22 ../libopencm3//lib/libopencm3_stm32f0.a(gpio_common_all.o)
 .debug_macro   0x0000000000000991       0x4f ../libopencm3//lib/libopencm3_stm32f0.a(gpio_common_all.o)
 .debug_macro   0x00000000000009e0       0x51 ../libopencm3//lib/libopencm3_stm32f0.a(gpio_common_all.o)
 .debug_macro   0x0000000000000a31       0xef ../libopencm3//lib/libopencm3_stm32f0.a(gpio_common_all.o)
 .debug_macro   0x0000000000000b20       0x6a ../libopencm3//lib/libopencm3_stm32f0.a(gpio_common_all.o)
 .debug_macro   0x0000000000000b8a      0x1df ../libopencm3//lib/libopencm3_stm32f0.a(gpio_common_all.o)
 .debug_macro   0x0000000000000d69       0x22 ../libopencm3//lib/libopencm3_stm32f0.a(gpio_common_all.o)
 .debug_macro   0x0000000000000d8b       0xfa ../libopencm3//lib/libopencm3_stm32f0.a(gpio_common_all.o)
 .debug_macro   0x0000000000000e85       0x34 ../libopencm3//lib/libopencm3_stm32f0.a(gpio_common_all.o)
 .debug_macro   0x0000000000000eb9      0x15a ../libopencm3//lib/libopencm3_stm32f0.a(gpio_common_all.o)
 .debug_macro   0x0000000000001013       0x76 ../libopencm3//lib/libopencm3_stm32f0.a(gpio_common_all.o)
 .debug_macro   0x0000000000001089      0x2e6 ../libopencm3//lib/libopencm3_stm32f0.a(gpio_common_all.o)
 .debug_macro   0x000000000000136f      0x14e ../libopencm3//lib/libopencm3_stm32f0.a(gpio_common_all.o)
 .debug_macro   0x00000000000014bd       0x3a ../libopencm3//lib/libopencm3_stm32f0.a(gpio_common_all.o)
 .debug_macro   0x00000000000014f7       0xd7 ../libopencm3//lib/libopencm3_stm32f0.a(gpio_common_f0234.o)
 .debug_macro   0x00000000000015ce       0xdb ../libopencm3//lib/libopencm3_stm32f0.a(spi_common_all.o)
 .debug_macro   0x00000000000016a9      0x2eb ../libopencm3//lib/libopencm3_stm32f0.a(spi_common_all.o)
 .debug_macro   0x0000000000001994       0xca ../libopencm3//lib/libopencm3_stm32f0.a(spi_common_all.o)
 .debug_macro   0x0000000000001a5e      0x746 ../libopencm3//lib/libopencm3_stm32f0.a(spi_common_all.o)
 .debug_macro   0x00000000000021a4       0xdb ../libopencm3//lib/libopencm3_stm32f0.a(spi_common_f03.o)
 .debug_macro   0x000000000000227f       0xcf ../libopencm3//lib/libopencm3_stm32f0.a(rcc_common_all.o)
 .debug_macro   0x000000000000234e       0xda ../libopencm3//lib/libopencm3_stm32f0.a(usart_common_all.o)
 .debug_macro   0x0000000000002428       0x94 ../libopencm3//lib/libopencm3_stm32f0.a(usart_common_all.o)
 .debug_macro   0x00000000000024bc      0x514 ../libopencm3//lib/libopencm3_stm32f0.a(usart_common_all.o)
 .debug_macro   0x00000000000029d0       0x1c ../libopencm3//lib/libopencm3_stm32f0.a(usart_common_all.o)
 .debug_macro   0x00000000000029ec       0xc2 ../libopencm3//lib/libopencm3_stm32f0.a(usart_common_v2.o)
 .debug_macro   0x0000000000002aae       0xdb ../libopencm3//lib/libopencm3_stm32f0.a(i2c_common_v2.o)
 .debug_macro   0x0000000000002b89      0x16d ../libopencm3//lib/libopencm3_stm32f0.a(i2c_common_v2.o)
 .debug_macro   0x0000000000002cf6      0x3c3 ../libopencm3//lib/libopencm3_stm32f0.a(i2c_common_v2.o)
 .debug_macro   0x00000000000030b9       0xd0 ../libopencm3//lib/libopencm3_stm32f0.a(vector.o)
 .debug_macro   0x0000000000003189      0x1b1 ../libopencm3//lib/libopencm3_stm32f0.a(vector.o)
 .debug_macro   0x000000000000333a       0x46 ../libopencm3//lib/libopencm3_stm32f0.a(vector.o)
 .debug_macro   0x0000000000003380       0xca ../libopencm3//lib/libopencm3_stm32f0.a(vector.o)
 .debug_macro   0x000000000000344a       0xe0 ../libopencm3//lib/libopencm3_stm32f0.a(rcc.o)
 .debug_macro   0x000000000000352a       0x16 ../libopencm3//lib/libopencm3_stm32f0.a(rcc.o)
 .debug_macro   0x0000000000003540       0xdc ../libopencm3//lib/libopencm3_stm32f0.a(rcc.o)
 .debug_macro   0x000000000000361c       0xd0 ../libopencm3//lib/libopencm3_stm32f0.a(rcc.o)
