Archive member included to satisfy reference by file (symbol)

../libopencm3//lib/libopencm3_stm32f0.a(gpio_common_all.o)
                              main.o (gpio_set)
../libopencm3//lib/libopencm3_stm32f0.a(gpio_common_f0234.o)
                              src/functions.o (gpio_mode_setup)
../libopencm3//lib/libopencm3_stm32f0.a(rcc_common_all.o)
                              src/functions.o (rcc_periph_clock_enable)
../libopencm3//lib/libopencm3_stm32f0.a(usart_common_all.o)
                              src/functions.o (usart_set_baudrate)
../libopencm3//lib/libopencm3_stm32f0.a(usart_common_v2.o)
                              ../libopencm3//lib/libopencm3_stm32f0.a(usart_common_all.o) (usart_send)
../libopencm3//lib/libopencm3_stm32f0.a(i2c_common_v2.o)
                              src/functions.o (i2c_reset)
../libopencm3//lib/libopencm3_stm32f0.a(vector.o)
                              (reset_handler)
../libopencm3//lib/libopencm3_stm32f0.a(rcc.o)
                              ../libopencm3//lib/libopencm3_stm32f0.a(usart_common_all.o) (rcc_apb1_frequency)
../libopencm3//lib/libopencm3_stm32f0.a(flash_common_f01.o)
                              ../libopencm3//lib/libopencm3_stm32f0.a(rcc.o) (flash_prefetch_buffer_enable)
../libopencm3//lib/libopencm3_stm32f0.a(assert.o)
                              ../libopencm3//lib/libopencm3_stm32f0.a(rcc.o) (cm3_assert_failed)
../libopencm3//lib/libopencm3_stm32f0.a(flash.o)
                              ../libopencm3//lib/libopencm3_stm32f0.a(flash_common_f01.o) (flash_get_status_flags)
/home/ia/ARM_toolchain/gcc-arm-none-eabi-6-2017-q2-update/bin/../lib/gcc/arm-none-eabi/6.3.1/../../../../arm-none-eabi/lib/thumb/v6-m/libc.a(lib_a-memcpy-stub.o)
                              src/bme280.o (memcpy)
/home/ia/ARM_toolchain/gcc-arm-none-eabi-6-2017-q2-update/bin/../lib/gcc/arm-none-eabi/6.3.1/../../../../arm-none-eabi/lib/thumb/v6-m/libc.a(lib_a-memset.o)
                              src/functions.o (memset)
/home/ia/ARM_toolchain/gcc-arm-none-eabi-6-2017-q2-update/bin/../lib/gcc/arm-none-eabi/6.3.1/../../../../arm-none-eabi/lib/thumb/v6-m/libc.a(lib_a-strstr.o)
                              src/functions.o (strstr)
/home/ia/ARM_toolchain/gcc-arm-none-eabi-6-2017-q2-update/bin/../lib/gcc/arm-none-eabi/6.3.1/../../../../arm-none-eabi/lib/thumb/v6-m/libc.a(lib_a-memchr-stub.o)
                              /home/ia/ARM_toolchain/gcc-arm-none-eabi-6-2017-q2-update/bin/../lib/gcc/arm-none-eabi/6.3.1/../../../../arm-none-eabi/lib/thumb/v6-m/libc.a(lib_a-strstr.o) (memchr)
/home/ia/ARM_toolchain/gcc-arm-none-eabi-6-2017-q2-update/bin/../lib/gcc/arm-none-eabi/6.3.1/../../../../arm-none-eabi/lib/thumb/v6-m/libc.a(lib_a-memcmp.o)
                              /home/ia/ARM_toolchain/gcc-arm-none-eabi-6-2017-q2-update/bin/../lib/gcc/arm-none-eabi/6.3.1/../../../../arm-none-eabi/lib/thumb/v6-m/libc.a(lib_a-strstr.o) (memcmp)
/home/ia/ARM_toolchain/gcc-arm-none-eabi-6-2017-q2-update/bin/../lib/gcc/arm-none-eabi/6.3.1/../../../../arm-none-eabi/lib/thumb/v6-m/libc.a(lib_a-strchr.o)
                              /home/ia/ARM_toolchain/gcc-arm-none-eabi-6-2017-q2-update/bin/../lib/gcc/arm-none-eabi/6.3.1/../../../../arm-none-eabi/lib/thumb/v6-m/libc.a(lib_a-strstr.o) (strchr)
/home/ia/ARM_toolchain/gcc-arm-none-eabi-6-2017-q2-update/bin/../lib/gcc/arm-none-eabi/6.3.1/thumb/v6-m/libgcc.a(_thumb1_case_uqi.o)
                              ../libopencm3//lib/libopencm3_stm32f0.a(rcc.o) (__gnu_thumb1_case_uqi)
/home/ia/ARM_toolchain/gcc-arm-none-eabi-6-2017-q2-update/bin/../lib/gcc/arm-none-eabi/6.3.1/thumb/v6-m/libgcc.a(_udivsi3.o)
                              src/bme280.o (__aeabi_uidiv)
/home/ia/ARM_toolchain/gcc-arm-none-eabi-6-2017-q2-update/bin/../lib/gcc/arm-none-eabi/6.3.1/thumb/v6-m/libgcc.a(_dvmd_tls.o)
                              /home/ia/ARM_toolchain/gcc-arm-none-eabi-6-2017-q2-update/bin/../lib/gcc/arm-none-eabi/6.3.1/thumb/v6-m/libgcc.a(_udivsi3.o) (__aeabi_idiv0)
/home/ia/ARM_toolchain/gcc-arm-none-eabi-6-2017-q2-update/bin/../lib/gcc/arm-none-eabi/6.3.1/thumb/v6-m/libgcc.a(_arm_cmpsf2.o)
                              src/functions.o (__aeabi_fcmplt)
/home/ia/ARM_toolchain/gcc-arm-none-eabi-6-2017-q2-update/bin/../lib/gcc/arm-none-eabi/6.3.1/thumb/v6-m/libgcc.a(divsf3.o)
                              src/bme280.o (__aeabi_fdiv)
/home/ia/ARM_toolchain/gcc-arm-none-eabi-6-2017-q2-update/bin/../lib/gcc/arm-none-eabi/6.3.1/thumb/v6-m/libgcc.a(eqsf2.o)
                              /home/ia/ARM_toolchain/gcc-arm-none-eabi-6-2017-q2-update/bin/../lib/gcc/arm-none-eabi/6.3.1/thumb/v6-m/libgcc.a(_arm_cmpsf2.o) (__eqsf2)
/home/ia/ARM_toolchain/gcc-arm-none-eabi-6-2017-q2-update/bin/../lib/gcc/arm-none-eabi/6.3.1/thumb/v6-m/libgcc.a(gesf2.o)
                              /home/ia/ARM_toolchain/gcc-arm-none-eabi-6-2017-q2-update/bin/../lib/gcc/arm-none-eabi/6.3.1/thumb/v6-m/libgcc.a(_arm_cmpsf2.o) (__gesf2)
[...]
Memory Configuration

Name             Origin             Length             Attributes
rom              0x0000000008000000 0x0000000000020000 xr
ram              0x0000000020000000 0x0000000000004000 xrw
*default*        0x0000000000000000 0xffffffffffffffff

Linker script and memory map

LOAD main.o
LOAD src/functions.o
LOAD src/bme280.o
LOAD src/opcn2.o
LOAD ../libopencm3//lib/libopencm3_stm32f0.a
START GROUP
LOAD /home/ia/ARM_toolchain/gcc-arm-none-eabi-6-2017-q2-update/bin/../lib/gcc/arm-none-eabi/6.3.1/../../../../arm-none-eabi/lib/thumb/v6-m/libc.a
LOAD /home/ia/ARM_toolchain/gcc-arm-none-eabi-6-2017-q2-update/bin/../lib/gcc/arm-none-eabi/6.3.1/thumb/v6-m/libgcc.a
LOAD /home/ia/ARM_toolchain/gcc-arm-none-eabi-6-2017-q2-update/bin/../lib/gcc/arm-none-eabi/6.3.1/../../../../arm-none-eabi/lib/thumb/v6-m/libnosys.a
END GROUP
START GROUP
LOAD /home/ia/ARM_toolchain/gcc-arm-none-eabi-6-2017-q2-update/bin/../lib/gcc/arm-none-eabi/6.3.1/thumb/v6-m/libgcc.a
LOAD /home/ia/ARM_toolchain/gcc-arm-none-eabi-6-2017-q2-update/bin/../lib/gcc/arm-none-eabi/6.3.1/../../../../arm-none-eabi/lib/thumb/v6-m/libc.a
END GROUP

.text           0x0000000008000000     0x13ac
 *(.vectors)
 .vectors       0x0000000008000000       0xc0 ../libopencm3//lib/libopencm3_stm32f0.a(vector.o)
                0x0000000008000000                vector_table
 *(.text*)
 .text.startup.main
                0x00000000080000c0       0x64 main.o
                0x00000000080000c0                main
 .text.wait     0x0000000008000124       0x28 src/functions.o
                0x0000000008000124                wait
 .text.usartSend
                0x000000000800014c       0x4c src/functions.o
                0x000000000800014c                usartSend
 .text.clock_setup
                0x0000000008000198       0x2c src/functions.o
                0x0000000008000198                clock_setup
 .text.i2c_setup
                0x00000000080001c4       0x7c src/functions.o
                0x00000000080001c4                i2c_setup
 .text.usart_setup
                0x0000000008000240       0x80 src/functions.o
                0x0000000008000240                usart_setup
 .text.gpio_setup
                0x00000000080002c0       0x88 src/functions.o
                0x00000000080002c0                gpio_setup
 .text.connect_lorawan
                0x0000000008000348       0x7c src/functions.o
                0x0000000008000348                connect_lorawan
 .text.temp_BME280
                0x00000000080003c4       0x6c src/bme280.o
                0x00000000080003c4                temp_BME280
 .text.press_BME280
                0x0000000008000430      0x100 src/bme280.o
                0x0000000008000430                press_BME280
 .text.hum_BME280
                0x0000000008000530       0xbc src/bme280.o
                0x0000000008000530                hum_BME280
 .text.gpio_set
                0x00000000080005ec        0x4 ../libopencm3//lib/libopencm3_stm32f0.a(gpio_common_all.o)
                0x00000000080005ec                gpio_set
 .text.gpio_clear
                0x00000000080005f0        0x6 ../libopencm3//lib/libopencm3_stm32f0.a(gpio_common_all.o)
                0x00000000080005f0                gpio_clear
 .text.gpio_mode_setup
                0x00000000080005f6       0x3a ../libopencm3//lib/libopencm3_stm32f0.a(gpio_common_f0234.o)
                0x00000000080005f6                gpio_mode_setup
 .text.gpio_set_af
                0x0000000008000630       0x58 ../libopencm3//lib/libopencm3_stm32f0.a(gpio_common_f0234.o)
                0x0000000008000630                gpio_set_af
 .text.rcc_periph_clock_enable
                0x0000000008000688       0x1c ../libopencm3//lib/libopencm3_stm32f0.a(rcc_common_all.o)
                0x0000000008000688                rcc_periph_clock_enable
 .text.rcc_periph_reset_pulse
                0x00000000080006a4       0x20 ../libopencm3//lib/libopencm3_stm32f0.a(rcc_common_all.o)
                0x00000000080006a4                rcc_periph_reset_pulse
 .text.usart_set_baudrate
                0x00000000080006c4       0x1c ../libopencm3//lib/libopencm3_stm32f0.a(usart_common_all.o)
                0x00000000080006c4                usart_set_baudrate
 .text.usart_set_databits
                0x00000000080006e0       0x1c ../libopencm3//lib/libopencm3_stm32f0.a(usart_common_all.o)
                0x00000000080006e0                usart_set_databits
 .text.usart_set_stopbits
                0x00000000080006fc       0x10 ../libopencm3//lib/libopencm3_stm32f0.a(usart_common_all.o)
                0x00000000080006fc                usart_set_stopbits
 .text.usart_set_parity
                0x000000000800070c       0x10 ../libopencm3//lib/libopencm3_stm32f0.a(usart_common_all.o)
                0x000000000800070c                usart_set_parity
 .text.usart_set_mode
                0x000000000800071c        0xc ../libopencm3//lib/libopencm3_stm32f0.a(usart_common_all.o)
                0x000000000800071c                usart_set_mode
 .text.usart_set_flow_control
                0x0000000008000728       0x10 ../libopencm3//lib/libopencm3_stm32f0.a(usart_common_all.o)
                0x0000000008000728                usart_set_flow_control
 .text.usart_enable
                0x0000000008000738        0xa ../libopencm3//lib/libopencm3_stm32f0.a(usart_common_all.o)
                0x0000000008000738                usart_enable
 .text.usart_send_blocking
                0x0000000008000742       0x14 ../libopencm3//lib/libopencm3_stm32f0.a(usart_common_all.o)
                0x0000000008000742                usart_send_blocking
 .text.usart_send
                0x0000000008000756        0x8 ../libopencm3//lib/libopencm3_stm32f0.a(usart_common_v2.o)
                0x0000000008000756                usart_send
 .text.usart_wait_send_ready
                0x000000000800075e        0xa ../libopencm3//lib/libopencm3_stm32f0.a(usart_common_v2.o)
                0x000000000800075e                usart_wait_send_ready
 .text.i2c_reset
                0x0000000008000768       0x2c ../libopencm3//lib/libopencm3_stm32f0.a(i2c_common_v2.o)
                0x0000000008000768                i2c_reset
 .text.i2c_peripheral_enable
                0x0000000008000794        0xa ../libopencm3//lib/libopencm3_stm32f0.a(i2c_common_v2.o)
                0x0000000008000794                i2c_peripheral_enable
 .text.i2c_peripheral_disable
                0x000000000800079e        0xa ../libopencm3//lib/libopencm3_stm32f0.a(i2c_common_v2.o)
                0x000000000800079e                i2c_peripheral_disable
 .text.i2c_enable_analog_filter
                0x00000000080007a8       0x10 ../libopencm3//lib/libopencm3_stm32f0.a(i2c_common_v2.o)
                0x00000000080007a8                i2c_enable_analog_filter
 .text.i2c_set_prescaler
                0x00000000080007b8        0xe ../libopencm3//lib/libopencm3_stm32f0.a(i2c_common_v2.o)
                0x00000000080007b8                i2c_set_prescaler
 *fill*         0x00000000080007c6        0x2 
 .text.i2c_set_data_setup_time
                0x00000000080007c8       0x14 ../libopencm3//lib/libopencm3_stm32f0.a(i2c_common_v2.o)
                0x00000000080007c8                i2c_set_data_setup_time
 .text.i2c_set_data_hold_time
                0x00000000080007dc       0x14 ../libopencm3//lib/libopencm3_stm32f0.a(i2c_common_v2.o)
                0x00000000080007dc                i2c_set_data_hold_time
 .text.i2c_set_scl_high_period
                0x00000000080007f0       0x14 ../libopencm3//lib/libopencm3_stm32f0.a(i2c_common_v2.o)
                0x00000000080007f0                i2c_set_scl_high_period
 .text.i2c_set_scl_low_period
                0x0000000008000804        0xc ../libopencm3//lib/libopencm3_stm32f0.a(i2c_common_v2.o)
                0x0000000008000804                i2c_set_scl_low_period
 .text.i2c_enable_stretching
                0x0000000008000810       0x10 ../libopencm3//lib/libopencm3_stm32f0.a(i2c_common_v2.o)
                0x0000000008000810                i2c_enable_stretching
 .text.i2c_set_7bit_addr_mode
                0x0000000008000820       0x10 ../libopencm3//lib/libopencm3_stm32f0.a(i2c_common_v2.o)
                0x0000000008000820                i2c_set_7bit_addr_mode
 .text.i2c_set_speed
                0x0000000008000830       0x5e ../libopencm3//lib/libopencm3_stm32f0.a(i2c_common_v2.o)
                0x0000000008000830                i2c_set_speed
 .text.blocking_handler
                0x000000000800088e        0x2 ../libopencm3//lib/libopencm3_stm32f0.a(vector.o)
                0x000000000800088e                rtc_isr
                0x000000000800088e                tim7_isr
                0x000000000800088e                blocking_handler
                0x000000000800088e                tsc_isr
                0x000000000800088e                spi1_isr
                0x000000000800088e                i2c1_isr
                0x000000000800088e                tim17_isr
                0x000000000800088e                i2c2_isr
                0x000000000800088e                usart1_isr
                0x000000000800088e                usart3_4_isr
                0x000000000800088e                tim1_cc_isr
                0x000000000800088e                exti2_3_isr
                0x000000000800088e                tim16_isr
                0x000000000800088e                pvd_isr
                0x000000000800088e                rcc_isr
                0x000000000800088e                flash_isr
                0x000000000800088e                hard_fault_handler
                0x000000000800088e                tim14_isr
                0x000000000800088e                spi2_isr
                0x000000000800088e                usb_isr
                0x000000000800088e                tim15_isr
                0x000000000800088e                tim3_isr
                0x000000000800088e                usart2_isr
                0x000000000800088e                adc_comp_isr
                0x000000000800088e                dma1_channel1_isr
                0x000000000800088e                tim6_dac_isr
                0x000000000800088e                tim1_brk_up_trg_com_isr
                0x000000000800088e                dma1_channel2_3_isr
                0x000000000800088e                exti4_15_isr
                0x000000000800088e                cec_can_isr
                0x000000000800088e                wwdg_isr
                0x000000000800088e                tim2_isr
                0x000000000800088e                dma1_channel4_5_isr
                0x000000000800088e                exti0_1_isr
 .text.null_handler
                0x0000000008000890        0x2 ../libopencm3//lib/libopencm3_stm32f0.a(vector.o)
                0x0000000008000890                null_handler
                0x0000000008000890                sv_call_handler
                0x0000000008000890                pend_sv_handler
                0x0000000008000890                sys_tick_handler
                0x0000000008000890                nmi_handler
 *fill*         0x0000000008000892        0x2 
 .text.reset_handler
                0x0000000008000894       0x8c ../libopencm3//lib/libopencm3_stm32f0.a(vector.o)
                0x0000000008000894                reset_handler
 .text          0x0000000008000920      0x114 /home/ia/ARM_toolchain/gcc-arm-none-eabi-6-2017-q2-update/bin/../lib/gcc/arm-none-eabi/6.3.1/thumb/v6-m/libgcc.a(_udivsi3.o)
                0x0000000008000920                __udivsi3
                0x0000000008000920                __aeabi_uidiv
                0x0000000008000a2c                __aeabi_uidivmod
 .text          0x0000000008000a34        0x4 /home/ia/ARM_toolchain/gcc-arm-none-eabi-6-2017-q2-update/bin/../lib/gcc/arm-none-eabi/6.3.1/thumb/v6-m/libgcc.a(_dvmd_tls.o)
                0x0000000008000a34                __aeabi_ldiv0
                0x0000000008000a34                __aeabi_idiv0
 .text          0x0000000008000a38       0x74 /home/ia/ARM_toolchain/gcc-arm-none-eabi-6-2017-q2-update/bin/../lib/gcc/arm-none-eabi/6.3.1/thumb/v6-m/libgcc.a(_arm_cmpsf2.o)
                0x0000000008000a38                __aeabi_cfrcmple
                0x0000000008000a40                __aeabi_cfcmple
                0x0000000008000a40                __aeabi_cfcmpeq
                0x0000000008000a50                __aeabi_fcmpeq
                0x0000000008000a5c                __aeabi_fcmplt
                0x0000000008000a70                __aeabi_fcmple
                0x0000000008000a84                __aeabi_fcmpgt
                0x0000000008000a98                __aeabi_fcmpge
 .text          0x0000000008000aac      0x290 /home/ia/ARM_toolchain/gcc-arm-none-eabi-6-2017-q2-update/bin/../lib/gcc/arm-none-eabi/6.3.1/thumb/v6-m/libgcc.a(divsf3.o)
                0x0000000008000aac                __aeabi_fdiv
 .text          0x0000000008000d3c       0x4c /home/ia/ARM_toolchain/gcc-arm-none-eabi-6-2017-q2-update/bin/../lib/gcc/arm-none-eabi/6.3.1/thumb/v6-m/libgcc.a(eqsf2.o)
                0x0000000008000d3c                __nesf2
                0x0000000008000d3c                __eqsf2
 .text          0x0000000008000d88       0x80 /home/ia/ARM_toolchain/gcc-arm-none-eabi-6-2017-q2-update/bin/../lib/gcc/arm-none-eabi/6.3.1/thumb/v6-m/libgcc.a(gesf2.o)
                0x0000000008000d88                __gtsf2
                0x0000000008000d88                __gesf2
 .text          0x0000000008000e08       0x84 /home/ia/ARM_toolchain/gcc-arm-none-eabi-6-2017-q2-update/bin/../lib/gcc/arm-none-eabi/6.3.1/thumb/v6-m/libgcc.a(lesf2.o)
                0x0000000008000e08                __lesf2
                0x0000000008000e08                __ltsf2
 .text          0x0000000008000e8c      0x240 /home/ia/ARM_toolchain/gcc-arm-none-eabi-6-2017-q2-update/bin/../lib/gcc/arm-none-eabi/6.3.1/thumb/v6-m/libgcc.a(mulsf3.o)
                0x0000000008000e8c                __aeabi_fmul
 .text          0x00000000080010cc       0xa0 /home/ia/ARM_toolchain/gcc-arm-none-eabi-6-2017-q2-update/bin/../lib/gcc/arm-none-eabi/6.3.1/thumb/v6-m/libgcc.a(floatsisf.o)
                0x00000000080010cc                __aeabi_i2f
 .text          0x000000000800116c       0x8c /home/ia/ARM_toolchain/gcc-arm-none-eabi-6-2017-q2-update/bin/../lib/gcc/arm-none-eabi/6.3.1/thumb/v6-m/libgcc.a(floatunsisf.o)
                0x000000000800116c                __aeabi_ui2f
 .text          0x00000000080011f8       0x3c /home/ia/ARM_toolchain/gcc-arm-none-eabi-6-2017-q2-update/bin/../lib/gcc/arm-none-eabi/6.3.1/thumb/v6-m/libgcc.a(_clzsi2.o)
                0x00000000080011f8                __clzsi2
                0x0000000008001234                . = ALIGN (0x4)
 *(.rodata*)
 .rodata.main.str1.1
                0x0000000008001234       0x12 main.o
 .rodata.connect_lorawan.str1.1
                0x0000000008001246       0xa4 src/functions.o
 *fill*         0x00000000080012ea        0x2 
 .rodata        0x00000000080012ec       0x80 /home/ia/ARM_toolchain/gcc-arm-none-eabi-6-2017-q2-update/bin/../lib/gcc/arm-none-eabi/6.3.1/thumb/v6-m/libgcc.a(divsf3.o)
 .rodata        0x000000000800136c       0x40 /home/ia/ARM_toolchain/gcc-arm-none-eabi-6-2017-q2-update/bin/../lib/gcc/arm-none-eabi/6.3.1/thumb/v6-m/libgcc.a(mulsf3.o)
                0x00000000080013ac                . = ALIGN (0x4)

.glue_7         0x00000000080013ac        0x0
 .glue_7        0x00000000080013ac        0x0 linker stubs

.glue_7t        0x00000000080013ac        0x0
 .glue_7t       0x00000000080013ac        0x0 linker stubs

.vfp11_veneer   0x00000000080013ac        0x0
 .vfp11_veneer  0x00000000080013ac        0x0 linker stubs

.v4_bx          0x00000000080013ac        0x0
 .v4_bx         0x00000000080013ac        0x0 linker stubs

.iplt           0x00000000080013ac        0x0
 .iplt          0x00000000080013ac        0x0 main.o

.rel.dyn        0x00000000080013ac        0x0
 .rel.iplt      0x00000000080013ac        0x0 main.o

.preinit_array  0x00000000080013ac        0x0
                0x00000000080013ac                . = ALIGN (0x4)
                0x00000000080013ac                __preinit_array_start = .
 *(.preinit_array)
                0x00000000080013ac                __preinit_array_end = .

.init_array     0x00000000080013ac        0x0
                0x00000000080013ac                . = ALIGN (0x4)
                0x00000000080013ac                __init_array_start = .
 *(SORT(.init_array.*))
 *(.init_array)
                0x00000000080013ac                __init_array_end = .

.fini_array     0x00000000080013ac        0x0
                0x00000000080013ac                . = ALIGN (0x4)
                0x00000000080013ac                __fini_array_start = .
 *(.fini_array)
 *(SORT(.fini_array.*))
                0x00000000080013ac                __fini_array_end = .

.ARM.extab
 *(.ARM.extab*)

.ARM.exidx      0x00000000080013ac        0x0
                0x00000000080013ac                __exidx_start = .
 *(.ARM.exidx*)
                0x00000000080013ac                __exidx_end = .
                0x00000000080013ac                . = ALIGN (0x4)
                0x00000000080013ac                _etext = .

.data           0x0000000020000000        0x4 load address 0x00000000080013ac
                0x0000000020000000                _data = .
 *(.data*)
 .data.rcc_apb1_frequency
                0x0000000020000000        0x4 ../libopencm3//lib/libopencm3_stm32f0.a(rcc.o)
                0x0000000020000000                rcc_apb1_frequency
                0x0000000020000004                . = ALIGN (0x4)
                0x0000000020000004                _edata = .
                0x00000000080013ac                _data_loadaddr = LOADADDR (.data)

.igot.plt       0x0000000020000004        0x0 load address 0x00000000080013b0
 .igot.plt      0x0000000020000004        0x0 main.o

.bss            0x0000000020000004       0x30 load address 0x00000000080013b0
 *(.bss*)
 .bss.burst_read_data
                0x0000000020000004        0x8 main.o
                0x0000000020000004                burst_read_data
 .bss.dig_H1    0x000000002000000c        0x1 main.o
                0x000000002000000c                dig_H1
 *fill*         0x000000002000000d        0x1 
 .bss.dig_H2    0x000000002000000e        0x2 main.o
                0x000000002000000e                dig_H2
 .bss.dig_H3    0x0000000020000010        0x1 main.o
                0x0000000020000010                dig_H3
 *fill*         0x0000000020000011        0x1 
 .bss.dig_H4    0x0000000020000012        0x2 main.o
                0x0000000020000012                dig_H4
 .bss.dig_H5    0x0000000020000014        0x2 main.o
                0x0000000020000014                dig_H5
 .bss.dig_H6    0x0000000020000016        0x1 main.o
                0x0000000020000016                dig_H6
 *fill*         0x0000000020000017        0x1 
 .bss.dig_P1    0x0000000020000018        0x2 main.o
                0x0000000020000018                dig_P1
 .bss.dig_P2    0x000000002000001a        0x2 main.o
                0x000000002000001a                dig_P2
 .bss.dig_P3    0x000000002000001c        0x2 main.o
                0x000000002000001c                dig_P3
 .bss.dig_P4    0x000000002000001e        0x2 main.o
                0x000000002000001e                dig_P4
 .bss.dig_P5    0x0000000020000020        0x2 main.o
                0x0000000020000020                dig_P5
 .bss.dig_P6    0x0000000020000022        0x2 main.o
                0x0000000020000022                dig_P6
 .bss.dig_P7    0x0000000020000024        0x2 main.o
                0x0000000020000024                dig_P7
 .bss.dig_P8    0x0000000020000026        0x2 main.o
                0x0000000020000026                dig_P8
 .bss.dig_P9    0x0000000020000028        0x2 main.o
                0x0000000020000028                dig_P9
 .bss.dig_T1    0x000000002000002a        0x2 main.o
                0x000000002000002a                dig_T1
 .bss.dig_T2    0x000000002000002c        0x2 main.o
                0x000000002000002c                dig_T2
 .bss.dig_T3    0x000000002000002e        0x2 main.o
                0x000000002000002e                dig_T3
 .bss.t_fine    0x0000000020000030        0x4 main.o
                0x0000000020000030                t_fine
 *(COMMON)
                0x0000000020000034                . = ALIGN (0x4)
                0x0000000020000034                _ebss = .

/DISCARD/
 *(.eh_frame)
                0x0000000020000034                . = ALIGN (0x4)
                0x0000000020000034                end = .
                0x0000000020004000                PROVIDE (_stack, (ORIGIN (ram) + LENGTH (ram)))
OUTPUT(main.elf elf32-littlearm)

.debug_info     0x0000000000000000     0x5202
 .debug_info    0x0000000000000000      0xd88 main.o
 .debug_info    0x0000000000000d88     0x15da src/functions.o
 .debug_info    0x0000000000002362      0x6b5 src/bme280.o
 .debug_info    0x0000000000002a17      0x22c ../libopencm3//lib/libopencm3_stm32f0.a(gpio_common_all.o)
 .debug_info    0x0000000000002c43      0x1f7 ../libopencm3//lib/libopencm3_stm32f0.a(gpio_common_f0234.o)
 .debug_info    0x0000000000002e3a      0x527 ../libopencm3//lib/libopencm3_stm32f0.a(rcc_common_all.o)
 .debug_info    0x0000000000003361      0x4b8 ../libopencm3//lib/libopencm3_stm32f0.a(usart_common_all.o)
 .debug_info    0x0000000000003819      0x364 ../libopencm3//lib/libopencm3_stm32f0.a(usart_common_v2.o)
 .debug_info    0x0000000000003b7d      0xc70 ../libopencm3//lib/libopencm3_stm32f0.a(i2c_common_v2.o)
 .debug_info    0x00000000000047ed      0x2ae ../libopencm3//lib/libopencm3_stm32f0.a(vector.o)
 .debug_info    0x0000000000004a9b      0x767 ../libopencm3//lib/libopencm3_stm32f0.a(rcc.o)

.debug_abbrev   0x0000000000000000     0x116f
 .debug_abbrev  0x0000000000000000      0x23d main.o
 .debug_abbrev  0x000000000000023d      0x311 src/functions.o
 .debug_abbrev  0x000000000000054e      0x172 src/bme280.o
 .debug_abbrev  0x00000000000006c0       0xf4 ../libopencm3//lib/libopencm3_stm32f0.a(gpio_common_all.o)
 .debug_abbrev  0x00000000000007b4       0xb7 ../libopencm3//lib/libopencm3_stm32f0.a(gpio_common_f0234.o)
 .debug_abbrev  0x000000000000086b      0x137 ../libopencm3//lib/libopencm3_stm32f0.a(rcc_common_all.o)
 .debug_abbrev  0x00000000000009a2      0x126 ../libopencm3//lib/libopencm3_stm32f0.a(usart_common_all.o)
 .debug_abbrev  0x0000000000000ac8      0x109 ../libopencm3//lib/libopencm3_stm32f0.a(usart_common_v2.o)
 .debug_abbrev  0x0000000000000bd1      0x210 ../libopencm3//lib/libopencm3_stm32f0.a(i2c_common_v2.o)
 .debug_abbrev  0x0000000000000de1      0x127 ../libopencm3//lib/libopencm3_stm32f0.a(vector.o)
 .debug_abbrev  0x0000000000000f08      0x267 ../libopencm3//lib/libopencm3_stm32f0.a(rcc.o)

.debug_aranges  0x0000000000000000      0x5c0
 .debug_aranges
                0x0000000000000000       0x20 main.o
 .debug_aranges
                0x0000000000000020       0x78 src/functions.o
 .debug_aranges
                0x0000000000000098       0x48 src/bme280.o
 .debug_aranges
                0x00000000000000e0       0x50 ../libopencm3//lib/libopencm3_stm32f0.a(gpio_common_all.o)
 .debug_aranges
                0x0000000000000130       0x30 ../libopencm3//lib/libopencm3_stm32f0.a(gpio_common_f0234.o)
 .debug_aranges
                0x0000000000000160       0x68 ../libopencm3//lib/libopencm3_stm32f0.a(rcc_common_all.o)
 .debug_aranges
                0x00000000000001c8       0xb8 ../libopencm3//lib/libopencm3_stm32f0.a(usart_common_all.o)
 .debug_aranges
                0x0000000000000280       0xa8 ../libopencm3//lib/libopencm3_stm32f0.a(usart_common_v2.o)
 .debug_aranges
                0x0000000000000328      0x170 ../libopencm3//lib/libopencm3_stm32f0.a(i2c_common_v2.o)
 .debug_aranges
                0x0000000000000498       0x30 ../libopencm3//lib/libopencm3_stm32f0.a(vector.o)
 .debug_aranges
                0x00000000000004c8       0xf8 ../libopencm3//lib/libopencm3_stm32f0.a(rcc.o)

.debug_ranges   0x0000000000000000      0x568
 .debug_ranges  0x0000000000000000       0x28 main.o
 .debug_ranges  0x0000000000000028       0x80 src/functions.o
 .debug_ranges  0x00000000000000a8       0x38 src/bme280.o
 .debug_ranges  0x00000000000000e0       0x40 ../libopencm3//lib/libopencm3_stm32f0.a(gpio_common_all.o)
 .debug_ranges  0x0000000000000120       0x20 ../libopencm3//lib/libopencm3_stm32f0.a(gpio_common_f0234.o)
 .debug_ranges  0x0000000000000140       0x58 ../libopencm3//lib/libopencm3_stm32f0.a(rcc_common_all.o)
 .debug_ranges  0x0000000000000198       0xa8 ../libopencm3//lib/libopencm3_stm32f0.a(usart_common_all.o)
 .debug_ranges  0x0000000000000240       0x98 ../libopencm3//lib/libopencm3_stm32f0.a(usart_common_v2.o)
 .debug_ranges  0x00000000000002d8      0x160 ../libopencm3//lib/libopencm3_stm32f0.a(i2c_common_v2.o)
 .debug_ranges  0x0000000000000438       0x20 ../libopencm3//lib/libopencm3_stm32f0.a(vector.o)
 .debug_ranges  0x0000000000000458      0x110 ../libopencm3//lib/libopencm3_stm32f0.a(rcc.o)

.debug_line     0x0000000000000000     0x2e52
 .debug_line    0x0000000000000000      0x25b main.o
 .debug_line    0x000000000000025b      0x42a src/functions.o
 .debug_line    0x0000000000000685      0x2c2 src/bme280.o
 .debug_line    0x0000000000000947      0x3b9 ../libopencm3//lib/libopencm3_stm32f0.a(gpio_common_all.o)
 .debug_line    0x0000000000000d00      0x3b1 ../libopencm3//lib/libopencm3_stm32f0.a(gpio_common_f0234.o)
 .debug_line    0x00000000000010b1      0x3d3 ../libopencm3//lib/libopencm3_stm32f0.a(rcc_common_all.o)
 .debug_line    0x0000000000001484      0x4da ../libopencm3//lib/libopencm3_stm32f0.a(usart_common_all.o)
 .debug_line    0x000000000000195e      0x47c ../libopencm3//lib/libopencm3_stm32f0.a(usart_common_v2.o)
 .debug_line    0x0000000000001dda      0x6cd ../libopencm3//lib/libopencm3_stm32f0.a(i2c_common_v2.o)
 .debug_line    0x00000000000024a7      0x391 ../libopencm3//lib/libopencm3_stm32f0.a(vector.o)
 .debug_line    0x0000000000002838      0x61a ../libopencm3//lib/libopencm3_stm32f0.a(rcc.o)

.debug_str      0x0000000000000000     0xdbe0
 .debug_str     0x0000000000000000      0x670 main.o
                                        0x76d (size before relaxing)
 .debug_str     0x0000000000000670      0x4d8 src/functions.o
                                        0xafc (size before relaxing)
 .debug_str     0x0000000000000b48       0xb4 src/bme280.o
                                        0x458 (size before relaxing)
 .debug_str     0x0000000000000bfc     0x543f ../libopencm3//lib/libopencm3_stm32f0.a(gpio_common_all.o)
                                       0x55e0 (size before relaxing)
 .debug_str     0x000000000000603b       0x73 ../libopencm3//lib/libopencm3_stm32f0.a(gpio_common_f0234.o)
                                       0x5602 (size before relaxing)
 .debug_str     0x00000000000060ae     0x27d6 ../libopencm3//lib/libopencm3_stm32f0.a(rcc_common_all.o)
                                       0x6a80 (size before relaxing)
 .debug_str     0x0000000000008884     0x1cdc ../libopencm3//lib/libopencm3_stm32f0.a(usart_common_all.o)
                                       0x833c (size before relaxing)
 .debug_str     0x000000000000a560      0x190 ../libopencm3//lib/libopencm3_stm32f0.a(usart_common_v2.o)
                                       0x5e22 (size before relaxing)
 .debug_str     0x000000000000a6f0     0x158a ../libopencm3//lib/libopencm3_stm32f0.a(i2c_common_v2.o)
                                       0x7f4d (size before relaxing)
 .debug_str     0x000000000000bc7a     0x12e2 ../libopencm3//lib/libopencm3_stm32f0.a(vector.o)
                                       0x4ad4 (size before relaxing)
 .debug_str     0x000000000000cf5c      0xc84 ../libopencm3//lib/libopencm3_stm32f0.a(rcc.o)
                                       0x725e (size before relaxing)

.comment        0x0000000000000000       0x7f
 .comment       0x0000000000000000       0x7f main.o
                                         0x80 (size before relaxing)
 .comment       0x000000000000007f       0x80 src/functions.o
 .comment       0x000000000000007f       0x80 src/bme280.o
 .comment       0x000000000000007f       0x80 ../libopencm3//lib/libopencm3_stm32f0.a(gpio_common_all.o)
 .comment       0x000000000000007f       0x80 ../libopencm3//lib/libopencm3_stm32f0.a(gpio_common_f0234.o)
 .comment       0x000000000000007f       0x80 ../libopencm3//lib/libopencm3_stm32f0.a(rcc_common_all.o)
 .comment       0x000000000000007f       0x80 ../libopencm3//lib/libopencm3_stm32f0.a(usart_common_all.o)
 .comment       0x000000000000007f       0x80 ../libopencm3//lib/libopencm3_stm32f0.a(usart_common_v2.o)
 .comment       0x000000000000007f       0x80 ../libopencm3//lib/libopencm3_stm32f0.a(i2c_common_v2.o)
 .comment       0x000000000000007f       0x80 ../libopencm3//lib/libopencm3_stm32f0.a(vector.o)
 .comment       0x000000000000007f       0x80 ../libopencm3//lib/libopencm3_stm32f0.a(rcc.o)

.ARM.attributes
                0x0000000000000000       0x31
 .ARM.attributes
                0x0000000000000000       0x31 main.o
 .ARM.attributes
                0x0000000000000031       0x31 src/functions.o
 .ARM.attributes
                0x0000000000000062       0x31 src/bme280.o
 .ARM.attributes
                0x0000000000000093       0x31 ../libopencm3//lib/libopencm3_stm32f0.a(gpio_common_all.o)
 .ARM.attributes
                0x00000000000000c4       0x31 ../libopencm3//lib/libopencm3_stm32f0.a(gpio_common_f0234.o)
 .ARM.attributes
                0x00000000000000f5       0x31 ../libopencm3//lib/libopencm3_stm32f0.a(rcc_common_all.o)
 .ARM.attributes
                0x0000000000000126       0x31 ../libopencm3//lib/libopencm3_stm32f0.a(usart_common_all.o)
 .ARM.attributes
                0x0000000000000157       0x31 ../libopencm3//lib/libopencm3_stm32f0.a(usart_common_v2.o)
 .ARM.attributes
                0x0000000000000188       0x31 ../libopencm3//lib/libopencm3_stm32f0.a(i2c_common_v2.o)
 .ARM.attributes
                0x00000000000001b9       0x31 ../libopencm3//lib/libopencm3_stm32f0.a(vector.o)
 .ARM.attributes
                0x00000000000001ea       0x31 ../libopencm3//lib/libopencm3_stm32f0.a(rcc.o)
 .ARM.attributes
                0x000000000000021b       0x1e /home/ia/ARM_toolchain/gcc-arm-none-eabi-6-2017-q2-update/bin/../lib/gcc/arm-none-eabi/6.3.1/thumb/v6-m/libgcc.a(_udivsi3.o)
 .ARM.attributes
                0x0000000000000239       0x1e /home/ia/ARM_toolchain/gcc-arm-none-eabi-6-2017-q2-update/bin/../lib/gcc/arm-none-eabi/6.3.1/thumb/v6-m/libgcc.a(_dvmd_tls.o)
 .ARM.attributes
                0x0000000000000257       0x1e /home/ia/ARM_toolchain/gcc-arm-none-eabi-6-2017-q2-update/bin/../lib/gcc/arm-none-eabi/6.3.1/thumb/v6-m/libgcc.a(_arm_cmpsf2.o)
 .ARM.attributes
                0x0000000000000275       0x2c /home/ia/ARM_toolchain/gcc-arm-none-eabi-6-2017-q2-update/bin/../lib/gcc/arm-none-eabi/6.3.1/thumb/v6-m/libgcc.a(divsf3.o)
 .ARM.attributes
                0x00000000000002a1       0x2c /home/ia/ARM_toolchain/gcc-arm-none-eabi-6-2017-q2-update/bin/../lib/gcc/arm-none-eabi/6.3.1/thumb/v6-m/libgcc.a(eqsf2.o)
 .ARM.attributes
                0x00000000000002cd       0x2c /home/ia/ARM_toolchain/gcc-arm-none-eabi-6-2017-q2-update/bin/../lib/gcc/arm-none-eabi/6.3.1/thumb/v6-m/libgcc.a(gesf2.o)
 .ARM.attributes
                0x00000000000002f9       0x2c /home/ia/ARM_toolchain/gcc-arm-none-eabi-6-2017-q2-update/bin/../lib/gcc/arm-none-eabi/6.3.1/thumb/v6-m/libgcc.a(lesf2.o)
 .ARM.attributes
                0x0000000000000325       0x2c /home/ia/ARM_toolchain/gcc-arm-none-eabi-6-2017-q2-update/bin/../lib/gcc/arm-none-eabi/6.3.1/thumb/v6-m/libgcc.a(mulsf3.o)
 .ARM.attributes
                0x0000000000000351       0x2c /home/ia/ARM_toolchain/gcc-arm-none-eabi-6-2017-q2-update/bin/../lib/gcc/arm-none-eabi/6.3.1/thumb/v6-m/libgcc.a(floatsisf.o)
 .ARM.attributes
                0x000000000000037d       0x2c /home/ia/ARM_toolchain/gcc-arm-none-eabi-6-2017-q2-update/bin/../lib/gcc/arm-none-eabi/6.3.1/thumb/v6-m/libgcc.a(floatunsisf.o)
 .ARM.attributes
                0x00000000000003a9       0x1e /home/ia/ARM_toolchain/gcc-arm-none-eabi-6-2017-q2-update/bin/../lib/gcc/arm-none-eabi/6.3.1/thumb/v6-m/libgcc.a(_clzsi2.o)

.debug_frame    0x0000000000000000      0xd6c
 .debug_frame   0x0000000000000000       0x2c main.o
 .debug_frame   0x000000000000002c      0x150 src/functions.o
 .debug_frame   0x000000000000017c       0xb4 src/bme280.o
 .debug_frame   0x0000000000000230       0x80 ../libopencm3//lib/libopencm3_stm32f0.a(gpio_common_all.o)
 .debug_frame   0x00000000000002b0       0x78 ../libopencm3//lib/libopencm3_stm32f0.a(gpio_common_f0234.o)
 .debug_frame   0x0000000000000328       0xd0 ../libopencm3//lib/libopencm3_stm32f0.a(rcc_common_all.o)
 .debug_frame   0x00000000000003f8      0x16c ../libopencm3//lib/libopencm3_stm32f0.a(usart_common_all.o)
 .debug_frame   0x0000000000000564      0x130 ../libopencm3//lib/libopencm3_stm32f0.a(usart_common_v2.o)
 .debug_frame   0x0000000000000694      0x2e4 ../libopencm3//lib/libopencm3_stm32f0.a(i2c_common_v2.o)
 .debug_frame   0x0000000000000978       0x40 ../libopencm3//lib/libopencm3_stm32f0.a(vector.o)
 .debug_frame   0x00000000000009b8      0x23c ../libopencm3//lib/libopencm3_stm32f0.a(rcc.o)
 .debug_frame   0x0000000000000bf4       0x20 /home/ia/ARM_toolchain/gcc-arm-none-eabi-6-2017-q2-update/bin/../lib/gcc/arm-none-eabi/6.3.1/thumb/v6-m/libgcc.a(_udivsi3.o)
 .debug_frame   0x0000000000000c14       0x3c /home/ia/ARM_toolchain/gcc-arm-none-eabi-6-2017-q2-update/bin/../lib/gcc/arm-none-eabi/6.3.1/thumb/v6-m/libgcc.a(divsf3.o)
 .debug_frame   0x0000000000000c50       0x2c /home/ia/ARM_toolchain/gcc-arm-none-eabi-6-2017-q2-update/bin/../lib/gcc/arm-none-eabi/6.3.1/thumb/v6-m/libgcc.a(eqsf2.o)
 .debug_frame   0x0000000000000c7c       0x30 /home/ia/ARM_toolchain/gcc-arm-none-eabi-6-2017-q2-update/bin/../lib/gcc/arm-none-eabi/6.3.1/thumb/v6-m/libgcc.a(gesf2.o)
 .debug_frame   0x0000000000000cac       0x30 /home/ia/ARM_toolchain/gcc-arm-none-eabi-6-2017-q2-update/bin/../lib/gcc/arm-none-eabi/6.3.1/thumb/v6-m/libgcc.a(lesf2.o)
 .debug_frame   0x0000000000000cdc       0x3c /home/ia/ARM_toolchain/gcc-arm-none-eabi-6-2017-q2-update/bin/../lib/gcc/arm-none-eabi/6.3.1/thumb/v6-m/libgcc.a(mulsf3.o)
 .debug_frame   0x0000000000000d18       0x2c /home/ia/ARM_toolchain/gcc-arm-none-eabi-6-2017-q2-update/bin/../lib/gcc/arm-none-eabi/6.3.1/thumb/v6-m/libgcc.a(floatsisf.o)
 .debug_frame   0x0000000000000d44       0x28 /home/ia/ARM_toolchain/gcc-arm-none-eabi-6-2017-q2-update/bin/../lib/gcc/arm-none-eabi/6.3.1/thumb/v6-m/libgcc.a(floatunsisf.o)

.debug_loc      0x0000000000000000     0x1650
 .debug_loc     0x0000000000000000      0x496 src/functions.o
 .debug_loc     0x0000000000000496      0x285 src/bme280.o
 .debug_loc     0x000000000000071b       0x97 ../libopencm3//lib/libopencm3_stm32f0.a(gpio_common_all.o)
 .debug_loc     0x00000000000007b2      0x186 ../libopencm3//lib/libopencm3_stm32f0.a(gpio_common_f0234.o)
 .debug_loc     0x0000000000000938       0xe7 ../libopencm3//lib/libopencm3_stm32f0.a(rcc_common_all.o)
 .debug_loc     0x0000000000000a1f      0x1d6 ../libopencm3//lib/libopencm3_stm32f0.a(usart_common_all.o)
 .debug_loc     0x0000000000000bf5       0xc3 ../libopencm3//lib/libopencm3_stm32f0.a(usart_common_v2.o)
 .debug_loc     0x0000000000000cb8      0x620 ../libopencm3//lib/libopencm3_stm32f0.a(i2c_common_v2.o)
 .debug_loc     0x00000000000012d8       0xf2 ../libopencm3//lib/libopencm3_stm32f0.a(vector.o)
 .debug_loc     0x00000000000013ca      0x286 ../libopencm3//lib/libopencm3_stm32f0.a(rcc.o)

.debug_macro    0x0000000000000000     0x3181
 .debug_macro   0x0000000000000000       0xd7 ../libopencm3//lib/libopencm3_stm32f0.a(gpio_common_all.o)
 .debug_macro   0x00000000000000d7      0x898 ../libopencm3//lib/libopencm3_stm32f0.a(gpio_common_all.o)
 .debug_macro   0x000000000000096f       0x22 ../libopencm3//lib/libopencm3_stm32f0.a(gpio_common_all.o)
 .debug_macro   0x0000000000000991       0x4f ../libopencm3//lib/libopencm3_stm32f0.a(gpio_common_all.o)
 .debug_macro   0x00000000000009e0       0x51 ../libopencm3//lib/libopencm3_stm32f0.a(gpio_common_all.o)
 .debug_macro   0x0000000000000a31       0xef ../libopencm3//lib/libopencm3_stm32f0.a(gpio_common_all.o)
 .debug_macro   0x0000000000000b20       0x6a ../libopencm3//lib/libopencm3_stm32f0.a(gpio_common_all.o)
 .debug_macro   0x0000000000000b8a      0x1df ../libopencm3//lib/libopencm3_stm32f0.a(gpio_common_all.o)
 .debug_macro   0x0000000000000d69       0x22 ../libopencm3//lib/libopencm3_stm32f0.a(gpio_common_all.o)
 .debug_macro   0x0000000000000d8b       0xfa ../libopencm3//lib/libopencm3_stm32f0.a(gpio_common_all.o)
 .debug_macro   0x0000000000000e85       0x34 ../libopencm3//lib/libopencm3_stm32f0.a(gpio_common_all.o)
 .debug_macro   0x0000000000000eb9      0x15a ../libopencm3//lib/libopencm3_stm32f0.a(gpio_common_all.o)
 .debug_macro   0x0000000000001013       0x76 ../libopencm3//lib/libopencm3_stm32f0.a(gpio_common_all.o)
 .debug_macro   0x0000000000001089      0x2e6 ../libopencm3//lib/libopencm3_stm32f0.a(gpio_common_all.o)
 .debug_macro   0x000000000000136f      0x14e ../libopencm3//lib/libopencm3_stm32f0.a(gpio_common_all.o)
 .debug_macro   0x00000000000014bd       0x3a ../libopencm3//lib/libopencm3_stm32f0.a(gpio_common_all.o)
 .debug_macro   0x00000000000014f7       0xd7 ../libopencm3//lib/libopencm3_stm32f0.a(gpio_common_f0234.o)
 .debug_macro   0x00000000000015ce       0xcf ../libopencm3//lib/libopencm3_stm32f0.a(rcc_common_all.o)
 .debug_macro   0x000000000000169d      0x746 ../libopencm3//lib/libopencm3_stm32f0.a(rcc_common_all.o)
 .debug_macro   0x0000000000001de3       0xda ../libopencm3//lib/libopencm3_stm32f0.a(usart_common_all.o)
 .debug_macro   0x0000000000001ebd       0x94 ../libopencm3//lib/libopencm3_stm32f0.a(usart_common_all.o)
 .debug_macro   0x0000000000001f51      0x514 ../libopencm3//lib/libopencm3_stm32f0.a(usart_common_all.o)
 .debug_macro   0x0000000000002465       0x1c ../libopencm3//lib/libopencm3_stm32f0.a(usart_common_all.o)
 .debug_macro   0x0000000000002481       0xc2 ../libopencm3//lib/libopencm3_stm32f0.a(usart_common_v2.o)
 .debug_macro   0x0000000000002543       0xdb ../libopencm3//lib/libopencm3_stm32f0.a(i2c_common_v2.o)
 .debug_macro   0x000000000000261e      0x16d ../libopencm3//lib/libopencm3_stm32f0.a(i2c_common_v2.o)
 .debug_macro   0x000000000000278b      0x3c3 ../libopencm3//lib/libopencm3_stm32f0.a(i2c_common_v2.o)
 .debug_macro   0x0000000000002b4e       0xd0 ../libopencm3//lib/libopencm3_stm32f0.a(vector.o)
 .debug_macro   0x0000000000002c1e      0x1b1 ../libopencm3//lib/libopencm3_stm32f0.a(vector.o)
 .debug_macro   0x0000000000002dcf       0x46 ../libopencm3//lib/libopencm3_stm32f0.a(vector.o)
 .debug_macro   0x0000000000002e15       0xca ../libopencm3//lib/libopencm3_stm32f0.a(vector.o)
 .debug_macro   0x0000000000002edf       0xe0 ../libopencm3//lib/libopencm3_stm32f0.a(rcc.o)
 .debug_macro   0x0000000000002fbf       0x16 ../libopencm3//lib/libopencm3_stm32f0.a(rcc.o)
 .debug_macro   0x0000000000002fd5       0xdc ../libopencm3//lib/libopencm3_stm32f0.a(rcc.o)
 .debug_macro   0x00000000000030b1       0xd0 ../libopencm3//lib/libopencm3_stm32f0.a(rcc.o)
