Archive member included to satisfy reference by file (symbol)

../libopencm3//lib/libopencm3_stm32f0.a(gpio_common_all.o)
                              main.o (gpio_set)
../libopencm3//lib/libopencm3_stm32f0.a(gpio_common_f0234.o)
                              src/functions.o (gpio_mode_setup)
../libopencm3//lib/libopencm3_stm32f0.a(spi_common_all.o)
                              src/functions.o (spi_enable)
../libopencm3//lib/libopencm3_stm32f0.a(spi_common_f03.o)
                              src/functions.o (spi_init_master)
../libopencm3//lib/libopencm3_stm32f0.a(rcc_common_all.o)
                              src/functions.o (rcc_periph_clock_enable)
../libopencm3//lib/libopencm3_stm32f0.a(usart_common_all.o)
                              src/functions.o (usart_set_baudrate)
../libopencm3//lib/libopencm3_stm32f0.a(usart_common_v2.o)
                              ../libopencm3//lib/libopencm3_stm32f0.a(usart_common_all.o) (usart_send)
../libopencm3//lib/libopencm3_stm32f0.a(i2c_common_v2.o)
                              src/functions.o (i2c_reset)
../libopencm3//lib/libopencm3_stm32f0.a(vector.o)
                              (reset_handler)
../libopencm3//lib/libopencm3_stm32f0.a(rcc.o)
                              ../libopencm3//lib/libopencm3_stm32f0.a(usart_common_all.o) (rcc_apb1_frequency)
../libopencm3//lib/libopencm3_stm32f0.a(flash_common_f01.o)
                              ../libopencm3//lib/libopencm3_stm32f0.a(rcc.o) (flash_prefetch_buffer_enable)
../libopencm3//lib/libopencm3_stm32f0.a(assert.o)
                              ../libopencm3//lib/libopencm3_stm32f0.a(rcc.o) (cm3_assert_failed)
../libopencm3//lib/libopencm3_stm32f0.a(flash.o)
                              ../libopencm3//lib/libopencm3_stm32f0.a(flash_common_f01.o) (flash_get_status_flags)
/home/ia/ARM_toolchain/gcc-arm-none-eabi-6-2017-q2-update/bin/../lib/gcc/arm-none-eabi/6.3.1/../../../../arm-none-eabi/lib/thumb/v6-m/libc.a(lib_a-memcpy-stub.o)
                              src/bme280.o (memcpy)
/home/ia/ARM_toolchain/gcc-arm-none-eabi-6-2017-q2-update/bin/../lib/gcc/arm-none-eabi/6.3.1/../../../../arm-none-eabi/lib/thumb/v6-m/libc.a(lib_a-memset.o)
                              src/functions.o (memset)
/home/ia/ARM_toolchain/gcc-arm-none-eabi-6-2017-q2-update/bin/../lib/gcc/arm-none-eabi/6.3.1/../../../../arm-none-eabi/lib/thumb/v6-m/libc.a(lib_a-sprintf.o)
                              main.o (sprintf)
/home/ia/ARM_toolchain/gcc-arm-none-eabi-6-2017-q2-update/bin/../lib/gcc/arm-none-eabi/6.3.1/../../../../arm-none-eabi/lib/thumb/v6-m/libc.a(lib_a-strstr.o)
                              src/functions.o (strstr)
/home/ia/ARM_toolchain/gcc-arm-none-eabi-6-2017-q2-update/bin/../lib/gcc/arm-none-eabi/6.3.1/../../../../arm-none-eabi/lib/thumb/v6-m/libc.a(lib_a-svfprintf.o)
                              /home/ia/ARM_toolchain/gcc-arm-none-eabi-6-2017-q2-update/bin/../lib/gcc/arm-none-eabi/6.3.1/../../../../arm-none-eabi/lib/thumb/v6-m/libc.a(lib_a-sprintf.o) (_svfprintf_r)
/home/ia/ARM_toolchain/gcc-arm-none-eabi-6-2017-q2-update/bin/../lib/gcc/arm-none-eabi/6.3.1/../../../../arm-none-eabi/lib/thumb/v6-m/libc.a(lib_a-dtoa.o)
                              /home/ia/ARM_toolchain/gcc-arm-none-eabi-6-2017-q2-update/bin/../lib/gcc/arm-none-eabi/6.3.1/../../../../arm-none-eabi/lib/thumb/v6-m/libc.a(lib_a-svfprintf.o) (_dtoa_r)
/home/ia/ARM_toolchain/gcc-arm-none-eabi-6-2017-q2-update/bin/../lib/gcc/arm-none-eabi/6.3.1/../../../../arm-none-eabi/lib/thumb/v6-m/libc.a(lib_a-impure.o)
                              /home/ia/ARM_toolchain/gcc-arm-none-eabi-6-2017-q2-update/bin/../lib/gcc/arm-none-eabi/6.3.1/../../../../arm-none-eabi/lib/thumb/v6-m/libc.a(lib_a-sprintf.o) (_impure_ptr)
/home/ia/ARM_toolchain/gcc-arm-none-eabi-6-2017-q2-update/bin/../lib/gcc/arm-none-eabi/6.3.1/../../../../arm-none-eabi/lib/thumb/v6-m/libc.a(lib_a-localeconv.o)
                              /home/ia/ARM_toolchain/gcc-arm-none-eabi-6-2017-q2-update/bin/../lib/gcc/arm-none-eabi/6.3.1/../../../../arm-none-eabi/lib/thumb/v6-m/libc.a(lib_a-svfprintf.o) (_localeconv_r)
/home/ia/ARM_toolchain/gcc-arm-none-eabi-6-2017-q2-update/bin/../lib/gcc/arm-none-eabi/6.3.1/../../../../arm-none-eabi/lib/thumb/v6-m/libc.a(lib_a-mallocr.o)
                              /home/ia/ARM_toolchain/gcc-arm-none-eabi-6-2017-q2-update/bin/../lib/gcc/arm-none-eabi/6.3.1/../../../../arm-none-eabi/lib/thumb/v6-m/libc.a(lib_a-svfprintf.o) (_malloc_r)
/home/ia/ARM_toolchain/gcc-arm-none-eabi-6-2017-q2-update/bin/../lib/gcc/arm-none-eabi/6.3.1/../../../../arm-none-eabi/lib/thumb/v6-m/libc.a(lib_a-memchr-stub.o)
                              /home/ia/ARM_toolchain/gcc-arm-none-eabi-6-2017-q2-update/bin/../lib/gcc/arm-none-eabi/6.3.1/../../../../arm-none-eabi/lib/thumb/v6-m/libc.a(lib_a-strstr.o) (memchr)
/home/ia/ARM_toolchain/gcc-arm-none-eabi-6-2017-q2-update/bin/../lib/gcc/arm-none-eabi/6.3.1/../../../../arm-none-eabi/lib/thumb/v6-m/libc.a(lib_a-memcmp.o)
[...]
Memory Configuration

Name             Origin             Length             Attributes
rom              0x0000000008000000 0x0000000000020000 xr
ram              0x0000000020000000 0x0000000000004000 xrw
*default*        0x0000000000000000 0xffffffffffffffff

Linker script and memory map

LOAD main.o
LOAD src/functions.o
LOAD src/bme280.o
LOAD src/opcn2.o
LOAD ../libopencm3//lib/libopencm3_stm32f0.a
START GROUP
LOAD /home/ia/ARM_toolchain/gcc-arm-none-eabi-6-2017-q2-update/bin/../lib/gcc/arm-none-eabi/6.3.1/../../../../arm-none-eabi/lib/thumb/v6-m/libc.a
LOAD /home/ia/ARM_toolchain/gcc-arm-none-eabi-6-2017-q2-update/bin/../lib/gcc/arm-none-eabi/6.3.1/thumb/v6-m/libgcc.a
LOAD /home/ia/ARM_toolchain/gcc-arm-none-eabi-6-2017-q2-update/bin/../lib/gcc/arm-none-eabi/6.3.1/../../../../arm-none-eabi/lib/thumb/v6-m/libnosys.a
END GROUP
START GROUP
LOAD /home/ia/ARM_toolchain/gcc-arm-none-eabi-6-2017-q2-update/bin/../lib/gcc/arm-none-eabi/6.3.1/thumb/v6-m/libgcc.a
LOAD /home/ia/ARM_toolchain/gcc-arm-none-eabi-6-2017-q2-update/bin/../lib/gcc/arm-none-eabi/6.3.1/../../../../arm-none-eabi/lib/thumb/v6-m/libc.a
END GROUP

.text           0x0000000008000000     0x7368
 *(.vectors)
 .vectors       0x0000000008000000       0xc0 ../libopencm3//lib/libopencm3_stm32f0.a(vector.o)
                0x0000000008000000                vector_table
 *(.text*)
 .text.startup.main
                0x00000000080000c0       0x70 main.o
                0x00000000080000c0                main
 .text.spi_setup
                0x0000000008000130       0x54 src/functions.o
                0x0000000008000130                spi_setup
 .text.wait     0x0000000008000184       0x28 src/functions.o
                0x0000000008000184                wait
 .text.usartSend
                0x00000000080001ac       0x4c src/functions.o
                0x00000000080001ac                usartSend
 .text.clock_setup
                0x00000000080001f8       0x40 src/functions.o
                0x00000000080001f8                clock_setup
 .text.i2c_setup
                0x0000000008000238       0x6c src/functions.o
                0x0000000008000238                i2c_setup
 .text.usart_setup
                0x00000000080002a4       0x80 src/functions.o
                0x00000000080002a4                usart_setup
 .text.gpio_setup
                0x0000000008000324       0x88 src/functions.o
                0x0000000008000324                gpio_setup
 .text.i2c_transfer77
                0x00000000080003ac       0xaa src/functions.o
                0x00000000080003ac                i2c_transfer77
 *fill*         0x0000000008000456        0x2 
 .text.compensation_data_readout_BME280
                0x0000000008000458      0x184 src/bme280.o
                0x0000000008000458                compensation_data_readout_BME280
 .text.init_BME280
                0x00000000080005dc       0xe0 src/bme280.o
                0x00000000080005dc                init_BME280
 .text.gpio_set
                0x00000000080006bc        0x4 ../libopencm3//lib/libopencm3_stm32f0.a(gpio_common_all.o)
                0x00000000080006bc                gpio_set
 .text.gpio_clear
                0x00000000080006c0        0x6 ../libopencm3//lib/libopencm3_stm32f0.a(gpio_common_all.o)
                0x00000000080006c0                gpio_clear
 .text.gpio_mode_setup
                0x00000000080006c6       0x3a ../libopencm3//lib/libopencm3_stm32f0.a(gpio_common_f0234.o)
                0x00000000080006c6                gpio_mode_setup
 .text.gpio_set_af
                0x0000000008000700       0x58 ../libopencm3//lib/libopencm3_stm32f0.a(gpio_common_f0234.o)
                0x0000000008000700                gpio_set_af
 .text.spi_enable
                0x0000000008000758        0xa ../libopencm3//lib/libopencm3_stm32f0.a(spi_common_all.o)
                0x0000000008000758                spi_enable
 .text.spi_enable_ss_output
                0x0000000008000762        0xa ../libopencm3//lib/libopencm3_stm32f0.a(spi_common_all.o)
                0x0000000008000762                spi_enable_ss_output
 .text.spi_init_master
                0x000000000800076c       0x22 ../libopencm3//lib/libopencm3_stm32f0.a(spi_common_f03.o)
                0x000000000800076c                spi_init_master
 *fill*         0x000000000800078e        0x2 
 .text.rcc_periph_clock_enable
                0x0000000008000790       0x1c ../libopencm3//lib/libopencm3_stm32f0.a(rcc_common_all.o)
                0x0000000008000790                rcc_periph_clock_enable
 .text.rcc_periph_reset_pulse
                0x00000000080007ac       0x20 ../libopencm3//lib/libopencm3_stm32f0.a(rcc_common_all.o)
                0x00000000080007ac                rcc_periph_reset_pulse
 .text.usart_set_baudrate
                0x00000000080007cc       0x1c ../libopencm3//lib/libopencm3_stm32f0.a(usart_common_all.o)
                0x00000000080007cc                usart_set_baudrate
 .text.usart_set_databits
                0x00000000080007e8       0x1c ../libopencm3//lib/libopencm3_stm32f0.a(usart_common_all.o)
                0x00000000080007e8                usart_set_databits
 .text.usart_set_stopbits
                0x0000000008000804       0x10 ../libopencm3//lib/libopencm3_stm32f0.a(usart_common_all.o)
                0x0000000008000804                usart_set_stopbits
 .text.usart_set_parity
                0x0000000008000814       0x10 ../libopencm3//lib/libopencm3_stm32f0.a(usart_common_all.o)
                0x0000000008000814                usart_set_parity
 .text.usart_set_mode
                0x0000000008000824        0xc ../libopencm3//lib/libopencm3_stm32f0.a(usart_common_all.o)
                0x0000000008000824                usart_set_mode
 .text.usart_set_flow_control
                0x0000000008000830       0x10 ../libopencm3//lib/libopencm3_stm32f0.a(usart_common_all.o)
                0x0000000008000830                usart_set_flow_control
 .text.usart_enable
                0x0000000008000840        0xa ../libopencm3//lib/libopencm3_stm32f0.a(usart_common_all.o)
                0x0000000008000840                usart_enable
 .text.usart_send_blocking
                0x000000000800084a       0x14 ../libopencm3//lib/libopencm3_stm32f0.a(usart_common_all.o)
                0x000000000800084a                usart_send_blocking
 .text.usart_send
                0x000000000800085e        0x8 ../libopencm3//lib/libopencm3_stm32f0.a(usart_common_v2.o)
                0x000000000800085e                usart_send
 .text.usart_wait_send_ready
                0x0000000008000866        0xa ../libopencm3//lib/libopencm3_stm32f0.a(usart_common_v2.o)
                0x0000000008000866                usart_wait_send_ready
 .text.i2c_reset
                0x0000000008000870       0x2c ../libopencm3//lib/libopencm3_stm32f0.a(i2c_common_v2.o)
                0x0000000008000870                i2c_reset
 .text.i2c_peripheral_enable
                0x000000000800089c        0xa ../libopencm3//lib/libopencm3_stm32f0.a(i2c_common_v2.o)
                0x000000000800089c                i2c_peripheral_enable
 .text.i2c_peripheral_disable
                0x00000000080008a6        0xa ../libopencm3//lib/libopencm3_stm32f0.a(i2c_common_v2.o)
                0x00000000080008a6                i2c_peripheral_disable
 .text.i2c_send_start
                0x00000000080008b0        0xc ../libopencm3//lib/libopencm3_stm32f0.a(i2c_common_v2.o)
                0x00000000080008b0                i2c_send_start
 .text.i2c_send_data
                0x00000000080008bc        0x4 ../libopencm3//lib/libopencm3_stm32f0.a(i2c_common_v2.o)
                0x00000000080008bc                i2c_send_data
 .text.i2c_get_data
                0x00000000080008c0        0x6 ../libopencm3//lib/libopencm3_stm32f0.a(i2c_common_v2.o)
                0x00000000080008c0                i2c_get_data
 *fill*         0x00000000080008c6        0x2 
 .text.i2c_enable_analog_filter
                0x00000000080008c8       0x10 ../libopencm3//lib/libopencm3_stm32f0.a(i2c_common_v2.o)
                0x00000000080008c8                i2c_enable_analog_filter
 .text.i2c_set_prescaler
                0x00000000080008d8        0xe ../libopencm3//lib/libopencm3_stm32f0.a(i2c_common_v2.o)
                0x00000000080008d8                i2c_set_prescaler
 *fill*         0x00000000080008e6        0x2 
 .text.i2c_set_data_setup_time
                0x00000000080008e8       0x14 ../libopencm3//lib/libopencm3_stm32f0.a(i2c_common_v2.o)
                0x00000000080008e8                i2c_set_data_setup_time
 .text.i2c_set_data_hold_time
                0x00000000080008fc       0x14 ../libopencm3//lib/libopencm3_stm32f0.a(i2c_common_v2.o)
                0x00000000080008fc                i2c_set_data_hold_time
 .text.i2c_set_scl_high_period
                0x0000000008000910       0x14 ../libopencm3//lib/libopencm3_stm32f0.a(i2c_common_v2.o)
                0x0000000008000910                i2c_set_scl_high_period
 .text.i2c_set_scl_low_period
                0x0000000008000924        0xc ../libopencm3//lib/libopencm3_stm32f0.a(i2c_common_v2.o)
                0x0000000008000924                i2c_set_scl_low_period
 .text.i2c_enable_stretching
                0x0000000008000930       0x10 ../libopencm3//lib/libopencm3_stm32f0.a(i2c_common_v2.o)
                0x0000000008000930                i2c_enable_stretching
 .text.i2c_set_7bit_addr_mode
                0x0000000008000940       0x10 ../libopencm3//lib/libopencm3_stm32f0.a(i2c_common_v2.o)
                0x0000000008000940                i2c_set_7bit_addr_mode
 .text.i2c_set_7bit_address
                0x0000000008000950       0x12 ../libopencm3//lib/libopencm3_stm32f0.a(i2c_common_v2.o)
                0x0000000008000950                i2c_set_7bit_address
 *fill*         0x0000000008000962        0x2 
 .text.i2c_set_write_transfer_dir
                0x0000000008000964       0x10 ../libopencm3//lib/libopencm3_stm32f0.a(i2c_common_v2.o)
                0x0000000008000964                i2c_set_write_transfer_dir
 .text.i2c_set_read_transfer_dir
                0x0000000008000974        0xc ../libopencm3//lib/libopencm3_stm32f0.a(i2c_common_v2.o)
                0x0000000008000974                i2c_set_read_transfer_dir
 .text.i2c_set_bytes_to_transfer
                0x0000000008000980       0x14 ../libopencm3//lib/libopencm3_stm32f0.a(i2c_common_v2.o)
                0x0000000008000980                i2c_set_bytes_to_transfer
 .text.i2c_enable_autoend
                0x0000000008000994        0xc ../libopencm3//lib/libopencm3_stm32f0.a(i2c_common_v2.o)
                0x0000000008000994                i2c_enable_autoend
 .text.i2c_disable_autoend
                0x00000000080009a0       0x10 ../libopencm3//lib/libopencm3_stm32f0.a(i2c_common_v2.o)
                0x00000000080009a0                i2c_disable_autoend
 .text.i2c_nack
                0x00000000080009b0        0x8 ../libopencm3//lib/libopencm3_stm32f0.a(i2c_common_v2.o)
                0x00000000080009b0                i2c_nack
 .text.i2c_transmit_int_status
                0x00000000080009b8        0x8 ../libopencm3//lib/libopencm3_stm32f0.a(i2c_common_v2.o)
                0x00000000080009b8                i2c_transmit_int_status
 .text.i2c_transfer_complete
                0x00000000080009c0        0x8 ../libopencm3//lib/libopencm3_stm32f0.a(i2c_common_v2.o)
                0x00000000080009c0                i2c_transfer_complete
 .text.i2c_received_data
                0x00000000080009c8        0x8 ../libopencm3//lib/libopencm3_stm32f0.a(i2c_common_v2.o)
                0x00000000080009c8                i2c_received_data
 .text.i2c_transfer7
                0x00000000080009d0       0xb2 ../libopencm3//lib/libopencm3_stm32f0.a(i2c_common_v2.o)
                0x00000000080009d0                i2c_transfer7
 .text.i2c_set_speed
                0x0000000008000a82       0x5e ../libopencm3//lib/libopencm3_stm32f0.a(i2c_common_v2.o)
                0x0000000008000a82                i2c_set_speed
 .text.blocking_handler
                0x0000000008000ae0        0x2 ../libopencm3//lib/libopencm3_stm32f0.a(vector.o)
                0x0000000008000ae0                rtc_isr
                0x0000000008000ae0                tim7_isr
                0x0000000008000ae0                blocking_handler
                0x0000000008000ae0                tsc_isr
                0x0000000008000ae0                spi1_isr
                0x0000000008000ae0                i2c1_isr
                0x0000000008000ae0                tim17_isr
                0x0000000008000ae0                i2c2_isr
                0x0000000008000ae0                usart1_isr
                0x0000000008000ae0                usart3_4_isr
                0x0000000008000ae0                tim1_cc_isr
                0x0000000008000ae0                exti2_3_isr
                0x0000000008000ae0                tim16_isr
                0x0000000008000ae0                pvd_isr
                0x0000000008000ae0                rcc_isr
                0x0000000008000ae0                flash_isr
                0x0000000008000ae0                hard_fault_handler
                0x0000000008000ae0                tim14_isr
                0x0000000008000ae0                spi2_isr
                0x0000000008000ae0                usb_isr
                0x0000000008000ae0                tim15_isr
                0x0000000008000ae0                tim3_isr
                0x0000000008000ae0                usart2_isr
                0x0000000008000ae0                adc_comp_isr
                0x0000000008000ae0                dma1_channel1_isr
                0x0000000008000ae0                tim6_dac_isr
                0x0000000008000ae0                tim1_brk_up_trg_com_isr
                0x0000000008000ae0                dma1_channel2_3_isr
                0x0000000008000ae0                exti4_15_isr
                0x0000000008000ae0                cec_can_isr
                0x0000000008000ae0                wwdg_isr
                0x0000000008000ae0                tim2_isr
                0x0000000008000ae0                dma1_channel4_5_isr
                0x0000000008000ae0                exti0_1_isr
 .text.null_handler
                0x0000000008000ae2        0x2 ../libopencm3//lib/libopencm3_stm32f0.a(vector.o)
                0x0000000008000ae2                null_handler
                0x0000000008000ae2                sv_call_handler
                0x0000000008000ae2                pend_sv_handler
                0x0000000008000ae2                sys_tick_handler
                0x0000000008000ae2                nmi_handler
 .text.reset_handler
                0x0000000008000ae4       0x8c ../libopencm3//lib/libopencm3_stm32f0.a(vector.o)
                0x0000000008000ae4                reset_handler
 .text.memcpy   0x0000000008000b70       0x84 /home/ia/ARM_toolchain/gcc-arm-none-eabi-6-2017-q2-update/bin/../lib/gcc/arm-none-eabi/6.3.1/../../../../arm-none-eabi/lib/thumb/v6-m/libc.a(lib_a-memcpy-stub.o)
                0x0000000008000b70                memcpy
 .text.memset   0x0000000008000bf4       0x94 /home/ia/ARM_toolchain/gcc-arm-none-eabi-6-2017-q2-update/bin/../lib/gcc/arm-none-eabi/6.3.1/../../../../arm-none-eabi/lib/thumb/v6-m/libc.a(lib_a-memset.o)
                0x0000000008000bf4                memset
 .text.sprintf  0x0000000008000c88       0x44 /home/ia/ARM_toolchain/gcc-arm-none-eabi-6-2017-q2-update/bin/../lib/gcc/arm-none-eabi/6.3.1/../../../../arm-none-eabi/lib/thumb/v6-m/libc.a(lib_a-sprintf.o)
                0x0000000008000c88                sprintf
 .text._svfprintf_r
                0x0000000008000ccc     0x1608 /home/ia/ARM_toolchain/gcc-arm-none-eabi-6-2017-q2-update/bin/../lib/gcc/arm-none-eabi/6.3.1/../../../../arm-none-eabi/lib/thumb/v6-m/libc.a(lib_a-svfprintf.o)
                0x0000000008000ccc                _svfprintf_r
 .text.quorem   0x00000000080022d4      0x154 /home/ia/ARM_toolchain/gcc-arm-none-eabi-6-2017-q2-update/bin/../lib/gcc/arm-none-eabi/6.3.1/../../../../arm-none-eabi/lib/thumb/v6-m/libc.a(lib_a-dtoa.o)
 .text._dtoa_r  0x0000000008002428      0xf88 /home/ia/ARM_toolchain/gcc-arm-none-eabi-6-2017-q2-update/bin/../lib/gcc/arm-none-eabi/6.3.1/../../../../arm-none-eabi/lib/thumb/v6-m/libc.a(lib_a-dtoa.o)
                0x0000000008002428                _dtoa_r
 .text._localeconv_r
                0x00000000080033b0       0x1c /home/ia/ARM_toolchain/gcc-arm-none-eabi-6-2017-q2-update/bin/../lib/gcc/arm-none-eabi/6.3.1/../../../../arm-none-eabi/lib/thumb/v6-m/libc.a(lib_a-localeconv.o)
                0x00000000080033b0                _localeconv_r
 .text._malloc_r
                0x00000000080033cc      0x568 /home/ia/ARM_toolchain/gcc-arm-none-eabi-6-2017-q2-update/bin/../lib/gcc/arm-none-eabi/6.3.1/../../../../arm-none-eabi/lib/thumb/v6-m/libc.a(lib_a-mallocr.o)
                0x00000000080033cc                _malloc_r
 .text.memchr   0x0000000008003934       0x80 /home/ia/ARM_toolchain/gcc-arm-none-eabi-6-2017-q2-update/bin/../lib/gcc/arm-none-eabi/6.3.1/../../../../arm-none-eabi/lib/thumb/v6-m/libc.a(lib_a-memchr-stub.o)
                0x0000000008003934                memchr
 .text.__malloc_lock
                0x00000000080039b4       0x10 /home/ia/ARM_toolchain/gcc-arm-none-eabi-6-2017-q2-update/bin/../lib/gcc/arm-none-eabi/6.3.1/../../../../arm-none-eabi/lib/thumb/v6-m/libc.a(lib_a-mlock.o)
                0x00000000080039b4                __malloc_lock
 .text.__malloc_unlock
                0x00000000080039c4       0x10 /home/ia/ARM_toolchain/gcc-arm-none-eabi-6-2017-q2-update/bin/../lib/gcc/arm-none-eabi/6.3.1/../../../../arm-none-eabi/lib/thumb/v6-m/libc.a(lib_a-mlock.o)
                0x00000000080039c4                __malloc_unlock
 .text._Balloc  0x00000000080039d4       0x50 /home/ia/ARM_toolchain/gcc-arm-none-eabi-6-2017-q2-update/bin/../lib/gcc/arm-none-eabi/6.3.1/../../../../arm-none-eabi/lib/thumb/v6-m/libc.a(lib_a-mprec.o)
                0x00000000080039d4                _Balloc
 .text._Bfree   0x0000000008003a24       0x14 /home/ia/ARM_toolchain/gcc-arm-none-eabi-6-2017-q2-update/bin/../lib/gcc/arm-none-eabi/6.3.1/../../../../arm-none-eabi/lib/thumb/v6-m/libc.a(lib_a-mprec.o)
                0x0000000008003a24                _Bfree
 .text.__multadd
                0x0000000008003a38       0x8c /home/ia/ARM_toolchain/gcc-arm-none-eabi-6-2017-q2-update/bin/../lib/gcc/arm-none-eabi/6.3.1/../../../../arm-none-eabi/lib/thumb/v6-m/libc.a(lib_a-mprec.o)
                0x0000000008003a38                __multadd
 .text.__hi0bits
                0x0000000008003ac4       0x34 /home/ia/ARM_toolchain/gcc-arm-none-eabi-6-2017-q2-update/bin/../lib/gcc/arm-none-eabi/6.3.1/../../../../arm-none-eabi/lib/thumb/v6-m/libc.a(lib_a-mprec.o)
                0x0000000008003ac4                __hi0bits
 .text.__lo0bits
                0x0000000008003af8       0x5c /home/ia/ARM_toolchain/gcc-arm-none-eabi-6-2017-q2-update/bin/../lib/gcc/arm-none-eabi/6.3.1/../../../../arm-none-eabi/lib/thumb/v6-m/libc.a(lib_a-mprec.o)
                0x0000000008003af8                __lo0bits
 .text.__i2b    0x0000000008003b54       0x14 /home/ia/ARM_toolchain/gcc-arm-none-eabi-6-2017-q2-update/bin/../lib/gcc/arm-none-eabi/6.3.1/../../../../arm-none-eabi/lib/thumb/v6-m/libc.a(lib_a-mprec.o)
                0x0000000008003b54                __i2b
 .text.__multiply
                0x0000000008003b68      0x154 /home/ia/ARM_toolchain/gcc-arm-none-eabi-6-2017-q2-update/bin/../lib/gcc/arm-none-eabi/6.3.1/../../../../arm-none-eabi/lib/thumb/v6-m/libc.a(lib_a-mprec.o)
                0x0000000008003b68                __multiply
 .text.__pow5mult
                0x0000000008003cbc       0xc0 /home/ia/ARM_toolchain/gcc-arm-none-eabi-6-2017-q2-update/bin/../lib/gcc/arm-none-eabi/6.3.1/../../../../arm-none-eabi/lib/thumb/v6-m/libc.a(lib_a-mprec.o)
                0x0000000008003cbc                __pow5mult
 .text.__lshift
                0x0000000008003d7c       0xc0 /home/ia/ARM_toolchain/gcc-arm-none-eabi-6-2017-q2-update/bin/../lib/gcc/arm-none-eabi/6.3.1/../../../../arm-none-eabi/lib/thumb/v6-m/libc.a(lib_a-mprec.o)
                0x0000000008003d7c                __lshift
 .text.__mcmp   0x0000000008003e3c       0x34 /home/ia/ARM_toolchain/gcc-arm-none-eabi-6-2017-q2-update/bin/../lib/gcc/arm-none-eabi/6.3.1/../../../../arm-none-eabi/lib/thumb/v6-m/libc.a(lib_a-mprec.o)
                0x0000000008003e3c                __mcmp
 .text.__mdiff  0x0000000008003e70      0x138 /home/ia/ARM_toolchain/gcc-arm-none-eabi-6-2017-q2-update/bin/../lib/gcc/arm-none-eabi/6.3.1/../../../../arm-none-eabi/lib/thumb/v6-m/libc.a(lib_a-mprec.o)
                0x0000000008003e70                __mdiff
 .text.__d2b    0x0000000008003fa8       0xbc /home/ia/ARM_toolchain/gcc-arm-none-eabi-6-2017-q2-update/bin/../lib/gcc/arm-none-eabi/6.3.1/../../../../arm-none-eabi/lib/thumb/v6-m/libc.a(lib_a-mprec.o)
                0x0000000008003fa8                __d2b
 .text._sbrk_r  0x0000000008004064       0x24 /home/ia/ARM_toolchain/gcc-arm-none-eabi-6-2017-q2-update/bin/../lib/gcc/arm-none-eabi/6.3.1/../../../../arm-none-eabi/lib/thumb/v6-m/libc.a(lib_a-sbrkr.o)
                0x0000000008004064                _sbrk_r
 .text.strlen   0x0000000008004088       0x64 /home/ia/ARM_toolchain/gcc-arm-none-eabi-6-2017-q2-update/bin/../lib/gcc/arm-none-eabi/6.3.1/../../../../arm-none-eabi/lib/thumb/v6-m/libc.a(lib_a-strlen-stub.o)
                0x0000000008004088                strlen
 .text.__ssprint_r
                0x00000000080040ec      0x120 /home/ia/ARM_toolchain/gcc-arm-none-eabi-6-2017-q2-update/bin/../lib/gcc/arm-none-eabi/6.3.1/../../../../arm-none-eabi/lib/thumb/v6-m/libc.a(lib_a-svfiprintf.o)
                0x00000000080040ec                __ssprint_r
 .text._calloc_r
                0x000000000800420c       0x58 /home/ia/ARM_toolchain/gcc-arm-none-eabi-6-2017-q2-update/bin/../lib/gcc/arm-none-eabi/6.3.1/../../../../arm-none-eabi/lib/thumb/v6-m/libc.a(lib_a-callocr.o)
                0x000000000800420c                _calloc_r
 .text._malloc_trim_r
                0x0000000008004264       0xa0 /home/ia/ARM_toolchain/gcc-arm-none-eabi-6-2017-q2-update/bin/../lib/gcc/arm-none-eabi/6.3.1/../../../../arm-none-eabi/lib/thumb/v6-m/libc.a(lib_a-freer.o)
                0x0000000008004264                _malloc_trim_r
 .text._free_r  0x0000000008004304      0x1bc /home/ia/ARM_toolchain/gcc-arm-none-eabi-6-2017-q2-update/bin/../lib/gcc/arm-none-eabi/6.3.1/../../../../arm-none-eabi/lib/thumb/v6-m/libc.a(lib_a-freer.o)
                0x0000000008004304                _free_r
 .text.__retarget_lock_acquire_recursive
                0x00000000080044c0        0x4 /home/ia/ARM_toolchain/gcc-arm-none-eabi-6-2017-q2-update/bin/../lib/gcc/arm-none-eabi/6.3.1/../../../../arm-none-eabi/lib/thumb/v6-m/libc.a(lib_a-lock.o)
                0x00000000080044c0                __retarget_lock_acquire_recursive
 .text.__retarget_lock_release_recursive
                0x00000000080044c4        0x4 /home/ia/ARM_toolchain/gcc-arm-none-eabi-6-2017-q2-update/bin/../lib/gcc/arm-none-eabi/6.3.1/../../../../arm-none-eabi/lib/thumb/v6-m/libc.a(lib_a-lock.o)
                0x00000000080044c4                __retarget_lock_release_recursive
 .text.__ascii_mbtowc
                0x00000000080044c8       0x2c /home/ia/ARM_toolchain/gcc-arm-none-eabi-6-2017-q2-update/bin/../lib/gcc/arm-none-eabi/6.3.1/../../../../arm-none-eabi/lib/thumb/v6-m/libc.a(lib_a-mbtowc_r.o)
                0x00000000080044c8                __ascii_mbtowc
 .text.memmove  0x00000000080044f4       0xa0 /home/ia/ARM_toolchain/gcc-arm-none-eabi-6-2017-q2-update/bin/../lib/gcc/arm-none-eabi/6.3.1/../../../../arm-none-eabi/lib/thumb/v6-m/libc.a(lib_a-memmove.o)
                0x00000000080044f4                memmove
 .text._realloc_r
                0x0000000008004594      0x37c /home/ia/ARM_toolchain/gcc-arm-none-eabi-6-2017-q2-update/bin/../lib/gcc/arm-none-eabi/6.3.1/../../../../arm-none-eabi/lib/thumb/v6-m/libc.a(lib_a-reallocr.o)
                0x0000000008004594                _realloc_r
 .text.__ascii_wctomb
                0x0000000008004910       0x1c /home/ia/ARM_toolchain/gcc-arm-none-eabi-6-2017-q2-update/bin/../lib/gcc/arm-none-eabi/6.3.1/../../../../arm-none-eabi/lib/thumb/v6-m/libc.a(lib_a-wctomb_r.o)
                0x0000000008004910                __ascii_wctomb
 .text          0x000000000800492c      0x114 /home/ia/ARM_toolchain/gcc-arm-none-eabi-6-2017-q2-update/bin/../lib/gcc/arm-none-eabi/6.3.1/thumb/v6-m/libgcc.a(_udivsi3.o)
                0x000000000800492c                __udivsi3
                0x000000000800492c                __aeabi_uidiv
                0x0000000008004a38                __aeabi_uidivmod
 .text          0x0000000008004a40      0x1d4 /home/ia/ARM_toolchain/gcc-arm-none-eabi-6-2017-q2-update/bin/../lib/gcc/arm-none-eabi/6.3.1/thumb/v6-m/libgcc.a(_divsi3.o)
                0x0000000008004a40                __aeabi_idiv
                0x0000000008004a40                __divsi3
                0x0000000008004c0c                __aeabi_idivmod
 .text          0x0000000008004c14        0x4 /home/ia/ARM_toolchain/gcc-arm-none-eabi-6-2017-q2-update/bin/../lib/gcc/arm-none-eabi/6.3.1/thumb/v6-m/libgcc.a(_dvmd_tls.o)
                0x0000000008004c14                __aeabi_ldiv0
                0x0000000008004c14                __aeabi_idiv0
 .text          0x0000000008004c18       0x7c /home/ia/ARM_toolchain/gcc-arm-none-eabi-6-2017-q2-update/bin/../lib/gcc/arm-none-eabi/6.3.1/thumb/v6-m/libgcc.a(_arm_cmpdf2.o)
                0x0000000008004c18                __aeabi_cdrcmple
                0x0000000008004c28                __aeabi_cdcmple
                0x0000000008004c28                __aeabi_cdcmpeq
                0x0000000008004c38                __aeabi_dcmpeq
                0x0000000008004c44                __aeabi_dcmplt
                0x0000000008004c58                __aeabi_dcmple
                0x0000000008004c6c                __aeabi_dcmpgt
                0x0000000008004c80                __aeabi_dcmpge
 .text          0x0000000008004c94       0x74 /home/ia/ARM_toolchain/gcc-arm-none-eabi-6-2017-q2-update/bin/../lib/gcc/arm-none-eabi/6.3.1/thumb/v6-m/libgcc.a(_arm_cmpsf2.o)
                0x0000000008004c94                __aeabi_cfrcmple
                0x0000000008004c9c                __aeabi_cfcmple
                0x0000000008004c9c                __aeabi_cfcmpeq
                0x0000000008004cac                __aeabi_fcmpeq
                0x0000000008004cb8                __aeabi_fcmplt
                0x0000000008004ccc                __aeabi_fcmple
                0x0000000008004ce0                __aeabi_fcmpgt
                0x0000000008004cf4                __aeabi_fcmpge
 .text          0x0000000008004d08       0x40 /home/ia/ARM_toolchain/gcc-arm-none-eabi-6-2017-q2-update/bin/../lib/gcc/arm-none-eabi/6.3.1/thumb/v6-m/libgcc.a(_aeabi_uldivmod.o)
                0x0000000008004d08                __aeabi_uldivmod
 .text          0x0000000008004d48      0x180 /home/ia/ARM_toolchain/gcc-arm-none-eabi-6-2017-q2-update/bin/../lib/gcc/arm-none-eabi/6.3.1/thumb/v6-m/libgcc.a(_udivmoddi4.o)
                0x0000000008004d48                __udivmoddi4
 .text          0x0000000008004ec8       0x4c /home/ia/ARM_toolchain/gcc-arm-none-eabi-6-2017-q2-update/bin/../lib/gcc/arm-none-eabi/6.3.1/thumb/v6-m/libgcc.a(eqsf2.o)
                0x0000000008004ec8                __nesf2
                0x0000000008004ec8                __eqsf2
 .text          0x0000000008004f14       0x80 /home/ia/ARM_toolchain/gcc-arm-none-eabi-6-2017-q2-update/bin/../lib/gcc/arm-none-eabi/6.3.1/thumb/v6-m/libgcc.a(gesf2.o)
                0x0000000008004f14                __gtsf2
                0x0000000008004f14                __gesf2
 .text          0x0000000008004f94       0x84 /home/ia/ARM_toolchain/gcc-arm-none-eabi-6-2017-q2-update/bin/../lib/gcc/arm-none-eabi/6.3.1/thumb/v6-m/libgcc.a(lesf2.o)
                0x0000000008004f94                __lesf2
                0x0000000008004f94                __ltsf2
 .text          0x0000000008005018      0x240 /home/ia/ARM_toolchain/gcc-arm-none-eabi-6-2017-q2-update/bin/../lib/gcc/arm-none-eabi/6.3.1/thumb/v6-m/libgcc.a(mulsf3.o)
                0x0000000008005018                __aeabi_fmul
 .text          0x0000000008005258       0xa0 /home/ia/ARM_toolchain/gcc-arm-none-eabi-6-2017-q2-update/bin/../lib/gcc/arm-none-eabi/6.3.1/thumb/v6-m/libgcc.a(floatsisf.o)
                0x0000000008005258                __aeabi_i2f
 .text          0x00000000080052f8      0x620 /home/ia/ARM_toolchain/gcc-arm-none-eabi-6-2017-q2-update/bin/../lib/gcc/arm-none-eabi/6.3.1/thumb/v6-m/libgcc.a(adddf3.o)
                0x00000000080052f8                __aeabi_dadd
 .text          0x0000000008005918      0x668 /home/ia/ARM_toolchain/gcc-arm-none-eabi-6-2017-q2-update/bin/../lib/gcc/arm-none-eabi/6.3.1/thumb/v6-m/libgcc.a(divdf3.o)
                0x0000000008005918                __aeabi_ddiv
 .text          0x0000000008005f80       0x74 /home/ia/ARM_toolchain/gcc-arm-none-eabi-6-2017-q2-update/bin/../lib/gcc/arm-none-eabi/6.3.1/thumb/v6-m/libgcc.a(eqdf2.o)
                0x0000000008005f80                __eqdf2
                0x0000000008005f80                __nedf2
 .text          0x0000000008005ff4       0xc8 /home/ia/ARM_toolchain/gcc-arm-none-eabi-6-2017-q2-update/bin/../lib/gcc/arm-none-eabi/6.3.1/thumb/v6-m/libgcc.a(gedf2.o)
                0x0000000008005ff4                __gtdf2
                0x0000000008005ff4                __gedf2
 .text          0x00000000080060bc       0xc4 /home/ia/ARM_toolchain/gcc-arm-none-eabi-6-2017-q2-update/bin/../lib/gcc/arm-none-eabi/6.3.1/thumb/v6-m/libgcc.a(ledf2.o)
                0x00000000080060bc                __ltdf2
                0x00000000080060bc                __ledf2
 .text          0x0000000008006180      0x500 /home/ia/ARM_toolchain/gcc-arm-none-eabi-6-2017-q2-update/bin/../lib/gcc/arm-none-eabi/6.3.1/thumb/v6-m/libgcc.a(muldf3.o)
                0x0000000008006180                __aeabi_dmul
 .text          0x0000000008006680      0x62c /home/ia/ARM_toolchain/gcc-arm-none-eabi-6-2017-q2-update/bin/../lib/gcc/arm-none-eabi/6.3.1/thumb/v6-m/libgcc.a(subdf3.o)
                0x0000000008006680                __aeabi_dsub
 .text          0x0000000008006cac       0x40 /home/ia/ARM_toolchain/gcc-arm-none-eabi-6-2017-q2-update/bin/../lib/gcc/arm-none-eabi/6.3.1/thumb/v6-m/libgcc.a(unorddf2.o)
                0x0000000008006cac                __aeabi_dcmpun
 .text          0x0000000008006cec       0x68 /home/ia/ARM_toolchain/gcc-arm-none-eabi-6-2017-q2-update/bin/../lib/gcc/arm-none-eabi/6.3.1/thumb/v6-m/libgcc.a(fixdfsi.o)
                0x0000000008006cec                __aeabi_d2iz
 .text          0x0000000008006d54       0x84 /home/ia/ARM_toolchain/gcc-arm-none-eabi-6-2017-q2-update/bin/../lib/gcc/arm-none-eabi/6.3.1/thumb/v6-m/libgcc.a(floatsidf.o)
                0x0000000008006d54                __aeabi_i2d
 .text          0x0000000008006dd8       0x70 /home/ia/ARM_toolchain/gcc-arm-none-eabi-6-2017-q2-update/bin/../lib/gcc/arm-none-eabi/6.3.1/thumb/v6-m/libgcc.a(floatunsidf.o)
                0x0000000008006dd8                __aeabi_ui2d
 .text          0x0000000008006e48       0x3c /home/ia/ARM_toolchain/gcc-arm-none-eabi-6-2017-q2-update/bin/../lib/gcc/arm-none-eabi/6.3.1/thumb/v6-m/libgcc.a(_clzsi2.o)
                0x0000000008006e48                __clzsi2
 .text          0x0000000008006e84       0x18 /home/ia/ARM_toolchain/gcc-arm-none-eabi-6-2017-q2-update/bin/../lib/gcc/arm-none-eabi/6.3.1/thumb/v6-m/libgcc.a(_clzdi2.o)
                0x0000000008006e84                __clzdi2
 .text._sbrk    0x0000000008006e9c       0x1c /home/ia/ARM_toolchain/gcc-arm-none-eabi-6-2017-q2-update/bin/../lib/gcc/arm-none-eabi/6.3.1/../../../../arm-none-eabi/lib/thumb/v6-m/libnosys.a(sbrk.o)
                0x0000000008006e9c                _sbrk
                0x0000000008006eb8                . = ALIGN (0x4)
 *(.rodata*)
 .rodata.main.str1.1
                0x0000000008006eb8        0x5 main.o
 .rodata        0x0000000008006ebd        0x2 src/bme280.o
 *fill*         0x0000000008006ebf        0x1 
 .rodata._svfprintf_r
                0x0000000008006ec0      0x164 /home/ia/ARM_toolchain/gcc-arm-none-eabi-6-2017-q2-update/bin/../lib/gcc/arm-none-eabi/6.3.1/../../../../arm-none-eabi/lib/thumb/v6-m/libc.a(lib_a-svfprintf.o)
 .rodata._svfprintf_r.str1.4
                0x0000000008007024       0x42 /home/ia/ARM_toolchain/gcc-arm-none-eabi-6-2017-q2-update/bin/../lib/gcc/arm-none-eabi/6.3.1/../../../../arm-none-eabi/lib/thumb/v6-m/libc.a(lib_a-svfprintf.o)
 *fill*         0x0000000008007066        0x2 
 .rodata.blanks.7223
                0x0000000008007068       0x10 /home/ia/ARM_toolchain/gcc-arm-none-eabi-6-2017-q2-update/bin/../lib/gcc/arm-none-eabi/6.3.1/../../../../arm-none-eabi/lib/thumb/v6-m/libc.a(lib_a-svfprintf.o)
 .rodata.zeroes.7224
                0x0000000008007078       0x10 /home/ia/ARM_toolchain/gcc-arm-none-eabi-6-2017-q2-update/bin/../lib/gcc/arm-none-eabi/6.3.1/../../../../arm-none-eabi/lib/thumb/v6-m/libc.a(lib_a-svfprintf.o)
 .rodata._dtoa_r.str1.4
                0x0000000008007088       0x10 /home/ia/ARM_toolchain/gcc-arm-none-eabi-6-2017-q2-update/bin/../lib/gcc/arm-none-eabi/6.3.1/../../../../arm-none-eabi/lib/thumb/v6-m/libc.a(lib_a-dtoa.o)
                                         0x12 (size before relaxing)
 .rodata.__mprec_bigtens
                0x0000000008007098       0x28 /home/ia/ARM_toolchain/gcc-arm-none-eabi-6-2017-q2-update/bin/../lib/gcc/arm-none-eabi/6.3.1/../../../../arm-none-eabi/lib/thumb/v6-m/libc.a(lib_a-mprec.o)
                0x0000000008007098                __mprec_bigtens
 .rodata.__mprec_tens
                0x00000000080070c0       0xc8 /home/ia/ARM_toolchain/gcc-arm-none-eabi-6-2017-q2-update/bin/../lib/gcc/arm-none-eabi/6.3.1/../../../../arm-none-eabi/lib/thumb/v6-m/libc.a(lib_a-mprec.o)
                0x00000000080070c0                __mprec_tens
 .rodata.p05.6055
                0x0000000008007188        0xc /home/ia/ARM_toolchain/gcc-arm-none-eabi-6-2017-q2-update/bin/../lib/gcc/arm-none-eabi/6.3.1/../../../../arm-none-eabi/lib/thumb/v6-m/libc.a(lib_a-mprec.o)
 .rodata._setlocale_r.str1.4
                0x0000000008007194        0xa /home/ia/ARM_toolchain/gcc-arm-none-eabi-6-2017-q2-update/bin/../lib/gcc/arm-none-eabi/6.3.1/../../../../arm-none-eabi/lib/thumb/v6-m/libc.a(lib_a-locale.o)
                                          0xd (size before relaxing)
 *fill*         0x000000000800719e        0x2 
 .rodata.str1.4
                0x00000000080071a0        0x4 /home/ia/ARM_toolchain/gcc-arm-none-eabi-6-2017-q2-update/bin/../lib/gcc/arm-none-eabi/6.3.1/../../../../arm-none-eabi/lib/thumb/v6-m/libc.a(lib_a-locale.o)
                                          0x2 (size before relaxing)
 .rodata._ctype_
                0x00000000080071a4      0x101 /home/ia/ARM_toolchain/gcc-arm-none-eabi-6-2017-q2-update/bin/../lib/gcc/arm-none-eabi/6.3.1/../../../../arm-none-eabi/lib/thumb/v6-m/libc.a(lib_a-ctype_.o)
                0x00000000080071a4                _ctype_
 *fill*         0x00000000080072a5        0x3 
 .rodata        0x00000000080072a8       0x40 /home/ia/ARM_toolchain/gcc-arm-none-eabi-6-2017-q2-update/bin/../lib/gcc/arm-none-eabi/6.3.1/thumb/v6-m/libgcc.a(mulsf3.o)
 .rodata        0x00000000080072e8       0x40 /home/ia/ARM_toolchain/gcc-arm-none-eabi-6-2017-q2-update/bin/../lib/gcc/arm-none-eabi/6.3.1/thumb/v6-m/libgcc.a(divdf3.o)
 .rodata        0x0000000008007328       0x40 /home/ia/ARM_toolchain/gcc-arm-none-eabi-6-2017-q2-update/bin/../lib/gcc/arm-none-eabi/6.3.1/thumb/v6-m/libgcc.a(muldf3.o)
                0x0000000008007368                . = ALIGN (0x4)

.glue_7         0x0000000008007368        0x0
 .glue_7        0x0000000008007368        0x0 linker stubs

.glue_7t        0x0000000008007368        0x0
 .glue_7t       0x0000000008007368        0x0 linker stubs

.vfp11_veneer   0x0000000008007368        0x0
 .vfp11_veneer  0x0000000008007368        0x0 linker stubs

.v4_bx          0x0000000008007368        0x0
 .v4_bx         0x0000000008007368        0x0 linker stubs

.iplt           0x0000000008007368        0x0
 .iplt          0x0000000008007368        0x0 main.o

.preinit_array  0x0000000008007368        0x0
                0x0000000008007368                . = ALIGN (0x4)
                0x0000000008007368                __preinit_array_start = .
 *(.preinit_array)
                0x0000000008007368                __preinit_array_end = .

.init_array     0x0000000008007368        0x0
                0x0000000008007368                . = ALIGN (0x4)
                0x0000000008007368                __init_array_start = .
 *(SORT(.init_array.*))
 *(.init_array)
                0x0000000008007368                __init_array_end = .

.fini_array     0x0000000008007368        0x0
                0x0000000008007368                . = ALIGN (0x4)
                0x0000000008007368                __fini_array_start = .
 *(.fini_array)
 *(SORT(.fini_array.*))
                0x0000000008007368                __fini_array_end = .

.ARM.extab
 *(.ARM.extab*)

.ARM.exidx      0x0000000008007368        0x8
                0x0000000008007368                __exidx_start = .
 *(.ARM.exidx*)
 .ARM.exidx     0x0000000008007368        0x8 /home/ia/ARM_toolchain/gcc-arm-none-eabi-6-2017-q2-update/bin/../lib/gcc/arm-none-eabi/6.3.1/thumb/v6-m/libgcc.a(_udivmoddi4.o)
                0x0000000008007370                __exidx_end = .

.rel.dyn        0x0000000008007370        0x0
 .rel.iplt      0x0000000008007370        0x0 main.o
                0x0000000008007370                . = ALIGN (0x4)
                0x0000000008007370                _etext = .

.data           0x0000000020000000      0x9ac load address 0x0000000008007370
                0x0000000020000000                _data = .
 *(.data*)
 .data.rcc_apb1_frequency
                0x0000000020000000        0x4 ../libopencm3//lib/libopencm3_stm32f0.a(rcc.o)
                0x0000000020000000                rcc_apb1_frequency
 .data._impure_ptr
                0x0000000020000004        0x4 /home/ia/ARM_toolchain/gcc-arm-none-eabi-6-2017-q2-update/bin/../lib/gcc/arm-none-eabi/6.3.1/../../../../arm-none-eabi/lib/thumb/v6-m/libc.a(lib_a-impure.o)
                0x0000000020000004                _impure_ptr
 .data.impure_data
                0x0000000020000008      0x428 /home/ia/ARM_toolchain/gcc-arm-none-eabi-6-2017-q2-update/bin/../lib/gcc/arm-none-eabi/6.3.1/../../../../arm-none-eabi/lib/thumb/v6-m/libc.a(lib_a-impure.o)
 .data.__malloc_av_
                0x0000000020000430      0x408 /home/ia/ARM_toolchain/gcc-arm-none-eabi-6-2017-q2-update/bin/../lib/gcc/arm-none-eabi/6.3.1/../../../../arm-none-eabi/lib/thumb/v6-m/libc.a(lib_a-mallocr.o)
                0x0000000020000430                __malloc_av_
 .data.__malloc_sbrk_base
                0x0000000020000838        0x4 /home/ia/ARM_toolchain/gcc-arm-none-eabi-6-2017-q2-update/bin/../lib/gcc/arm-none-eabi/6.3.1/../../../../arm-none-eabi/lib/thumb/v6-m/libc.a(lib_a-mallocr.o)
                0x0000000020000838                __malloc_sbrk_base
 .data.__malloc_trim_threshold
                0x000000002000083c        0x4 /home/ia/ARM_toolchain/gcc-arm-none-eabi-6-2017-q2-update/bin/../lib/gcc/arm-none-eabi/6.3.1/../../../../arm-none-eabi/lib/thumb/v6-m/libc.a(lib_a-mallocr.o)
                0x000000002000083c                __malloc_trim_threshold
 .data.__global_locale
                0x0000000020000840      0x16c /home/ia/ARM_toolchain/gcc-arm-none-eabi-6-2017-q2-update/bin/../lib/gcc/arm-none-eabi/6.3.1/../../../../arm-none-eabi/lib/thumb/v6-m/libc.a(lib_a-locale.o)
                0x0000000020000840                __global_locale
                0x00000000200009ac                . = ALIGN (0x4)
                0x00000000200009ac                _edata = .
                0x0000000008007370                _data_loadaddr = LOADADDR (.data)

.igot.plt       0x00000000200009ac        0x0 load address 0x0000000008007d1c
 .igot.plt      0x00000000200009ac        0x0 main.o

.bss            0x00000000200009ac       0xa8 load address 0x0000000008007d1c
 *(.bss*)
 .bss.comp_data
                0x00000000200009ac       0x22 main.o
                0x00000000200009ac                comp_data
 .bss.dig_H1    0x00000000200009ce        0x1 main.o
                0x00000000200009ce                dig_H1
 *fill*         0x00000000200009cf        0x1 
 .bss.dig_H2    0x00000000200009d0        0x2 main.o
                0x00000000200009d0                dig_H2
 .bss.dig_H3    0x00000000200009d2        0x1 main.o
                0x00000000200009d2                dig_H3
 *fill*         0x00000000200009d3        0x1 
 .bss.dig_H4    0x00000000200009d4        0x2 main.o
                0x00000000200009d4                dig_H4
 .bss.dig_H5    0x00000000200009d6        0x2 main.o
                0x00000000200009d6                dig_H5
 .bss.dig_H6    0x00000000200009d8        0x1 main.o
                0x00000000200009d8                dig_H6
 *fill*         0x00000000200009d9        0x1 
 .bss.dig_P1    0x00000000200009da        0x2 main.o
                0x00000000200009da                dig_P1
 .bss.dig_P2    0x00000000200009dc        0x2 main.o
                0x00000000200009dc                dig_P2
 .bss.dig_P3    0x00000000200009de        0x2 main.o
                0x00000000200009de                dig_P3
 .bss.dig_P4    0x00000000200009e0        0x2 main.o
                0x00000000200009e0                dig_P4
 .bss.dig_P5    0x00000000200009e2        0x2 main.o
                0x00000000200009e2                dig_P5
 .bss.dig_P6    0x00000000200009e4        0x2 main.o
                0x00000000200009e4                dig_P6
 .bss.dig_P7    0x00000000200009e6        0x2 main.o
                0x00000000200009e6                dig_P7
 .bss.dig_P8    0x00000000200009e8        0x2 main.o
                0x00000000200009e8                dig_P8
 .bss.dig_P9    0x00000000200009ea        0x2 main.o
                0x00000000200009ea                dig_P9
 .bss.dig_T1    0x00000000200009ec        0x2 main.o
                0x00000000200009ec                dig_T1
 .bss.dig_T2    0x00000000200009ee        0x2 main.o
                0x00000000200009ee                dig_T2
 .bss.dig_T3    0x00000000200009f0        0x2 main.o
                0x00000000200009f0                dig_T3
 *fill*         0x00000000200009f2        0x2 
 .bss.__malloc_current_mallinfo
                0x00000000200009f4       0x28 /home/ia/ARM_toolchain/gcc-arm-none-eabi-6-2017-q2-update/bin/../lib/gcc/arm-none-eabi/6.3.1/../../../../arm-none-eabi/lib/thumb/v6-m/libc.a(lib_a-mallocr.o)
                0x00000000200009f4                __malloc_current_mallinfo
 .bss.__malloc_max_sbrked_mem
                0x0000000020000a1c        0x4 /home/ia/ARM_toolchain/gcc-arm-none-eabi-6-2017-q2-update/bin/../lib/gcc/arm-none-eabi/6.3.1/../../../../arm-none-eabi/lib/thumb/v6-m/libc.a(lib_a-mallocr.o)
                0x0000000020000a1c                __malloc_max_sbrked_mem
 .bss.__malloc_max_total_mem
                0x0000000020000a20        0x4 /home/ia/ARM_toolchain/gcc-arm-none-eabi-6-2017-q2-update/bin/../lib/gcc/arm-none-eabi/6.3.1/../../../../arm-none-eabi/lib/thumb/v6-m/libc.a(lib_a-mallocr.o)
                0x0000000020000a20                __malloc_max_total_mem
 .bss.__malloc_top_pad
                0x0000000020000a24        0x4 /home/ia/ARM_toolchain/gcc-arm-none-eabi-6-2017-q2-update/bin/../lib/gcc/arm-none-eabi/6.3.1/../../../../arm-none-eabi/lib/thumb/v6-m/libc.a(lib_a-mallocr.o)
                0x0000000020000a24                __malloc_top_pad
 .bss.heap_end.4116
                0x0000000020000a28        0x4 /home/ia/ARM_toolchain/gcc-arm-none-eabi-6-2017-q2-update/bin/../lib/gcc/arm-none-eabi/6.3.1/../../../../arm-none-eabi/lib/thumb/v6-m/libnosys.a(sbrk.o)
 *(COMMON)
 COMMON         0x0000000020000a2c       0x21 /home/ia/ARM_toolchain/gcc-arm-none-eabi-6-2017-q2-update/bin/../lib/gcc/arm-none-eabi/6.3.1/../../../../arm-none-eabi/lib/thumb/v6-m/libc.a(lib_a-lock.o)
                0x0000000020000a2c                __lock___atexit_recursive_mutex
                0x0000000020000a30                __lock___arc4random_mutex
                0x0000000020000a34                __lock___env_recursive_mutex
                0x0000000020000a38                __lock___sinit_recursive_mutex
                0x0000000020000a3c                __lock___malloc_recursive_mutex
                0x0000000020000a40                __lock___at_quick_exit_mutex
                0x0000000020000a44                __lock___dd_hash_mutex
                0x0000000020000a48                __lock___tz_mutex
                0x0000000020000a4c                __lock___sfp_recursive_mutex
 *fill*         0x0000000020000a4d        0x3 
 COMMON         0x0000000020000a50        0x4 /home/ia/ARM_toolchain/gcc-arm-none-eabi-6-2017-q2-update/bin/../lib/gcc/arm-none-eabi/6.3.1/../../../../arm-none-eabi/lib/thumb/v6-m/libc.a(lib_a-reent.o)
                0x0000000020000a50                errno
                0x0000000020000a54                . = ALIGN (0x4)
                0x0000000020000a54                _ebss = .

/DISCARD/
 *(.eh_frame)
                0x0000000020000a54                . = ALIGN (0x4)
                0x0000000020000a54                end = .
                0x0000000020004000                PROVIDE (_stack, (ORIGIN (ram) + LENGTH (ram)))
OUTPUT(main.elf elf32-littlearm)

.debug_info     0x0000000000000000     0x69b4
 .debug_info    0x0000000000000000      0xe2e main.o
 .debug_info    0x0000000000000e2e     0x1763 src/functions.o
 .debug_info    0x0000000000002591     0x10a8 src/bme280.o
 .debug_info    0x0000000000003639      0x22c ../libopencm3//lib/libopencm3_stm32f0.a(gpio_common_all.o)
 .debug_info    0x0000000000003865      0x1f7 ../libopencm3//lib/libopencm3_stm32f0.a(gpio_common_f0234.o)
 .debug_info    0x0000000000003a5c      0x910 ../libopencm3//lib/libopencm3_stm32f0.a(spi_common_all.o)
 .debug_info    0x000000000000436c      0x280 ../libopencm3//lib/libopencm3_stm32f0.a(spi_common_f03.o)
 .debug_info    0x00000000000045ec      0x527 ../libopencm3//lib/libopencm3_stm32f0.a(rcc_common_all.o)
 .debug_info    0x0000000000004b13      0x4b8 ../libopencm3//lib/libopencm3_stm32f0.a(usart_common_all.o)
 .debug_info    0x0000000000004fcb      0x364 ../libopencm3//lib/libopencm3_stm32f0.a(usart_common_v2.o)
 .debug_info    0x000000000000532f      0xc70 ../libopencm3//lib/libopencm3_stm32f0.a(i2c_common_v2.o)
 .debug_info    0x0000000000005f9f      0x2ae ../libopencm3//lib/libopencm3_stm32f0.a(vector.o)
 .debug_info    0x000000000000624d      0x767 ../libopencm3//lib/libopencm3_stm32f0.a(rcc.o)

.debug_abbrev   0x0000000000000000     0x157c
 .debug_abbrev  0x0000000000000000      0x277 main.o
 .debug_abbrev  0x0000000000000277      0x350 src/functions.o
 .debug_abbrev  0x00000000000005c7      0x277 src/bme280.o
 .debug_abbrev  0x000000000000083e       0xf4 ../libopencm3//lib/libopencm3_stm32f0.a(gpio_common_all.o)
 .debug_abbrev  0x0000000000000932       0xb7 ../libopencm3//lib/libopencm3_stm32f0.a(gpio_common_f0234.o)
 .debug_abbrev  0x00000000000009e9      0x1a9 ../libopencm3//lib/libopencm3_stm32f0.a(spi_common_all.o)
 .debug_abbrev  0x0000000000000b92       0xe6 ../libopencm3//lib/libopencm3_stm32f0.a(spi_common_f03.o)
 .debug_abbrev  0x0000000000000c78      0x137 ../libopencm3//lib/libopencm3_stm32f0.a(rcc_common_all.o)
 .debug_abbrev  0x0000000000000daf      0x126 ../libopencm3//lib/libopencm3_stm32f0.a(usart_common_all.o)
 .debug_abbrev  0x0000000000000ed5      0x109 ../libopencm3//lib/libopencm3_stm32f0.a(usart_common_v2.o)
 .debug_abbrev  0x0000000000000fde      0x210 ../libopencm3//lib/libopencm3_stm32f0.a(i2c_common_v2.o)
 .debug_abbrev  0x00000000000011ee      0x127 ../libopencm3//lib/libopencm3_stm32f0.a(vector.o)
 .debug_abbrev  0x0000000000001315      0x267 ../libopencm3//lib/libopencm3_stm32f0.a(rcc.o)

.debug_aranges  0x0000000000000000      0x7a8
 .debug_aranges
                0x0000000000000000       0x20 main.o
 .debug_aranges
                0x0000000000000020       0x88 src/functions.o
 .debug_aranges
                0x00000000000000a8       0x48 src/bme280.o
 .debug_aranges
                0x00000000000000f0       0x50 ../libopencm3//lib/libopencm3_stm32f0.a(gpio_common_all.o)
 .debug_aranges
                0x0000000000000140       0x30 ../libopencm3//lib/libopencm3_stm32f0.a(gpio_common_f0234.o)
 .debug_aranges
                0x0000000000000170      0x178 ../libopencm3//lib/libopencm3_stm32f0.a(spi_common_all.o)
 .debug_aranges
                0x00000000000002e8       0x60 ../libopencm3//lib/libopencm3_stm32f0.a(spi_common_f03.o)
 .debug_aranges
                0x0000000000000348       0x68 ../libopencm3//lib/libopencm3_stm32f0.a(rcc_common_all.o)
 .debug_aranges
                0x00000000000003b0       0xb8 ../libopencm3//lib/libopencm3_stm32f0.a(usart_common_all.o)
 .debug_aranges
                0x0000000000000468       0xa8 ../libopencm3//lib/libopencm3_stm32f0.a(usart_common_v2.o)
 .debug_aranges
                0x0000000000000510      0x170 ../libopencm3//lib/libopencm3_stm32f0.a(i2c_common_v2.o)
 .debug_aranges
                0x0000000000000680       0x30 ../libopencm3//lib/libopencm3_stm32f0.a(vector.o)
 .debug_aranges
                0x00000000000006b0       0xf8 ../libopencm3//lib/libopencm3_stm32f0.a(rcc.o)

.debug_ranges   0x0000000000000000      0x750
 .debug_ranges  0x0000000000000000       0x30 main.o
 .debug_ranges  0x0000000000000030       0xa8 src/functions.o
 .debug_ranges  0x00000000000000d8       0x38 src/bme280.o
 .debug_ranges  0x0000000000000110       0x40 ../libopencm3//lib/libopencm3_stm32f0.a(gpio_common_all.o)
 .debug_ranges  0x0000000000000150       0x20 ../libopencm3//lib/libopencm3_stm32f0.a(gpio_common_f0234.o)
 .debug_ranges  0x0000000000000170      0x168 ../libopencm3//lib/libopencm3_stm32f0.a(spi_common_all.o)
 .debug_ranges  0x00000000000002d8       0x50 ../libopencm3//lib/libopencm3_stm32f0.a(spi_common_f03.o)
 .debug_ranges  0x0000000000000328       0x58 ../libopencm3//lib/libopencm3_stm32f0.a(rcc_common_all.o)
 .debug_ranges  0x0000000000000380       0xa8 ../libopencm3//lib/libopencm3_stm32f0.a(usart_common_all.o)
 .debug_ranges  0x0000000000000428       0x98 ../libopencm3//lib/libopencm3_stm32f0.a(usart_common_v2.o)
 .debug_ranges  0x00000000000004c0      0x160 ../libopencm3//lib/libopencm3_stm32f0.a(i2c_common_v2.o)
 .debug_ranges  0x0000000000000620       0x20 ../libopencm3//lib/libopencm3_stm32f0.a(vector.o)
 .debug_ranges  0x0000000000000640      0x110 ../libopencm3//lib/libopencm3_stm32f0.a(rcc.o)

.debug_line     0x0000000000000000     0x39fe
 .debug_line    0x0000000000000000      0x271 main.o
 .debug_line    0x0000000000000271      0x467 src/functions.o
 .debug_line    0x00000000000006d8      0x350 src/bme280.o
 .debug_line    0x0000000000000a28      0x3b9 ../libopencm3//lib/libopencm3_stm32f0.a(gpio_common_all.o)
 .debug_line    0x0000000000000de1      0x3b1 ../libopencm3//lib/libopencm3_stm32f0.a(gpio_common_f0234.o)
 .debug_line    0x0000000000001192      0x6d1 ../libopencm3//lib/libopencm3_stm32f0.a(spi_common_all.o)
 .debug_line    0x0000000000001863      0x3fa ../libopencm3//lib/libopencm3_stm32f0.a(spi_common_f03.o)
 .debug_line    0x0000000000001c5d      0x3d3 ../libopencm3//lib/libopencm3_stm32f0.a(rcc_common_all.o)
 .debug_line    0x0000000000002030      0x4da ../libopencm3//lib/libopencm3_stm32f0.a(usart_common_all.o)
 .debug_line    0x000000000000250a      0x47c ../libopencm3//lib/libopencm3_stm32f0.a(usart_common_v2.o)
 .debug_line    0x0000000000002986      0x6cd ../libopencm3//lib/libopencm3_stm32f0.a(i2c_common_v2.o)
 .debug_line    0x0000000000003053      0x391 ../libopencm3//lib/libopencm3_stm32f0.a(vector.o)
 .debug_line    0x00000000000033e4      0x61a ../libopencm3//lib/libopencm3_stm32f0.a(rcc.o)

.debug_str      0x0000000000000000     0xf28d
 .debug_str     0x0000000000000000      0x69d main.o
                                        0x7a6 (size before relaxing)
 .debug_str     0x000000000000069d      0x52c src/functions.o
                                        0xb4a (size before relaxing)
 .debug_str     0x0000000000000bc9       0x9b src/bme280.o
                                        0x853 (size before relaxing)
 .debug_str     0x0000000000000c64     0x543f ../libopencm3//lib/libopencm3_stm32f0.a(gpio_common_all.o)
                                       0x55e0 (size before relaxing)
 .debug_str     0x00000000000060a3       0x73 ../libopencm3//lib/libopencm3_stm32f0.a(gpio_common_f0234.o)
                                       0x5602 (size before relaxing)
 .debug_str     0x0000000000006116     0x3b79 ../libopencm3//lib/libopencm3_stm32f0.a(spi_common_all.o)
                                       0x7cb6 (size before relaxing)
 .debug_str     0x0000000000009c8f       0xe0 ../libopencm3//lib/libopencm3_stm32f0.a(spi_common_f03.o)
                                       0x77e3 (size before relaxing)
 .debug_str     0x0000000000009d6f      0x1ac ../libopencm3//lib/libopencm3_stm32f0.a(rcc_common_all.o)
                                       0x6a80 (size before relaxing)
 .debug_str     0x0000000000009f1b     0x1cdc ../libopencm3//lib/libopencm3_stm32f0.a(usart_common_all.o)
                                       0x833c (size before relaxing)
 .debug_str     0x000000000000bbf7      0x190 ../libopencm3//lib/libopencm3_stm32f0.a(usart_common_v2.o)
                                       0x5e22 (size before relaxing)
 .debug_str     0x000000000000bd87     0x15a0 ../libopencm3//lib/libopencm3_stm32f0.a(i2c_common_v2.o)
                                       0x7f4d (size before relaxing)
 .debug_str     0x000000000000d327     0x12e2 ../libopencm3//lib/libopencm3_stm32f0.a(vector.o)
                                       0x4ad4 (size before relaxing)
 .debug_str     0x000000000000e609      0xc84 ../libopencm3//lib/libopencm3_stm32f0.a(rcc.o)
                                       0x725e (size before relaxing)

.comment        0x0000000000000000       0x7f
 .comment       0x0000000000000000       0x7f main.o
                                         0x80 (size before relaxing)
 .comment       0x000000000000007f       0x80 src/functions.o
 .comment       0x000000000000007f       0x80 src/bme280.o
 .comment       0x000000000000007f       0x80 ../libopencm3//lib/libopencm3_stm32f0.a(gpio_common_all.o)
 .comment       0x000000000000007f       0x80 ../libopencm3//lib/libopencm3_stm32f0.a(gpio_common_f0234.o)
 .comment       0x000000000000007f       0x80 ../libopencm3//lib/libopencm3_stm32f0.a(spi_common_all.o)
 .comment       0x000000000000007f       0x80 ../libopencm3//lib/libopencm3_stm32f0.a(spi_common_f03.o)
 .comment       0x000000000000007f       0x80 ../libopencm3//lib/libopencm3_stm32f0.a(rcc_common_all.o)
 .comment       0x000000000000007f       0x80 ../libopencm3//lib/libopencm3_stm32f0.a(usart_common_all.o)
 .comment       0x000000000000007f       0x80 ../libopencm3//lib/libopencm3_stm32f0.a(usart_common_v2.o)
 .comment       0x000000000000007f       0x80 ../libopencm3//lib/libopencm3_stm32f0.a(i2c_common_v2.o)
 .comment       0x000000000000007f       0x80 ../libopencm3//lib/libopencm3_stm32f0.a(vector.o)
 .comment       0x000000000000007f       0x80 ../libopencm3//lib/libopencm3_stm32f0.a(rcc.o)

.ARM.attributes
                0x0000000000000000       0x2f
 .ARM.attributes
                0x0000000000000000       0x31 main.o
 .ARM.attributes
                0x0000000000000031       0x31 src/functions.o
 .ARM.attributes
                0x0000000000000062       0x31 src/bme280.o
 .ARM.attributes
                0x0000000000000093       0x31 ../libopencm3//lib/libopencm3_stm32f0.a(gpio_common_all.o)
 .ARM.attributes
                0x00000000000000c4       0x31 ../libopencm3//lib/libopencm3_stm32f0.a(gpio_common_f0234.o)
 .ARM.attributes
                0x00000000000000f5       0x31 ../libopencm3//lib/libopencm3_stm32f0.a(spi_common_all.o)
 .ARM.attributes
                0x0000000000000126       0x31 ../libopencm3//lib/libopencm3_stm32f0.a(spi_common_f03.o)
 .ARM.attributes
                0x0000000000000157       0x31 ../libopencm3//lib/libopencm3_stm32f0.a(rcc_common_all.o)
 .ARM.attributes
                0x0000000000000188       0x31 ../libopencm3//lib/libopencm3_stm32f0.a(usart_common_all.o)
 .ARM.attributes
                0x00000000000001b9       0x31 ../libopencm3//lib/libopencm3_stm32f0.a(usart_common_v2.o)
 .ARM.attributes
                0x00000000000001ea       0x31 ../libopencm3//lib/libopencm3_stm32f0.a(i2c_common_v2.o)
 .ARM.attributes
                0x000000000000021b       0x31 ../libopencm3//lib/libopencm3_stm32f0.a(vector.o)
 .ARM.attributes
                0x000000000000024c       0x31 ../libopencm3//lib/libopencm3_stm32f0.a(rcc.o)
 .ARM.attributes
                0x000000000000027d       0x2c /home/ia/ARM_toolchain/gcc-arm-none-eabi-6-2017-q2-update/bin/../lib/gcc/arm-none-eabi/6.3.1/../../../../arm-none-eabi/lib/thumb/v6-m/libc.a(lib_a-memcpy-stub.o)
 .ARM.attributes
                0x00000000000002a9       0x2c /home/ia/ARM_toolchain/gcc-arm-none-eabi-6-2017-q2-update/bin/../lib/gcc/arm-none-eabi/6.3.1/../../../../arm-none-eabi/lib/thumb/v6-m/libc.a(lib_a-memset.o)
 .ARM.attributes
                0x00000000000002d5       0x2c /home/ia/ARM_toolchain/gcc-arm-none-eabi-6-2017-q2-update/bin/../lib/gcc/arm-none-eabi/6.3.1/../../../../arm-none-eabi/lib/thumb/v6-m/libc.a(lib_a-sprintf.o)
 .ARM.attributes
                0x0000000000000301       0x2c /home/ia/ARM_toolchain/gcc-arm-none-eabi-6-2017-q2-update/bin/../lib/gcc/arm-none-eabi/6.3.1/../../../../arm-none-eabi/lib/thumb/v6-m/libc.a(lib_a-svfprintf.o)
 .ARM.attributes
                0x000000000000032d       0x2c /home/ia/ARM_toolchain/gcc-arm-none-eabi-6-2017-q2-update/bin/../lib/gcc/arm-none-eabi/6.3.1/../../../../arm-none-eabi/lib/thumb/v6-m/libc.a(lib_a-dtoa.o)
 .ARM.attributes
                0x0000000000000359       0x2c /home/ia/ARM_toolchain/gcc-arm-none-eabi-6-2017-q2-update/bin/../lib/gcc/arm-none-eabi/6.3.1/../../../../arm-none-eabi/lib/thumb/v6-m/libc.a(lib_a-impure.o)
 .ARM.attributes
                0x0000000000000385       0x2c /home/ia/ARM_toolchain/gcc-arm-none-eabi-6-2017-q2-update/bin/../lib/gcc/arm-none-eabi/6.3.1/../../../../arm-none-eabi/lib/thumb/v6-m/libc.a(lib_a-localeconv.o)
 .ARM.attributes
                0x00000000000003b1       0x2c /home/ia/ARM_toolchain/gcc-arm-none-eabi-6-2017-q2-update/bin/../lib/gcc/arm-none-eabi/6.3.1/../../../../arm-none-eabi/lib/thumb/v6-m/libc.a(lib_a-mallocr.o)
 .ARM.attributes
                0x00000000000003dd       0x2c /home/ia/ARM_toolchain/gcc-arm-none-eabi-6-2017-q2-update/bin/../lib/gcc/arm-none-eabi/6.3.1/../../../../arm-none-eabi/lib/thumb/v6-m/libc.a(lib_a-memchr-stub.o)
 .ARM.attributes
                0x0000000000000409       0x2c /home/ia/ARM_toolchain/gcc-arm-none-eabi-6-2017-q2-update/bin/../lib/gcc/arm-none-eabi/6.3.1/../../../../arm-none-eabi/lib/thumb/v6-m/libc.a(lib_a-mlock.o)
 .ARM.attributes
                0x0000000000000435       0x2c /home/ia/ARM_toolchain/gcc-arm-none-eabi-6-2017-q2-update/bin/../lib/gcc/arm-none-eabi/6.3.1/../../../../arm-none-eabi/lib/thumb/v6-m/libc.a(lib_a-mprec.o)
 .ARM.attributes
                0x0000000000000461       0x2c /home/ia/ARM_toolchain/gcc-arm-none-eabi-6-2017-q2-update/bin/../lib/gcc/arm-none-eabi/6.3.1/../../../../arm-none-eabi/lib/thumb/v6-m/libc.a(lib_a-sbrkr.o)
 .ARM.attributes
                0x000000000000048d       0x2c /home/ia/ARM_toolchain/gcc-arm-none-eabi-6-2017-q2-update/bin/../lib/gcc/arm-none-eabi/6.3.1/../../../../arm-none-eabi/lib/thumb/v6-m/libc.a(lib_a-strlen-stub.o)
 .ARM.attributes
                0x00000000000004b9       0x2c /home/ia/ARM_toolchain/gcc-arm-none-eabi-6-2017-q2-update/bin/../lib/gcc/arm-none-eabi/6.3.1/../../../../arm-none-eabi/lib/thumb/v6-m/libc.a(lib_a-svfiprintf.o)
 .ARM.attributes
                0x00000000000004e5       0x2c /home/ia/ARM_toolchain/gcc-arm-none-eabi-6-2017-q2-update/bin/../lib/gcc/arm-none-eabi/6.3.1/../../../../arm-none-eabi/lib/thumb/v6-m/libc.a(lib_a-callocr.o)
 .ARM.attributes
                0x0000000000000511       0x2c /home/ia/ARM_toolchain/gcc-arm-none-eabi-6-2017-q2-update/bin/../lib/gcc/arm-none-eabi/6.3.1/../../../../arm-none-eabi/lib/thumb/v6-m/libc.a(lib_a-freer.o)
 .ARM.attributes
                0x000000000000053d       0x2c /home/ia/ARM_toolchain/gcc-arm-none-eabi-6-2017-q2-update/bin/../lib/gcc/arm-none-eabi/6.3.1/../../../../arm-none-eabi/lib/thumb/v6-m/libc.a(lib_a-locale.o)
 .ARM.attributes
                0x0000000000000569       0x2c /home/ia/ARM_toolchain/gcc-arm-none-eabi-6-2017-q2-update/bin/../lib/gcc/arm-none-eabi/6.3.1/../../../../arm-none-eabi/lib/thumb/v6-m/libc.a(lib_a-lock.o)
 .ARM.attributes
                0x0000000000000595       0x2c /home/ia/ARM_toolchain/gcc-arm-none-eabi-6-2017-q2-update/bin/../lib/gcc/arm-none-eabi/6.3.1/../../../../arm-none-eabi/lib/thumb/v6-m/libc.a(lib_a-mbtowc_r.o)
 .ARM.attributes
                0x00000000000005c1       0x2c /home/ia/ARM_toolchain/gcc-arm-none-eabi-6-2017-q2-update/bin/../lib/gcc/arm-none-eabi/6.3.1/../../../../arm-none-eabi/lib/thumb/v6-m/libc.a(lib_a-memmove.o)
 .ARM.attributes
                0x00000000000005ed       0x2c /home/ia/ARM_toolchain/gcc-arm-none-eabi-6-2017-q2-update/bin/../lib/gcc/arm-none-eabi/6.3.1/../../../../arm-none-eabi/lib/thumb/v6-m/libc.a(lib_a-reallocr.o)
 .ARM.attributes
                0x0000000000000619       0x2c /home/ia/ARM_toolchain/gcc-arm-none-eabi-6-2017-q2-update/bin/../lib/gcc/arm-none-eabi/6.3.1/../../../../arm-none-eabi/lib/thumb/v6-m/libc.a(lib_a-reent.o)
 .ARM.attributes
                0x0000000000000645       0x2c /home/ia/ARM_toolchain/gcc-arm-none-eabi-6-2017-q2-update/bin/../lib/gcc/arm-none-eabi/6.3.1/../../../../arm-none-eabi/lib/thumb/v6-m/libc.a(lib_a-wctomb_r.o)
 .ARM.attributes
                0x0000000000000671       0x2c /home/ia/ARM_toolchain/gcc-arm-none-eabi-6-2017-q2-update/bin/../lib/gcc/arm-none-eabi/6.3.1/../../../../arm-none-eabi/lib/thumb/v6-m/libc.a(lib_a-ctype_.o)
 .ARM.attributes
                0x000000000000069d       0x1e /home/ia/ARM_toolchain/gcc-arm-none-eabi-6-2017-q2-update/bin/../lib/gcc/arm-none-eabi/6.3.1/thumb/v6-m/libgcc.a(_udivsi3.o)
 .ARM.attributes
                0x00000000000006bb       0x1e /home/ia/ARM_toolchain/gcc-arm-none-eabi-6-2017-q2-update/bin/../lib/gcc/arm-none-eabi/6.3.1/thumb/v6-m/libgcc.a(_divsi3.o)
 .ARM.attributes
                0x00000000000006d9       0x1e /home/ia/ARM_toolchain/gcc-arm-none-eabi-6-2017-q2-update/bin/../lib/gcc/arm-none-eabi/6.3.1/thumb/v6-m/libgcc.a(_dvmd_tls.o)
 .ARM.attributes
                0x00000000000006f7       0x1e /home/ia/ARM_toolchain/gcc-arm-none-eabi-6-2017-q2-update/bin/../lib/gcc/arm-none-eabi/6.3.1/thumb/v6-m/libgcc.a(_arm_cmpdf2.o)
 .ARM.attributes
                0x0000000000000715       0x1e /home/ia/ARM_toolchain/gcc-arm-none-eabi-6-2017-q2-update/bin/../lib/gcc/arm-none-eabi/6.3.1/thumb/v6-m/libgcc.a(_arm_cmpsf2.o)
 .ARM.attributes
                0x0000000000000733       0x1e /home/ia/ARM_toolchain/gcc-arm-none-eabi-6-2017-q2-update/bin/../lib/gcc/arm-none-eabi/6.3.1/thumb/v6-m/libgcc.a(_aeabi_uldivmod.o)
 .ARM.attributes
                0x0000000000000751       0x2c /home/ia/ARM_toolchain/gcc-arm-none-eabi-6-2017-q2-update/bin/../lib/gcc/arm-none-eabi/6.3.1/thumb/v6-m/libgcc.a(_udivmoddi4.o)
 .ARM.attributes
                0x000000000000077d       0x2c /home/ia/ARM_toolchain/gcc-arm-none-eabi-6-2017-q2-update/bin/../lib/gcc/arm-none-eabi/6.3.1/thumb/v6-m/libgcc.a(eqsf2.o)
 .ARM.attributes
                0x00000000000007a9       0x2c /home/ia/ARM_toolchain/gcc-arm-none-eabi-6-2017-q2-update/bin/../lib/gcc/arm-none-eabi/6.3.1/thumb/v6-m/libgcc.a(gesf2.o)
 .ARM.attributes
                0x00000000000007d5       0x2c /home/ia/ARM_toolchain/gcc-arm-none-eabi-6-2017-q2-update/bin/../lib/gcc/arm-none-eabi/6.3.1/thumb/v6-m/libgcc.a(lesf2.o)
 .ARM.attributes
                0x0000000000000801       0x2c /home/ia/ARM_toolchain/gcc-arm-none-eabi-6-2017-q2-update/bin/../lib/gcc/arm-none-eabi/6.3.1/thumb/v6-m/libgcc.a(mulsf3.o)
 .ARM.attributes
                0x000000000000082d       0x2c /home/ia/ARM_toolchain/gcc-arm-none-eabi-6-2017-q2-update/bin/../lib/gcc/arm-none-eabi/6.3.1/thumb/v6-m/libgcc.a(floatsisf.o)
 .ARM.attributes
                0x0000000000000859       0x2c /home/ia/ARM_toolchain/gcc-arm-none-eabi-6-2017-q2-update/bin/../lib/gcc/arm-none-eabi/6.3.1/thumb/v6-m/libgcc.a(adddf3.o)
 .ARM.attributes
                0x0000000000000885       0x2c /home/ia/ARM_toolchain/gcc-arm-none-eabi-6-2017-q2-update/bin/../lib/gcc/arm-none-eabi/6.3.1/thumb/v6-m/libgcc.a(divdf3.o)
 .ARM.attributes
                0x00000000000008b1       0x2c /home/ia/ARM_toolchain/gcc-arm-none-eabi-6-2017-q2-update/bin/../lib/gcc/arm-none-eabi/6.3.1/thumb/v6-m/libgcc.a(eqdf2.o)
 .ARM.attributes
                0x00000000000008dd       0x2c /home/ia/ARM_toolchain/gcc-arm-none-eabi-6-2017-q2-update/bin/../lib/gcc/arm-none-eabi/6.3.1/thumb/v6-m/libgcc.a(gedf2.o)
 .ARM.attributes
                0x0000000000000909       0x2c /home/ia/ARM_toolchain/gcc-arm-none-eabi-6-2017-q2-update/bin/../lib/gcc/arm-none-eabi/6.3.1/thumb/v6-m/libgcc.a(ledf2.o)
 .ARM.attributes
                0x0000000000000935       0x2c /home/ia/ARM_toolchain/gcc-arm-none-eabi-6-2017-q2-update/bin/../lib/gcc/arm-none-eabi/6.3.1/thumb/v6-m/libgcc.a(muldf3.o)
 .ARM.attributes
                0x0000000000000961       0x2c /home/ia/ARM_toolchain/gcc-arm-none-eabi-6-2017-q2-update/bin/../lib/gcc/arm-none-eabi/6.3.1/thumb/v6-m/libgcc.a(subdf3.o)
 .ARM.attributes
                0x000000000000098d       0x2c /home/ia/ARM_toolchain/gcc-arm-none-eabi-6-2017-q2-update/bin/../lib/gcc/arm-none-eabi/6.3.1/thumb/v6-m/libgcc.a(unorddf2.o)
 .ARM.attributes
                0x00000000000009b9       0x2c /home/ia/ARM_toolchain/gcc-arm-none-eabi-6-2017-q2-update/bin/../lib/gcc/arm-none-eabi/6.3.1/thumb/v6-m/libgcc.a(fixdfsi.o)
 .ARM.attributes
                0x00000000000009e5       0x2c /home/ia/ARM_toolchain/gcc-arm-none-eabi-6-2017-q2-update/bin/../lib/gcc/arm-none-eabi/6.3.1/thumb/v6-m/libgcc.a(floatsidf.o)
 .ARM.attributes
                0x0000000000000a11       0x2c /home/ia/ARM_toolchain/gcc-arm-none-eabi-6-2017-q2-update/bin/../lib/gcc/arm-none-eabi/6.3.1/thumb/v6-m/libgcc.a(floatunsidf.o)
 .ARM.attributes
                0x0000000000000a3d       0x1e /home/ia/ARM_toolchain/gcc-arm-none-eabi-6-2017-q2-update/bin/../lib/gcc/arm-none-eabi/6.3.1/thumb/v6-m/libgcc.a(_clzsi2.o)
 .ARM.attributes
                0x0000000000000a5b       0x1e /home/ia/ARM_toolchain/gcc-arm-none-eabi-6-2017-q2-update/bin/../lib/gcc/arm-none-eabi/6.3.1/thumb/v6-m/libgcc.a(_clzdi2.o)
 .ARM.attributes
                0x0000000000000a79       0x2c /home/ia/ARM_toolchain/gcc-arm-none-eabi-6-2017-q2-update/bin/../lib/gcc/arm-none-eabi/6.3.1/../../../../arm-none-eabi/lib/thumb/v6-m/libnosys.a(sbrk.o)

.debug_frame    0x0000000000000000     0x1b9c
 .debug_frame   0x0000000000000000       0x2c main.o
 .debug_frame   0x000000000000002c      0x17c src/functions.o
 .debug_frame   0x00000000000001a8       0xb0 src/bme280.o
 .debug_frame   0x0000000000000258       0x80 ../libopencm3//lib/libopencm3_stm32f0.a(gpio_common_all.o)
 .debug_frame   0x00000000000002d8       0x78 ../libopencm3//lib/libopencm3_stm32f0.a(gpio_common_f0234.o)
 .debug_frame   0x0000000000000350      0x2e0 ../libopencm3//lib/libopencm3_stm32f0.a(spi_common_all.o)
 .debug_frame   0x0000000000000630       0xac ../libopencm3//lib/libopencm3_stm32f0.a(spi_common_f03.o)
 .debug_frame   0x00000000000006dc       0xd0 ../libopencm3//lib/libopencm3_stm32f0.a(rcc_common_all.o)
 .debug_frame   0x00000000000007ac      0x16c ../libopencm3//lib/libopencm3_stm32f0.a(usart_common_all.o)
 .debug_frame   0x0000000000000918      0x130 ../libopencm3//lib/libopencm3_stm32f0.a(usart_common_v2.o)
 .debug_frame   0x0000000000000a48      0x2e4 ../libopencm3//lib/libopencm3_stm32f0.a(i2c_common_v2.o)
 .debug_frame   0x0000000000000d2c       0x40 ../libopencm3//lib/libopencm3_stm32f0.a(vector.o)
 .debug_frame   0x0000000000000d6c      0x23c ../libopencm3//lib/libopencm3_stm32f0.a(rcc.o)
 .debug_frame   0x0000000000000fa8       0x30 /home/ia/ARM_toolchain/gcc-arm-none-eabi-6-2017-q2-update/bin/../lib/gcc/arm-none-eabi/6.3.1/../../../../arm-none-eabi/lib/thumb/v6-m/libc.a(lib_a-memcpy-stub.o)
 .debug_frame   0x0000000000000fd8       0x30 /home/ia/ARM_toolchain/gcc-arm-none-eabi-6-2017-q2-update/bin/../lib/gcc/arm-none-eabi/6.3.1/../../../../arm-none-eabi/lib/thumb/v6-m/libc.a(lib_a-memset.o)
 .debug_frame   0x0000000000001008       0x50 /home/ia/ARM_toolchain/gcc-arm-none-eabi-6-2017-q2-update/bin/../lib/gcc/arm-none-eabi/6.3.1/../../../../arm-none-eabi/lib/thumb/v6-m/libc.a(lib_a-sprintf.o)
 .debug_frame   0x0000000000001058       0x3c /home/ia/ARM_toolchain/gcc-arm-none-eabi-6-2017-q2-update/bin/../lib/gcc/arm-none-eabi/6.3.1/../../../../arm-none-eabi/lib/thumb/v6-m/libc.a(lib_a-svfprintf.o)
 .debug_frame   0x0000000000001094       0x68 /home/ia/ARM_toolchain/gcc-arm-none-eabi-6-2017-q2-update/bin/../lib/gcc/arm-none-eabi/6.3.1/../../../../arm-none-eabi/lib/thumb/v6-m/libc.a(lib_a-dtoa.o)
 .debug_frame   0x00000000000010fc       0x40 /home/ia/ARM_toolchain/gcc-arm-none-eabi-6-2017-q2-update/bin/../lib/gcc/arm-none-eabi/6.3.1/../../../../arm-none-eabi/lib/thumb/v6-m/libc.a(lib_a-localeconv.o)
 .debug_frame   0x000000000000113c       0x3c /home/ia/ARM_toolchain/gcc-arm-none-eabi-6-2017-q2-update/bin/../lib/gcc/arm-none-eabi/6.3.1/../../../../arm-none-eabi/lib/thumb/v6-m/libc.a(lib_a-mallocr.o)
 .debug_frame   0x0000000000001178       0x2c /home/ia/ARM_toolchain/gcc-arm-none-eabi-6-2017-q2-update/bin/../lib/gcc/arm-none-eabi/6.3.1/../../../../arm-none-eabi/lib/thumb/v6-m/libc.a(lib_a-memchr-stub.o)
 .debug_frame   0x00000000000011a4       0x40 /home/ia/ARM_toolchain/gcc-arm-none-eabi-6-2017-q2-update/bin/../lib/gcc/arm-none-eabi/6.3.1/../../../../arm-none-eabi/lib/thumb/v6-m/libc.a(lib_a-mlock.o)
 .debug_frame   0x00000000000011e4      0x260 /home/ia/ARM_toolchain/gcc-arm-none-eabi-6-2017-q2-update/bin/../lib/gcc/arm-none-eabi/6.3.1/../../../../arm-none-eabi/lib/thumb/v6-m/libc.a(lib_a-mprec.o)
 .debug_frame   0x0000000000001444       0x2c /home/ia/ARM_toolchain/gcc-arm-none-eabi-6-2017-q2-update/bin/../lib/gcc/arm-none-eabi/6.3.1/../../../../arm-none-eabi/lib/thumb/v6-m/libc.a(lib_a-sbrkr.o)
 .debug_frame   0x0000000000001470       0x28 /home/ia/ARM_toolchain/gcc-arm-none-eabi-6-2017-q2-update/bin/../lib/gcc/arm-none-eabi/6.3.1/../../../../arm-none-eabi/lib/thumb/v6-m/libc.a(lib_a-strlen-stub.o)
 .debug_frame   0x0000000000001498       0x68 /home/ia/ARM_toolchain/gcc-arm-none-eabi-6-2017-q2-update/bin/../lib/gcc/arm-none-eabi/6.3.1/../../../../arm-none-eabi/lib/thumb/v6-m/libc.a(lib_a-svfiprintf.o)
 .debug_frame   0x0000000000001500       0x28 /home/ia/ARM_toolchain/gcc-arm-none-eabi-6-2017-q2-update/bin/../lib/gcc/arm-none-eabi/6.3.1/../../../../arm-none-eabi/lib/thumb/v6-m/libc.a(lib_a-callocr.o)
 .debug_frame   0x0000000000001528       0x50 /home/ia/ARM_toolchain/gcc-arm-none-eabi-6-2017-q2-update/bin/../lib/gcc/arm-none-eabi/6.3.1/../../../../arm-none-eabi/lib/thumb/v6-m/libc.a(lib_a-freer.o)
 .debug_frame   0x0000000000001578       0x74 /home/ia/ARM_toolchain/gcc-arm-none-eabi-6-2017-q2-update/bin/../lib/gcc/arm-none-eabi/6.3.1/../../../../arm-none-eabi/lib/thumb/v6-m/libc.a(lib_a-locale.o)
 .debug_frame   0x00000000000015ec       0xb0 /home/ia/ARM_toolchain/gcc-arm-none-eabi-6-2017-q2-update/bin/../lib/gcc/arm-none-eabi/6.3.1/../../../../arm-none-eabi/lib/thumb/v6-m/libc.a(lib_a-lock.o)
 .debug_frame   0x000000000000169c       0x40 /home/ia/ARM_toolchain/gcc-arm-none-eabi-6-2017-q2-update/bin/../lib/gcc/arm-none-eabi/6.3.1/../../../../arm-none-eabi/lib/thumb/v6-m/libc.a(lib_a-mbtowc_r.o)
 .debug_frame   0x00000000000016dc       0x30 /home/ia/ARM_toolchain/gcc-arm-none-eabi-6-2017-q2-update/bin/../lib/gcc/arm-none-eabi/6.3.1/../../../../arm-none-eabi/lib/thumb/v6-m/libc.a(lib_a-memmove.o)
 .debug_frame   0x000000000000170c       0x3c /home/ia/ARM_toolchain/gcc-arm-none-eabi-6-2017-q2-update/bin/../lib/gcc/arm-none-eabi/6.3.1/../../../../arm-none-eabi/lib/thumb/v6-m/libc.a(lib_a-reallocr.o)
 .debug_frame   0x0000000000001748       0x48 /home/ia/ARM_toolchain/gcc-arm-none-eabi-6-2017-q2-update/bin/../lib/gcc/arm-none-eabi/6.3.1/../../../../arm-none-eabi/lib/thumb/v6-m/libc.a(lib_a-reent.o)
 .debug_frame   0x0000000000001790       0x3c /home/ia/ARM_toolchain/gcc-arm-none-eabi-6-2017-q2-update/bin/../lib/gcc/arm-none-eabi/6.3.1/../../../../arm-none-eabi/lib/thumb/v6-m/libc.a(lib_a-wctomb_r.o)
 .debug_frame   0x00000000000017cc       0x20 /home/ia/ARM_toolchain/gcc-arm-none-eabi-6-2017-q2-update/bin/../lib/gcc/arm-none-eabi/6.3.1/thumb/v6-m/libgcc.a(_udivsi3.o)
 .debug_frame   0x00000000000017ec       0x20 /home/ia/ARM_toolchain/gcc-arm-none-eabi-6-2017-q2-update/bin/../lib/gcc/arm-none-eabi/6.3.1/thumb/v6-m/libgcc.a(_divsi3.o)
 .debug_frame   0x000000000000180c       0x3c /home/ia/ARM_toolchain/gcc-arm-none-eabi-6-2017-q2-update/bin/../lib/gcc/arm-none-eabi/6.3.1/thumb/v6-m/libgcc.a(_udivmoddi4.o)
 .debug_frame   0x0000000000001848       0x2c /home/ia/ARM_toolchain/gcc-arm-none-eabi-6-2017-q2-update/bin/../lib/gcc/arm-none-eabi/6.3.1/thumb/v6-m/libgcc.a(eqsf2.o)
 .debug_frame   0x0000000000001874       0x30 /home/ia/ARM_toolchain/gcc-arm-none-eabi-6-2017-q2-update/bin/../lib/gcc/arm-none-eabi/6.3.1/thumb/v6-m/libgcc.a(gesf2.o)
 .debug_frame   0x00000000000018a4       0x30 /home/ia/ARM_toolchain/gcc-arm-none-eabi-6-2017-q2-update/bin/../lib/gcc/arm-none-eabi/6.3.1/thumb/v6-m/libgcc.a(lesf2.o)
 .debug_frame   0x00000000000018d4       0x3c /home/ia/ARM_toolchain/gcc-arm-none-eabi-6-2017-q2-update/bin/../lib/gcc/arm-none-eabi/6.3.1/thumb/v6-m/libgcc.a(mulsf3.o)
 .debug_frame   0x0000000000001910       0x2c /home/ia/ARM_toolchain/gcc-arm-none-eabi-6-2017-q2-update/bin/../lib/gcc/arm-none-eabi/6.3.1/thumb/v6-m/libgcc.a(floatsisf.o)
 .debug_frame   0x000000000000193c       0x3c /home/ia/ARM_toolchain/gcc-arm-none-eabi-6-2017-q2-update/bin/../lib/gcc/arm-none-eabi/6.3.1/thumb/v6-m/libgcc.a(adddf3.o)
 .debug_frame   0x0000000000001978       0x3c /home/ia/ARM_toolchain/gcc-arm-none-eabi-6-2017-q2-update/bin/../lib/gcc/arm-none-eabi/6.3.1/thumb/v6-m/libgcc.a(divdf3.o)
 .debug_frame   0x00000000000019b4       0x38 /home/ia/ARM_toolchain/gcc-arm-none-eabi-6-2017-q2-update/bin/../lib/gcc/arm-none-eabi/6.3.1/thumb/v6-m/libgcc.a(eqdf2.o)
 .debug_frame   0x00000000000019ec       0x38 /home/ia/ARM_toolchain/gcc-arm-none-eabi-6-2017-q2-update/bin/../lib/gcc/arm-none-eabi/6.3.1/thumb/v6-m/libgcc.a(gedf2.o)
 .debug_frame   0x0000000000001a24       0x38 /home/ia/ARM_toolchain/gcc-arm-none-eabi-6-2017-q2-update/bin/../lib/gcc/arm-none-eabi/6.3.1/thumb/v6-m/libgcc.a(ledf2.o)
 .debug_frame   0x0000000000001a5c       0x3c /home/ia/ARM_toolchain/gcc-arm-none-eabi-6-2017-q2-update/bin/../lib/gcc/arm-none-eabi/6.3.1/thumb/v6-m/libgcc.a(muldf3.o)
 .debug_frame   0x0000000000001a98       0x38 /home/ia/ARM_toolchain/gcc-arm-none-eabi-6-2017-q2-update/bin/../lib/gcc/arm-none-eabi/6.3.1/thumb/v6-m/libgcc.a(subdf3.o)
 .debug_frame   0x0000000000001ad0       0x2c /home/ia/ARM_toolchain/gcc-arm-none-eabi-6-2017-q2-update/bin/../lib/gcc/arm-none-eabi/6.3.1/thumb/v6-m/libgcc.a(unorddf2.o)
 .debug_frame   0x0000000000001afc       0x2c /home/ia/ARM_toolchain/gcc-arm-none-eabi-6-2017-q2-update/bin/../lib/gcc/arm-none-eabi/6.3.1/thumb/v6-m/libgcc.a(fixdfsi.o)
 .debug_frame   0x0000000000001b28       0x2c /home/ia/ARM_toolchain/gcc-arm-none-eabi-6-2017-q2-update/bin/../lib/gcc/arm-none-eabi/6.3.1/thumb/v6-m/libgcc.a(floatsidf.o)
 .debug_frame   0x0000000000001b54       0x28 /home/ia/ARM_toolchain/gcc-arm-none-eabi-6-2017-q2-update/bin/../lib/gcc/arm-none-eabi/6.3.1/thumb/v6-m/libgcc.a(floatunsidf.o)
 .debug_frame   0x0000000000001b7c       0x20 /home/ia/ARM_toolchain/gcc-arm-none-eabi-6-2017-q2-update/bin/../lib/gcc/arm-none-eabi/6.3.1/../../../../arm-none-eabi/lib/thumb/v6-m/libnosys.a(sbrk.o)

.debug_loc      0x0000000000000000     0x1985
 .debug_loc     0x0000000000000000      0x520 src/functions.o
 .debug_loc     0x0000000000000520      0x2a3 src/bme280.o
 .debug_loc     0x00000000000007c3       0x97 ../libopencm3//lib/libopencm3_stm32f0.a(gpio_common_all.o)
 .debug_loc     0x000000000000085a      0x186 ../libopencm3//lib/libopencm3_stm32f0.a(gpio_common_f0234.o)
 .debug_loc     0x00000000000009e0      0x133 ../libopencm3//lib/libopencm3_stm32f0.a(spi_common_all.o)
 .debug_loc     0x0000000000000b13      0x15a ../libopencm3//lib/libopencm3_stm32f0.a(spi_common_f03.o)
 .debug_loc     0x0000000000000c6d       0xe7 ../libopencm3//lib/libopencm3_stm32f0.a(rcc_common_all.o)
 .debug_loc     0x0000000000000d54      0x1d6 ../libopencm3//lib/libopencm3_stm32f0.a(usart_common_all.o)
 .debug_loc     0x0000000000000f2a       0xc3 ../libopencm3//lib/libopencm3_stm32f0.a(usart_common_v2.o)
 .debug_loc     0x0000000000000fed      0x620 ../libopencm3//lib/libopencm3_stm32f0.a(i2c_common_v2.o)
 .debug_loc     0x000000000000160d       0xf2 ../libopencm3//lib/libopencm3_stm32f0.a(vector.o)
 .debug_loc     0x00000000000016ff      0x286 ../libopencm3//lib/libopencm3_stm32f0.a(rcc.o)

.debug_macro    0x0000000000000000     0x36ec
 .debug_macro   0x0000000000000000       0xd7 ../libopencm3//lib/libopencm3_stm32f0.a(gpio_common_all.o)
 .debug_macro   0x00000000000000d7      0x898 ../libopencm3//lib/libopencm3_stm32f0.a(gpio_common_all.o)
 .debug_macro   0x000000000000096f       0x22 ../libopencm3//lib/libopencm3_stm32f0.a(gpio_common_all.o)
 .debug_macro   0x0000000000000991       0x4f ../libopencm3//lib/libopencm3_stm32f0.a(gpio_common_all.o)
 .debug_macro   0x00000000000009e0       0x51 ../libopencm3//lib/libopencm3_stm32f0.a(gpio_common_all.o)
 .debug_macro   0x0000000000000a31       0xef ../libopencm3//lib/libopencm3_stm32f0.a(gpio_common_all.o)
 .debug_macro   0x0000000000000b20       0x6a ../libopencm3//lib/libopencm3_stm32f0.a(gpio_common_all.o)
 .debug_macro   0x0000000000000b8a      0x1df ../libopencm3//lib/libopencm3_stm32f0.a(gpio_common_all.o)
 .debug_macro   0x0000000000000d69       0x22 ../libopencm3//lib/libopencm3_stm32f0.a(gpio_common_all.o)
 .debug_macro   0x0000000000000d8b       0xfa ../libopencm3//lib/libopencm3_stm32f0.a(gpio_common_all.o)
 .debug_macro   0x0000000000000e85       0x34 ../libopencm3//lib/libopencm3_stm32f0.a(gpio_common_all.o)
 .debug_macro   0x0000000000000eb9      0x15a ../libopencm3//lib/libopencm3_stm32f0.a(gpio_common_all.o)
 .debug_macro   0x0000000000001013       0x76 ../libopencm3//lib/libopencm3_stm32f0.a(gpio_common_all.o)
 .debug_macro   0x0000000000001089      0x2e6 ../libopencm3//lib/libopencm3_stm32f0.a(gpio_common_all.o)
 .debug_macro   0x000000000000136f      0x14e ../libopencm3//lib/libopencm3_stm32f0.a(gpio_common_all.o)
 .debug_macro   0x00000000000014bd       0x3a ../libopencm3//lib/libopencm3_stm32f0.a(gpio_common_all.o)
 .debug_macro   0x00000000000014f7       0xd7 ../libopencm3//lib/libopencm3_stm32f0.a(gpio_common_f0234.o)
 .debug_macro   0x00000000000015ce       0xdb ../libopencm3//lib/libopencm3_stm32f0.a(spi_common_all.o)
 .debug_macro   0x00000000000016a9      0x2eb ../libopencm3//lib/libopencm3_stm32f0.a(spi_common_all.o)
 .debug_macro   0x0000000000001994       0xca ../libopencm3//lib/libopencm3_stm32f0.a(spi_common_all.o)
 .debug_macro   0x0000000000001a5e      0x746 ../libopencm3//lib/libopencm3_stm32f0.a(spi_common_all.o)
 .debug_macro   0x00000000000021a4       0xdb ../libopencm3//lib/libopencm3_stm32f0.a(spi_common_f03.o)
 .debug_macro   0x000000000000227f       0xcf ../libopencm3//lib/libopencm3_stm32f0.a(rcc_common_all.o)
 .debug_macro   0x000000000000234e       0xda ../libopencm3//lib/libopencm3_stm32f0.a(usart_common_all.o)
 .debug_macro   0x0000000000002428       0x94 ../libopencm3//lib/libopencm3_stm32f0.a(usart_common_all.o)
 .debug_macro   0x00000000000024bc      0x514 ../libopencm3//lib/libopencm3_stm32f0.a(usart_common_all.o)
 .debug_macro   0x00000000000029d0       0x1c ../libopencm3//lib/libopencm3_stm32f0.a(usart_common_all.o)
 .debug_macro   0x00000000000029ec       0xc2 ../libopencm3//lib/libopencm3_stm32f0.a(usart_common_v2.o)
 .debug_macro   0x0000000000002aae       0xdb ../libopencm3//lib/libopencm3_stm32f0.a(i2c_common_v2.o)
 .debug_macro   0x0000000000002b89      0x16d ../libopencm3//lib/libopencm3_stm32f0.a(i2c_common_v2.o)
 .debug_macro   0x0000000000002cf6      0x3c3 ../libopencm3//lib/libopencm3_stm32f0.a(i2c_common_v2.o)
 .debug_macro   0x00000000000030b9       0xd0 ../libopencm3//lib/libopencm3_stm32f0.a(vector.o)
 .debug_macro   0x0000000000003189      0x1b1 ../libopencm3//lib/libopencm3_stm32f0.a(vector.o)
 .debug_macro   0x000000000000333a       0x46 ../libopencm3//lib/libopencm3_stm32f0.a(vector.o)
 .debug_macro   0x0000000000003380       0xca ../libopencm3//lib/libopencm3_stm32f0.a(vector.o)
 .debug_macro   0x000000000000344a       0xe0 ../libopencm3//lib/libopencm3_stm32f0.a(rcc.o)
 .debug_macro   0x000000000000352a       0x16 ../libopencm3//lib/libopencm3_stm32f0.a(rcc.o)
 .debug_macro   0x0000000000003540       0xdc ../libopencm3//lib/libopencm3_stm32f0.a(rcc.o)
 .debug_macro   0x000000000000361c       0xd0 ../libopencm3//lib/libopencm3_stm32f0.a(rcc.o)
