Archive member included to satisfy reference by file (symbol)

../libopencm3//lib/libopencm3_stm32f0.a(gpio_common_all.o)
                              main.o (gpio_set)
../libopencm3//lib/libopencm3_stm32f0.a(gpio_common_f0234.o)
                              src/functions.o (gpio_mode_setup)
../libopencm3//lib/libopencm3_stm32f0.a(spi_common_all.o)
                              src/functions.o (spi_reset)
../libopencm3//lib/libopencm3_stm32f0.a(spi_common_f03.o)
                              src/opcn2.o (spi_send8)
../libopencm3//lib/libopencm3_stm32f0.a(rcc_common_all.o)
                              src/functions.o (rcc_periph_clock_enable)
../libopencm3//lib/libopencm3_stm32f0.a(usart_common_all.o)
                              src/functions.o (usart_set_baudrate)
../libopencm3//lib/libopencm3_stm32f0.a(usart_common_v2.o)
                              ../libopencm3//lib/libopencm3_stm32f0.a(usart_common_all.o) (usart_send)
../libopencm3//lib/libopencm3_stm32f0.a(i2c_common_v2.o)
                              src/functions.o (i2c_reset)
../libopencm3//lib/libopencm3_stm32f0.a(vector.o)
                              (reset_handler)
../libopencm3//lib/libopencm3_stm32f0.a(rcc.o)
                              ../libopencm3//lib/libopencm3_stm32f0.a(usart_common_all.o) (rcc_apb1_frequency)
../libopencm3//lib/libopencm3_stm32f0.a(flash_common_f01.o)
                              ../libopencm3//lib/libopencm3_stm32f0.a(rcc.o) (flash_prefetch_buffer_enable)
../libopencm3//lib/libopencm3_stm32f0.a(assert.o)
                              ../libopencm3//lib/libopencm3_stm32f0.a(rcc.o) (cm3_assert_failed)
../libopencm3//lib/libopencm3_stm32f0.a(flash.o)
                              ../libopencm3//lib/libopencm3_stm32f0.a(flash_common_f01.o) (flash_get_status_flags)
/home/ia/ARM_toolchain/gcc-arm-none-eabi-6-2017-q2-update/bin/../lib/gcc/arm-none-eabi/6.3.1/../../../../arm-none-eabi/lib/thumb/v6-m/libc.a(lib_a-memset.o)
                              src/bme280.o (memset)
/home/ia/ARM_toolchain/gcc-arm-none-eabi-6-2017-q2-update/bin/../lib/gcc/arm-none-eabi/6.3.1/../../../../arm-none-eabi/lib/thumb/v6-m/libc.a(lib_a-sprintf.o)
                              main.o (sprintf)
/home/ia/ARM_toolchain/gcc-arm-none-eabi-6-2017-q2-update/bin/../lib/gcc/arm-none-eabi/6.3.1/../../../../arm-none-eabi/lib/thumb/v6-m/libc.a(lib_a-strstr.o)
                              src/wireless.o (strstr)
/home/ia/ARM_toolchain/gcc-arm-none-eabi-6-2017-q2-update/bin/../lib/gcc/arm-none-eabi/6.3.1/../../../../arm-none-eabi/lib/thumb/v6-m/libc.a(lib_a-svfprintf.o)
                              /home/ia/ARM_toolchain/gcc-arm-none-eabi-6-2017-q2-update/bin/../lib/gcc/arm-none-eabi/6.3.1/../../../../arm-none-eabi/lib/thumb/v6-m/libc.a(lib_a-sprintf.o) (_svfprintf_r)
/home/ia/ARM_toolchain/gcc-arm-none-eabi-6-2017-q2-update/bin/../lib/gcc/arm-none-eabi/6.3.1/../../../../arm-none-eabi/lib/thumb/v6-m/libc.a(lib_a-dtoa.o)
                              /home/ia/ARM_toolchain/gcc-arm-none-eabi-6-2017-q2-update/bin/../lib/gcc/arm-none-eabi/6.3.1/../../../../arm-none-eabi/lib/thumb/v6-m/libc.a(lib_a-svfprintf.o) (_dtoa_r)
/home/ia/ARM_toolchain/gcc-arm-none-eabi-6-2017-q2-update/bin/../lib/gcc/arm-none-eabi/6.3.1/../../../../arm-none-eabi/lib/thumb/v6-m/libc.a(lib_a-impure.o)
                              /home/ia/ARM_toolchain/gcc-arm-none-eabi-6-2017-q2-update/bin/../lib/gcc/arm-none-eabi/6.3.1/../../../../arm-none-eabi/lib/thumb/v6-m/libc.a(lib_a-sprintf.o) (_impure_ptr)
/home/ia/ARM_toolchain/gcc-arm-none-eabi-6-2017-q2-update/bin/../lib/gcc/arm-none-eabi/6.3.1/../../../../arm-none-eabi/lib/thumb/v6-m/libc.a(lib_a-localeconv.o)
                              /home/ia/ARM_toolchain/gcc-arm-none-eabi-6-2017-q2-update/bin/../lib/gcc/arm-none-eabi/6.3.1/../../../../arm-none-eabi/lib/thumb/v6-m/libc.a(lib_a-svfprintf.o) (_localeconv_r)
/home/ia/ARM_toolchain/gcc-arm-none-eabi-6-2017-q2-update/bin/../lib/gcc/arm-none-eabi/6.3.1/../../../../arm-none-eabi/lib/thumb/v6-m/libc.a(lib_a-mallocr.o)
                              /home/ia/ARM_toolchain/gcc-arm-none-eabi-6-2017-q2-update/bin/../lib/gcc/arm-none-eabi/6.3.1/../../../../arm-none-eabi/lib/thumb/v6-m/libc.a(lib_a-svfprintf.o) (_malloc_r)
/home/ia/ARM_toolchain/gcc-arm-none-eabi-6-2017-q2-update/bin/../lib/gcc/arm-none-eabi/6.3.1/../../../../arm-none-eabi/lib/thumb/v6-m/libc.a(lib_a-memchr-stub.o)
                              /home/ia/ARM_toolchain/gcc-arm-none-eabi-6-2017-q2-update/bin/../lib/gcc/arm-none-eabi/6.3.1/../../../../arm-none-eabi/lib/thumb/v6-m/libc.a(lib_a-strstr.o) (memchr)
/home/ia/ARM_toolchain/gcc-arm-none-eabi-6-2017-q2-update/bin/../lib/gcc/arm-none-eabi/6.3.1/../../../../arm-none-eabi/lib/thumb/v6-m/libc.a(lib_a-memcmp.o)
                              /home/ia/ARM_toolchain/gcc-arm-none-eabi-6-2017-q2-update/bin/../lib/gcc/arm-none-eabi/6.3.1/../../../../arm-none-eabi/lib/thumb/v6-m/libc.a(lib_a-strstr.o) (memcmp)
[...]
Memory Configuration

Name             Origin             Length             Attributes
rom              0x0000000008000000 0x0000000000020000 xr
ram              0x0000000020000000 0x0000000000004000 xrw
*default*        0x0000000000000000 0xffffffffffffffff

Linker script and memory map

LOAD main.o
LOAD src/functions.o
LOAD src/bme280.o
LOAD src/opcn2.o
LOAD src/wireless.o
LOAD ../libopencm3//lib/libopencm3_stm32f0.a
START GROUP
LOAD /home/ia/ARM_toolchain/gcc-arm-none-eabi-6-2017-q2-update/bin/../lib/gcc/arm-none-eabi/6.3.1/../../../../arm-none-eabi/lib/thumb/v6-m/libc.a
LOAD /home/ia/ARM_toolchain/gcc-arm-none-eabi-6-2017-q2-update/bin/../lib/gcc/arm-none-eabi/6.3.1/thumb/v6-m/libgcc.a
LOAD /home/ia/ARM_toolchain/gcc-arm-none-eabi-6-2017-q2-update/bin/../lib/gcc/arm-none-eabi/6.3.1/../../../../arm-none-eabi/lib/thumb/v6-m/libnosys.a
END GROUP
START GROUP
LOAD /home/ia/ARM_toolchain/gcc-arm-none-eabi-6-2017-q2-update/bin/../lib/gcc/arm-none-eabi/6.3.1/thumb/v6-m/libgcc.a
LOAD /home/ia/ARM_toolchain/gcc-arm-none-eabi-6-2017-q2-update/bin/../lib/gcc/arm-none-eabi/6.3.1/../../../../arm-none-eabi/lib/thumb/v6-m/libc.a
END GROUP

.text           0x0000000008000000     0x7e08
 *(.vectors)
 .vectors       0x0000000008000000       0xc0 ../libopencm3//lib/libopencm3_stm32f0.a(vector.o)
                0x0000000008000000                vector_table
 *(.text*)
 .text.main     0x00000000080000c0      0x288 main.o
                0x00000000080000c0                main
 .text.calculate_float
                0x0000000008000348       0x58 src/functions.o
                0x0000000008000348                calculate_float
 .text.flash    0x00000000080003a0       0x70 src/functions.o
                0x00000000080003a0                flash
 .text.spi_setup
                0x0000000008000410       0x78 src/functions.o
                0x0000000008000410                spi_setup
 .text.wait     0x0000000008000488       0x26 src/functions.o
                0x0000000008000488                wait
 *fill*         0x00000000080004ae        0x2 
 .text.usartSend
                0x00000000080004b0       0xb0 src/functions.o
                0x00000000080004b0                usartSend
 .text.clock_setup
                0x0000000008000560       0x50 src/functions.o
                0x0000000008000560                clock_setup
 .text.i2c_setup
                0x00000000080005b0       0x84 src/functions.o
                0x00000000080005b0                i2c_setup
 .text.usart_setup
                0x0000000008000634       0xa4 src/functions.o
                0x0000000008000634                usart_setup
 .text.gpio_setup
                0x00000000080006d8       0xb4 src/functions.o
                0x00000000080006d8                gpio_setup
 .text.init_BME280
                0x000000000800078c       0x9c src/bme280.o
                0x000000000800078c                init_BME280
 .text.compensation_data_readout_BME280
                0x0000000008000828      0x220 src/bme280.o
                0x0000000008000828                compensation_data_readout_BME280
 .text.data_readout_BME280
                0x0000000008000a48       0x34 src/bme280.o
                0x0000000008000a48                data_readout_BME280
 .text.temp_BME280
                0x0000000008000a7c       0xa4 src/bme280.o
                0x0000000008000a7c                temp_BME280
 .text.press_BME280
                0x0000000008000b20      0x190 src/bme280.o
                0x0000000008000b20                press_BME280
 .text.hum_BME280
                0x0000000008000cb0      0x104 src/bme280.o
                0x0000000008000cb0                hum_BME280
 .text.pm_set_command
                0x0000000008000db4       0x48 src/opcn2.o
                0x0000000008000db4                pm_set_command
 .text.pm_SS_on
                0x0000000008000dfc       0x28 src/opcn2.o
                0x0000000008000dfc                pm_SS_on
 .text.pm_SS_off
                0x0000000008000e24       0x34 src/opcn2.o
                0x0000000008000e24                pm_SS_off
 .text.pm_SS_toggle
                0x0000000008000e58       0x4c src/opcn2.o
                0x0000000008000e58                pm_SS_toggle
 .text.particlemeter_ON
                0x0000000008000ea4       0x44 src/opcn2.o
                0x0000000008000ea4                particlemeter_ON
 .text.particlemeter_set_fan
                0x0000000008000ee8       0x68 src/opcn2.o
                0x0000000008000ee8                particlemeter_set_fan
 .text.read_pm_values
                0x0000000008000f50       0x88 src/opcn2.o
                0x0000000008000f50                read_pm_values
 .text.particlemeter_pm1
                0x0000000008000fd8       0x2c src/opcn2.o
                0x0000000008000fd8                particlemeter_pm1
 .text.particlemeter_pm2_5
                0x0000000008001004       0x2c src/opcn2.o
                0x0000000008001004                particlemeter_pm2_5
 .text.particlemeter_pm10
                0x0000000008001030       0x2c src/opcn2.o
                0x0000000008001030                particlemeter_pm10
 .text.gpio_set
                0x000000000800105c        0x4 ../libopencm3//lib/libopencm3_stm32f0.a(gpio_common_all.o)
                0x000000000800105c                gpio_set
 .text.gpio_clear
                0x0000000008001060        0x6 ../libopencm3//lib/libopencm3_stm32f0.a(gpio_common_all.o)
                0x0000000008001060                gpio_clear
 .text.gpio_mode_setup
                0x0000000008001066       0x3a ../libopencm3//lib/libopencm3_stm32f0.a(gpio_common_f0234.o)
                0x0000000008001066                gpio_mode_setup
 .text.gpio_set_af
                0x00000000080010a0       0x58 ../libopencm3//lib/libopencm3_stm32f0.a(gpio_common_f0234.o)
                0x00000000080010a0                gpio_set_af
 .text.spi_reset
                0x00000000080010f8       0x28 ../libopencm3//lib/libopencm3_stm32f0.a(spi_common_all.o)
                0x00000000080010f8                spi_reset
 .text.spi_enable
                0x0000000008001120        0xa ../libopencm3//lib/libopencm3_stm32f0.a(spi_common_all.o)
                0x0000000008001120                spi_enable
 .text.spi_send8
                0x000000000800112a        0xc ../libopencm3//lib/libopencm3_stm32f0.a(spi_common_f03.o)
                0x000000000800112a                spi_send8
 .text.spi_read8
                0x0000000008001136        0xe ../libopencm3//lib/libopencm3_stm32f0.a(spi_common_f03.o)
                0x0000000008001136                spi_read8
 .text.spi_fifo_reception_threshold_8bit
                0x0000000008001144        0xc ../libopencm3//lib/libopencm3_stm32f0.a(spi_common_f03.o)
                0x0000000008001144                spi_fifo_reception_threshold_8bit
 .text.rcc_periph_clock_enable
                0x0000000008001150       0x1c ../libopencm3//lib/libopencm3_stm32f0.a(rcc_common_all.o)
                0x0000000008001150                rcc_periph_clock_enable
 .text.rcc_periph_reset_pulse
                0x000000000800116c       0x20 ../libopencm3//lib/libopencm3_stm32f0.a(rcc_common_all.o)
                0x000000000800116c                rcc_periph_reset_pulse
 .text.usart_set_baudrate
                0x000000000800118c       0x1c ../libopencm3//lib/libopencm3_stm32f0.a(usart_common_all.o)
                0x000000000800118c                usart_set_baudrate
 .text.usart_set_databits
                0x00000000080011a8       0x1c ../libopencm3//lib/libopencm3_stm32f0.a(usart_common_all.o)
                0x00000000080011a8                usart_set_databits
 .text.usart_set_stopbits
                0x00000000080011c4       0x10 ../libopencm3//lib/libopencm3_stm32f0.a(usart_common_all.o)
                0x00000000080011c4                usart_set_stopbits
 .text.usart_set_parity
                0x00000000080011d4       0x10 ../libopencm3//lib/libopencm3_stm32f0.a(usart_common_all.o)
                0x00000000080011d4                usart_set_parity
 .text.usart_set_mode
                0x00000000080011e4        0xc ../libopencm3//lib/libopencm3_stm32f0.a(usart_common_all.o)
                0x00000000080011e4                usart_set_mode
 .text.usart_set_flow_control
                0x00000000080011f0       0x10 ../libopencm3//lib/libopencm3_stm32f0.a(usart_common_all.o)
                0x00000000080011f0                usart_set_flow_control
 .text.usart_enable
                0x0000000008001200        0xa ../libopencm3//lib/libopencm3_stm32f0.a(usart_common_all.o)
                0x0000000008001200                usart_enable
 .text.usart_send_blocking
                0x000000000800120a       0x14 ../libopencm3//lib/libopencm3_stm32f0.a(usart_common_all.o)
                0x000000000800120a                usart_send_blocking
 .text.usart_send
                0x000000000800121e        0x8 ../libopencm3//lib/libopencm3_stm32f0.a(usart_common_v2.o)
                0x000000000800121e                usart_send
 .text.usart_wait_send_ready
                0x0000000008001226        0xa ../libopencm3//lib/libopencm3_stm32f0.a(usart_common_v2.o)
                0x0000000008001226                usart_wait_send_ready
 .text.i2c_reset
                0x0000000008001230       0x2c ../libopencm3//lib/libopencm3_stm32f0.a(i2c_common_v2.o)
                0x0000000008001230                i2c_reset
 .text.i2c_peripheral_enable
                0x000000000800125c        0xa ../libopencm3//lib/libopencm3_stm32f0.a(i2c_common_v2.o)
                0x000000000800125c                i2c_peripheral_enable
 .text.i2c_peripheral_disable
                0x0000000008001266        0xa ../libopencm3//lib/libopencm3_stm32f0.a(i2c_common_v2.o)
                0x0000000008001266                i2c_peripheral_disable
 .text.i2c_send_start
                0x0000000008001270        0xc ../libopencm3//lib/libopencm3_stm32f0.a(i2c_common_v2.o)
                0x0000000008001270                i2c_send_start
 .text.i2c_enable_analog_filter
                0x000000000800127c       0x10 ../libopencm3//lib/libopencm3_stm32f0.a(i2c_common_v2.o)
                0x000000000800127c                i2c_enable_analog_filter
 .text.i2c_set_prescaler
                0x000000000800128c        0xe ../libopencm3//lib/libopencm3_stm32f0.a(i2c_common_v2.o)
                0x000000000800128c                i2c_set_prescaler
 *fill*         0x000000000800129a        0x2 
 .text.i2c_set_data_setup_time
                0x000000000800129c       0x14 ../libopencm3//lib/libopencm3_stm32f0.a(i2c_common_v2.o)
                0x000000000800129c                i2c_set_data_setup_time
 .text.i2c_set_data_hold_time
                0x00000000080012b0       0x14 ../libopencm3//lib/libopencm3_stm32f0.a(i2c_common_v2.o)
                0x00000000080012b0                i2c_set_data_hold_time
 .text.i2c_set_scl_high_period
                0x00000000080012c4       0x14 ../libopencm3//lib/libopencm3_stm32f0.a(i2c_common_v2.o)
                0x00000000080012c4                i2c_set_scl_high_period
 .text.i2c_set_scl_low_period
                0x00000000080012d8        0xc ../libopencm3//lib/libopencm3_stm32f0.a(i2c_common_v2.o)
                0x00000000080012d8                i2c_set_scl_low_period
 .text.i2c_enable_stretching
                0x00000000080012e4       0x10 ../libopencm3//lib/libopencm3_stm32f0.a(i2c_common_v2.o)
                0x00000000080012e4                i2c_enable_stretching
 .text.i2c_set_7bit_addr_mode
                0x00000000080012f4       0x10 ../libopencm3//lib/libopencm3_stm32f0.a(i2c_common_v2.o)
                0x00000000080012f4                i2c_set_7bit_addr_mode
 .text.i2c_set_7bit_address
                0x0000000008001304       0x12 ../libopencm3//lib/libopencm3_stm32f0.a(i2c_common_v2.o)
                0x0000000008001304                i2c_set_7bit_address
 *fill*         0x0000000008001316        0x2 
 .text.i2c_set_write_transfer_dir
                0x0000000008001318       0x10 ../libopencm3//lib/libopencm3_stm32f0.a(i2c_common_v2.o)
                0x0000000008001318                i2c_set_write_transfer_dir
 .text.i2c_set_read_transfer_dir
                0x0000000008001328        0xc ../libopencm3//lib/libopencm3_stm32f0.a(i2c_common_v2.o)
                0x0000000008001328                i2c_set_read_transfer_dir
 .text.i2c_set_bytes_to_transfer
                0x0000000008001334       0x14 ../libopencm3//lib/libopencm3_stm32f0.a(i2c_common_v2.o)
                0x0000000008001334                i2c_set_bytes_to_transfer
 .text.i2c_enable_autoend
                0x0000000008001348        0xc ../libopencm3//lib/libopencm3_stm32f0.a(i2c_common_v2.o)
                0x0000000008001348                i2c_enable_autoend
 .text.i2c_disable_autoend
                0x0000000008001354       0x10 ../libopencm3//lib/libopencm3_stm32f0.a(i2c_common_v2.o)
                0x0000000008001354                i2c_disable_autoend
 .text.i2c_nack
                0x0000000008001364        0x8 ../libopencm3//lib/libopencm3_stm32f0.a(i2c_common_v2.o)
                0x0000000008001364                i2c_nack
 .text.i2c_transmit_int_status
                0x000000000800136c        0x8 ../libopencm3//lib/libopencm3_stm32f0.a(i2c_common_v2.o)
                0x000000000800136c                i2c_transmit_int_status
 .text.i2c_transfer_complete
                0x0000000008001374        0x8 ../libopencm3//lib/libopencm3_stm32f0.a(i2c_common_v2.o)
                0x0000000008001374                i2c_transfer_complete
 .text.i2c_received_data
                0x000000000800137c        0x8 ../libopencm3//lib/libopencm3_stm32f0.a(i2c_common_v2.o)
                0x000000000800137c                i2c_received_data
 .text.i2c_transfer7
                0x0000000008001384       0xb2 ../libopencm3//lib/libopencm3_stm32f0.a(i2c_common_v2.o)
                0x0000000008001384                i2c_transfer7
 .text.i2c_set_speed
                0x0000000008001436       0x5e ../libopencm3//lib/libopencm3_stm32f0.a(i2c_common_v2.o)
                0x0000000008001436                i2c_set_speed
 .text.blocking_handler
                0x0000000008001494        0x2 ../libopencm3//lib/libopencm3_stm32f0.a(vector.o)
                0x0000000008001494                rtc_isr
                0x0000000008001494                tim7_isr
                0x0000000008001494                blocking_handler
                0x0000000008001494                tsc_isr
                0x0000000008001494                spi1_isr
                0x0000000008001494                i2c1_isr
                0x0000000008001494                tim17_isr
                0x0000000008001494                i2c2_isr
                0x0000000008001494                usart1_isr
                0x0000000008001494                usart3_4_isr
                0x0000000008001494                tim1_cc_isr
                0x0000000008001494                exti2_3_isr
                0x0000000008001494                tim16_isr
                0x0000000008001494                pvd_isr
                0x0000000008001494                rcc_isr
                0x0000000008001494                flash_isr
                0x0000000008001494                hard_fault_handler
                0x0000000008001494                tim14_isr
                0x0000000008001494                spi2_isr
                0x0000000008001494                usb_isr
                0x0000000008001494                tim15_isr
                0x0000000008001494                tim3_isr
                0x0000000008001494                usart2_isr
                0x0000000008001494                adc_comp_isr
                0x0000000008001494                dma1_channel1_isr
                0x0000000008001494                tim6_dac_isr
                0x0000000008001494                tim1_brk_up_trg_com_isr
                0x0000000008001494                dma1_channel2_3_isr
                0x0000000008001494                exti4_15_isr
                0x0000000008001494                cec_can_isr
                0x0000000008001494                wwdg_isr
                0x0000000008001494                tim2_isr
                0x0000000008001494                dma1_channel4_5_isr
                0x0000000008001494                exti0_1_isr
 .text.null_handler
                0x0000000008001496        0x2 ../libopencm3//lib/libopencm3_stm32f0.a(vector.o)
                0x0000000008001496                null_handler
                0x0000000008001496                sv_call_handler
                0x0000000008001496                pend_sv_handler
                0x0000000008001496                sys_tick_handler
                0x0000000008001496                nmi_handler
 .text.reset_handler
                0x0000000008001498       0x8c ../libopencm3//lib/libopencm3_stm32f0.a(vector.o)
                0x0000000008001498                reset_handler
 .text.memset   0x0000000008001524       0x94 /home/ia/ARM_toolchain/gcc-arm-none-eabi-6-2017-q2-update/bin/../lib/gcc/arm-none-eabi/6.3.1/../../../../arm-none-eabi/lib/thumb/v6-m/libc.a(lib_a-memset.o)
                0x0000000008001524                memset
 .text.sprintf  0x00000000080015b8       0x44 /home/ia/ARM_toolchain/gcc-arm-none-eabi-6-2017-q2-update/bin/../lib/gcc/arm-none-eabi/6.3.1/../../../../arm-none-eabi/lib/thumb/v6-m/libc.a(lib_a-sprintf.o)
                0x00000000080015b8                sprintf
 .text._svfprintf_r
                0x00000000080015fc     0x1608 /home/ia/ARM_toolchain/gcc-arm-none-eabi-6-2017-q2-update/bin/../lib/gcc/arm-none-eabi/6.3.1/../../../../arm-none-eabi/lib/thumb/v6-m/libc.a(lib_a-svfprintf.o)
                0x00000000080015fc                _svfprintf_r
 .text.quorem   0x0000000008002c04      0x154 /home/ia/ARM_toolchain/gcc-arm-none-eabi-6-2017-q2-update/bin/../lib/gcc/arm-none-eabi/6.3.1/../../../../arm-none-eabi/lib/thumb/v6-m/libc.a(lib_a-dtoa.o)
 .text._dtoa_r  0x0000000008002d58      0xf88 /home/ia/ARM_toolchain/gcc-arm-none-eabi-6-2017-q2-update/bin/../lib/gcc/arm-none-eabi/6.3.1/../../../../arm-none-eabi/lib/thumb/v6-m/libc.a(lib_a-dtoa.o)
                0x0000000008002d58                _dtoa_r
 .text._localeconv_r
                0x0000000008003ce0       0x1c /home/ia/ARM_toolchain/gcc-arm-none-eabi-6-2017-q2-update/bin/../lib/gcc/arm-none-eabi/6.3.1/../../../../arm-none-eabi/lib/thumb/v6-m/libc.a(lib_a-localeconv.o)
                0x0000000008003ce0                _localeconv_r
 .text._malloc_r
                0x0000000008003cfc      0x568 /home/ia/ARM_toolchain/gcc-arm-none-eabi-6-2017-q2-update/bin/../lib/gcc/arm-none-eabi/6.3.1/../../../../arm-none-eabi/lib/thumb/v6-m/libc.a(lib_a-mallocr.o)
                0x0000000008003cfc                _malloc_r
 .text.memchr   0x0000000008004264       0x80 /home/ia/ARM_toolchain/gcc-arm-none-eabi-6-2017-q2-update/bin/../lib/gcc/arm-none-eabi/6.3.1/../../../../arm-none-eabi/lib/thumb/v6-m/libc.a(lib_a-memchr-stub.o)
                0x0000000008004264                memchr
 .text.memcpy   0x00000000080042e4       0x84 /home/ia/ARM_toolchain/gcc-arm-none-eabi-6-2017-q2-update/bin/../lib/gcc/arm-none-eabi/6.3.1/../../../../arm-none-eabi/lib/thumb/v6-m/libc.a(lib_a-memcpy-stub.o)
                0x00000000080042e4                memcpy
 .text.__malloc_lock
                0x0000000008004368       0x10 /home/ia/ARM_toolchain/gcc-arm-none-eabi-6-2017-q2-update/bin/../lib/gcc/arm-none-eabi/6.3.1/../../../../arm-none-eabi/lib/thumb/v6-m/libc.a(lib_a-mlock.o)
                0x0000000008004368                __malloc_lock
 .text.__malloc_unlock
                0x0000000008004378       0x10 /home/ia/ARM_toolchain/gcc-arm-none-eabi-6-2017-q2-update/bin/../lib/gcc/arm-none-eabi/6.3.1/../../../../arm-none-eabi/lib/thumb/v6-m/libc.a(lib_a-mlock.o)
                0x0000000008004378                __malloc_unlock
 .text._Balloc  0x0000000008004388       0x50 /home/ia/ARM_toolchain/gcc-arm-none-eabi-6-2017-q2-update/bin/../lib/gcc/arm-none-eabi/6.3.1/../../../../arm-none-eabi/lib/thumb/v6-m/libc.a(lib_a-mprec.o)
                0x0000000008004388                _Balloc
 .text._Bfree   0x00000000080043d8       0x14 /home/ia/ARM_toolchain/gcc-arm-none-eabi-6-2017-q2-update/bin/../lib/gcc/arm-none-eabi/6.3.1/../../../../arm-none-eabi/lib/thumb/v6-m/libc.a(lib_a-mprec.o)
                0x00000000080043d8                _Bfree
 .text.__multadd
                0x00000000080043ec       0x8c /home/ia/ARM_toolchain/gcc-arm-none-eabi-6-2017-q2-update/bin/../lib/gcc/arm-none-eabi/6.3.1/../../../../arm-none-eabi/lib/thumb/v6-m/libc.a(lib_a-mprec.o)
                0x00000000080043ec                __multadd
 .text.__hi0bits
                0x0000000008004478       0x34 /home/ia/ARM_toolchain/gcc-arm-none-eabi-6-2017-q2-update/bin/../lib/gcc/arm-none-eabi/6.3.1/../../../../arm-none-eabi/lib/thumb/v6-m/libc.a(lib_a-mprec.o)
                0x0000000008004478                __hi0bits
 .text.__lo0bits
                0x00000000080044ac       0x5c /home/ia/ARM_toolchain/gcc-arm-none-eabi-6-2017-q2-update/bin/../lib/gcc/arm-none-eabi/6.3.1/../../../../arm-none-eabi/lib/thumb/v6-m/libc.a(lib_a-mprec.o)
                0x00000000080044ac                __lo0bits
 .text.__i2b    0x0000000008004508       0x14 /home/ia/ARM_toolchain/gcc-arm-none-eabi-6-2017-q2-update/bin/../lib/gcc/arm-none-eabi/6.3.1/../../../../arm-none-eabi/lib/thumb/v6-m/libc.a(lib_a-mprec.o)
                0x0000000008004508                __i2b
 .text.__multiply
                0x000000000800451c      0x154 /home/ia/ARM_toolchain/gcc-arm-none-eabi-6-2017-q2-update/bin/../lib/gcc/arm-none-eabi/6.3.1/../../../../arm-none-eabi/lib/thumb/v6-m/libc.a(lib_a-mprec.o)
                0x000000000800451c                __multiply
 .text.__pow5mult
                0x0000000008004670       0xc0 /home/ia/ARM_toolchain/gcc-arm-none-eabi-6-2017-q2-update/bin/../lib/gcc/arm-none-eabi/6.3.1/../../../../arm-none-eabi/lib/thumb/v6-m/libc.a(lib_a-mprec.o)
                0x0000000008004670                __pow5mult
 .text.__lshift
                0x0000000008004730       0xc0 /home/ia/ARM_toolchain/gcc-arm-none-eabi-6-2017-q2-update/bin/../lib/gcc/arm-none-eabi/6.3.1/../../../../arm-none-eabi/lib/thumb/v6-m/libc.a(lib_a-mprec.o)
                0x0000000008004730                __lshift
 .text.__mcmp   0x00000000080047f0       0x34 /home/ia/ARM_toolchain/gcc-arm-none-eabi-6-2017-q2-update/bin/../lib/gcc/arm-none-eabi/6.3.1/../../../../arm-none-eabi/lib/thumb/v6-m/libc.a(lib_a-mprec.o)
                0x00000000080047f0                __mcmp
 .text.__mdiff  0x0000000008004824      0x138 /home/ia/ARM_toolchain/gcc-arm-none-eabi-6-2017-q2-update/bin/../lib/gcc/arm-none-eabi/6.3.1/../../../../arm-none-eabi/lib/thumb/v6-m/libc.a(lib_a-mprec.o)
                0x0000000008004824                __mdiff
 .text.__d2b    0x000000000800495c       0xbc /home/ia/ARM_toolchain/gcc-arm-none-eabi-6-2017-q2-update/bin/../lib/gcc/arm-none-eabi/6.3.1/../../../../arm-none-eabi/lib/thumb/v6-m/libc.a(lib_a-mprec.o)
                0x000000000800495c                __d2b
 .text._sbrk_r  0x0000000008004a18       0x24 /home/ia/ARM_toolchain/gcc-arm-none-eabi-6-2017-q2-update/bin/../lib/gcc/arm-none-eabi/6.3.1/../../../../arm-none-eabi/lib/thumb/v6-m/libc.a(lib_a-sbrkr.o)
                0x0000000008004a18                _sbrk_r
 .text.strlen   0x0000000008004a3c       0x64 /home/ia/ARM_toolchain/gcc-arm-none-eabi-6-2017-q2-update/bin/../lib/gcc/arm-none-eabi/6.3.1/../../../../arm-none-eabi/lib/thumb/v6-m/libc.a(lib_a-strlen-stub.o)
                0x0000000008004a3c                strlen
 .text.__ssprint_r
                0x0000000008004aa0      0x120 /home/ia/ARM_toolchain/gcc-arm-none-eabi-6-2017-q2-update/bin/../lib/gcc/arm-none-eabi/6.3.1/../../../../arm-none-eabi/lib/thumb/v6-m/libc.a(lib_a-svfiprintf.o)
                0x0000000008004aa0                __ssprint_r
 .text._calloc_r
                0x0000000008004bc0       0x58 /home/ia/ARM_toolchain/gcc-arm-none-eabi-6-2017-q2-update/bin/../lib/gcc/arm-none-eabi/6.3.1/../../../../arm-none-eabi/lib/thumb/v6-m/libc.a(lib_a-callocr.o)
                0x0000000008004bc0                _calloc_r
 .text._malloc_trim_r
                0x0000000008004c18       0xa0 /home/ia/ARM_toolchain/gcc-arm-none-eabi-6-2017-q2-update/bin/../lib/gcc/arm-none-eabi/6.3.1/../../../../arm-none-eabi/lib/thumb/v6-m/libc.a(lib_a-freer.o)
                0x0000000008004c18                _malloc_trim_r
 .text._free_r  0x0000000008004cb8      0x1bc /home/ia/ARM_toolchain/gcc-arm-none-eabi-6-2017-q2-update/bin/../lib/gcc/arm-none-eabi/6.3.1/../../../../arm-none-eabi/lib/thumb/v6-m/libc.a(lib_a-freer.o)
                0x0000000008004cb8                _free_r
 .text.__retarget_lock_acquire_recursive
                0x0000000008004e74        0x4 /home/ia/ARM_toolchain/gcc-arm-none-eabi-6-2017-q2-update/bin/../lib/gcc/arm-none-eabi/6.3.1/../../../../arm-none-eabi/lib/thumb/v6-m/libc.a(lib_a-lock.o)
                0x0000000008004e74                __retarget_lock_acquire_recursive
 .text.__retarget_lock_release_recursive
                0x0000000008004e78        0x4 /home/ia/ARM_toolchain/gcc-arm-none-eabi-6-2017-q2-update/bin/../lib/gcc/arm-none-eabi/6.3.1/../../../../arm-none-eabi/lib/thumb/v6-m/libc.a(lib_a-lock.o)
                0x0000000008004e78                __retarget_lock_release_recursive
 .text.__ascii_mbtowc
                0x0000000008004e7c       0x2c /home/ia/ARM_toolchain/gcc-arm-none-eabi-6-2017-q2-update/bin/../lib/gcc/arm-none-eabi/6.3.1/../../../../arm-none-eabi/lib/thumb/v6-m/libc.a(lib_a-mbtowc_r.o)
                0x0000000008004e7c                __ascii_mbtowc
 .text.memmove  0x0000000008004ea8       0xa0 /home/ia/ARM_toolchain/gcc-arm-none-eabi-6-2017-q2-update/bin/../lib/gcc/arm-none-eabi/6.3.1/../../../../arm-none-eabi/lib/thumb/v6-m/libc.a(lib_a-memmove.o)
                0x0000000008004ea8                memmove
 .text._realloc_r
                0x0000000008004f48      0x37c /home/ia/ARM_toolchain/gcc-arm-none-eabi-6-2017-q2-update/bin/../lib/gcc/arm-none-eabi/6.3.1/../../../../arm-none-eabi/lib/thumb/v6-m/libc.a(lib_a-reallocr.o)
                0x0000000008004f48                _realloc_r
 .text.__ascii_wctomb
                0x00000000080052c4       0x1c /home/ia/ARM_toolchain/gcc-arm-none-eabi-6-2017-q2-update/bin/../lib/gcc/arm-none-eabi/6.3.1/../../../../arm-none-eabi/lib/thumb/v6-m/libc.a(lib_a-wctomb_r.o)
                0x00000000080052c4                __ascii_wctomb
 .text          0x00000000080052e0      0x114 /home/ia/ARM_toolchain/gcc-arm-none-eabi-6-2017-q2-update/bin/../lib/gcc/arm-none-eabi/6.3.1/thumb/v6-m/libgcc.a(_udivsi3.o)
                0x00000000080052e0                __udivsi3
                0x00000000080052e0                __aeabi_uidiv
                0x00000000080053ec                __aeabi_uidivmod
 .text          0x00000000080053f4      0x1d4 /home/ia/ARM_toolchain/gcc-arm-none-eabi-6-2017-q2-update/bin/../lib/gcc/arm-none-eabi/6.3.1/thumb/v6-m/libgcc.a(_divsi3.o)
                0x00000000080053f4                __aeabi_idiv
                0x00000000080053f4                __divsi3
                0x00000000080055c0                __aeabi_idivmod
 .text          0x00000000080055c8        0x4 /home/ia/ARM_toolchain/gcc-arm-none-eabi-6-2017-q2-update/bin/../lib/gcc/arm-none-eabi/6.3.1/thumb/v6-m/libgcc.a(_dvmd_tls.o)
                0x00000000080055c8                __aeabi_ldiv0
                0x00000000080055c8                __aeabi_idiv0
 .text          0x00000000080055cc       0x7c /home/ia/ARM_toolchain/gcc-arm-none-eabi-6-2017-q2-update/bin/../lib/gcc/arm-none-eabi/6.3.1/thumb/v6-m/libgcc.a(_arm_cmpdf2.o)
                0x00000000080055cc                __aeabi_cdrcmple
                0x00000000080055dc                __aeabi_cdcmple
                0x00000000080055dc                __aeabi_cdcmpeq
                0x00000000080055ec                __aeabi_dcmpeq
                0x00000000080055f8                __aeabi_dcmplt
                0x000000000800560c                __aeabi_dcmple
                0x0000000008005620                __aeabi_dcmpgt
                0x0000000008005634                __aeabi_dcmpge
 .text          0x0000000008005648       0x40 /home/ia/ARM_toolchain/gcc-arm-none-eabi-6-2017-q2-update/bin/../lib/gcc/arm-none-eabi/6.3.1/thumb/v6-m/libgcc.a(_aeabi_uldivmod.o)
                0x0000000008005648                __aeabi_uldivmod
 .text          0x0000000008005688      0x180 /home/ia/ARM_toolchain/gcc-arm-none-eabi-6-2017-q2-update/bin/../lib/gcc/arm-none-eabi/6.3.1/thumb/v6-m/libgcc.a(_udivmoddi4.o)
                0x0000000008005688                __udivmoddi4
 .text          0x0000000008005808      0x290 /home/ia/ARM_toolchain/gcc-arm-none-eabi-6-2017-q2-update/bin/../lib/gcc/arm-none-eabi/6.3.1/thumb/v6-m/libgcc.a(divsf3.o)
                0x0000000008005808                __aeabi_fdiv
 .text          0x0000000008005a98       0xa0 /home/ia/ARM_toolchain/gcc-arm-none-eabi-6-2017-q2-update/bin/../lib/gcc/arm-none-eabi/6.3.1/thumb/v6-m/libgcc.a(floatsisf.o)
                0x0000000008005a98                __aeabi_i2f
 .text          0x0000000008005b38       0x8c /home/ia/ARM_toolchain/gcc-arm-none-eabi-6-2017-q2-update/bin/../lib/gcc/arm-none-eabi/6.3.1/thumb/v6-m/libgcc.a(floatunsisf.o)
                0x0000000008005b38                __aeabi_ui2f
 .text          0x0000000008005bc4      0x620 /home/ia/ARM_toolchain/gcc-arm-none-eabi-6-2017-q2-update/bin/../lib/gcc/arm-none-eabi/6.3.1/thumb/v6-m/libgcc.a(adddf3.o)
                0x0000000008005bc4                __aeabi_dadd
 .text          0x00000000080061e4      0x668 /home/ia/ARM_toolchain/gcc-arm-none-eabi-6-2017-q2-update/bin/../lib/gcc/arm-none-eabi/6.3.1/thumb/v6-m/libgcc.a(divdf3.o)
                0x00000000080061e4                __aeabi_ddiv
 .text          0x000000000800684c       0x74 /home/ia/ARM_toolchain/gcc-arm-none-eabi-6-2017-q2-update/bin/../lib/gcc/arm-none-eabi/6.3.1/thumb/v6-m/libgcc.a(eqdf2.o)
                0x000000000800684c                __eqdf2
                0x000000000800684c                __nedf2
 .text          0x00000000080068c0       0xc8 /home/ia/ARM_toolchain/gcc-arm-none-eabi-6-2017-q2-update/bin/../lib/gcc/arm-none-eabi/6.3.1/thumb/v6-m/libgcc.a(gedf2.o)
                0x00000000080068c0                __gtdf2
                0x00000000080068c0                __gedf2
 .text          0x0000000008006988       0xc4 /home/ia/ARM_toolchain/gcc-arm-none-eabi-6-2017-q2-update/bin/../lib/gcc/arm-none-eabi/6.3.1/thumb/v6-m/libgcc.a(ledf2.o)
                0x0000000008006988                __ltdf2
                0x0000000008006988                __ledf2
 .text          0x0000000008006a4c      0x500 /home/ia/ARM_toolchain/gcc-arm-none-eabi-6-2017-q2-update/bin/../lib/gcc/arm-none-eabi/6.3.1/thumb/v6-m/libgcc.a(muldf3.o)
                0x0000000008006a4c                __aeabi_dmul
 .text          0x0000000008006f4c      0x62c /home/ia/ARM_toolchain/gcc-arm-none-eabi-6-2017-q2-update/bin/../lib/gcc/arm-none-eabi/6.3.1/thumb/v6-m/libgcc.a(subdf3.o)
                0x0000000008006f4c                __aeabi_dsub
 .text          0x0000000008007578       0x40 /home/ia/ARM_toolchain/gcc-arm-none-eabi-6-2017-q2-update/bin/../lib/gcc/arm-none-eabi/6.3.1/thumb/v6-m/libgcc.a(unorddf2.o)
                0x0000000008007578                __aeabi_dcmpun
 .text          0x00000000080075b8       0x68 /home/ia/ARM_toolchain/gcc-arm-none-eabi-6-2017-q2-update/bin/../lib/gcc/arm-none-eabi/6.3.1/thumb/v6-m/libgcc.a(fixdfsi.o)
                0x00000000080075b8                __aeabi_d2iz
 .text          0x0000000008007620       0x84 /home/ia/ARM_toolchain/gcc-arm-none-eabi-6-2017-q2-update/bin/../lib/gcc/arm-none-eabi/6.3.1/thumb/v6-m/libgcc.a(floatsidf.o)
                0x0000000008007620                __aeabi_i2d
 .text          0x00000000080076a4       0x70 /home/ia/ARM_toolchain/gcc-arm-none-eabi-6-2017-q2-update/bin/../lib/gcc/arm-none-eabi/6.3.1/thumb/v6-m/libgcc.a(floatunsidf.o)
                0x00000000080076a4                __aeabi_ui2d
 .text          0x0000000008007714       0xa4 /home/ia/ARM_toolchain/gcc-arm-none-eabi-6-2017-q2-update/bin/../lib/gcc/arm-none-eabi/6.3.1/thumb/v6-m/libgcc.a(extendsfdf2.o)
                0x0000000008007714                __aeabi_f2d
 .text          0x00000000080077b8       0x3c /home/ia/ARM_toolchain/gcc-arm-none-eabi-6-2017-q2-update/bin/../lib/gcc/arm-none-eabi/6.3.1/thumb/v6-m/libgcc.a(_clzsi2.o)
                0x00000000080077b8                __clzsi2
 .text          0x00000000080077f4       0x18 /home/ia/ARM_toolchain/gcc-arm-none-eabi-6-2017-q2-update/bin/../lib/gcc/arm-none-eabi/6.3.1/thumb/v6-m/libgcc.a(_clzdi2.o)
                0x00000000080077f4                __clzdi2
 .text._sbrk    0x000000000800780c       0x1c /home/ia/ARM_toolchain/gcc-arm-none-eabi-6-2017-q2-update/bin/../lib/gcc/arm-none-eabi/6.3.1/../../../../arm-none-eabi/lib/thumb/v6-m/libnosys.a(sbrk.o)
                0x000000000800780c                _sbrk
                0x0000000008007828                . = ALIGN (0x4)
 *(.rodata*)
 .rodata        0x0000000008007828       0xee main.o
 *fill*         0x0000000008007916        0x2 
 .rodata        0x0000000008007918        0x2 src/bme280.o
 *fill*         0x000000000800791a        0x2 
 .rodata._svfprintf_r
                0x000000000800791c      0x164 /home/ia/ARM_toolchain/gcc-arm-none-eabi-6-2017-q2-update/bin/../lib/gcc/arm-none-eabi/6.3.1/../../../../arm-none-eabi/lib/thumb/v6-m/libc.a(lib_a-svfprintf.o)
 .rodata._svfprintf_r.str1.4
                0x0000000008007a80       0x42 /home/ia/ARM_toolchain/gcc-arm-none-eabi-6-2017-q2-update/bin/../lib/gcc/arm-none-eabi/6.3.1/../../../../arm-none-eabi/lib/thumb/v6-m/libc.a(lib_a-svfprintf.o)
 *fill*         0x0000000008007ac2        0x2 
 .rodata.blanks.7223
                0x0000000008007ac4       0x10 /home/ia/ARM_toolchain/gcc-arm-none-eabi-6-2017-q2-update/bin/../lib/gcc/arm-none-eabi/6.3.1/../../../../arm-none-eabi/lib/thumb/v6-m/libc.a(lib_a-svfprintf.o)
 .rodata.zeroes.7224
                0x0000000008007ad4       0x10 /home/ia/ARM_toolchain/gcc-arm-none-eabi-6-2017-q2-update/bin/../lib/gcc/arm-none-eabi/6.3.1/../../../../arm-none-eabi/lib/thumb/v6-m/libc.a(lib_a-svfprintf.o)
 .rodata._dtoa_r.str1.4
                0x0000000008007ae4       0x10 /home/ia/ARM_toolchain/gcc-arm-none-eabi-6-2017-q2-update/bin/../lib/gcc/arm-none-eabi/6.3.1/../../../../arm-none-eabi/lib/thumb/v6-m/libc.a(lib_a-dtoa.o)
                                         0x12 (size before relaxing)
 *fill*         0x0000000008007af4        0x4 
 .rodata.__mprec_bigtens
                0x0000000008007af8       0x28 /home/ia/ARM_toolchain/gcc-arm-none-eabi-6-2017-q2-update/bin/../lib/gcc/arm-none-eabi/6.3.1/../../../../arm-none-eabi/lib/thumb/v6-m/libc.a(lib_a-mprec.o)
                0x0000000008007af8                __mprec_bigtens
 .rodata.__mprec_tens
                0x0000000008007b20       0xc8 /home/ia/ARM_toolchain/gcc-arm-none-eabi-6-2017-q2-update/bin/../lib/gcc/arm-none-eabi/6.3.1/../../../../arm-none-eabi/lib/thumb/v6-m/libc.a(lib_a-mprec.o)
                0x0000000008007b20                __mprec_tens
 .rodata.p05.6055
                0x0000000008007be8        0xc /home/ia/ARM_toolchain/gcc-arm-none-eabi-6-2017-q2-update/bin/../lib/gcc/arm-none-eabi/6.3.1/../../../../arm-none-eabi/lib/thumb/v6-m/libc.a(lib_a-mprec.o)
 .rodata._setlocale_r.str1.4
                0x0000000008007bf4        0xa /home/ia/ARM_toolchain/gcc-arm-none-eabi-6-2017-q2-update/bin/../lib/gcc/arm-none-eabi/6.3.1/../../../../arm-none-eabi/lib/thumb/v6-m/libc.a(lib_a-locale.o)
                                          0xd (size before relaxing)
 *fill*         0x0000000008007bfe        0x2 
 .rodata.str1.4
                0x0000000008007c00        0x4 /home/ia/ARM_toolchain/gcc-arm-none-eabi-6-2017-q2-update/bin/../lib/gcc/arm-none-eabi/6.3.1/../../../../arm-none-eabi/lib/thumb/v6-m/libc.a(lib_a-locale.o)
                                          0x2 (size before relaxing)
 .rodata._ctype_
                0x0000000008007c04      0x101 /home/ia/ARM_toolchain/gcc-arm-none-eabi-6-2017-q2-update/bin/../lib/gcc/arm-none-eabi/6.3.1/../../../../arm-none-eabi/lib/thumb/v6-m/libc.a(lib_a-ctype_.o)
                0x0000000008007c04                _ctype_
 *fill*         0x0000000008007d05        0x3 
 .rodata        0x0000000008007d08       0x80 /home/ia/ARM_toolchain/gcc-arm-none-eabi-6-2017-q2-update/bin/../lib/gcc/arm-none-eabi/6.3.1/thumb/v6-m/libgcc.a(divsf3.o)
 .rodata        0x0000000008007d88       0x40 /home/ia/ARM_toolchain/gcc-arm-none-eabi-6-2017-q2-update/bin/../lib/gcc/arm-none-eabi/6.3.1/thumb/v6-m/libgcc.a(divdf3.o)
 .rodata        0x0000000008007dc8       0x40 /home/ia/ARM_toolchain/gcc-arm-none-eabi-6-2017-q2-update/bin/../lib/gcc/arm-none-eabi/6.3.1/thumb/v6-m/libgcc.a(muldf3.o)
                0x0000000008007e08                . = ALIGN (0x4)

.glue_7         0x0000000008007e08        0x0
 .glue_7        0x0000000008007e08        0x0 linker stubs

.glue_7t        0x0000000008007e08        0x0
 .glue_7t       0x0000000008007e08        0x0 linker stubs

.vfp11_veneer   0x0000000008007e08        0x0
 .vfp11_veneer  0x0000000008007e08        0x0 linker stubs

.v4_bx          0x0000000008007e08        0x0
 .v4_bx         0x0000000008007e08        0x0 linker stubs

.iplt           0x0000000008007e08        0x0
 .iplt          0x0000000008007e08        0x0 main.o

.preinit_array  0x0000000008007e08        0x0
                0x0000000008007e08                . = ALIGN (0x4)
                0x0000000008007e08                __preinit_array_start = .
 *(.preinit_array)
                0x0000000008007e08                __preinit_array_end = .

.init_array     0x0000000008007e08        0x0
                0x0000000008007e08                . = ALIGN (0x4)
                0x0000000008007e08                __init_array_start = .
 *(SORT(.init_array.*))
 *(.init_array)
                0x0000000008007e08                __init_array_end = .

.fini_array     0x0000000008007e08        0x0
                0x0000000008007e08                . = ALIGN (0x4)
                0x0000000008007e08                __fini_array_start = .
 *(.fini_array)
 *(SORT(.fini_array.*))
                0x0000000008007e08                __fini_array_end = .

.ARM.extab
 *(.ARM.extab*)

.ARM.exidx      0x0000000008007e08        0x8
                0x0000000008007e08                __exidx_start = .
 *(.ARM.exidx*)
 .ARM.exidx     0x0000000008007e08        0x8 /home/ia/ARM_toolchain/gcc-arm-none-eabi-6-2017-q2-update/bin/../lib/gcc/arm-none-eabi/6.3.1/thumb/v6-m/libgcc.a(_udivmoddi4.o)
                0x0000000008007e10                __exidx_end = .

.rel.dyn        0x0000000008007e10        0x0
 .rel.iplt      0x0000000008007e10        0x0 main.o
                0x0000000008007e10                . = ALIGN (0x4)
                0x0000000008007e10                _etext = .

.data           0x0000000020000000      0x9ac load address 0x0000000008007e10
                0x0000000020000000                _data = .
 *(.data*)
 .data.rcc_apb1_frequency
                0x0000000020000000        0x4 ../libopencm3//lib/libopencm3_stm32f0.a(rcc.o)
                0x0000000020000000                rcc_apb1_frequency
 .data._impure_ptr
                0x0000000020000004        0x4 /home/ia/ARM_toolchain/gcc-arm-none-eabi-6-2017-q2-update/bin/../lib/gcc/arm-none-eabi/6.3.1/../../../../arm-none-eabi/lib/thumb/v6-m/libc.a(lib_a-impure.o)
                0x0000000020000004                _impure_ptr
 .data.impure_data
                0x0000000020000008      0x428 /home/ia/ARM_toolchain/gcc-arm-none-eabi-6-2017-q2-update/bin/../lib/gcc/arm-none-eabi/6.3.1/../../../../arm-none-eabi/lib/thumb/v6-m/libc.a(lib_a-impure.o)
 .data.__malloc_av_
                0x0000000020000430      0x408 /home/ia/ARM_toolchain/gcc-arm-none-eabi-6-2017-q2-update/bin/../lib/gcc/arm-none-eabi/6.3.1/../../../../arm-none-eabi/lib/thumb/v6-m/libc.a(lib_a-mallocr.o)
                0x0000000020000430                __malloc_av_
 .data.__malloc_sbrk_base
                0x0000000020000838        0x4 /home/ia/ARM_toolchain/gcc-arm-none-eabi-6-2017-q2-update/bin/../lib/gcc/arm-none-eabi/6.3.1/../../../../arm-none-eabi/lib/thumb/v6-m/libc.a(lib_a-mallocr.o)
                0x0000000020000838                __malloc_sbrk_base
 .data.__malloc_trim_threshold
                0x000000002000083c        0x4 /home/ia/ARM_toolchain/gcc-arm-none-eabi-6-2017-q2-update/bin/../lib/gcc/arm-none-eabi/6.3.1/../../../../arm-none-eabi/lib/thumb/v6-m/libc.a(lib_a-mallocr.o)
                0x000000002000083c                __malloc_trim_threshold
 .data.__global_locale
                0x0000000020000840      0x16c /home/ia/ARM_toolchain/gcc-arm-none-eabi-6-2017-q2-update/bin/../lib/gcc/arm-none-eabi/6.3.1/../../../../arm-none-eabi/lib/thumb/v6-m/libc.a(lib_a-locale.o)
                0x0000000020000840                __global_locale
                0x00000000200009ac                . = ALIGN (0x4)
                0x00000000200009ac                _edata = .
                0x0000000008007e10                _data_loadaddr = LOADADDR (.data)

.igot.plt       0x00000000200009ac        0x0 load address 0x00000000080087bc
 .igot.plt      0x00000000200009ac        0x0 main.o

.bss            0x00000000200009ac       0xc0 load address 0x00000000080087bc
 *(.bss*)
 .bss.t_fine    0x00000000200009ac        0x4 main.o
                0x00000000200009ac                t_fine
 .bss.comp_data
                0x00000000200009b0       0x22 main.o
                0x00000000200009b0                comp_data
 *fill*         0x00000000200009d2        0x2 
 .bss.burst_read_data
                0x00000000200009d4        0x8 main.o
                0x00000000200009d4                burst_read_data
 .bss.dig_T1    0x00000000200009dc        0x2 main.o
                0x00000000200009dc                dig_T1
 .bss.dig_T2    0x00000000200009de        0x2 main.o
                0x00000000200009de                dig_T2
 .bss.dig_T3    0x00000000200009e0        0x2 main.o
                0x00000000200009e0                dig_T3
 .bss.dig_P1    0x00000000200009e2        0x2 main.o
                0x00000000200009e2                dig_P1
 .bss.dig_P2    0x00000000200009e4        0x2 main.o
                0x00000000200009e4                dig_P2
 .bss.dig_P3    0x00000000200009e6        0x2 main.o
                0x00000000200009e6                dig_P3
 .bss.dig_P4    0x00000000200009e8        0x2 main.o
                0x00000000200009e8                dig_P4
 .bss.dig_P5    0x00000000200009ea        0x2 main.o
                0x00000000200009ea                dig_P5
 .bss.dig_P6    0x00000000200009ec        0x2 main.o
                0x00000000200009ec                dig_P6
 .bss.dig_P7    0x00000000200009ee        0x2 main.o
                0x00000000200009ee                dig_P7
 .bss.dig_P8    0x00000000200009f0        0x2 main.o
                0x00000000200009f0                dig_P8
 .bss.dig_P9    0x00000000200009f2        0x2 main.o
                0x00000000200009f2                dig_P9
 .bss.dig_H1    0x00000000200009f4        0x1 main.o
                0x00000000200009f4                dig_H1
 .bss.dig_H3    0x00000000200009f5        0x1 main.o
                0x00000000200009f5                dig_H3
 .bss.dig_H2    0x00000000200009f6        0x2 main.o
                0x00000000200009f6                dig_H2
 .bss.dig_H4    0x00000000200009f8        0x2 main.o
                0x00000000200009f8                dig_H4
 .bss.dig_H5    0x00000000200009fa        0x2 main.o
                0x00000000200009fa                dig_H5
 .bss.dig_H6    0x00000000200009fc        0x1 main.o
                0x00000000200009fc                dig_H6
 *fill*         0x00000000200009fd        0x3 
 .bss.pm_values_buffer
                0x0000000020000a00        0xc main.o
                0x0000000020000a00                pm_values_buffer
 .bss.__malloc_current_mallinfo
                0x0000000020000a0c       0x28 /home/ia/ARM_toolchain/gcc-arm-none-eabi-6-2017-q2-update/bin/../lib/gcc/arm-none-eabi/6.3.1/../../../../arm-none-eabi/lib/thumb/v6-m/libc.a(lib_a-mallocr.o)
                0x0000000020000a0c                __malloc_current_mallinfo
 .bss.__malloc_max_sbrked_mem
                0x0000000020000a34        0x4 /home/ia/ARM_toolchain/gcc-arm-none-eabi-6-2017-q2-update/bin/../lib/gcc/arm-none-eabi/6.3.1/../../../../arm-none-eabi/lib/thumb/v6-m/libc.a(lib_a-mallocr.o)
                0x0000000020000a34                __malloc_max_sbrked_mem
 .bss.__malloc_max_total_mem
                0x0000000020000a38        0x4 /home/ia/ARM_toolchain/gcc-arm-none-eabi-6-2017-q2-update/bin/../lib/gcc/arm-none-eabi/6.3.1/../../../../arm-none-eabi/lib/thumb/v6-m/libc.a(lib_a-mallocr.o)
                0x0000000020000a38                __malloc_max_total_mem
 .bss.__malloc_top_pad
                0x0000000020000a3c        0x4 /home/ia/ARM_toolchain/gcc-arm-none-eabi-6-2017-q2-update/bin/../lib/gcc/arm-none-eabi/6.3.1/../../../../arm-none-eabi/lib/thumb/v6-m/libc.a(lib_a-mallocr.o)
                0x0000000020000a3c                __malloc_top_pad
 .bss.heap_end.4116
                0x0000000020000a40        0x4 /home/ia/ARM_toolchain/gcc-arm-none-eabi-6-2017-q2-update/bin/../lib/gcc/arm-none-eabi/6.3.1/../../../../arm-none-eabi/lib/thumb/v6-m/libnosys.a(sbrk.o)
 *(COMMON)
 COMMON         0x0000000020000a44       0x21 /home/ia/ARM_toolchain/gcc-arm-none-eabi-6-2017-q2-update/bin/../lib/gcc/arm-none-eabi/6.3.1/../../../../arm-none-eabi/lib/thumb/v6-m/libc.a(lib_a-lock.o)
                0x0000000020000a44                __lock___atexit_recursive_mutex
                0x0000000020000a48                __lock___arc4random_mutex
                0x0000000020000a4c                __lock___env_recursive_mutex
                0x0000000020000a50                __lock___sinit_recursive_mutex
                0x0000000020000a54                __lock___malloc_recursive_mutex
                0x0000000020000a58                __lock___at_quick_exit_mutex
                0x0000000020000a5c                __lock___dd_hash_mutex
                0x0000000020000a60                __lock___tz_mutex
                0x0000000020000a64                __lock___sfp_recursive_mutex
 *fill*         0x0000000020000a65        0x3 
 COMMON         0x0000000020000a68        0x4 /home/ia/ARM_toolchain/gcc-arm-none-eabi-6-2017-q2-update/bin/../lib/gcc/arm-none-eabi/6.3.1/../../../../arm-none-eabi/lib/thumb/v6-m/libc.a(lib_a-reent.o)
                0x0000000020000a68                errno
                0x0000000020000a6c                . = ALIGN (0x4)
                0x0000000020000a6c                _ebss = .

/DISCARD/
 *(.eh_frame)
                0x0000000020000a6c                . = ALIGN (0x4)
                0x0000000020000a6c                end = .
                0x0000000020004000                PROVIDE (_stack, (ORIGIN (ram) + LENGTH (ram)))
OUTPUT(main.elf elf32-littlearm)

.debug_info     0x0000000000000000     0x6282
 .debug_info    0x0000000000000000      0xc6a main.o
 .debug_info    0x0000000000000c6a      0xc2a src/functions.o
 .debug_info    0x0000000000001894      0xbc9 src/bme280.o
 .debug_info    0x000000000000245d      0xaaa src/opcn2.o
 .debug_info    0x0000000000002f07      0x22c ../libopencm3//lib/libopencm3_stm32f0.a(gpio_common_all.o)
 .debug_info    0x0000000000003133      0x1f7 ../libopencm3//lib/libopencm3_stm32f0.a(gpio_common_f0234.o)
 .debug_info    0x000000000000332a      0x910 ../libopencm3//lib/libopencm3_stm32f0.a(spi_common_all.o)
 .debug_info    0x0000000000003c3a      0x280 ../libopencm3//lib/libopencm3_stm32f0.a(spi_common_f03.o)
 .debug_info    0x0000000000003eba      0x527 ../libopencm3//lib/libopencm3_stm32f0.a(rcc_common_all.o)
 .debug_info    0x00000000000043e1      0x4b8 ../libopencm3//lib/libopencm3_stm32f0.a(usart_common_all.o)
 .debug_info    0x0000000000004899      0x364 ../libopencm3//lib/libopencm3_stm32f0.a(usart_common_v2.o)
 .debug_info    0x0000000000004bfd      0xc70 ../libopencm3//lib/libopencm3_stm32f0.a(i2c_common_v2.o)
 .debug_info    0x000000000000586d      0x2ae ../libopencm3//lib/libopencm3_stm32f0.a(vector.o)
 .debug_info    0x0000000000005b1b      0x767 ../libopencm3//lib/libopencm3_stm32f0.a(rcc.o)

.debug_abbrev   0x0000000000000000     0x15ae
 .debug_abbrev  0x0000000000000000      0x1df main.o
 .debug_abbrev  0x00000000000001df      0x262 src/functions.o
 .debug_abbrev  0x0000000000000441      0x1ea src/bme280.o
 .debug_abbrev  0x000000000000062b      0x245 src/opcn2.o
 .debug_abbrev  0x0000000000000870       0xf4 ../libopencm3//lib/libopencm3_stm32f0.a(gpio_common_all.o)
 .debug_abbrev  0x0000000000000964       0xb7 ../libopencm3//lib/libopencm3_stm32f0.a(gpio_common_f0234.o)
 .debug_abbrev  0x0000000000000a1b      0x1a9 ../libopencm3//lib/libopencm3_stm32f0.a(spi_common_all.o)
 .debug_abbrev  0x0000000000000bc4       0xe6 ../libopencm3//lib/libopencm3_stm32f0.a(spi_common_f03.o)
 .debug_abbrev  0x0000000000000caa      0x137 ../libopencm3//lib/libopencm3_stm32f0.a(rcc_common_all.o)
 .debug_abbrev  0x0000000000000de1      0x126 ../libopencm3//lib/libopencm3_stm32f0.a(usart_common_all.o)
 .debug_abbrev  0x0000000000000f07      0x109 ../libopencm3//lib/libopencm3_stm32f0.a(usart_common_v2.o)
 .debug_abbrev  0x0000000000001010      0x210 ../libopencm3//lib/libopencm3_stm32f0.a(i2c_common_v2.o)
 .debug_abbrev  0x0000000000001220      0x127 ../libopencm3//lib/libopencm3_stm32f0.a(vector.o)
 .debug_abbrev  0x0000000000001347      0x267 ../libopencm3//lib/libopencm3_stm32f0.a(rcc.o)

.debug_aranges  0x0000000000000000      0x808
 .debug_aranges
                0x0000000000000000       0x20 main.o
 .debug_aranges
                0x0000000000000020       0x70 src/functions.o
 .debug_aranges
                0x0000000000000090       0x48 src/bme280.o
 .debug_aranges
                0x00000000000000d8       0x78 src/opcn2.o
 .debug_aranges
                0x0000000000000150       0x50 ../libopencm3//lib/libopencm3_stm32f0.a(gpio_common_all.o)
 .debug_aranges
                0x00000000000001a0       0x30 ../libopencm3//lib/libopencm3_stm32f0.a(gpio_common_f0234.o)
 .debug_aranges
                0x00000000000001d0      0x178 ../libopencm3//lib/libopencm3_stm32f0.a(spi_common_all.o)
 .debug_aranges
                0x0000000000000348       0x60 ../libopencm3//lib/libopencm3_stm32f0.a(spi_common_f03.o)
 .debug_aranges
                0x00000000000003a8       0x68 ../libopencm3//lib/libopencm3_stm32f0.a(rcc_common_all.o)
 .debug_aranges
                0x0000000000000410       0xb8 ../libopencm3//lib/libopencm3_stm32f0.a(usart_common_all.o)
 .debug_aranges
                0x00000000000004c8       0xa8 ../libopencm3//lib/libopencm3_stm32f0.a(usart_common_v2.o)
 .debug_aranges
                0x0000000000000570      0x170 ../libopencm3//lib/libopencm3_stm32f0.a(i2c_common_v2.o)
 .debug_aranges
                0x00000000000006e0       0x30 ../libopencm3//lib/libopencm3_stm32f0.a(vector.o)
 .debug_aranges
                0x0000000000000710       0xf8 ../libopencm3//lib/libopencm3_stm32f0.a(rcc.o)

.debug_ranges   0x0000000000000000      0x750
 .debug_ranges  0x0000000000000000       0x10 main.o
 .debug_ranges  0x0000000000000010       0x60 src/functions.o
 .debug_ranges  0x0000000000000070       0x38 src/bme280.o
 .debug_ranges  0x00000000000000a8       0x68 src/opcn2.o
 .debug_ranges  0x0000000000000110       0x40 ../libopencm3//lib/libopencm3_stm32f0.a(gpio_common_all.o)
 .debug_ranges  0x0000000000000150       0x20 ../libopencm3//lib/libopencm3_stm32f0.a(gpio_common_f0234.o)
 .debug_ranges  0x0000000000000170      0x168 ../libopencm3//lib/libopencm3_stm32f0.a(spi_common_all.o)
 .debug_ranges  0x00000000000002d8       0x50 ../libopencm3//lib/libopencm3_stm32f0.a(spi_common_f03.o)
 .debug_ranges  0x0000000000000328       0x58 ../libopencm3//lib/libopencm3_stm32f0.a(rcc_common_all.o)
 .debug_ranges  0x0000000000000380       0xa8 ../libopencm3//lib/libopencm3_stm32f0.a(usart_common_all.o)
 .debug_ranges  0x0000000000000428       0x98 ../libopencm3//lib/libopencm3_stm32f0.a(usart_common_v2.o)
 .debug_ranges  0x00000000000004c0      0x160 ../libopencm3//lib/libopencm3_stm32f0.a(i2c_common_v2.o)
 .debug_ranges  0x0000000000000620       0x20 ../libopencm3//lib/libopencm3_stm32f0.a(vector.o)
 .debug_ranges  0x0000000000000640      0x110 ../libopencm3//lib/libopencm3_stm32f0.a(rcc.o)

.debug_line     0x0000000000000000     0x3b4b
 .debug_line    0x0000000000000000      0x2be main.o
 .debug_line    0x00000000000002be      0x33a src/functions.o
 .debug_line    0x00000000000005f8      0x27d src/bme280.o
 .debug_line    0x0000000000000875      0x300 src/opcn2.o
 .debug_line    0x0000000000000b75      0x3b9 ../libopencm3//lib/libopencm3_stm32f0.a(gpio_common_all.o)
 .debug_line    0x0000000000000f2e      0x3b1 ../libopencm3//lib/libopencm3_stm32f0.a(gpio_common_f0234.o)
 .debug_line    0x00000000000012df      0x6d1 ../libopencm3//lib/libopencm3_stm32f0.a(spi_common_all.o)
 .debug_line    0x00000000000019b0      0x3fa ../libopencm3//lib/libopencm3_stm32f0.a(spi_common_f03.o)
 .debug_line    0x0000000000001daa      0x3d3 ../libopencm3//lib/libopencm3_stm32f0.a(rcc_common_all.o)
 .debug_line    0x000000000000217d      0x4da ../libopencm3//lib/libopencm3_stm32f0.a(usart_common_all.o)
 .debug_line    0x0000000000002657      0x47c ../libopencm3//lib/libopencm3_stm32f0.a(usart_common_v2.o)
 .debug_line    0x0000000000002ad3      0x6cd ../libopencm3//lib/libopencm3_stm32f0.a(i2c_common_v2.o)
 .debug_line    0x00000000000031a0      0x391 ../libopencm3//lib/libopencm3_stm32f0.a(vector.o)
 .debug_line    0x0000000000003531      0x61a ../libopencm3//lib/libopencm3_stm32f0.a(rcc.o)

.debug_str      0x0000000000000000     0xf338
 .debug_str     0x0000000000000000      0x5fe main.o
                                        0x712 (size before relaxing)
 .debug_str     0x00000000000005fe      0x2ce src/functions.o
                                        0x85b (size before relaxing)
 .debug_str     0x00000000000008cc       0xb3 src/bme280.o
                                        0x765 (size before relaxing)
 .debug_str     0x000000000000097f       0xf2 src/opcn2.o
                                        0x6e8 (size before relaxing)
 .debug_str     0x0000000000000a71     0x5453 ../libopencm3//lib/libopencm3_stm32f0.a(gpio_common_all.o)
                                       0x55e0 (size before relaxing)
 .debug_str     0x0000000000005ec4       0x8f ../libopencm3//lib/libopencm3_stm32f0.a(gpio_common_f0234.o)
                                       0x5602 (size before relaxing)
 .debug_str     0x0000000000005f53     0x3b99 ../libopencm3//lib/libopencm3_stm32f0.a(spi_common_all.o)
                                       0x7cb6 (size before relaxing)
 .debug_str     0x0000000000009aec       0xf0 ../libopencm3//lib/libopencm3_stm32f0.a(spi_common_f03.o)
                                       0x77e3 (size before relaxing)
 .debug_str     0x0000000000009bdc      0x1c4 ../libopencm3//lib/libopencm3_stm32f0.a(rcc_common_all.o)
                                       0x6a80 (size before relaxing)
 .debug_str     0x0000000000009da0     0x1d81 ../libopencm3//lib/libopencm3_stm32f0.a(usart_common_all.o)
                                       0x833c (size before relaxing)
 .debug_str     0x000000000000bb21      0x190 ../libopencm3//lib/libopencm3_stm32f0.a(usart_common_v2.o)
                                       0x5e22 (size before relaxing)
 .debug_str     0x000000000000bcb1     0x1721 ../libopencm3//lib/libopencm3_stm32f0.a(i2c_common_v2.o)
                                       0x7f4d (size before relaxing)
 .debug_str     0x000000000000d3d2     0x12e2 ../libopencm3//lib/libopencm3_stm32f0.a(vector.o)
                                       0x4ad4 (size before relaxing)
 .debug_str     0x000000000000e6b4      0xc84 ../libopencm3//lib/libopencm3_stm32f0.a(rcc.o)
                                       0x725e (size before relaxing)

.comment        0x0000000000000000       0x7f
 .comment       0x0000000000000000       0x7f main.o
                                         0x80 (size before relaxing)
 .comment       0x000000000000007f       0x80 src/functions.o
 .comment       0x000000000000007f       0x80 src/bme280.o
 .comment       0x000000000000007f       0x80 src/opcn2.o
 .comment       0x000000000000007f       0x80 ../libopencm3//lib/libopencm3_stm32f0.a(gpio_common_all.o)
 .comment       0x000000000000007f       0x80 ../libopencm3//lib/libopencm3_stm32f0.a(gpio_common_f0234.o)
 .comment       0x000000000000007f       0x80 ../libopencm3//lib/libopencm3_stm32f0.a(spi_common_all.o)
 .comment       0x000000000000007f       0x80 ../libopencm3//lib/libopencm3_stm32f0.a(spi_common_f03.o)
 .comment       0x000000000000007f       0x80 ../libopencm3//lib/libopencm3_stm32f0.a(rcc_common_all.o)
 .comment       0x000000000000007f       0x80 ../libopencm3//lib/libopencm3_stm32f0.a(usart_common_all.o)
 .comment       0x000000000000007f       0x80 ../libopencm3//lib/libopencm3_stm32f0.a(usart_common_v2.o)
 .comment       0x000000000000007f       0x80 ../libopencm3//lib/libopencm3_stm32f0.a(i2c_common_v2.o)
 .comment       0x000000000000007f       0x80 ../libopencm3//lib/libopencm3_stm32f0.a(vector.o)
 .comment       0x000000000000007f       0x80 ../libopencm3//lib/libopencm3_stm32f0.a(rcc.o)

.ARM.attributes
                0x0000000000000000       0x2f
 .ARM.attributes
                0x0000000000000000       0x31 main.o
 .ARM.attributes
                0x0000000000000031       0x31 src/functions.o
 .ARM.attributes
                0x0000000000000062       0x31 src/bme280.o
 .ARM.attributes
                0x0000000000000093       0x31 src/opcn2.o
 .ARM.attributes
                0x00000000000000c4       0x31 ../libopencm3//lib/libopencm3_stm32f0.a(gpio_common_all.o)
 .ARM.attributes
                0x00000000000000f5       0x31 ../libopencm3//lib/libopencm3_stm32f0.a(gpio_common_f0234.o)
 .ARM.attributes
                0x0000000000000126       0x31 ../libopencm3//lib/libopencm3_stm32f0.a(spi_common_all.o)
 .ARM.attributes
                0x0000000000000157       0x31 ../libopencm3//lib/libopencm3_stm32f0.a(spi_common_f03.o)
 .ARM.attributes
                0x0000000000000188       0x31 ../libopencm3//lib/libopencm3_stm32f0.a(rcc_common_all.o)
 .ARM.attributes
                0x00000000000001b9       0x31 ../libopencm3//lib/libopencm3_stm32f0.a(usart_common_all.o)
 .ARM.attributes
                0x00000000000001ea       0x31 ../libopencm3//lib/libopencm3_stm32f0.a(usart_common_v2.o)
 .ARM.attributes
                0x000000000000021b       0x31 ../libopencm3//lib/libopencm3_stm32f0.a(i2c_common_v2.o)
 .ARM.attributes
                0x000000000000024c       0x31 ../libopencm3//lib/libopencm3_stm32f0.a(vector.o)
 .ARM.attributes
                0x000000000000027d       0x31 ../libopencm3//lib/libopencm3_stm32f0.a(rcc.o)
 .ARM.attributes
                0x00000000000002ae       0x2c /home/ia/ARM_toolchain/gcc-arm-none-eabi-6-2017-q2-update/bin/../lib/gcc/arm-none-eabi/6.3.1/../../../../arm-none-eabi/lib/thumb/v6-m/libc.a(lib_a-memset.o)
 .ARM.attributes
                0x00000000000002da       0x2c /home/ia/ARM_toolchain/gcc-arm-none-eabi-6-2017-q2-update/bin/../lib/gcc/arm-none-eabi/6.3.1/../../../../arm-none-eabi/lib/thumb/v6-m/libc.a(lib_a-sprintf.o)
 .ARM.attributes
                0x0000000000000306       0x2c /home/ia/ARM_toolchain/gcc-arm-none-eabi-6-2017-q2-update/bin/../lib/gcc/arm-none-eabi/6.3.1/../../../../arm-none-eabi/lib/thumb/v6-m/libc.a(lib_a-svfprintf.o)
 .ARM.attributes
                0x0000000000000332       0x2c /home/ia/ARM_toolchain/gcc-arm-none-eabi-6-2017-q2-update/bin/../lib/gcc/arm-none-eabi/6.3.1/../../../../arm-none-eabi/lib/thumb/v6-m/libc.a(lib_a-dtoa.o)
 .ARM.attributes
                0x000000000000035e       0x2c /home/ia/ARM_toolchain/gcc-arm-none-eabi-6-2017-q2-update/bin/../lib/gcc/arm-none-eabi/6.3.1/../../../../arm-none-eabi/lib/thumb/v6-m/libc.a(lib_a-impure.o)
 .ARM.attributes
                0x000000000000038a       0x2c /home/ia/ARM_toolchain/gcc-arm-none-eabi-6-2017-q2-update/bin/../lib/gcc/arm-none-eabi/6.3.1/../../../../arm-none-eabi/lib/thumb/v6-m/libc.a(lib_a-localeconv.o)
 .ARM.attributes
                0x00000000000003b6       0x2c /home/ia/ARM_toolchain/gcc-arm-none-eabi-6-2017-q2-update/bin/../lib/gcc/arm-none-eabi/6.3.1/../../../../arm-none-eabi/lib/thumb/v6-m/libc.a(lib_a-mallocr.o)
 .ARM.attributes
                0x00000000000003e2       0x2c /home/ia/ARM_toolchain/gcc-arm-none-eabi-6-2017-q2-update/bin/../lib/gcc/arm-none-eabi/6.3.1/../../../../arm-none-eabi/lib/thumb/v6-m/libc.a(lib_a-memchr-stub.o)
 .ARM.attributes
                0x000000000000040e       0x2c /home/ia/ARM_toolchain/gcc-arm-none-eabi-6-2017-q2-update/bin/../lib/gcc/arm-none-eabi/6.3.1/../../../../arm-none-eabi/lib/thumb/v6-m/libc.a(lib_a-memcpy-stub.o)
 .ARM.attributes
                0x000000000000043a       0x2c /home/ia/ARM_toolchain/gcc-arm-none-eabi-6-2017-q2-update/bin/../lib/gcc/arm-none-eabi/6.3.1/../../../../arm-none-eabi/lib/thumb/v6-m/libc.a(lib_a-mlock.o)
 .ARM.attributes
                0x0000000000000466       0x2c /home/ia/ARM_toolchain/gcc-arm-none-eabi-6-2017-q2-update/bin/../lib/gcc/arm-none-eabi/6.3.1/../../../../arm-none-eabi/lib/thumb/v6-m/libc.a(lib_a-mprec.o)
 .ARM.attributes
                0x0000000000000492       0x2c /home/ia/ARM_toolchain/gcc-arm-none-eabi-6-2017-q2-update/bin/../lib/gcc/arm-none-eabi/6.3.1/../../../../arm-none-eabi/lib/thumb/v6-m/libc.a(lib_a-sbrkr.o)
 .ARM.attributes
                0x00000000000004be       0x2c /home/ia/ARM_toolchain/gcc-arm-none-eabi-6-2017-q2-update/bin/../lib/gcc/arm-none-eabi/6.3.1/../../../../arm-none-eabi/lib/thumb/v6-m/libc.a(lib_a-strlen-stub.o)
 .ARM.attributes
                0x00000000000004ea       0x2c /home/ia/ARM_toolchain/gcc-arm-none-eabi-6-2017-q2-update/bin/../lib/gcc/arm-none-eabi/6.3.1/../../../../arm-none-eabi/lib/thumb/v6-m/libc.a(lib_a-svfiprintf.o)
 .ARM.attributes
                0x0000000000000516       0x2c /home/ia/ARM_toolchain/gcc-arm-none-eabi-6-2017-q2-update/bin/../lib/gcc/arm-none-eabi/6.3.1/../../../../arm-none-eabi/lib/thumb/v6-m/libc.a(lib_a-callocr.o)
 .ARM.attributes
                0x0000000000000542       0x2c /home/ia/ARM_toolchain/gcc-arm-none-eabi-6-2017-q2-update/bin/../lib/gcc/arm-none-eabi/6.3.1/../../../../arm-none-eabi/lib/thumb/v6-m/libc.a(lib_a-freer.o)
 .ARM.attributes
                0x000000000000056e       0x2c /home/ia/ARM_toolchain/gcc-arm-none-eabi-6-2017-q2-update/bin/../lib/gcc/arm-none-eabi/6.3.1/../../../../arm-none-eabi/lib/thumb/v6-m/libc.a(lib_a-locale.o)
 .ARM.attributes
                0x000000000000059a       0x2c /home/ia/ARM_toolchain/gcc-arm-none-eabi-6-2017-q2-update/bin/../lib/gcc/arm-none-eabi/6.3.1/../../../../arm-none-eabi/lib/thumb/v6-m/libc.a(lib_a-lock.o)
 .ARM.attributes
                0x00000000000005c6       0x2c /home/ia/ARM_toolchain/gcc-arm-none-eabi-6-2017-q2-update/bin/../lib/gcc/arm-none-eabi/6.3.1/../../../../arm-none-eabi/lib/thumb/v6-m/libc.a(lib_a-mbtowc_r.o)
 .ARM.attributes
                0x00000000000005f2       0x2c /home/ia/ARM_toolchain/gcc-arm-none-eabi-6-2017-q2-update/bin/../lib/gcc/arm-none-eabi/6.3.1/../../../../arm-none-eabi/lib/thumb/v6-m/libc.a(lib_a-memmove.o)
 .ARM.attributes
                0x000000000000061e       0x2c /home/ia/ARM_toolchain/gcc-arm-none-eabi-6-2017-q2-update/bin/../lib/gcc/arm-none-eabi/6.3.1/../../../../arm-none-eabi/lib/thumb/v6-m/libc.a(lib_a-reallocr.o)
 .ARM.attributes
                0x000000000000064a       0x2c /home/ia/ARM_toolchain/gcc-arm-none-eabi-6-2017-q2-update/bin/../lib/gcc/arm-none-eabi/6.3.1/../../../../arm-none-eabi/lib/thumb/v6-m/libc.a(lib_a-reent.o)
 .ARM.attributes
                0x0000000000000676       0x2c /home/ia/ARM_toolchain/gcc-arm-none-eabi-6-2017-q2-update/bin/../lib/gcc/arm-none-eabi/6.3.1/../../../../arm-none-eabi/lib/thumb/v6-m/libc.a(lib_a-wctomb_r.o)
 .ARM.attributes
                0x00000000000006a2       0x2c /home/ia/ARM_toolchain/gcc-arm-none-eabi-6-2017-q2-update/bin/../lib/gcc/arm-none-eabi/6.3.1/../../../../arm-none-eabi/lib/thumb/v6-m/libc.a(lib_a-ctype_.o)
 .ARM.attributes
                0x00000000000006ce       0x1e /home/ia/ARM_toolchain/gcc-arm-none-eabi-6-2017-q2-update/bin/../lib/gcc/arm-none-eabi/6.3.1/thumb/v6-m/libgcc.a(_udivsi3.o)
 .ARM.attributes
                0x00000000000006ec       0x1e /home/ia/ARM_toolchain/gcc-arm-none-eabi-6-2017-q2-update/bin/../lib/gcc/arm-none-eabi/6.3.1/thumb/v6-m/libgcc.a(_divsi3.o)
 .ARM.attributes
                0x000000000000070a       0x1e /home/ia/ARM_toolchain/gcc-arm-none-eabi-6-2017-q2-update/bin/../lib/gcc/arm-none-eabi/6.3.1/thumb/v6-m/libgcc.a(_dvmd_tls.o)
 .ARM.attributes
                0x0000000000000728       0x1e /home/ia/ARM_toolchain/gcc-arm-none-eabi-6-2017-q2-update/bin/../lib/gcc/arm-none-eabi/6.3.1/thumb/v6-m/libgcc.a(_arm_cmpdf2.o)
 .ARM.attributes
                0x0000000000000746       0x1e /home/ia/ARM_toolchain/gcc-arm-none-eabi-6-2017-q2-update/bin/../lib/gcc/arm-none-eabi/6.3.1/thumb/v6-m/libgcc.a(_aeabi_uldivmod.o)
 .ARM.attributes
                0x0000000000000764       0x2c /home/ia/ARM_toolchain/gcc-arm-none-eabi-6-2017-q2-update/bin/../lib/gcc/arm-none-eabi/6.3.1/thumb/v6-m/libgcc.a(_udivmoddi4.o)
 .ARM.attributes
                0x0000000000000790       0x2c /home/ia/ARM_toolchain/gcc-arm-none-eabi-6-2017-q2-update/bin/../lib/gcc/arm-none-eabi/6.3.1/thumb/v6-m/libgcc.a(divsf3.o)
 .ARM.attributes
                0x00000000000007bc       0x2c /home/ia/ARM_toolchain/gcc-arm-none-eabi-6-2017-q2-update/bin/../lib/gcc/arm-none-eabi/6.3.1/thumb/v6-m/libgcc.a(floatsisf.o)
 .ARM.attributes
                0x00000000000007e8       0x2c /home/ia/ARM_toolchain/gcc-arm-none-eabi-6-2017-q2-update/bin/../lib/gcc/arm-none-eabi/6.3.1/thumb/v6-m/libgcc.a(floatunsisf.o)
 .ARM.attributes
                0x0000000000000814       0x2c /home/ia/ARM_toolchain/gcc-arm-none-eabi-6-2017-q2-update/bin/../lib/gcc/arm-none-eabi/6.3.1/thumb/v6-m/libgcc.a(adddf3.o)
 .ARM.attributes
                0x0000000000000840       0x2c /home/ia/ARM_toolchain/gcc-arm-none-eabi-6-2017-q2-update/bin/../lib/gcc/arm-none-eabi/6.3.1/thumb/v6-m/libgcc.a(divdf3.o)
 .ARM.attributes
                0x000000000000086c       0x2c /home/ia/ARM_toolchain/gcc-arm-none-eabi-6-2017-q2-update/bin/../lib/gcc/arm-none-eabi/6.3.1/thumb/v6-m/libgcc.a(eqdf2.o)
 .ARM.attributes
                0x0000000000000898       0x2c /home/ia/ARM_toolchain/gcc-arm-none-eabi-6-2017-q2-update/bin/../lib/gcc/arm-none-eabi/6.3.1/thumb/v6-m/libgcc.a(gedf2.o)
 .ARM.attributes
                0x00000000000008c4       0x2c /home/ia/ARM_toolchain/gcc-arm-none-eabi-6-2017-q2-update/bin/../lib/gcc/arm-none-eabi/6.3.1/thumb/v6-m/libgcc.a(ledf2.o)
 .ARM.attributes
                0x00000000000008f0       0x2c /home/ia/ARM_toolchain/gcc-arm-none-eabi-6-2017-q2-update/bin/../lib/gcc/arm-none-eabi/6.3.1/thumb/v6-m/libgcc.a(muldf3.o)
 .ARM.attributes
                0x000000000000091c       0x2c /home/ia/ARM_toolchain/gcc-arm-none-eabi-6-2017-q2-update/bin/../lib/gcc/arm-none-eabi/6.3.1/thumb/v6-m/libgcc.a(subdf3.o)
 .ARM.attributes
                0x0000000000000948       0x2c /home/ia/ARM_toolchain/gcc-arm-none-eabi-6-2017-q2-update/bin/../lib/gcc/arm-none-eabi/6.3.1/thumb/v6-m/libgcc.a(unorddf2.o)
 .ARM.attributes
                0x0000000000000974       0x2c /home/ia/ARM_toolchain/gcc-arm-none-eabi-6-2017-q2-update/bin/../lib/gcc/arm-none-eabi/6.3.1/thumb/v6-m/libgcc.a(fixdfsi.o)
 .ARM.attributes
                0x00000000000009a0       0x2c /home/ia/ARM_toolchain/gcc-arm-none-eabi-6-2017-q2-update/bin/../lib/gcc/arm-none-eabi/6.3.1/thumb/v6-m/libgcc.a(floatsidf.o)
 .ARM.attributes
                0x00000000000009cc       0x2c /home/ia/ARM_toolchain/gcc-arm-none-eabi-6-2017-q2-update/bin/../lib/gcc/arm-none-eabi/6.3.1/thumb/v6-m/libgcc.a(floatunsidf.o)
 .ARM.attributes
                0x00000000000009f8       0x2c /home/ia/ARM_toolchain/gcc-arm-none-eabi-6-2017-q2-update/bin/../lib/gcc/arm-none-eabi/6.3.1/thumb/v6-m/libgcc.a(extendsfdf2.o)
 .ARM.attributes
                0x0000000000000a24       0x1e /home/ia/ARM_toolchain/gcc-arm-none-eabi-6-2017-q2-update/bin/../lib/gcc/arm-none-eabi/6.3.1/thumb/v6-m/libgcc.a(_clzsi2.o)
 .ARM.attributes
                0x0000000000000a42       0x1e /home/ia/ARM_toolchain/gcc-arm-none-eabi-6-2017-q2-update/bin/../lib/gcc/arm-none-eabi/6.3.1/thumb/v6-m/libgcc.a(_clzdi2.o)
 .ARM.attributes
                0x0000000000000a60       0x2c /home/ia/ARM_toolchain/gcc-arm-none-eabi-6-2017-q2-update/bin/../lib/gcc/arm-none-eabi/6.3.1/../../../../arm-none-eabi/lib/thumb/v6-m/libnosys.a(sbrk.o)

.debug_frame    0x0000000000000000     0x1cec
 .debug_frame   0x0000000000000000       0x30 main.o
 .debug_frame   0x0000000000000030      0x160 src/functions.o
 .debug_frame   0x0000000000000190       0xd0 src/bme280.o
 .debug_frame   0x0000000000000260      0x180 src/opcn2.o
 .debug_frame   0x00000000000003e0       0x80 ../libopencm3//lib/libopencm3_stm32f0.a(gpio_common_all.o)
 .debug_frame   0x0000000000000460       0x78 ../libopencm3//lib/libopencm3_stm32f0.a(gpio_common_f0234.o)
 .debug_frame   0x00000000000004d8      0x2e0 ../libopencm3//lib/libopencm3_stm32f0.a(spi_common_all.o)
 .debug_frame   0x00000000000007b8       0xac ../libopencm3//lib/libopencm3_stm32f0.a(spi_common_f03.o)
 .debug_frame   0x0000000000000864       0xd0 ../libopencm3//lib/libopencm3_stm32f0.a(rcc_common_all.o)
 .debug_frame   0x0000000000000934      0x16c ../libopencm3//lib/libopencm3_stm32f0.a(usart_common_all.o)
 .debug_frame   0x0000000000000aa0      0x130 ../libopencm3//lib/libopencm3_stm32f0.a(usart_common_v2.o)
 .debug_frame   0x0000000000000bd0      0x2e4 ../libopencm3//lib/libopencm3_stm32f0.a(i2c_common_v2.o)
 .debug_frame   0x0000000000000eb4       0x40 ../libopencm3//lib/libopencm3_stm32f0.a(vector.o)
 .debug_frame   0x0000000000000ef4      0x23c ../libopencm3//lib/libopencm3_stm32f0.a(rcc.o)
 .debug_frame   0x0000000000001130       0x30 /home/ia/ARM_toolchain/gcc-arm-none-eabi-6-2017-q2-update/bin/../lib/gcc/arm-none-eabi/6.3.1/../../../../arm-none-eabi/lib/thumb/v6-m/libc.a(lib_a-memset.o)
 .debug_frame   0x0000000000001160       0x50 /home/ia/ARM_toolchain/gcc-arm-none-eabi-6-2017-q2-update/bin/../lib/gcc/arm-none-eabi/6.3.1/../../../../arm-none-eabi/lib/thumb/v6-m/libc.a(lib_a-sprintf.o)
 .debug_frame   0x00000000000011b0       0x3c /home/ia/ARM_toolchain/gcc-arm-none-eabi-6-2017-q2-update/bin/../lib/gcc/arm-none-eabi/6.3.1/../../../../arm-none-eabi/lib/thumb/v6-m/libc.a(lib_a-svfprintf.o)
 .debug_frame   0x00000000000011ec       0x68 /home/ia/ARM_toolchain/gcc-arm-none-eabi-6-2017-q2-update/bin/../lib/gcc/arm-none-eabi/6.3.1/../../../../arm-none-eabi/lib/thumb/v6-m/libc.a(lib_a-dtoa.o)
 .debug_frame   0x0000000000001254       0x40 /home/ia/ARM_toolchain/gcc-arm-none-eabi-6-2017-q2-update/bin/../lib/gcc/arm-none-eabi/6.3.1/../../../../arm-none-eabi/lib/thumb/v6-m/libc.a(lib_a-localeconv.o)
 .debug_frame   0x0000000000001294       0x3c /home/ia/ARM_toolchain/gcc-arm-none-eabi-6-2017-q2-update/bin/../lib/gcc/arm-none-eabi/6.3.1/../../../../arm-none-eabi/lib/thumb/v6-m/libc.a(lib_a-mallocr.o)
 .debug_frame   0x00000000000012d0       0x2c /home/ia/ARM_toolchain/gcc-arm-none-eabi-6-2017-q2-update/bin/../lib/gcc/arm-none-eabi/6.3.1/../../../../arm-none-eabi/lib/thumb/v6-m/libc.a(lib_a-memchr-stub.o)
 .debug_frame   0x00000000000012fc       0x30 /home/ia/ARM_toolchain/gcc-arm-none-eabi-6-2017-q2-update/bin/../lib/gcc/arm-none-eabi/6.3.1/../../../../arm-none-eabi/lib/thumb/v6-m/libc.a(lib_a-memcpy-stub.o)
 .debug_frame   0x000000000000132c       0x40 /home/ia/ARM_toolchain/gcc-arm-none-eabi-6-2017-q2-update/bin/../lib/gcc/arm-none-eabi/6.3.1/../../../../arm-none-eabi/lib/thumb/v6-m/libc.a(lib_a-mlock.o)
 .debug_frame   0x000000000000136c      0x260 /home/ia/ARM_toolchain/gcc-arm-none-eabi-6-2017-q2-update/bin/../lib/gcc/arm-none-eabi/6.3.1/../../../../arm-none-eabi/lib/thumb/v6-m/libc.a(lib_a-mprec.o)
 .debug_frame   0x00000000000015cc       0x2c /home/ia/ARM_toolchain/gcc-arm-none-eabi-6-2017-q2-update/bin/../lib/gcc/arm-none-eabi/6.3.1/../../../../arm-none-eabi/lib/thumb/v6-m/libc.a(lib_a-sbrkr.o)
 .debug_frame   0x00000000000015f8       0x28 /home/ia/ARM_toolchain/gcc-arm-none-eabi-6-2017-q2-update/bin/../lib/gcc/arm-none-eabi/6.3.1/../../../../arm-none-eabi/lib/thumb/v6-m/libc.a(lib_a-strlen-stub.o)
 .debug_frame   0x0000000000001620       0x68 /home/ia/ARM_toolchain/gcc-arm-none-eabi-6-2017-q2-update/bin/../lib/gcc/arm-none-eabi/6.3.1/../../../../arm-none-eabi/lib/thumb/v6-m/libc.a(lib_a-svfiprintf.o)
 .debug_frame   0x0000000000001688       0x28 /home/ia/ARM_toolchain/gcc-arm-none-eabi-6-2017-q2-update/bin/../lib/gcc/arm-none-eabi/6.3.1/../../../../arm-none-eabi/lib/thumb/v6-m/libc.a(lib_a-callocr.o)
 .debug_frame   0x00000000000016b0       0x50 /home/ia/ARM_toolchain/gcc-arm-none-eabi-6-2017-q2-update/bin/../lib/gcc/arm-none-eabi/6.3.1/../../../../arm-none-eabi/lib/thumb/v6-m/libc.a(lib_a-freer.o)
 .debug_frame   0x0000000000001700       0x74 /home/ia/ARM_toolchain/gcc-arm-none-eabi-6-2017-q2-update/bin/../lib/gcc/arm-none-eabi/6.3.1/../../../../arm-none-eabi/lib/thumb/v6-m/libc.a(lib_a-locale.o)
 .debug_frame   0x0000000000001774       0xb0 /home/ia/ARM_toolchain/gcc-arm-none-eabi-6-2017-q2-update/bin/../lib/gcc/arm-none-eabi/6.3.1/../../../../arm-none-eabi/lib/thumb/v6-m/libc.a(lib_a-lock.o)
 .debug_frame   0x0000000000001824       0x40 /home/ia/ARM_toolchain/gcc-arm-none-eabi-6-2017-q2-update/bin/../lib/gcc/arm-none-eabi/6.3.1/../../../../arm-none-eabi/lib/thumb/v6-m/libc.a(lib_a-mbtowc_r.o)
 .debug_frame   0x0000000000001864       0x30 /home/ia/ARM_toolchain/gcc-arm-none-eabi-6-2017-q2-update/bin/../lib/gcc/arm-none-eabi/6.3.1/../../../../arm-none-eabi/lib/thumb/v6-m/libc.a(lib_a-memmove.o)
 .debug_frame   0x0000000000001894       0x3c /home/ia/ARM_toolchain/gcc-arm-none-eabi-6-2017-q2-update/bin/../lib/gcc/arm-none-eabi/6.3.1/../../../../arm-none-eabi/lib/thumb/v6-m/libc.a(lib_a-reallocr.o)
 .debug_frame   0x00000000000018d0       0x48 /home/ia/ARM_toolchain/gcc-arm-none-eabi-6-2017-q2-update/bin/../lib/gcc/arm-none-eabi/6.3.1/../../../../arm-none-eabi/lib/thumb/v6-m/libc.a(lib_a-reent.o)
 .debug_frame   0x0000000000001918       0x3c /home/ia/ARM_toolchain/gcc-arm-none-eabi-6-2017-q2-update/bin/../lib/gcc/arm-none-eabi/6.3.1/../../../../arm-none-eabi/lib/thumb/v6-m/libc.a(lib_a-wctomb_r.o)
 .debug_frame   0x0000000000001954       0x20 /home/ia/ARM_toolchain/gcc-arm-none-eabi-6-2017-q2-update/bin/../lib/gcc/arm-none-eabi/6.3.1/thumb/v6-m/libgcc.a(_udivsi3.o)
 .debug_frame   0x0000000000001974       0x20 /home/ia/ARM_toolchain/gcc-arm-none-eabi-6-2017-q2-update/bin/../lib/gcc/arm-none-eabi/6.3.1/thumb/v6-m/libgcc.a(_divsi3.o)
 .debug_frame   0x0000000000001994       0x3c /home/ia/ARM_toolchain/gcc-arm-none-eabi-6-2017-q2-update/bin/../lib/gcc/arm-none-eabi/6.3.1/thumb/v6-m/libgcc.a(_udivmoddi4.o)
 .debug_frame   0x00000000000019d0       0x3c /home/ia/ARM_toolchain/gcc-arm-none-eabi-6-2017-q2-update/bin/../lib/gcc/arm-none-eabi/6.3.1/thumb/v6-m/libgcc.a(divsf3.o)
 .debug_frame   0x0000000000001a0c       0x2c /home/ia/ARM_toolchain/gcc-arm-none-eabi-6-2017-q2-update/bin/../lib/gcc/arm-none-eabi/6.3.1/thumb/v6-m/libgcc.a(floatsisf.o)
 .debug_frame   0x0000000000001a38       0x28 /home/ia/ARM_toolchain/gcc-arm-none-eabi-6-2017-q2-update/bin/../lib/gcc/arm-none-eabi/6.3.1/thumb/v6-m/libgcc.a(floatunsisf.o)
 .debug_frame   0x0000000000001a60       0x3c /home/ia/ARM_toolchain/gcc-arm-none-eabi-6-2017-q2-update/bin/../lib/gcc/arm-none-eabi/6.3.1/thumb/v6-m/libgcc.a(adddf3.o)
 .debug_frame   0x0000000000001a9c       0x3c /home/ia/ARM_toolchain/gcc-arm-none-eabi-6-2017-q2-update/bin/../lib/gcc/arm-none-eabi/6.3.1/thumb/v6-m/libgcc.a(divdf3.o)
 .debug_frame   0x0000000000001ad8       0x38 /home/ia/ARM_toolchain/gcc-arm-none-eabi-6-2017-q2-update/bin/../lib/gcc/arm-none-eabi/6.3.1/thumb/v6-m/libgcc.a(eqdf2.o)
 .debug_frame   0x0000000000001b10       0x38 /home/ia/ARM_toolchain/gcc-arm-none-eabi-6-2017-q2-update/bin/../lib/gcc/arm-none-eabi/6.3.1/thumb/v6-m/libgcc.a(gedf2.o)
 .debug_frame   0x0000000000001b48       0x38 /home/ia/ARM_toolchain/gcc-arm-none-eabi-6-2017-q2-update/bin/../lib/gcc/arm-none-eabi/6.3.1/thumb/v6-m/libgcc.a(ledf2.o)
 .debug_frame   0x0000000000001b80       0x3c /home/ia/ARM_toolchain/gcc-arm-none-eabi-6-2017-q2-update/bin/../lib/gcc/arm-none-eabi/6.3.1/thumb/v6-m/libgcc.a(muldf3.o)
 .debug_frame   0x0000000000001bbc       0x38 /home/ia/ARM_toolchain/gcc-arm-none-eabi-6-2017-q2-update/bin/../lib/gcc/arm-none-eabi/6.3.1/thumb/v6-m/libgcc.a(subdf3.o)
 .debug_frame   0x0000000000001bf4       0x2c /home/ia/ARM_toolchain/gcc-arm-none-eabi-6-2017-q2-update/bin/../lib/gcc/arm-none-eabi/6.3.1/thumb/v6-m/libgcc.a(unorddf2.o)
 .debug_frame   0x0000000000001c20       0x2c /home/ia/ARM_toolchain/gcc-arm-none-eabi-6-2017-q2-update/bin/../lib/gcc/arm-none-eabi/6.3.1/thumb/v6-m/libgcc.a(fixdfsi.o)
 .debug_frame   0x0000000000001c4c       0x2c /home/ia/ARM_toolchain/gcc-arm-none-eabi-6-2017-q2-update/bin/../lib/gcc/arm-none-eabi/6.3.1/thumb/v6-m/libgcc.a(floatsidf.o)
 .debug_frame   0x0000000000001c78       0x28 /home/ia/ARM_toolchain/gcc-arm-none-eabi-6-2017-q2-update/bin/../lib/gcc/arm-none-eabi/6.3.1/thumb/v6-m/libgcc.a(floatunsidf.o)
 .debug_frame   0x0000000000001ca0       0x2c /home/ia/ARM_toolchain/gcc-arm-none-eabi-6-2017-q2-update/bin/../lib/gcc/arm-none-eabi/6.3.1/thumb/v6-m/libgcc.a(extendsfdf2.o)
 .debug_frame   0x0000000000001ccc       0x20 /home/ia/ARM_toolchain/gcc-arm-none-eabi-6-2017-q2-update/bin/../lib/gcc/arm-none-eabi/6.3.1/../../../../arm-none-eabi/lib/thumb/v6-m/libnosys.a(sbrk.o)

.debug_loc      0x0000000000000000     0x11c2
 .debug_loc     0x0000000000000000       0x97 ../libopencm3//lib/libopencm3_stm32f0.a(gpio_common_all.o)
 .debug_loc     0x0000000000000097      0x186 ../libopencm3//lib/libopencm3_stm32f0.a(gpio_common_f0234.o)
 .debug_loc     0x000000000000021d      0x133 ../libopencm3//lib/libopencm3_stm32f0.a(spi_common_all.o)
 .debug_loc     0x0000000000000350      0x15a ../libopencm3//lib/libopencm3_stm32f0.a(spi_common_f03.o)
 .debug_loc     0x00000000000004aa       0xe7 ../libopencm3//lib/libopencm3_stm32f0.a(rcc_common_all.o)
 .debug_loc     0x0000000000000591      0x1d6 ../libopencm3//lib/libopencm3_stm32f0.a(usart_common_all.o)
 .debug_loc     0x0000000000000767       0xc3 ../libopencm3//lib/libopencm3_stm32f0.a(usart_common_v2.o)
 .debug_loc     0x000000000000082a      0x620 ../libopencm3//lib/libopencm3_stm32f0.a(i2c_common_v2.o)
 .debug_loc     0x0000000000000e4a       0xf2 ../libopencm3//lib/libopencm3_stm32f0.a(vector.o)
 .debug_loc     0x0000000000000f3c      0x286 ../libopencm3//lib/libopencm3_stm32f0.a(rcc.o)

.debug_macro    0x0000000000000000     0x36ec
 .debug_macro   0x0000000000000000       0xd7 ../libopencm3//lib/libopencm3_stm32f0.a(gpio_common_all.o)
 .debug_macro   0x00000000000000d7      0x898 ../libopencm3//lib/libopencm3_stm32f0.a(gpio_common_all.o)
 .debug_macro   0x000000000000096f       0x22 ../libopencm3//lib/libopencm3_stm32f0.a(gpio_common_all.o)
 .debug_macro   0x0000000000000991       0x4f ../libopencm3//lib/libopencm3_stm32f0.a(gpio_common_all.o)
 .debug_macro   0x00000000000009e0       0x51 ../libopencm3//lib/libopencm3_stm32f0.a(gpio_common_all.o)
 .debug_macro   0x0000000000000a31       0xef ../libopencm3//lib/libopencm3_stm32f0.a(gpio_common_all.o)
 .debug_macro   0x0000000000000b20       0x6a ../libopencm3//lib/libopencm3_stm32f0.a(gpio_common_all.o)
 .debug_macro   0x0000000000000b8a      0x1df ../libopencm3//lib/libopencm3_stm32f0.a(gpio_common_all.o)
 .debug_macro   0x0000000000000d69       0x22 ../libopencm3//lib/libopencm3_stm32f0.a(gpio_common_all.o)
 .debug_macro   0x0000000000000d8b       0xfa ../libopencm3//lib/libopencm3_stm32f0.a(gpio_common_all.o)
 .debug_macro   0x0000000000000e85       0x34 ../libopencm3//lib/libopencm3_stm32f0.a(gpio_common_all.o)
 .debug_macro   0x0000000000000eb9      0x15a ../libopencm3//lib/libopencm3_stm32f0.a(gpio_common_all.o)
 .debug_macro   0x0000000000001013       0x76 ../libopencm3//lib/libopencm3_stm32f0.a(gpio_common_all.o)
 .debug_macro   0x0000000000001089      0x2e6 ../libopencm3//lib/libopencm3_stm32f0.a(gpio_common_all.o)
 .debug_macro   0x000000000000136f      0x14e ../libopencm3//lib/libopencm3_stm32f0.a(gpio_common_all.o)
 .debug_macro   0x00000000000014bd       0x3a ../libopencm3//lib/libopencm3_stm32f0.a(gpio_common_all.o)
 .debug_macro   0x00000000000014f7       0xd7 ../libopencm3//lib/libopencm3_stm32f0.a(gpio_common_f0234.o)
 .debug_macro   0x00000000000015ce       0xdb ../libopencm3//lib/libopencm3_stm32f0.a(spi_common_all.o)
 .debug_macro   0x00000000000016a9      0x2eb ../libopencm3//lib/libopencm3_stm32f0.a(spi_common_all.o)
 .debug_macro   0x0000000000001994       0xca ../libopencm3//lib/libopencm3_stm32f0.a(spi_common_all.o)
 .debug_macro   0x0000000000001a5e      0x746 ../libopencm3//lib/libopencm3_stm32f0.a(spi_common_all.o)
 .debug_macro   0x00000000000021a4       0xdb ../libopencm3//lib/libopencm3_stm32f0.a(spi_common_f03.o)
 .debug_macro   0x000000000000227f       0xcf ../libopencm3//lib/libopencm3_stm32f0.a(rcc_common_all.o)
 .debug_macro   0x000000000000234e       0xda ../libopencm3//lib/libopencm3_stm32f0.a(usart_common_all.o)
 .debug_macro   0x0000000000002428       0x94 ../libopencm3//lib/libopencm3_stm32f0.a(usart_common_all.o)
 .debug_macro   0x00000000000024bc      0x514 ../libopencm3//lib/libopencm3_stm32f0.a(usart_common_all.o)
 .debug_macro   0x00000000000029d0       0x1c ../libopencm3//lib/libopencm3_stm32f0.a(usart_common_all.o)
 .debug_macro   0x00000000000029ec       0xc2 ../libopencm3//lib/libopencm3_stm32f0.a(usart_common_v2.o)
 .debug_macro   0x0000000000002aae       0xdb ../libopencm3//lib/libopencm3_stm32f0.a(i2c_common_v2.o)
 .debug_macro   0x0000000000002b89      0x16d ../libopencm3//lib/libopencm3_stm32f0.a(i2c_common_v2.o)
 .debug_macro   0x0000000000002cf6      0x3c3 ../libopencm3//lib/libopencm3_stm32f0.a(i2c_common_v2.o)
 .debug_macro   0x00000000000030b9       0xd0 ../libopencm3//lib/libopencm3_stm32f0.a(vector.o)
 .debug_macro   0x0000000000003189      0x1b1 ../libopencm3//lib/libopencm3_stm32f0.a(vector.o)
 .debug_macro   0x000000000000333a       0x46 ../libopencm3//lib/libopencm3_stm32f0.a(vector.o)
 .debug_macro   0x0000000000003380       0xca ../libopencm3//lib/libopencm3_stm32f0.a(vector.o)
 .debug_macro   0x000000000000344a       0xe0 ../libopencm3//lib/libopencm3_stm32f0.a(rcc.o)
 .debug_macro   0x000000000000352a       0x16 ../libopencm3//lib/libopencm3_stm32f0.a(rcc.o)
 .debug_macro   0x0000000000003540       0xdc ../libopencm3//lib/libopencm3_stm32f0.a(rcc.o)
 .debug_macro   0x000000000000361c       0xd0 ../libopencm3//lib/libopencm3_stm32f0.a(rcc.o)
