Archive member included to satisfy reference by file (symbol)

./libopencm3//lib/libopencm3_stm32f0.a(gpio_common_all.o)
                              main.o (gpio_set)
./libopencm3//lib/libopencm3_stm32f0.a(gpio_common_f0234.o)
                              functions.o (gpio_mode_setup)
./libopencm3//lib/libopencm3_stm32f0.a(rcc_common_all.o)
                              functions.o (rcc_periph_clock_enable)
./libopencm3//lib/libopencm3_stm32f0.a(usart_common_all.o)
                              functions.o (usart_set_baudrate)
./libopencm3//lib/libopencm3_stm32f0.a(usart_common_v2.o)
                              ./libopencm3//lib/libopencm3_stm32f0.a(usart_common_all.o) (usart_send)
./libopencm3//lib/libopencm3_stm32f0.a(i2c_common_v2.o)
                              functions.o (i2c_reset)
./libopencm3//lib/libopencm3_stm32f0.a(vector.o)
                              (reset_handler)
./libopencm3//lib/libopencm3_stm32f0.a(rcc.o)
                              ./libopencm3//lib/libopencm3_stm32f0.a(usart_common_all.o) (rcc_apb1_frequency)
./libopencm3//lib/libopencm3_stm32f0.a(flash_common_f01.o)
                              ./libopencm3//lib/libopencm3_stm32f0.a(rcc.o) (flash_prefetch_buffer_enable)
./libopencm3//lib/libopencm3_stm32f0.a(assert.o)
                              ./libopencm3//lib/libopencm3_stm32f0.a(rcc.o) (cm3_assert_failed)
./libopencm3//lib/libopencm3_stm32f0.a(flash.o)
                              ./libopencm3//lib/libopencm3_stm32f0.a(flash_common_f01.o) (flash_get_status_flags)
/home/ia/ARM/gcc-arm-none-eabi-6-2017-q2-update/bin/../lib/gcc/arm-none-eabi/6.3.1/../../../../arm-none-eabi/lib/thumb/v6-m/libc.a(lib_a-memcpy-stub.o)
                              functions.o (memcpy)
/home/ia/ARM/gcc-arm-none-eabi-6-2017-q2-update/bin/../lib/gcc/arm-none-eabi/6.3.1/../../../../arm-none-eabi/lib/thumb/v6-m/libc.a(lib_a-memset.o)
                              functions.o (memset)
/home/ia/ARM/gcc-arm-none-eabi-6-2017-q2-update/bin/../lib/gcc/arm-none-eabi/6.3.1/../../../../arm-none-eabi/lib/thumb/v6-m/libc.a(lib_a-strstr.o)
                              functions.o (strstr)
/home/ia/ARM/gcc-arm-none-eabi-6-2017-q2-update/bin/../lib/gcc/arm-none-eabi/6.3.1/../../../../arm-none-eabi/lib/thumb/v6-m/libc.a(lib_a-memchr-stub.o)
                              /home/ia/ARM/gcc-arm-none-eabi-6-2017-q2-update/bin/../lib/gcc/arm-none-eabi/6.3.1/../../../../arm-none-eabi/lib/thumb/v6-m/libc.a(lib_a-strstr.o) (memchr)
/home/ia/ARM/gcc-arm-none-eabi-6-2017-q2-update/bin/../lib/gcc/arm-none-eabi/6.3.1/../../../../arm-none-eabi/lib/thumb/v6-m/libc.a(lib_a-memcmp.o)
                              /home/ia/ARM/gcc-arm-none-eabi-6-2017-q2-update/bin/../lib/gcc/arm-none-eabi/6.3.1/../../../../arm-none-eabi/lib/thumb/v6-m/libc.a(lib_a-strstr.o) (memcmp)
/home/ia/ARM/gcc-arm-none-eabi-6-2017-q2-update/bin/../lib/gcc/arm-none-eabi/6.3.1/../../../../arm-none-eabi/lib/thumb/v6-m/libc.a(lib_a-strchr.o)
                              /home/ia/ARM/gcc-arm-none-eabi-6-2017-q2-update/bin/../lib/gcc/arm-none-eabi/6.3.1/../../../../arm-none-eabi/lib/thumb/v6-m/libc.a(lib_a-strstr.o) (strchr)
/home/ia/ARM/gcc-arm-none-eabi-6-2017-q2-update/bin/../lib/gcc/arm-none-eabi/6.3.1/thumb/v6-m/libgcc.a(_thumb1_case_uqi.o)
                              ./libopencm3//lib/libopencm3_stm32f0.a(rcc.o) (__gnu_thumb1_case_uqi)
/home/ia/ARM/gcc-arm-none-eabi-6-2017-q2-update/bin/../lib/gcc/arm-none-eabi/6.3.1/thumb/v6-m/libgcc.a(_udivsi3.o)
                              ./libopencm3//lib/libopencm3_stm32f0.a(usart_common_all.o) (__aeabi_uidiv)
/home/ia/ARM/gcc-arm-none-eabi-6-2017-q2-update/bin/../lib/gcc/arm-none-eabi/6.3.1/thumb/v6-m/libgcc.a(_dvmd_tls.o)
                              /home/ia/ARM/gcc-arm-none-eabi-6-2017-q2-update/bin/../lib/gcc/arm-none-eabi/6.3.1/thumb/v6-m/libgcc.a(_udivsi3.o) (__aeabi_idiv0)
/home/ia/ARM/gcc-arm-none-eabi-6-2017-q2-update/bin/../lib/gcc/arm-none-eabi/6.3.1/thumb/v6-m/libgcc.a(_arm_cmpsf2.o)
                              functions.o (__aeabi_fcmplt)
/home/ia/ARM/gcc-arm-none-eabi-6-2017-q2-update/bin/../lib/gcc/arm-none-eabi/6.3.1/thumb/v6-m/libgcc.a(eqsf2.o)
                              /home/ia/ARM/gcc-arm-none-eabi-6-2017-q2-update/bin/../lib/gcc/arm-none-eabi/6.3.1/thumb/v6-m/libgcc.a(_arm_cmpsf2.o) (__eqsf2)
/home/ia/ARM/gcc-arm-none-eabi-6-2017-q2-update/bin/../lib/gcc/arm-none-eabi/6.3.1/thumb/v6-m/libgcc.a(gesf2.o)
                              /home/ia/ARM/gcc-arm-none-eabi-6-2017-q2-update/bin/../lib/gcc/arm-none-eabi/6.3.1/thumb/v6-m/libgcc.a(_arm_cmpsf2.o) (__gesf2)
/home/ia/ARM/gcc-arm-none-eabi-6-2017-q2-update/bin/../lib/gcc/arm-none-eabi/6.3.1/thumb/v6-m/libgcc.a(lesf2.o)
                              /home/ia/ARM/gcc-arm-none-eabi-6-2017-q2-update/bin/../lib/gcc/arm-none-eabi/6.3.1/thumb/v6-m/libgcc.a(_arm_cmpsf2.o) (__lesf2)
/home/ia/ARM/gcc-arm-none-eabi-6-2017-q2-update/bin/../lib/gcc/arm-none-eabi/6.3.1/thumb/v6-m/libgcc.a(mulsf3.o)
[...]
Memory Configuration

Name             Origin             Length             Attributes
rom              0x0000000008000000 0x0000000000020000 xr
ram              0x0000000020000000 0x0000000000004000 xrw
*default*        0x0000000000000000 0xffffffffffffffff

Linker script and memory map

LOAD main.o
LOAD functions.o
LOAD ./libopencm3//lib/libopencm3_stm32f0.a
START GROUP
LOAD /home/ia/ARM/gcc-arm-none-eabi-6-2017-q2-update/bin/../lib/gcc/arm-none-eabi/6.3.1/../../../../arm-none-eabi/lib/thumb/v6-m/libc.a
LOAD /home/ia/ARM/gcc-arm-none-eabi-6-2017-q2-update/bin/../lib/gcc/arm-none-eabi/6.3.1/thumb/v6-m/libgcc.a
LOAD /home/ia/ARM/gcc-arm-none-eabi-6-2017-q2-update/bin/../lib/gcc/arm-none-eabi/6.3.1/../../../../arm-none-eabi/lib/thumb/v6-m/libnosys.a
END GROUP
START GROUP
LOAD /home/ia/ARM/gcc-arm-none-eabi-6-2017-q2-update/bin/../lib/gcc/arm-none-eabi/6.3.1/thumb/v6-m/libgcc.a
LOAD /home/ia/ARM/gcc-arm-none-eabi-6-2017-q2-update/bin/../lib/gcc/arm-none-eabi/6.3.1/../../../../arm-none-eabi/lib/thumb/v6-m/libc.a
END GROUP

.text           0x0000000008000000     0x1178
 *(.vectors)
 .vectors       0x0000000008000000       0xc0 ./libopencm3//lib/libopencm3_stm32f0.a(vector.o)
                0x0000000008000000                vector_table
 *(.text*)
 .text.startup.main
                0x00000000080000c0       0xfc main.o
                0x00000000080000c0                main
 .text.wait     0x00000000080001bc       0x28 functions.o
                0x00000000080001bc                wait
 .text.usartSend
                0x00000000080001e4       0x40 functions.o
                0x00000000080001e4                usartSend
 .text.clock_setup
                0x0000000008000224       0x38 functions.o
                0x0000000008000224                clock_setup
 .text.i2c_setup
                0x000000000800025c       0x7c functions.o
                0x000000000800025c                i2c_setup
 .text.usart_setup
                0x00000000080002d8       0x80 functions.o
                0x00000000080002d8                usart_setup
 .text.gpio_setup
                0x0000000008000358       0xd0 functions.o
                0x0000000008000358                gpio_setup
 .text.compensation_data_readout_BME280
                0x0000000008000428       0x9c functions.o
                0x0000000008000428                compensation_data_readout_BME280
 .text.init_BME280
                0x00000000080004c4       0x7c functions.o
                0x00000000080004c4                init_BME280
 .text.data_readout_BME280
                0x0000000008000540       0x28 functions.o
                0x0000000008000540                data_readout_BME280
 .text.gpio_set
                0x0000000008000568        0x4 ./libopencm3//lib/libopencm3_stm32f0.a(gpio_common_all.o)
                0x0000000008000568                gpio_set
 .text.gpio_clear
                0x000000000800056c        0x6 ./libopencm3//lib/libopencm3_stm32f0.a(gpio_common_all.o)
                0x000000000800056c                gpio_clear
 .text.gpio_mode_setup
                0x0000000008000572       0x3a ./libopencm3//lib/libopencm3_stm32f0.a(gpio_common_f0234.o)
                0x0000000008000572                gpio_mode_setup
 .text.gpio_set_af
                0x00000000080005ac       0x58 ./libopencm3//lib/libopencm3_stm32f0.a(gpio_common_f0234.o)
                0x00000000080005ac                gpio_set_af
 .text.rcc_periph_clock_enable
                0x0000000008000604       0x1c ./libopencm3//lib/libopencm3_stm32f0.a(rcc_common_all.o)
                0x0000000008000604                rcc_periph_clock_enable
 .text.rcc_periph_reset_pulse
                0x0000000008000620       0x20 ./libopencm3//lib/libopencm3_stm32f0.a(rcc_common_all.o)
                0x0000000008000620                rcc_periph_reset_pulse
 .text.usart_set_baudrate
                0x0000000008000640       0x1c ./libopencm3//lib/libopencm3_stm32f0.a(usart_common_all.o)
                0x0000000008000640                usart_set_baudrate
 .text.usart_set_databits
                0x000000000800065c       0x1c ./libopencm3//lib/libopencm3_stm32f0.a(usart_common_all.o)
                0x000000000800065c                usart_set_databits
 .text.usart_set_stopbits
                0x0000000008000678       0x10 ./libopencm3//lib/libopencm3_stm32f0.a(usart_common_all.o)
                0x0000000008000678                usart_set_stopbits
 .text.usart_set_parity
                0x0000000008000688       0x10 ./libopencm3//lib/libopencm3_stm32f0.a(usart_common_all.o)
                0x0000000008000688                usart_set_parity
 .text.usart_set_mode
                0x0000000008000698        0xc ./libopencm3//lib/libopencm3_stm32f0.a(usart_common_all.o)
                0x0000000008000698                usart_set_mode
 .text.usart_set_flow_control
                0x00000000080006a4       0x10 ./libopencm3//lib/libopencm3_stm32f0.a(usart_common_all.o)
                0x00000000080006a4                usart_set_flow_control
 .text.usart_enable
                0x00000000080006b4        0xa ./libopencm3//lib/libopencm3_stm32f0.a(usart_common_all.o)
                0x00000000080006b4                usart_enable
 .text.usart_send_blocking
                0x00000000080006be       0x14 ./libopencm3//lib/libopencm3_stm32f0.a(usart_common_all.o)
                0x00000000080006be                usart_send_blocking
 .text.usart_send
                0x00000000080006d2        0x8 ./libopencm3//lib/libopencm3_stm32f0.a(usart_common_v2.o)
                0x00000000080006d2                usart_send
 .text.usart_wait_send_ready
                0x00000000080006da        0xa ./libopencm3//lib/libopencm3_stm32f0.a(usart_common_v2.o)
                0x00000000080006da                usart_wait_send_ready
 .text.i2c_reset
                0x00000000080006e4       0x2c ./libopencm3//lib/libopencm3_stm32f0.a(i2c_common_v2.o)
                0x00000000080006e4                i2c_reset
 .text.i2c_peripheral_enable
                0x0000000008000710        0xa ./libopencm3//lib/libopencm3_stm32f0.a(i2c_common_v2.o)
                0x0000000008000710                i2c_peripheral_enable
 .text.i2c_peripheral_disable
                0x000000000800071a        0xa ./libopencm3//lib/libopencm3_stm32f0.a(i2c_common_v2.o)
                0x000000000800071a                i2c_peripheral_disable
 .text.i2c_send_start
                0x0000000008000724        0xc ./libopencm3//lib/libopencm3_stm32f0.a(i2c_common_v2.o)
                0x0000000008000724                i2c_send_start
 .text.i2c_send_data
                0x0000000008000730        0x4 ./libopencm3//lib/libopencm3_stm32f0.a(i2c_common_v2.o)
                0x0000000008000730                i2c_send_data
 .text.i2c_get_data
                0x0000000008000734        0x6 ./libopencm3//lib/libopencm3_stm32f0.a(i2c_common_v2.o)
                0x0000000008000734                i2c_get_data
 *fill*         0x000000000800073a        0x2 
 .text.i2c_enable_analog_filter
                0x000000000800073c       0x10 ./libopencm3//lib/libopencm3_stm32f0.a(i2c_common_v2.o)
                0x000000000800073c                i2c_enable_analog_filter
 .text.i2c_set_prescaler
                0x000000000800074c        0xe ./libopencm3//lib/libopencm3_stm32f0.a(i2c_common_v2.o)
                0x000000000800074c                i2c_set_prescaler
 *fill*         0x000000000800075a        0x2 
 .text.i2c_set_data_setup_time
                0x000000000800075c       0x14 ./libopencm3//lib/libopencm3_stm32f0.a(i2c_common_v2.o)
                0x000000000800075c                i2c_set_data_setup_time
 .text.i2c_set_data_hold_time
                0x0000000008000770       0x14 ./libopencm3//lib/libopencm3_stm32f0.a(i2c_common_v2.o)
                0x0000000008000770                i2c_set_data_hold_time
 .text.i2c_set_scl_high_period
                0x0000000008000784       0x14 ./libopencm3//lib/libopencm3_stm32f0.a(i2c_common_v2.o)
                0x0000000008000784                i2c_set_scl_high_period
 .text.i2c_set_scl_low_period
                0x0000000008000798        0xc ./libopencm3//lib/libopencm3_stm32f0.a(i2c_common_v2.o)
                0x0000000008000798                i2c_set_scl_low_period
 .text.i2c_enable_stretching
                0x00000000080007a4       0x10 ./libopencm3//lib/libopencm3_stm32f0.a(i2c_common_v2.o)
                0x00000000080007a4                i2c_enable_stretching
 .text.i2c_set_7bit_addr_mode
                0x00000000080007b4       0x10 ./libopencm3//lib/libopencm3_stm32f0.a(i2c_common_v2.o)
                0x00000000080007b4                i2c_set_7bit_addr_mode
 .text.i2c_set_7bit_address
                0x00000000080007c4       0x12 ./libopencm3//lib/libopencm3_stm32f0.a(i2c_common_v2.o)
                0x00000000080007c4                i2c_set_7bit_address
 *fill*         0x00000000080007d6        0x2 
 .text.i2c_set_write_transfer_dir
                0x00000000080007d8       0x10 ./libopencm3//lib/libopencm3_stm32f0.a(i2c_common_v2.o)
                0x00000000080007d8                i2c_set_write_transfer_dir
 .text.i2c_set_read_transfer_dir
                0x00000000080007e8        0xc ./libopencm3//lib/libopencm3_stm32f0.a(i2c_common_v2.o)
                0x00000000080007e8                i2c_set_read_transfer_dir
 .text.i2c_set_bytes_to_transfer
                0x00000000080007f4       0x14 ./libopencm3//lib/libopencm3_stm32f0.a(i2c_common_v2.o)
                0x00000000080007f4                i2c_set_bytes_to_transfer
 .text.i2c_enable_autoend
                0x0000000008000808        0xc ./libopencm3//lib/libopencm3_stm32f0.a(i2c_common_v2.o)
                0x0000000008000808                i2c_enable_autoend
 .text.i2c_disable_autoend
                0x0000000008000814       0x10 ./libopencm3//lib/libopencm3_stm32f0.a(i2c_common_v2.o)
                0x0000000008000814                i2c_disable_autoend
 .text.i2c_nack
                0x0000000008000824        0x8 ./libopencm3//lib/libopencm3_stm32f0.a(i2c_common_v2.o)
                0x0000000008000824                i2c_nack
 .text.i2c_transmit_int_status
                0x000000000800082c        0x8 ./libopencm3//lib/libopencm3_stm32f0.a(i2c_common_v2.o)
                0x000000000800082c                i2c_transmit_int_status
 .text.i2c_transfer_complete
                0x0000000008000834        0x8 ./libopencm3//lib/libopencm3_stm32f0.a(i2c_common_v2.o)
                0x0000000008000834                i2c_transfer_complete
 .text.i2c_received_data
                0x000000000800083c        0x8 ./libopencm3//lib/libopencm3_stm32f0.a(i2c_common_v2.o)
                0x000000000800083c                i2c_received_data
 .text.i2c_transfer7
                0x0000000008000844       0xb2 ./libopencm3//lib/libopencm3_stm32f0.a(i2c_common_v2.o)
                0x0000000008000844                i2c_transfer7
 .text.i2c_set_speed
                0x00000000080008f6       0x5e ./libopencm3//lib/libopencm3_stm32f0.a(i2c_common_v2.o)
                0x00000000080008f6                i2c_set_speed
 .text.blocking_handler
                0x0000000008000954        0x2 ./libopencm3//lib/libopencm3_stm32f0.a(vector.o)
                0x0000000008000954                rtc_isr
                0x0000000008000954                tim7_isr
                0x0000000008000954                blocking_handler
                0x0000000008000954                tsc_isr
                0x0000000008000954                spi1_isr
                0x0000000008000954                i2c1_isr
                0x0000000008000954                tim17_isr
                0x0000000008000954                i2c2_isr
                0x0000000008000954                usart1_isr
                0x0000000008000954                usart3_4_isr
                0x0000000008000954                tim1_cc_isr
                0x0000000008000954                exti2_3_isr
                0x0000000008000954                tim16_isr
                0x0000000008000954                pvd_isr
                0x0000000008000954                rcc_isr
                0x0000000008000954                flash_isr
                0x0000000008000954                hard_fault_handler
                0x0000000008000954                tim14_isr
                0x0000000008000954                spi2_isr
                0x0000000008000954                usb_isr
                0x0000000008000954                tim15_isr
                0x0000000008000954                tim3_isr
                0x0000000008000954                usart2_isr
                0x0000000008000954                adc_comp_isr
                0x0000000008000954                dma1_channel1_isr
                0x0000000008000954                tim6_dac_isr
                0x0000000008000954                tim1_brk_up_trg_com_isr
                0x0000000008000954                dma1_channel2_3_isr
                0x0000000008000954                exti4_15_isr
                0x0000000008000954                cec_can_isr
                0x0000000008000954                wwdg_isr
                0x0000000008000954                tim2_isr
                0x0000000008000954                dma1_channel4_5_isr
                0x0000000008000954                exti0_1_isr
 .text.null_handler
                0x0000000008000956        0x2 ./libopencm3//lib/libopencm3_stm32f0.a(vector.o)
                0x0000000008000956                null_handler
                0x0000000008000956                sv_call_handler
                0x0000000008000956                pend_sv_handler
                0x0000000008000956                sys_tick_handler
                0x0000000008000956                nmi_handler
 .text.reset_handler
                0x0000000008000958       0x8c ./libopencm3//lib/libopencm3_stm32f0.a(vector.o)
                0x0000000008000958                reset_handler
 .text.memcpy   0x00000000080009e4       0x84 /home/ia/ARM/gcc-arm-none-eabi-6-2017-q2-update/bin/../lib/gcc/arm-none-eabi/6.3.1/../../../../arm-none-eabi/lib/thumb/v6-m/libc.a(lib_a-memcpy-stub.o)
                0x00000000080009e4                memcpy
 .text.memset   0x0000000008000a68       0x94 /home/ia/ARM/gcc-arm-none-eabi-6-2017-q2-update/bin/../lib/gcc/arm-none-eabi/6.3.1/../../../../arm-none-eabi/lib/thumb/v6-m/libc.a(lib_a-memset.o)
                0x0000000008000a68                memset
 .text          0x0000000008000afc      0x114 /home/ia/ARM/gcc-arm-none-eabi-6-2017-q2-update/bin/../lib/gcc/arm-none-eabi/6.3.1/thumb/v6-m/libgcc.a(_udivsi3.o)
                0x0000000008000afc                __udivsi3
                0x0000000008000afc                __aeabi_uidiv
                0x0000000008000c08                __aeabi_uidivmod
 .text          0x0000000008000c10        0x4 /home/ia/ARM/gcc-arm-none-eabi-6-2017-q2-update/bin/../lib/gcc/arm-none-eabi/6.3.1/thumb/v6-m/libgcc.a(_dvmd_tls.o)
                0x0000000008000c10                __aeabi_ldiv0
                0x0000000008000c10                __aeabi_idiv0
 .text          0x0000000008000c14       0x74 /home/ia/ARM/gcc-arm-none-eabi-6-2017-q2-update/bin/../lib/gcc/arm-none-eabi/6.3.1/thumb/v6-m/libgcc.a(_arm_cmpsf2.o)
                0x0000000008000c14                __aeabi_cfrcmple
                0x0000000008000c1c                __aeabi_cfcmple
                0x0000000008000c1c                __aeabi_cfcmpeq
                0x0000000008000c2c                __aeabi_fcmpeq
                0x0000000008000c38                __aeabi_fcmplt
                0x0000000008000c4c                __aeabi_fcmple
                0x0000000008000c60                __aeabi_fcmpgt
                0x0000000008000c74                __aeabi_fcmpge
 .text          0x0000000008000c88       0x4c /home/ia/ARM/gcc-arm-none-eabi-6-2017-q2-update/bin/../lib/gcc/arm-none-eabi/6.3.1/thumb/v6-m/libgcc.a(eqsf2.o)
                0x0000000008000c88                __nesf2
                0x0000000008000c88                __eqsf2
 .text          0x0000000008000cd4       0x80 /home/ia/ARM/gcc-arm-none-eabi-6-2017-q2-update/bin/../lib/gcc/arm-none-eabi/6.3.1/thumb/v6-m/libgcc.a(gesf2.o)
                0x0000000008000cd4                __gtsf2
                0x0000000008000cd4                __gesf2
 .text          0x0000000008000d54       0x84 /home/ia/ARM/gcc-arm-none-eabi-6-2017-q2-update/bin/../lib/gcc/arm-none-eabi/6.3.1/thumb/v6-m/libgcc.a(lesf2.o)
                0x0000000008000d54                __lesf2
                0x0000000008000d54                __ltsf2
 .text          0x0000000008000dd8      0x240 /home/ia/ARM/gcc-arm-none-eabi-6-2017-q2-update/bin/../lib/gcc/arm-none-eabi/6.3.1/thumb/v6-m/libgcc.a(mulsf3.o)
                0x0000000008000dd8                __aeabi_fmul
 .text          0x0000000008001018       0xa0 /home/ia/ARM/gcc-arm-none-eabi-6-2017-q2-update/bin/../lib/gcc/arm-none-eabi/6.3.1/thumb/v6-m/libgcc.a(floatsisf.o)
                0x0000000008001018                __aeabi_i2f
 .text          0x00000000080010b8       0x3c /home/ia/ARM/gcc-arm-none-eabi-6-2017-q2-update/bin/../lib/gcc/arm-none-eabi/6.3.1/thumb/v6-m/libgcc.a(_clzsi2.o)
                0x00000000080010b8                __clzsi2
                0x00000000080010f4                . = ALIGN (0x4)
 *(.rodata*)
 .rodata.main.str1.1
                0x00000000080010f4       0x41 main.o
                                         0x43 (size before relaxing)
 .rodata        0x0000000008001135        0x2 functions.o
 *fill*         0x0000000008001137        0x1 
 .rodata        0x0000000008001138       0x40 /home/ia/ARM/gcc-arm-none-eabi-6-2017-q2-update/bin/../lib/gcc/arm-none-eabi/6.3.1/thumb/v6-m/libgcc.a(mulsf3.o)
                0x0000000008001178                . = ALIGN (0x4)

.glue_7         0x0000000008001178        0x0
 .glue_7        0x0000000008001178        0x0 linker stubs

.glue_7t        0x0000000008001178        0x0
 .glue_7t       0x0000000008001178        0x0 linker stubs

.vfp11_veneer   0x0000000008001178        0x0
 .vfp11_veneer  0x0000000008001178        0x0 linker stubs

.v4_bx          0x0000000008001178        0x0
 .v4_bx         0x0000000008001178        0x0 linker stubs

.iplt           0x0000000008001178        0x0
 .iplt          0x0000000008001178        0x0 main.o

.rel.dyn        0x0000000008001178        0x0
 .rel.iplt      0x0000000008001178        0x0 main.o

.preinit_array  0x0000000008001178        0x0
                0x0000000008001178                . = ALIGN (0x4)
                0x0000000008001178                __preinit_array_start = .
 *(.preinit_array)
                0x0000000008001178                __preinit_array_end = .

.init_array     0x0000000008001178        0x0
                0x0000000008001178                . = ALIGN (0x4)
                0x0000000008001178                __init_array_start = .
 *(SORT(.init_array.*))
 *(.init_array)
                0x0000000008001178                __init_array_end = .

.fini_array     0x0000000008001178        0x0
                0x0000000008001178                . = ALIGN (0x4)
                0x0000000008001178                __fini_array_start = .
 *(.fini_array)
 *(SORT(.fini_array.*))
                0x0000000008001178                __fini_array_end = .

.ARM.extab
 *(.ARM.extab*)

.ARM.exidx      0x0000000008001178        0x0
                0x0000000008001178                __exidx_start = .
 *(.ARM.exidx*)
                0x0000000008001178                __exidx_end = .
                0x0000000008001178                . = ALIGN (0x4)
                0x0000000008001178                _etext = .

.data           0x0000000020000000        0x4 load address 0x0000000008001178
                0x0000000020000000                _data = .
 *(.data*)
 .data.rcc_apb1_frequency
                0x0000000020000000        0x4 ./libopencm3//lib/libopencm3_stm32f0.a(rcc.o)
                0x0000000020000000                rcc_apb1_frequency
                0x0000000020000004                . = ALIGN (0x4)
                0x0000000020000004                _edata = .
                0x0000000008001178                _data_loadaddr = LOADADDR (.data)

.igot.plt       0x0000000020000004        0x0 load address 0x000000000800117c
 .igot.plt      0x0000000020000004        0x0 main.o

.bss            0x0000000020000004       0x30 load address 0x000000000800117c
 *(.bss*)
 .bss.burst_read_data
                0x0000000020000004        0x8 main.o
                0x0000000020000004                burst_read_data
 .bss.comp_data
                0x000000002000000c       0x22 main.o
                0x000000002000000c                comp_data
 .bss.dig_T1    0x000000002000002e        0x2 main.o
                0x000000002000002e                dig_T1
 .bss.dig_T2    0x0000000020000030        0x2 main.o
                0x0000000020000030                dig_T2
 *(COMMON)
                0x0000000020000034                . = ALIGN (0x4)
 *fill*         0x0000000020000032        0x2 
                0x0000000020000034                _ebss = .

/DISCARD/
 *(.eh_frame)
                0x0000000020000034                . = ALIGN (0x4)
                0x0000000020000034                end = .
                0x0000000020004000                PROVIDE (_stack, (ORIGIN (ram) + LENGTH (ram)))
OUTPUT(main.elf elf32-littlearm)

.debug_info     0x0000000000000000     0x5115
 .debug_info    0x0000000000000000      0xdda main.o
 .debug_info    0x0000000000000dda     0x1b50 functions.o
 .debug_info    0x000000000000292a      0x22c ./libopencm3//lib/libopencm3_stm32f0.a(gpio_common_all.o)
 .debug_info    0x0000000000002b56      0x1f7 ./libopencm3//lib/libopencm3_stm32f0.a(gpio_common_f0234.o)
 .debug_info    0x0000000000002d4d      0x527 ./libopencm3//lib/libopencm3_stm32f0.a(rcc_common_all.o)
 .debug_info    0x0000000000003274      0x4b8 ./libopencm3//lib/libopencm3_stm32f0.a(usart_common_all.o)
 .debug_info    0x000000000000372c      0x364 ./libopencm3//lib/libopencm3_stm32f0.a(usart_common_v2.o)
 .debug_info    0x0000000000003a90      0xc70 ./libopencm3//lib/libopencm3_stm32f0.a(i2c_common_v2.o)
 .debug_info    0x0000000000004700      0x2ae ./libopencm3//lib/libopencm3_stm32f0.a(vector.o)
 .debug_info    0x00000000000049ae      0x767 ./libopencm3//lib/libopencm3_stm32f0.a(rcc.o)

.debug_abbrev   0x0000000000000000     0x106d
 .debug_abbrev  0x0000000000000000      0x266 main.o
 .debug_abbrev  0x0000000000000266      0x358 functions.o
 .debug_abbrev  0x00000000000005be       0xf4 ./libopencm3//lib/libopencm3_stm32f0.a(gpio_common_all.o)
 .debug_abbrev  0x00000000000006b2       0xb7 ./libopencm3//lib/libopencm3_stm32f0.a(gpio_common_f0234.o)
 .debug_abbrev  0x0000000000000769      0x137 ./libopencm3//lib/libopencm3_stm32f0.a(rcc_common_all.o)
 .debug_abbrev  0x00000000000008a0      0x126 ./libopencm3//lib/libopencm3_stm32f0.a(usart_common_all.o)
 .debug_abbrev  0x00000000000009c6      0x109 ./libopencm3//lib/libopencm3_stm32f0.a(usart_common_v2.o)
 .debug_abbrev  0x0000000000000acf      0x210 ./libopencm3//lib/libopencm3_stm32f0.a(i2c_common_v2.o)
 .debug_abbrev  0x0000000000000cdf      0x127 ./libopencm3//lib/libopencm3_stm32f0.a(vector.o)
 .debug_abbrev  0x0000000000000e06      0x267 ./libopencm3//lib/libopencm3_stm32f0.a(rcc.o)

.debug_loc      0x0000000000000000     0x154d
 .debug_loc     0x0000000000000000       0x6e main.o
 .debug_loc     0x000000000000006e      0x5aa functions.o
 .debug_loc     0x0000000000000618       0x97 ./libopencm3//lib/libopencm3_stm32f0.a(gpio_common_all.o)
 .debug_loc     0x00000000000006af      0x186 ./libopencm3//lib/libopencm3_stm32f0.a(gpio_common_f0234.o)
 .debug_loc     0x0000000000000835       0xe7 ./libopencm3//lib/libopencm3_stm32f0.a(rcc_common_all.o)
 .debug_loc     0x000000000000091c      0x1d6 ./libopencm3//lib/libopencm3_stm32f0.a(usart_common_all.o)
 .debug_loc     0x0000000000000af2       0xc3 ./libopencm3//lib/libopencm3_stm32f0.a(usart_common_v2.o)
 .debug_loc     0x0000000000000bb5      0x620 ./libopencm3//lib/libopencm3_stm32f0.a(i2c_common_v2.o)
 .debug_loc     0x00000000000011d5       0xf2 ./libopencm3//lib/libopencm3_stm32f0.a(vector.o)
 .debug_loc     0x00000000000012c7      0x286 ./libopencm3//lib/libopencm3_stm32f0.a(rcc.o)

.debug_aranges  0x0000000000000000      0x598
 .debug_aranges
                0x0000000000000000       0x20 main.o
 .debug_aranges
                0x0000000000000020       0x98 functions.o
 .debug_aranges
                0x00000000000000b8       0x50 ./libopencm3//lib/libopencm3_stm32f0.a(gpio_common_all.o)
 .debug_aranges
                0x0000000000000108       0x30 ./libopencm3//lib/libopencm3_stm32f0.a(gpio_common_f0234.o)
 .debug_aranges
                0x0000000000000138       0x68 ./libopencm3//lib/libopencm3_stm32f0.a(rcc_common_all.o)
 .debug_aranges
                0x00000000000001a0       0xb8 ./libopencm3//lib/libopencm3_stm32f0.a(usart_common_all.o)
 .debug_aranges
                0x0000000000000258       0xa8 ./libopencm3//lib/libopencm3_stm32f0.a(usart_common_v2.o)
 .debug_aranges
                0x0000000000000300      0x170 ./libopencm3//lib/libopencm3_stm32f0.a(i2c_common_v2.o)
 .debug_aranges
                0x0000000000000470       0x30 ./libopencm3//lib/libopencm3_stm32f0.a(vector.o)
 .debug_aranges
                0x00000000000004a0       0xf8 ./libopencm3//lib/libopencm3_stm32f0.a(rcc.o)

.debug_ranges   0x0000000000000000      0x550
 .debug_ranges  0x0000000000000000       0x28 main.o
 .debug_ranges  0x0000000000000028       0xa0 functions.o
 .debug_ranges  0x00000000000000c8       0x40 ./libopencm3//lib/libopencm3_stm32f0.a(gpio_common_all.o)
 .debug_ranges  0x0000000000000108       0x20 ./libopencm3//lib/libopencm3_stm32f0.a(gpio_common_f0234.o)
 .debug_ranges  0x0000000000000128       0x58 ./libopencm3//lib/libopencm3_stm32f0.a(rcc_common_all.o)
 .debug_ranges  0x0000000000000180       0xa8 ./libopencm3//lib/libopencm3_stm32f0.a(usart_common_all.o)
 .debug_ranges  0x0000000000000228       0x98 ./libopencm3//lib/libopencm3_stm32f0.a(usart_common_v2.o)
 .debug_ranges  0x00000000000002c0      0x160 ./libopencm3//lib/libopencm3_stm32f0.a(i2c_common_v2.o)
 .debug_ranges  0x0000000000000420       0x20 ./libopencm3//lib/libopencm3_stm32f0.a(vector.o)
 .debug_ranges  0x0000000000000440      0x110 ./libopencm3//lib/libopencm3_stm32f0.a(rcc.o)

.debug_line     0x0000000000000000     0x2ac1
 .debug_line    0x0000000000000000      0x26b main.o
 .debug_line    0x000000000000026b      0x48b functions.o
 .debug_line    0x00000000000006f6      0x391 ./libopencm3//lib/libopencm3_stm32f0.a(gpio_common_all.o)
 .debug_line    0x0000000000000a87      0x389 ./libopencm3//lib/libopencm3_stm32f0.a(gpio_common_f0234.o)
 .debug_line    0x0000000000000e10      0x3ab ./libopencm3//lib/libopencm3_stm32f0.a(rcc_common_all.o)
 .debug_line    0x00000000000011bb      0x4b2 ./libopencm3//lib/libopencm3_stm32f0.a(usart_common_all.o)
 .debug_line    0x000000000000166d      0x454 ./libopencm3//lib/libopencm3_stm32f0.a(usart_common_v2.o)
 .debug_line    0x0000000000001ac1      0x6a5 ./libopencm3//lib/libopencm3_stm32f0.a(i2c_common_v2.o)
 .debug_line    0x0000000000002166      0x369 ./libopencm3//lib/libopencm3_stm32f0.a(vector.o)
 .debug_line    0x00000000000024cf      0x5f2 ./libopencm3//lib/libopencm3_stm32f0.a(rcc.o)

.debug_str      0x0000000000000000     0xdb3a
 .debug_str     0x0000000000000000      0x60b main.o
                                        0x714 (size before relaxing)
 .debug_str     0x000000000000060b      0x51d functions.o
                                        0xbb6 (size before relaxing)
 .debug_str     0x0000000000000b28     0x546d ./libopencm3//lib/libopencm3_stm32f0.a(gpio_common_all.o)
                                       0x560e (size before relaxing)
 .debug_str     0x0000000000005f95       0x73 ./libopencm3//lib/libopencm3_stm32f0.a(gpio_common_f0234.o)
                                       0x5630 (size before relaxing)
 .debug_str     0x0000000000006008     0x27d6 ./libopencm3//lib/libopencm3_stm32f0.a(rcc_common_all.o)
                                       0x6aae (size before relaxing)
 .debug_str     0x00000000000087de     0x1cdc ./libopencm3//lib/libopencm3_stm32f0.a(usart_common_all.o)
                                       0x836a (size before relaxing)
 .debug_str     0x000000000000a4ba      0x190 ./libopencm3//lib/libopencm3_stm32f0.a(usart_common_v2.o)
                                       0x5e50 (size before relaxing)
 .debug_str     0x000000000000a64a     0x158a ./libopencm3//lib/libopencm3_stm32f0.a(i2c_common_v2.o)
                                       0x7f7b (size before relaxing)
 .debug_str     0x000000000000bbd4     0x12e2 ./libopencm3//lib/libopencm3_stm32f0.a(vector.o)
                                       0x4b02 (size before relaxing)
 .debug_str     0x000000000000ceb6      0xc84 ./libopencm3//lib/libopencm3_stm32f0.a(rcc.o)
                                       0x728c (size before relaxing)

.comment        0x0000000000000000       0x7f
 .comment       0x0000000000000000       0x7f main.o
                                         0x80 (size before relaxing)
 .comment       0x000000000000007f       0x80 functions.o
 .comment       0x000000000000007f       0x80 ./libopencm3//lib/libopencm3_stm32f0.a(gpio_common_all.o)
 .comment       0x000000000000007f       0x80 ./libopencm3//lib/libopencm3_stm32f0.a(gpio_common_f0234.o)
 .comment       0x000000000000007f       0x80 ./libopencm3//lib/libopencm3_stm32f0.a(rcc_common_all.o)
 .comment       0x000000000000007f       0x80 ./libopencm3//lib/libopencm3_stm32f0.a(usart_common_all.o)
 .comment       0x000000000000007f       0x80 ./libopencm3//lib/libopencm3_stm32f0.a(usart_common_v2.o)
 .comment       0x000000000000007f       0x80 ./libopencm3//lib/libopencm3_stm32f0.a(i2c_common_v2.o)
 .comment       0x000000000000007f       0x80 ./libopencm3//lib/libopencm3_stm32f0.a(vector.o)
 .comment       0x000000000000007f       0x80 ./libopencm3//lib/libopencm3_stm32f0.a(rcc.o)

.ARM.attributes
                0x0000000000000000       0x31
 .ARM.attributes
                0x0000000000000000       0x31 main.o
 .ARM.attributes
                0x0000000000000031       0x31 functions.o
 .ARM.attributes
                0x0000000000000062       0x31 ./libopencm3//lib/libopencm3_stm32f0.a(gpio_common_all.o)
 .ARM.attributes
                0x0000000000000093       0x31 ./libopencm3//lib/libopencm3_stm32f0.a(gpio_common_f0234.o)
 .ARM.attributes
                0x00000000000000c4       0x31 ./libopencm3//lib/libopencm3_stm32f0.a(rcc_common_all.o)
 .ARM.attributes
                0x00000000000000f5       0x31 ./libopencm3//lib/libopencm3_stm32f0.a(usart_common_all.o)
 .ARM.attributes
                0x0000000000000126       0x31 ./libopencm3//lib/libopencm3_stm32f0.a(usart_common_v2.o)
 .ARM.attributes
                0x0000000000000157       0x31 ./libopencm3//lib/libopencm3_stm32f0.a(i2c_common_v2.o)
 .ARM.attributes
                0x0000000000000188       0x31 ./libopencm3//lib/libopencm3_stm32f0.a(vector.o)
 .ARM.attributes
                0x00000000000001b9       0x31 ./libopencm3//lib/libopencm3_stm32f0.a(rcc.o)
 .ARM.attributes
                0x00000000000001ea       0x2c /home/ia/ARM/gcc-arm-none-eabi-6-2017-q2-update/bin/../lib/gcc/arm-none-eabi/6.3.1/../../../../arm-none-eabi/lib/thumb/v6-m/libc.a(lib_a-memcpy-stub.o)
 .ARM.attributes
                0x0000000000000216       0x2c /home/ia/ARM/gcc-arm-none-eabi-6-2017-q2-update/bin/../lib/gcc/arm-none-eabi/6.3.1/../../../../arm-none-eabi/lib/thumb/v6-m/libc.a(lib_a-memset.o)
 .ARM.attributes
                0x0000000000000242       0x1e /home/ia/ARM/gcc-arm-none-eabi-6-2017-q2-update/bin/../lib/gcc/arm-none-eabi/6.3.1/thumb/v6-m/libgcc.a(_udivsi3.o)
 .ARM.attributes
                0x0000000000000260       0x1e /home/ia/ARM/gcc-arm-none-eabi-6-2017-q2-update/bin/../lib/gcc/arm-none-eabi/6.3.1/thumb/v6-m/libgcc.a(_dvmd_tls.o)
 .ARM.attributes
                0x000000000000027e       0x1e /home/ia/ARM/gcc-arm-none-eabi-6-2017-q2-update/bin/../lib/gcc/arm-none-eabi/6.3.1/thumb/v6-m/libgcc.a(_arm_cmpsf2.o)
 .ARM.attributes
                0x000000000000029c       0x2c /home/ia/ARM/gcc-arm-none-eabi-6-2017-q2-update/bin/../lib/gcc/arm-none-eabi/6.3.1/thumb/v6-m/libgcc.a(eqsf2.o)
 .ARM.attributes
                0x00000000000002c8       0x2c /home/ia/ARM/gcc-arm-none-eabi-6-2017-q2-update/bin/../lib/gcc/arm-none-eabi/6.3.1/thumb/v6-m/libgcc.a(gesf2.o)
 .ARM.attributes
                0x00000000000002f4       0x2c /home/ia/ARM/gcc-arm-none-eabi-6-2017-q2-update/bin/../lib/gcc/arm-none-eabi/6.3.1/thumb/v6-m/libgcc.a(lesf2.o)
 .ARM.attributes
                0x0000000000000320       0x2c /home/ia/ARM/gcc-arm-none-eabi-6-2017-q2-update/bin/../lib/gcc/arm-none-eabi/6.3.1/thumb/v6-m/libgcc.a(mulsf3.o)
 .ARM.attributes
                0x000000000000034c       0x2c /home/ia/ARM/gcc-arm-none-eabi-6-2017-q2-update/bin/../lib/gcc/arm-none-eabi/6.3.1/thumb/v6-m/libgcc.a(floatsisf.o)
 .ARM.attributes
                0x0000000000000378       0x1e /home/ia/ARM/gcc-arm-none-eabi-6-2017-q2-update/bin/../lib/gcc/arm-none-eabi/6.3.1/thumb/v6-m/libgcc.a(_clzsi2.o)

.debug_frame    0x0000000000000000      0xd30
 .debug_frame   0x0000000000000000       0x30 main.o
 .debug_frame   0x0000000000000030      0x1c8 functions.o
 .debug_frame   0x00000000000001f8       0x80 ./libopencm3//lib/libopencm3_stm32f0.a(gpio_common_all.o)
 .debug_frame   0x0000000000000278       0x78 ./libopencm3//lib/libopencm3_stm32f0.a(gpio_common_f0234.o)
 .debug_frame   0x00000000000002f0       0xd0 ./libopencm3//lib/libopencm3_stm32f0.a(rcc_common_all.o)
 .debug_frame   0x00000000000003c0      0x16c ./libopencm3//lib/libopencm3_stm32f0.a(usart_common_all.o)
 .debug_frame   0x000000000000052c      0x130 ./libopencm3//lib/libopencm3_stm32f0.a(usart_common_v2.o)
 .debug_frame   0x000000000000065c      0x2e4 ./libopencm3//lib/libopencm3_stm32f0.a(i2c_common_v2.o)
 .debug_frame   0x0000000000000940       0x40 ./libopencm3//lib/libopencm3_stm32f0.a(vector.o)
 .debug_frame   0x0000000000000980      0x23c ./libopencm3//lib/libopencm3_stm32f0.a(rcc.o)
 .debug_frame   0x0000000000000bbc       0x30 /home/ia/ARM/gcc-arm-none-eabi-6-2017-q2-update/bin/../lib/gcc/arm-none-eabi/6.3.1/../../../../arm-none-eabi/lib/thumb/v6-m/libc.a(lib_a-memcpy-stub.o)
 .debug_frame   0x0000000000000bec       0x30 /home/ia/ARM/gcc-arm-none-eabi-6-2017-q2-update/bin/../lib/gcc/arm-none-eabi/6.3.1/../../../../arm-none-eabi/lib/thumb/v6-m/libc.a(lib_a-memset.o)
 .debug_frame   0x0000000000000c1c       0x20 /home/ia/ARM/gcc-arm-none-eabi-6-2017-q2-update/bin/../lib/gcc/arm-none-eabi/6.3.1/thumb/v6-m/libgcc.a(_udivsi3.o)
 .debug_frame   0x0000000000000c3c       0x2c /home/ia/ARM/gcc-arm-none-eabi-6-2017-q2-update/bin/../lib/gcc/arm-none-eabi/6.3.1/thumb/v6-m/libgcc.a(eqsf2.o)
 .debug_frame   0x0000000000000c68       0x30 /home/ia/ARM/gcc-arm-none-eabi-6-2017-q2-update/bin/../lib/gcc/arm-none-eabi/6.3.1/thumb/v6-m/libgcc.a(gesf2.o)
 .debug_frame   0x0000000000000c98       0x30 /home/ia/ARM/gcc-arm-none-eabi-6-2017-q2-update/bin/../lib/gcc/arm-none-eabi/6.3.1/thumb/v6-m/libgcc.a(lesf2.o)
 .debug_frame   0x0000000000000cc8       0x3c /home/ia/ARM/gcc-arm-none-eabi-6-2017-q2-update/bin/../lib/gcc/arm-none-eabi/6.3.1/thumb/v6-m/libgcc.a(mulsf3.o)
 .debug_frame   0x0000000000000d04       0x2c /home/ia/ARM/gcc-arm-none-eabi-6-2017-q2-update/bin/../lib/gcc/arm-none-eabi/6.3.1/thumb/v6-m/libgcc.a(floatsisf.o)

.debug_macro    0x0000000000000000     0x3181
 .debug_macro   0x0000000000000000       0xd7 ./libopencm3//lib/libopencm3_stm32f0.a(gpio_common_all.o)
 .debug_macro   0x00000000000000d7      0x898 ./libopencm3//lib/libopencm3_stm32f0.a(gpio_common_all.o)
 .debug_macro   0x000000000000096f       0x22 ./libopencm3//lib/libopencm3_stm32f0.a(gpio_common_all.o)
 .debug_macro   0x0000000000000991       0x4f ./libopencm3//lib/libopencm3_stm32f0.a(gpio_common_all.o)
 .debug_macro   0x00000000000009e0       0x51 ./libopencm3//lib/libopencm3_stm32f0.a(gpio_common_all.o)
 .debug_macro   0x0000000000000a31       0xef ./libopencm3//lib/libopencm3_stm32f0.a(gpio_common_all.o)
 .debug_macro   0x0000000000000b20       0x6a ./libopencm3//lib/libopencm3_stm32f0.a(gpio_common_all.o)
 .debug_macro   0x0000000000000b8a      0x1df ./libopencm3//lib/libopencm3_stm32f0.a(gpio_common_all.o)
 .debug_macro   0x0000000000000d69       0x22 ./libopencm3//lib/libopencm3_stm32f0.a(gpio_common_all.o)
 .debug_macro   0x0000000000000d8b       0xfa ./libopencm3//lib/libopencm3_stm32f0.a(gpio_common_all.o)
 .debug_macro   0x0000000000000e85       0x34 ./libopencm3//lib/libopencm3_stm32f0.a(gpio_common_all.o)
 .debug_macro   0x0000000000000eb9      0x15a ./libopencm3//lib/libopencm3_stm32f0.a(gpio_common_all.o)
 .debug_macro   0x0000000000001013       0x76 ./libopencm3//lib/libopencm3_stm32f0.a(gpio_common_all.o)
 .debug_macro   0x0000000000001089      0x2e6 ./libopencm3//lib/libopencm3_stm32f0.a(gpio_common_all.o)
 .debug_macro   0x000000000000136f      0x14e ./libopencm3//lib/libopencm3_stm32f0.a(gpio_common_all.o)
 .debug_macro   0x00000000000014bd       0x3a ./libopencm3//lib/libopencm3_stm32f0.a(gpio_common_all.o)
 .debug_macro   0x00000000000014f7       0xd7 ./libopencm3//lib/libopencm3_stm32f0.a(gpio_common_f0234.o)
 .debug_macro   0x00000000000015ce       0xcf ./libopencm3//lib/libopencm3_stm32f0.a(rcc_common_all.o)
 .debug_macro   0x000000000000169d      0x746 ./libopencm3//lib/libopencm3_stm32f0.a(rcc_common_all.o)
 .debug_macro   0x0000000000001de3       0xda ./libopencm3//lib/libopencm3_stm32f0.a(usart_common_all.o)
 .debug_macro   0x0000000000001ebd       0x94 ./libopencm3//lib/libopencm3_stm32f0.a(usart_common_all.o)
 .debug_macro   0x0000000000001f51      0x514 ./libopencm3//lib/libopencm3_stm32f0.a(usart_common_all.o)
 .debug_macro   0x0000000000002465       0x1c ./libopencm3//lib/libopencm3_stm32f0.a(usart_common_all.o)
 .debug_macro   0x0000000000002481       0xc2 ./libopencm3//lib/libopencm3_stm32f0.a(usart_common_v2.o)
 .debug_macro   0x0000000000002543       0xdb ./libopencm3//lib/libopencm3_stm32f0.a(i2c_common_v2.o)
 .debug_macro   0x000000000000261e      0x16d ./libopencm3//lib/libopencm3_stm32f0.a(i2c_common_v2.o)
 .debug_macro   0x000000000000278b      0x3c3 ./libopencm3//lib/libopencm3_stm32f0.a(i2c_common_v2.o)
 .debug_macro   0x0000000000002b4e       0xd0 ./libopencm3//lib/libopencm3_stm32f0.a(vector.o)
 .debug_macro   0x0000000000002c1e      0x1b1 ./libopencm3//lib/libopencm3_stm32f0.a(vector.o)
 .debug_macro   0x0000000000002dcf       0x46 ./libopencm3//lib/libopencm3_stm32f0.a(vector.o)
 .debug_macro   0x0000000000002e15       0xca ./libopencm3//lib/libopencm3_stm32f0.a(vector.o)
 .debug_macro   0x0000000000002edf       0xe0 ./libopencm3//lib/libopencm3_stm32f0.a(rcc.o)
 .debug_macro   0x0000000000002fbf       0x16 ./libopencm3//lib/libopencm3_stm32f0.a(rcc.o)
 .debug_macro   0x0000000000002fd5       0xdc ./libopencm3//lib/libopencm3_stm32f0.a(rcc.o)
 .debug_macro   0x00000000000030b1       0xd0 ./libopencm3//lib/libopencm3_stm32f0.a(rcc.o)
